ASxxxx Linker V03.00/V05.40 + sdld,  page 1.
Hexadecimal  [32-Bits]

Area                                    Addr        Size        Decimal Bytes (Attributes)
--------------------------------        ----        ----        ------- ----- ------------
.  .ABS.                            00000000    00000000 =           0. bytes (ABS,CON)

      Value  Global                              Global Defined In Module
      -----  --------------------------------   ------------------------
     00000000  .__.ABS.                           SetTileMap
     00000000  _rMBC7_SRAM_ENABLE_1               
     00000000  _rRAMG                             
     00000000  l__BASE                         
     00000000  l__BSS                          
     00000000  l__CABS                         
     00000000  l__CODE_0                       
     00000000  l__DABS                         
     00000000  l__HEADER                       
     00000000  l__LIT                          
     00000000  s__CABS                         
     00000000  s__DABS                         
     00000000  s__HEADER                       
     00000000  s__HEADER0                      
     00000000  s__HEADER1                      
     00000000  s__HEADER10                     
     00000000  s__HEADER11                     
     00000000  s__HEADER2                      
     00000000  s__HEADER3                      
     00000000  s__HEADER4                      
     00000000  s__HEADER5                      
     00000000  s__HEADER6                      
     00000000  s__HEADER7                      
     00000000  s__HEADER8                      
     00000000  s__HEADER9                      
     00000000  s__HEADERa                      
     00000000  s__HEADERb                      
     00000000  s__HEADERc                      
     00000000  s__HEADERd                      
     00000000  s__HEADERe                      
     00000000  s__HEADERf                      
     00000001  l__GSFINAL                      
     00000001  l__HEADER0                      
     00000001  l__HEADER5                      
     00000001  l__HEADERa                      
     00000001  l__HEADERb                      
     00000001  l__HEADERc                      
     00000001  l__HEADERe                      
     00000001  l__HEADERf                      
     00000001  l__HEAP_END                     
     00000002  l__HEADER10                     
     00000002  l__HEADER6                      
     00000002  l__HEADERd                      
     00000003  l__HEADER9                      
     00000005  l__HEADER1                      
     00000006  l__HEADER8                      
     00000007  l__HEADER2                      
     00000008  l__HEADER3                      
     0000000F  l__GSINIT                       
     00000013  l__HRAM                         
ASxxxx Linker V03.00/V05.40 + sdld,  page 2.
Hexadecimal  [32-Bits]

Area                                    Addr        Size        Decimal Bytes (Attributes)
--------------------------------        ----        ----        ------- ----- ------------
.  .ABS.                            00000000    00000000 =           0. bytes (ABS,CON)

      Value  Global                              Global Defined In Module
      -----  --------------------------------   ------------------------
     00000030  l__HEADER7                      
     00000060  l__HEADER4                      
     000000AB  l__HEADER11                     
     0000012C  l__HOME                         
     00000200  s__CODE                         
     0000023F  l__INITIALIZED                  
     0000023F  l__INITIALIZER                  
     0000036A  l__DATA                         
     000007FF  l__HEAP                         
     00000E08  l__CODE_2                       
     00001220  l__CODE_1                       
     00002000  _rROMB0                            
     00003000  _rROMB1                            
     00003130  l__CODE                         
     00003330  s__HOME                         
     0000345C  s__BASE                         
     0000345C  s__CODE_0                       
     0000345C  s__INITIALIZER                  
     0000345C  s__LIT                          
     0000369B  s__GSINIT                       
     000036AA  s__GSFINAL                      
     00004000  _rMBC7_SRAM_ENABLE_2               
     00004000  _rRAMB                             
     00008000  __VRAM                             
     00008000  __VRAM8000                         
     00008800  __VRAM8800                         
     00009000  __VRAM9000                         
     00009800  __SCRN0                            
     00009C00  __SCRN1                            
     0000A000  __SRAM                             
     0000A000  _rMBC7_LATCH_1                     
     0000A010  _rMBC7_LATCH_2                     
     0000A020  _rMBC7_ACCEL_X_LO                  
     0000A030  _rMBC7_ACCEL_X_HI                  
     0000A040  _rMBC7_ACCEL_Y_LO                  
     0000A050  _rMBC7_ACCEL_Y_HI                  
     0000C000  __RAM                              
     0000C000  _shadow_OAM                     
     0000C0A0  s__DATA                         
     0000C40A  s__BSS                          
     0000C40A  s__INITIALIZED                  
     0000C649  s__HEAP                         
     0000CE48  s__HEAP_END                     
     0000D000  __RAMBANK                          
     0000E000  .STACK                          
     0000FE00  __OAMRAM                           
     0000FF00  _P1_REG                            
     0000FF00  __IO                               
     0000FF01  _SB_REG                            
     0000FF02  _SC_REG                            
     0000FF04  _DIV_REG                           
ASxxxx Linker V03.00/V05.40 + sdld,  page 3.
Hexadecimal  [32-Bits]

Area                                    Addr        Size        Decimal Bytes (Attributes)
--------------------------------        ----        ----        ------- ----- ------------
.  .ABS.                            00000000    00000000 =           0. bytes (ABS,CON)

      Value  Global                              Global Defined In Module
      -----  --------------------------------   ------------------------
     0000FF05  _TIMA_REG                          
     0000FF06  _TMA_REG                           
     0000FF07  _TAC_REG                           
     0000FF0F  _IF_REG                            
     0000FF10  _NR10_REG                          
     0000FF11  _NR11_REG                          
     0000FF12  _NR12_REG                          
     0000FF13  _NR13_REG                          
     0000FF14  _NR14_REG                          
     0000FF16  _NR21_REG                          
     0000FF17  _NR22_REG                          
     0000FF18  _NR23_REG                          
     0000FF19  _NR24_REG                          
     0000FF1A  _NR30_REG                          
     0000FF1B  _NR31_REG                          
     0000FF1C  _NR32_REG                          
     0000FF1D  _NR33_REG                          
     0000FF1E  _NR34_REG                          
     0000FF20  _NR41_REG                          
     0000FF21  _NR42_REG                          
     0000FF22  _NR43_REG                          
     0000FF23  _NR44_REG                          
     0000FF24  _NR50_REG                          
     0000FF25  _NR51_REG                          
     0000FF26  _NR52_REG                          
     0000FF30  _AUD3WAVE                          
     0000FF30  _PCM_SAMPLE                        
     0000FF30  __AUD3WAVERAM                      
     0000FF40  _LCDC_REG                          
     0000FF41  _STAT_REG                          
     0000FF42  _SCY_REG                           
     0000FF43  _SCX_REG                           
     0000FF44  _LY_REG                            
     0000FF45  _LYC_REG                           
     0000FF46  _DMA_REG                           
     0000FF47  _BGP_REG                           
     0000FF48  _OBP0_REG                          
     0000FF49  _OBP1_REG                          
     0000FF4A  _WY_REG                            
     0000FF4B  _WX_REG                            
     0000FF4D  _KEY1_REG                          
     0000FF4F  _VBK_REG                           
     0000FF51  _HDMA1_REG                         
     0000FF52  _HDMA2_REG                         
     0000FF53  _HDMA3_REG                         
     0000FF54  _HDMA4_REG                         
     0000FF55  _HDMA5_REG                         
     0000FF56  _RP_REG                            
     0000FF68  _BCPS_REG                          
     0000FF69  _BCPD_REG                          
     0000FF6A  _OCPS_REG                          
ASxxxx Linker V03.00/V05.40 + sdld,  page 4.
Hexadecimal  [32-Bits]

Area                                    Addr        Size        Decimal Bytes (Attributes)
--------------------------------        ----        ----        ------- ----- ------------
.  .ABS.                            00000000    00000000 =           0. bytes (ABS,CON)

      Value  Global                              Global Defined In Module
      -----  --------------------------------   ------------------------
     0000FF6B  _OCPD_REG                          
     0000FF70  _SVBK_REG                          
     0000FF76  _PCM12_REG                         
     0000FF77  _PCM34_REG                         
     0000FF80  __HRAM                             
     0000FF80  s__HRAM                         
     0000FFFF  _IE_REG                            
     00014000  s__CODE_1                       
     00024000  s__CODE_2                       

ASxxxx Linker V03.00/V05.40 + sdld,  page 5.
Hexadecimal  [32-Bits]

Area                                    Addr        Size        Decimal Bytes (Attributes)
--------------------------------        ----        ----        ------- ----- ------------
_CODE                               00000200    00003130 =       12592. bytes (REL,CON)

      Value  Global                              Global Defined In Module
      -----  --------------------------------   ------------------------
     00000200  A$lcc131200$58                     buttons
     00000200  C$buttons.c$21$0_0$126             buttons
     00000200  C$buttons.c$22$1_0$126             buttons
     00000200  G$init_buttons_tileset$0$0         buttons
     00000200  _init_buttons_tileset              buttons
     00000203  A$lcc131200$59                     buttons
     00000204  A$lcc131200$60                     buttons
     00000207  A$lcc131200$61                     buttons
     00000208  A$lcc131200$62                     buttons
     0000020B  A$lcc131200$63                     buttons
     0000020D  A$lcc131200$71                     buttons
     0000020D  C$buttons.c$23$1_0$126             buttons
     0000020D  XG$init_buttons_tileset$0$0        buttons
     0000020E  G$buttons_tileset$0_0$0            buttons
     0000020E  _buttons_tileset                   buttons
     0000023E  G$buttons_tilemap$0_0$0            buttons
     0000023E  _buttons_tilemap                   buttons
     00000241  G$chars_tileset$0_0$0              chars
     00000241  _chars_tileset                     chars
     00000441  G$chars_tilemap$0_0$0              chars
     00000441  _chars_tilemap                     chars
     00000460  G$numbers_tileset$0_0$0            numbers
     00000460  _numbers_tileset                   numbers
     00000500  G$numbers_tilemap$0_0$0            numbers
     00000500  _numbers_tilemap                   numbers
     0000050A  G$gender_select_tilemap$0_0$0      gender_select_tilemap
     0000050A  _gender_select_tilemap             gender_select_tilemap
     00000672  G$gender_select_tileset$0_0$0      gender_select_tileset
     00000672  _gender_select_tileset             gender_select_tileset
     00000962  A$lcc131209$58                     npc_icons
     00000962  C$npc_icons.c$27$0_0$127           npc_icons
     00000962  C$npc_icons.c$28$1_0$127           npc_icons
     00000962  G$InitNPCIcons$0$0                 npc_icons
     00000962  _InitNPCIcons                      npc_icons
     00000965  A$lcc131209$59                     npc_icons
     00000966  A$lcc131209$60                     npc_icons
     00000969  A$lcc131209$61                     npc_icons
     0000096A  A$lcc131209$62                     npc_icons
     0000096D  A$lcc131209$63                     npc_icons
     0000096F  A$lcc131209$71                     npc_icons
     0000096F  C$npc_icons.c$29$1_0$127           npc_icons
     0000096F  XG$InitNPCIcons$0$0                npc_icons
     00000970  G$npc_icons_tileset$0_0$0          npc_icons
     00000970  _npc_icons_tileset                 npc_icons
     000009D0  G$npc_icons_tilemap$0_0$0          npc_icons
     000009D0  _npc_icons_tilemap                 npc_icons
     000009D6  G$text_frame_tileset$0_0$0         text_frame
     000009D6  _text_frame_tileset                text_frame
     00000B36  G$text_frame_tilemap$0_0$0         text_frame
     00000B36  _text_frame_tilemap                text_frame
ASxxxx Linker V03.00/V05.40 + sdld,  page 6.
Hexadecimal  [32-Bits]

Area                                    Addr        Size        Decimal Bytes (Attributes)
--------------------------------        ----        ----        ------- ----- ------------
_CODE                               00000200    00003130 =       12592. bytes (REL,CON)

      Value  Global                              Global Defined In Module
      -----  --------------------------------   ------------------------
     00000B4F  A$lcc1312012$54                    text_frame_init
     00000B4F  C$text_frame_init.c$5$0_0$128      text_frame_init
     00000B4F  G$TextFrame_Init$0$0               text_frame_init
     00000B4F  _TextFrame_Init                    text_frame_init
     00000B51  A$lcc1312012$55                    text_frame_init
     00000B53  A$lcc1312012$56                    text_frame_init
     00000B54  A$lcc1312012$57                    text_frame_init
     00000B55  A$lcc1312012$64                    text_frame_init
     00000B55  C$text_frame_init.c$6$1_0$128      text_frame_init
     00000B55  C$text_frame_init.c$7$1_0$128      text_frame_init
     00000B58  A$lcc1312012$65                    text_frame_init
     00000B59  A$lcc1312012$66                    text_frame_init
     00000B5C  A$lcc1312012$67                    text_frame_init
     00000B5D  A$lcc1312012$68                    text_frame_init
     00000B60  A$lcc1312012$69                    text_frame_init
     00000B62  A$lcc1312012$73                    text_frame_init
     00000B62  C$text_frame_init.c$14$3_1$131     text_frame_init
     00000B64  A$lcc1312012$74                    text_frame_init
     00000B65  A$lcc1312012$75                    text_frame_init
     00000B66  A$lcc1312012$76                    text_frame_init
     00000B67  A$lcc1312012$81                    text_frame_init
     00000B67  C$text_frame_init.c$15$3_1$131     text_frame_init
     00000B69  A$lcc1312012$82                    text_frame_init
     00000B6A  A$lcc1312012$83                    text_frame_init
     00000B6B  A$lcc1312012$84                    text_frame_init
     00000B6C  A$lcc1312012$85                    text_frame_init
     00000B6D  A$lcc1312012$86                    text_frame_init
     00000B6E  A$lcc1312012$90                    text_frame_init
     00000B6E  C$text_frame_init.c$19$3_1$131     text_frame_init
     00000B6F  A$lcc1312012$91                    text_frame_init
     00000B70  A$lcc1312012$92                    text_frame_init
     00000B71  A$lcc1312012$93                    text_frame_init
     00000B73  A$lcc1312012$94                    text_frame_init
     00000B76  A$lcc1312012$95                    text_frame_init
     00000B77  A$lcc1312012$96                    text_frame_init
     00000B78  A$lcc1312012$97                    text_frame_init
     00000B7A  A$lcc1312012$98                    text_frame_init
     00000B7B  A$lcc1312012$102                   text_frame_init
     00000B7B  C$text_frame_init.c$18$2_1$128     text_frame_init
     00000B7D  A$lcc1312012$103                   text_frame_init
     00000B7E  A$lcc1312012$104                   text_frame_init
     00000B80  A$lcc1312012$105                   text_frame_init
     00000B81  A$lcc1312012$106                   text_frame_init
     00000B82  A$lcc1312012$107                   text_frame_init
     00000B83  A$lcc1312012$108                   text_frame_init
     00000B84  A$lcc1312012$109                   text_frame_init
     00000B85  A$lcc1312012$110                   text_frame_init
     00000B87  A$lcc1312012$111                   text_frame_init
     00000B8A  A$lcc1312012$112                   text_frame_init
     00000B8B  A$lcc1312012$116                   text_frame_init
     00000B8B  C$text_frame_init.c$21$3_1$131     text_frame_init
ASxxxx Linker V03.00/V05.40 + sdld,  page 7.
Hexadecimal  [32-Bits]

Area                                    Addr        Size        Decimal Bytes (Attributes)
--------------------------------        ----        ----        ------- ----- ------------
_CODE                               00000200    00003130 =       12592. bytes (REL,CON)

      Value  Global                              Global Defined In Module
      -----  --------------------------------   ------------------------
     00000B8C  A$lcc1312012$117                   text_frame_init
     00000B8D  A$lcc1312012$118                   text_frame_init
     00000B8F  A$lcc1312012$119                   text_frame_init
     00000B92  A$lcc1312012$120                   text_frame_init
     00000B93  A$lcc1312012$121                   text_frame_init
     00000B94  A$lcc1312012$122                   text_frame_init
     00000B96  A$lcc1312012$126                   text_frame_init
     00000B96  C$text_frame_init.c$20$3_1$131     text_frame_init
     00000B97  A$lcc1312012$127                   text_frame_init
     00000B98  A$lcc1312012$128                   text_frame_init
     00000B99  A$lcc1312012$129                   text_frame_init
     00000B9B  A$lcc1312012$130                   text_frame_init
     00000B9C  A$lcc1312012$131                   text_frame_init
     00000B9E  A$lcc1312012$132                   text_frame_init
     00000BA1  A$lcc1312012$133                   text_frame_init
     00000BA2  A$lcc1312012$137                   text_frame_init
     00000BA2  C$text_frame_init.c$24$3_2$132     text_frame_init
     00000BA3  A$lcc1312012$138                   text_frame_init
     00000BA4  A$lcc1312012$139                   text_frame_init
     00000BA5  A$lcc1312012$140                   text_frame_init
     00000BA7  A$lcc1312012$141                   text_frame_init
     00000BA8  A$lcc1312012$142                   text_frame_init
     00000BA9  A$lcc1312012$143                   text_frame_init
     00000BAB  A$lcc1312012$144                   text_frame_init
     00000BAE  A$lcc1312012$145                   text_frame_init
     00000BAF  A$lcc1312012$146                   text_frame_init
     00000BB0  A$lcc1312012$147                   text_frame_init
     00000BB2  A$lcc1312012$148                   text_frame_init
     00000BB4  A$lcc1312012$152                   text_frame_init
     00000BB4  C$text_frame_init.c$25$2_1$128     text_frame_init
     00000BB5  A$lcc1312012$153                   text_frame_init
     00000BB6  A$lcc1312012$154                   text_frame_init
     00000BB8  A$lcc1312012$156                   text_frame_init
     00000BBA  A$lcc1312012$157                   text_frame_init
     00000BBB  A$lcc1312012$158                   text_frame_init
     00000BBC  A$lcc1312012$159                   text_frame_init
     00000BBD  A$lcc1312012$160                   text_frame_init
     00000BBF  A$lcc1312012$164                   text_frame_init
     00000BBF  C$text_frame_init.c$26$5_2$134     text_frame_init
     00000BC0  A$lcc1312012$165                   text_frame_init
     00000BC1  A$lcc1312012$166                   text_frame_init
     00000BC2  A$lcc1312012$167                   text_frame_init
     00000BC3  A$lcc1312012$168                   text_frame_init
     00000BC4  A$lcc1312012$169                   text_frame_init
     00000BC5  A$lcc1312012$170                   text_frame_init
     00000BC6  A$lcc1312012$171                   text_frame_init
     00000BC7  A$lcc1312012$172                   text_frame_init
     00000BC8  A$lcc1312012$173                   text_frame_init
     00000BC9  A$lcc1312012$174                   text_frame_init
     00000BCB  A$lcc1312012$175                   text_frame_init
     00000BCC  A$lcc1312012$176                   text_frame_init
ASxxxx Linker V03.00/V05.40 + sdld,  page 8.
Hexadecimal  [32-Bits]

Area                                    Addr        Size        Decimal Bytes (Attributes)
--------------------------------        ----        ----        ------- ----- ------------
_CODE                               00000200    00003130 =       12592. bytes (REL,CON)

      Value  Global                              Global Defined In Module
      -----  --------------------------------   ------------------------
     00000BCF  A$lcc1312012$180                   text_frame_init
     00000BCF  C$text_frame_init.c$25$4_2$133     text_frame_init
     00000BD1  A$lcc1312012$181                   text_frame_init
     00000BD2  A$lcc1312012$182                   text_frame_init
     00000BD4  A$lcc1312012$187                   text_frame_init
     00000BD4  C$text_frame_init.c$31$3_2$132     text_frame_init
     00000BD6  A$lcc1312012$188                   text_frame_init
     00000BD7  A$lcc1312012$189                   text_frame_init
     00000BD8  A$lcc1312012$190                   text_frame_init
     00000BD9  A$lcc1312012$191                   text_frame_init
     00000BDA  A$lcc1312012$192                   text_frame_init
     00000BDC  A$lcc1312012$193                   text_frame_init
     00000BDF  A$lcc1312012$194                   text_frame_init
     00000BE0  A$lcc1312012$195                   text_frame_init
     00000BE1  A$lcc1312012$196                   text_frame_init
     00000BE3  A$lcc1312012$197                   text_frame_init
     00000BE4  A$lcc1312012$201                   text_frame_init
     00000BE4  C$text_frame_init.c$30$3_2$132     text_frame_init
     00000BE6  A$lcc1312012$202                   text_frame_init
     00000BE7  A$lcc1312012$203                   text_frame_init
     00000BE8  A$lcc1312012$204                   text_frame_init
     00000BEA  A$lcc1312012$205                   text_frame_init
     00000BEC  A$lcc1312012$206                   text_frame_init
     00000BED  A$lcc1312012$207                   text_frame_init
     00000BEE  A$lcc1312012$208                   text_frame_init
     00000BEF  A$lcc1312012$209                   text_frame_init
     00000BF0  A$lcc1312012$210                   text_frame_init
     00000BF2  A$lcc1312012$211                   text_frame_init
     00000BF3  A$lcc1312012$212                   text_frame_init
     00000BF5  A$lcc1312012$213                   text_frame_init
     00000BF6  A$lcc1312012$214                   text_frame_init
     00000BF9  A$lcc1312012$215                   text_frame_init
     00000BFA  A$lcc1312012$219                   text_frame_init
     00000BFA  C$text_frame_init.c$33$3_2$132     text_frame_init
     00000BFC  A$lcc1312012$220                   text_frame_init
     00000BFD  A$lcc1312012$221                   text_frame_init
     00000BFE  A$lcc1312012$222                   text_frame_init
     00000C00  A$lcc1312012$223                   text_frame_init
     00000C02  A$lcc1312012$224                   text_frame_init
     00000C03  A$lcc1312012$225                   text_frame_init
     00000C04  A$lcc1312012$226                   text_frame_init
     00000C06  A$lcc1312012$227                   text_frame_init
     00000C07  A$lcc1312012$231                   text_frame_init
     00000C07  C$text_frame_init.c$32$3_2$132     text_frame_init
     00000C08  A$lcc1312012$232                   text_frame_init
     00000C0A  A$lcc1312012$233                   text_frame_init
     00000C0C  A$lcc1312012$234                   text_frame_init
     00000C0D  A$lcc1312012$235                   text_frame_init
     00000C0E  A$lcc1312012$236                   text_frame_init
     00000C0F  A$lcc1312012$237                   text_frame_init
     00000C11  A$lcc1312012$238                   text_frame_init
ASxxxx Linker V03.00/V05.40 + sdld,  page 9.
Hexadecimal  [32-Bits]

Area                                    Addr        Size        Decimal Bytes (Attributes)
--------------------------------        ----        ----        ------- ----- ------------
_CODE                               00000200    00003130 =       12592. bytes (REL,CON)

      Value  Global                              Global Defined In Module
      -----  --------------------------------   ------------------------
     00000C12  A$lcc1312012$239                   text_frame_init
     00000C14  A$lcc1312012$240                   text_frame_init
     00000C15  A$lcc1312012$241                   text_frame_init
     00000C18  A$lcc1312012$245                   text_frame_init
     00000C18  C$text_frame_init.c$35$3_2$132     text_frame_init
     00000C1A  A$lcc1312012$246                   text_frame_init
     00000C1B  A$lcc1312012$250                   text_frame_init
     00000C1B  C$text_frame_init.c$14$2_1$130     text_frame_init
     00000C1C  A$lcc1312012$251                   text_frame_init
     00000C1D  A$lcc1312012$252                   text_frame_init
     00000C1E  A$lcc1312012$253                   text_frame_init
     00000C20  A$lcc1312012$254                   text_frame_init
     00000C23  A$lcc1312012$258                   text_frame_init
     00000C23  C$text_frame_init.c$39$3_1$136     text_frame_init
     00000C24  A$lcc1312012$259                   text_frame_init
     00000C25  A$lcc1312012$260                   text_frame_init
     00000C27  A$lcc1312012$262                   text_frame_init
     00000C28  A$lcc1312012$263                   text_frame_init
     00000C2A  A$lcc1312012$264                   text_frame_init
     00000C2B  A$lcc1312012$265                   text_frame_init
     00000C2D  A$lcc1312012$269                   text_frame_init
     00000C2D  C$text_frame_init.c$43$3_1$136     text_frame_init
     00000C30  A$lcc1312012$270                   text_frame_init
     00000C32  A$lcc1312012$271                   text_frame_init
     00000C33  A$lcc1312012$275                   text_frame_init
     00000C33  C$text_frame_init.c$42$2_1$128     text_frame_init
     00000C34  A$lcc1312012$276                   text_frame_init
     00000C36  A$lcc1312012$277                   text_frame_init
     00000C38  A$lcc1312012$278                   text_frame_init
     00000C39  A$lcc1312012$279                   text_frame_init
     00000C3A  A$lcc1312012$280                   text_frame_init
     00000C3B  A$lcc1312012$281                   text_frame_init
     00000C3C  A$lcc1312012$282                   text_frame_init
     00000C3D  A$lcc1312012$283                   text_frame_init
     00000C3F  A$lcc1312012$284                   text_frame_init
     00000C42  A$lcc1312012$285                   text_frame_init
     00000C43  A$lcc1312012$289                   text_frame_init
     00000C43  C$text_frame_init.c$45$3_1$136     text_frame_init
     00000C46  A$lcc1312012$290                   text_frame_init
     00000C48  A$lcc1312012$294                   text_frame_init
     00000C48  C$text_frame_init.c$44$3_1$136     text_frame_init
     00000C49  A$lcc1312012$295                   text_frame_init
     00000C4A  A$lcc1312012$296                   text_frame_init
     00000C4B  A$lcc1312012$297                   text_frame_init
     00000C4D  A$lcc1312012$298                   text_frame_init
     00000C4E  A$lcc1312012$299                   text_frame_init
     00000C50  A$lcc1312012$300                   text_frame_init
     00000C53  A$lcc1312012$301                   text_frame_init
     00000C54  A$lcc1312012$305                   text_frame_init
     00000C54  C$text_frame_init.c$47$3_2$137     text_frame_init
     00000C57  A$lcc1312012$306                   text_frame_init
ASxxxx Linker V03.00/V05.40 + sdld,  page 10.
Hexadecimal  [32-Bits]

Area                                    Addr        Size        Decimal Bytes (Attributes)
--------------------------------        ----        ----        ------- ----- ------------
_CODE                               00000200    00003130 =       12592. bytes (REL,CON)

      Value  Global                              Global Defined In Module
      -----  --------------------------------   ------------------------
     00000C59  A$lcc1312012$307                   text_frame_init
     00000C5B  A$lcc1312012$308                   text_frame_init
     00000C5C  A$lcc1312012$312                   text_frame_init
     00000C5C  C$text_frame_init.c$49$2_1$128     text_frame_init
     00000C5E  A$lcc1312012$314                   text_frame_init
     00000C5F  A$lcc1312012$315                   text_frame_init
     00000C61  A$lcc1312012$316                   text_frame_init
     00000C62  A$lcc1312012$317                   text_frame_init
     00000C64  A$lcc1312012$321                   text_frame_init
     00000C64  C$text_frame_init.c$50$5_2$139     text_frame_init
     00000C65  A$lcc1312012$322                   text_frame_init
     00000C67  A$lcc1312012$323                   text_frame_init
     00000C68  A$lcc1312012$324                   text_frame_init
     00000C69  A$lcc1312012$325                   text_frame_init
     00000C6B  A$lcc1312012$326                   text_frame_init
     00000C6C  A$lcc1312012$327                   text_frame_init
     00000C6D  A$lcc1312012$328                   text_frame_init
     00000C6E  A$lcc1312012$329                   text_frame_init
     00000C70  A$lcc1312012$330                   text_frame_init
     00000C71  A$lcc1312012$331                   text_frame_init
     00000C74  A$lcc1312012$332                   text_frame_init
     00000C75  A$lcc1312012$333                   text_frame_init
     00000C76  A$lcc1312012$337                   text_frame_init
     00000C76  C$text_frame_init.c$49$4_2$138     text_frame_init
     00000C77  A$lcc1312012$338                   text_frame_init
     00000C79  A$lcc1312012$343                   text_frame_init
     00000C79  C$text_frame_init.c$54$3_2$137     text_frame_init
     00000C7C  A$lcc1312012$344                   text_frame_init
     00000C7E  A$lcc1312012$348                   text_frame_init
     00000C7E  C$text_frame_init.c$53$3_2$137     text_frame_init
     00000C7F  A$lcc1312012$349                   text_frame_init
     00000C80  A$lcc1312012$350                   text_frame_init
     00000C81  A$lcc1312012$351                   text_frame_init
     00000C83  A$lcc1312012$352                   text_frame_init
     00000C84  A$lcc1312012$353                   text_frame_init
     00000C86  A$lcc1312012$354                   text_frame_init
     00000C87  A$lcc1312012$355                   text_frame_init
     00000C8A  A$lcc1312012$356                   text_frame_init
     00000C8B  A$lcc1312012$360                   text_frame_init
     00000C8B  C$text_frame_init.c$56$3_2$137     text_frame_init
     00000C8E  A$lcc1312012$361                   text_frame_init
     00000C90  A$lcc1312012$365                   text_frame_init
     00000C90  C$text_frame_init.c$55$3_2$137     text_frame_init
     00000C91  A$lcc1312012$366                   text_frame_init
     00000C92  A$lcc1312012$367                   text_frame_init
     00000C93  A$lcc1312012$368                   text_frame_init
     00000C95  A$lcc1312012$369                   text_frame_init
     00000C96  A$lcc1312012$370                   text_frame_init
     00000C98  A$lcc1312012$371                   text_frame_init
     00000C99  A$lcc1312012$372                   text_frame_init
     00000C9C  A$lcc1312012$373                   text_frame_init
ASxxxx Linker V03.00/V05.40 + sdld,  page 11.
Hexadecimal  [32-Bits]

Area                                    Addr        Size        Decimal Bytes (Attributes)
--------------------------------        ----        ----        ------- ----- ------------
_CODE                               00000200    00003130 =       12592. bytes (REL,CON)

      Value  Global                              Global Defined In Module
      -----  --------------------------------   ------------------------
     00000C9D  A$lcc1312012$377                   text_frame_init
     00000C9D  C$text_frame_init.c$58$3_2$137     text_frame_init
     00000C9E  A$lcc1312012$381                   text_frame_init
     00000C9E  C$text_frame_init.c$39$2_1$135     text_frame_init
     00000C9F  A$lcc1312012$382                   text_frame_init
     00000CA1  A$lcc1312012$387                   text_frame_init
     00000CA1  C$text_frame_init.c$62$2_1$128     text_frame_init
     00000CA3  A$lcc1312012$388                   text_frame_init
     00000CA4  A$lcc1312012$389                   text_frame_init
     00000CA5  A$lcc1312012$390                   text_frame_init
     00000CA7  A$lcc1312012$395                   text_frame_init
     00000CA7  C$text_frame_init.c$63$3_1$141     text_frame_init
     00000CA9  A$lcc1312012$396                   text_frame_init
     00000CAA  A$lcc1312012$397                   text_frame_init
     00000CAC  A$lcc1312012$398                   text_frame_init
     00000CAD  A$lcc1312012$399                   text_frame_init
     00000CAE  A$lcc1312012$400                   text_frame_init
     00000CAF  A$lcc1312012$401                   text_frame_init
     00000CB0  A$lcc1312012$402                   text_frame_init
     00000CB1  A$lcc1312012$406                   text_frame_init
     00000CB1  C$text_frame_init.c$66$3_1$141     text_frame_init
     00000CB2  A$lcc1312012$407                   text_frame_init
     00000CB3  A$lcc1312012$408                   text_frame_init
     00000CB5  A$lcc1312012$409                   text_frame_init
     00000CB8  A$lcc1312012$410                   text_frame_init
     00000CB9  A$lcc1312012$411                   text_frame_init
     00000CBA  A$lcc1312012$412                   text_frame_init
     00000CBC  A$lcc1312012$413                   text_frame_init
     00000CBD  A$lcc1312012$417                   text_frame_init
     00000CBD  C$text_frame_init.c$65$2_1$128     text_frame_init
     00000CBF  A$lcc1312012$418                   text_frame_init
     00000CC0  A$lcc1312012$419                   text_frame_init
     00000CC2  A$lcc1312012$420                   text_frame_init
     00000CC4  A$lcc1312012$421                   text_frame_init
     00000CC5  A$lcc1312012$422                   text_frame_init
     00000CC6  A$lcc1312012$423                   text_frame_init
     00000CC7  A$lcc1312012$424                   text_frame_init
     00000CC8  A$lcc1312012$425                   text_frame_init
     00000CC9  A$lcc1312012$426                   text_frame_init
     00000CCB  A$lcc1312012$427                   text_frame_init
     00000CCE  A$lcc1312012$428                   text_frame_init
     00000CCF  A$lcc1312012$432                   text_frame_init
     00000CCF  C$text_frame_init.c$68$3_1$141     text_frame_init
     00000CD0  A$lcc1312012$433                   text_frame_init
     00000CD1  A$lcc1312012$434                   text_frame_init
     00000CD3  A$lcc1312012$435                   text_frame_init
     00000CD6  A$lcc1312012$436                   text_frame_init
     00000CD7  A$lcc1312012$437                   text_frame_init
     00000CD8  A$lcc1312012$438                   text_frame_init
     00000CDA  A$lcc1312012$442                   text_frame_init
     00000CDA  C$text_frame_init.c$67$3_1$141     text_frame_init
ASxxxx Linker V03.00/V05.40 + sdld,  page 12.
Hexadecimal  [32-Bits]

Area                                    Addr        Size        Decimal Bytes (Attributes)
--------------------------------        ----        ----        ------- ----- ------------
_CODE                               00000200    00003130 =       12592. bytes (REL,CON)

      Value  Global                              Global Defined In Module
      -----  --------------------------------   ------------------------
     00000CDB  A$lcc1312012$443                   text_frame_init
     00000CDC  A$lcc1312012$444                   text_frame_init
     00000CDD  A$lcc1312012$445                   text_frame_init
     00000CDF  A$lcc1312012$446                   text_frame_init
     00000CE0  A$lcc1312012$447                   text_frame_init
     00000CE2  A$lcc1312012$448                   text_frame_init
     00000CE5  A$lcc1312012$449                   text_frame_init
     00000CE6  A$lcc1312012$453                   text_frame_init
     00000CE6  C$text_frame_init.c$70$3_2$142     text_frame_init
     00000CE7  A$lcc1312012$454                   text_frame_init
     00000CE8  A$lcc1312012$455                   text_frame_init
     00000CE9  A$lcc1312012$456                   text_frame_init
     00000CEB  A$lcc1312012$457                   text_frame_init
     00000CEC  A$lcc1312012$458                   text_frame_init
     00000CED  A$lcc1312012$459                   text_frame_init
     00000CEF  A$lcc1312012$460                   text_frame_init
     00000CF2  A$lcc1312012$461                   text_frame_init
     00000CF3  A$lcc1312012$462                   text_frame_init
     00000CF4  A$lcc1312012$463                   text_frame_init
     00000CF6  A$lcc1312012$464                   text_frame_init
     00000CF8  A$lcc1312012$465                   text_frame_init
     00000CF9  A$lcc1312012$469                   text_frame_init
     00000CF9  C$text_frame_init.c$72$2_1$128     text_frame_init
     00000CFB  A$lcc1312012$470                   text_frame_init
     00000CFD  A$lcc1312012$472                   text_frame_init
     00000CFF  A$lcc1312012$473                   text_frame_init
     00000D00  A$lcc1312012$474                   text_frame_init
     00000D02  A$lcc1312012$475                   text_frame_init
     00000D03  A$lcc1312012$476                   text_frame_init
     00000D05  A$lcc1312012$480                   text_frame_init
     00000D05  C$text_frame_init.c$73$5_2$144     text_frame_init
     00000D07  A$lcc1312012$481                   text_frame_init
     00000D08  A$lcc1312012$482                   text_frame_init
     00000D0A  A$lcc1312012$483                   text_frame_init
     00000D0B  A$lcc1312012$484                   text_frame_init
     00000D0C  A$lcc1312012$485                   text_frame_init
     00000D0D  A$lcc1312012$486                   text_frame_init
     00000D0E  A$lcc1312012$487                   text_frame_init
     00000D0F  A$lcc1312012$488                   text_frame_init
     00000D10  A$lcc1312012$489                   text_frame_init
     00000D11  A$lcc1312012$490                   text_frame_init
     00000D13  A$lcc1312012$491                   text_frame_init
     00000D14  A$lcc1312012$492                   text_frame_init
     00000D17  A$lcc1312012$496                   text_frame_init
     00000D17  C$text_frame_init.c$72$4_2$143     text_frame_init
     00000D19  A$lcc1312012$497                   text_frame_init
     00000D1A  A$lcc1312012$498                   text_frame_init
     00000D1C  A$lcc1312012$503                   text_frame_init
     00000D1C  C$text_frame_init.c$77$3_2$142     text_frame_init
     00000D1E  A$lcc1312012$504                   text_frame_init
     00000D1F  A$lcc1312012$505                   text_frame_init
ASxxxx Linker V03.00/V05.40 + sdld,  page 13.
Hexadecimal  [32-Bits]

Area                                    Addr        Size        Decimal Bytes (Attributes)
--------------------------------        ----        ----        ------- ----- ------------
_CODE                               00000200    00003130 =       12592. bytes (REL,CON)

      Value  Global                              Global Defined In Module
      -----  --------------------------------   ------------------------
     00000D20  A$lcc1312012$506                   text_frame_init
     00000D21  A$lcc1312012$507                   text_frame_init
     00000D22  A$lcc1312012$508                   text_frame_init
     00000D24  A$lcc1312012$509                   text_frame_init
     00000D27  A$lcc1312012$510                   text_frame_init
     00000D28  A$lcc1312012$511                   text_frame_init
     00000D29  A$lcc1312012$512                   text_frame_init
     00000D2B  A$lcc1312012$516                   text_frame_init
     00000D2B  C$text_frame_init.c$76$3_2$142     text_frame_init
     00000D2C  A$lcc1312012$517                   text_frame_init
     00000D2D  A$lcc1312012$518                   text_frame_init
     00000D2E  A$lcc1312012$519                   text_frame_init
     00000D30  A$lcc1312012$520                   text_frame_init
     00000D31  A$lcc1312012$521                   text_frame_init
     00000D32  A$lcc1312012$522                   text_frame_init
     00000D33  A$lcc1312012$523                   text_frame_init
     00000D34  A$lcc1312012$524                   text_frame_init
     00000D37  A$lcc1312012$525                   text_frame_init
     00000D38  A$lcc1312012$529                   text_frame_init
     00000D38  C$text_frame_init.c$79$3_2$142     text_frame_init
     00000D39  A$lcc1312012$530                   text_frame_init
     00000D3B  A$lcc1312012$531                   text_frame_init
     00000D3E  A$lcc1312012$532                   text_frame_init
     00000D3F  A$lcc1312012$533                   text_frame_init
     00000D40  A$lcc1312012$534                   text_frame_init
     00000D42  A$lcc1312012$538                   text_frame_init
     00000D42  C$text_frame_init.c$78$3_2$142     text_frame_init
     00000D43  A$lcc1312012$539                   text_frame_init
     00000D44  A$lcc1312012$540                   text_frame_init
     00000D46  A$lcc1312012$541                   text_frame_init
     00000D47  A$lcc1312012$542                   text_frame_init
     00000D48  A$lcc1312012$543                   text_frame_init
     00000D49  A$lcc1312012$544                   text_frame_init
     00000D4C  A$lcc1312012$548                   text_frame_init
     00000D4C  C$text_frame_init.c$81$3_2$142     text_frame_init
     00000D4E  A$lcc1312012$549                   text_frame_init
     00000D4F  A$lcc1312012$553                   text_frame_init
     00000D4F  C$text_frame_init.c$62$2_1$140     text_frame_init
     00000D50  A$lcc1312012$554                   text_frame_init
     00000D51  A$lcc1312012$555                   text_frame_init
     00000D52  A$lcc1312012$556                   text_frame_init
     00000D54  A$lcc1312012$557                   text_frame_init
     00000D57  A$lcc1312012$561                   text_frame_init
     00000D59  A$lcc1312012$566                   text_frame_init
     00000D59  C$text_frame_init.c$83$2_1$128     text_frame_init
     00000D59  XG$TextFrame_Init$0$0              text_frame_init
     00000D5A  G$spr_Branch$0_0$0                 spr_Branch
     00000D5A  _spr_Branch                        spr_Branch
     00000D6A  A$lcc1312025$59                    action
     00000D6A  C$action.c$11$0_0$171              action
     00000D6A  G$move_up$0$0                      action
ASxxxx Linker V03.00/V05.40 + sdld,  page 14.
Hexadecimal  [32-Bits]

Area                                    Addr        Size        Decimal Bytes (Attributes)
--------------------------------        ----        ----        ------- ----- ------------
_CODE                               00000200    00003130 =       12592. bytes (REL,CON)

      Value  Global                              Global Defined In Module
      -----  --------------------------------   ------------------------
     00000D6A  _move_up                           action
     00000D6C  A$lcc1312025$60                    action
     00000D6E  A$lcc1312025$61                    action
     00000D6F  A$lcc1312025$65                    action
     00000D6F  C$action.c$13$2_0$172              action
     00000D72  A$lcc1312025$66                    action
     00000D74  A$lcc1312025$70                    action
     00000D74  C$action.c$14$2_0$172              action
     00000D76  A$lcc1312025$74                    action
     00000D76  C$action.c$16$1_0$171              action
     00000D78  A$lcc1312025$75                    action
     00000D79  A$lcc1312025$76                    action
     00000D7A  A$lcc1312025$77                    action
     00000D7C  A$lcc1312025$78                    action
     00000D7D  A$lcc1312025$79                    action
     00000D7F  A$lcc1312025$80                    action
     00000D81  A$lcc1312025$81                    action
     00000D82  A$lcc1312025$82                    action
     00000D83  A$lcc1312025$83                    action
     00000D84  A$lcc1312025$84                    action
     00000D85  A$lcc1312025$85                    action
     00000D86  A$lcc1312025$86                    action
     00000D87  A$lcc1312025$87                    action
     00000D8A  A$lcc1312025$88                    action
     00000D8B  A$lcc1312025$89                    action
     00000D8C  A$lcc1312025$90                    action
     00000D8D  A$lcc1312025$91                    action
     00000D8E  A$lcc1312025$92                    action
     00000D90  A$lcc1312025$93                    action
     00000D91  A$lcc1312025$94                    action
     00000D92  A$lcc1312025$95                    action
     00000D93  A$lcc1312025$96                    action
     00000D94  A$lcc1312025$97                    action
     00000D95  A$lcc1312025$98                    action
     00000D96  A$lcc1312025$99                    action
     00000D97  A$lcc1312025$100                   action
     00000D99  A$lcc1312025$101                   action
     00000D9A  A$lcc1312025$102                   action
     00000D9B  A$lcc1312025$103                   action
     00000D9C  A$lcc1312025$104                   action
     00000D9D  A$lcc1312025$105                   action
     00000D9E  A$lcc1312025$106                   action
     00000D9F  A$lcc1312025$107                   action
     00000DA0  A$lcc1312025$108                   action
     00000DA1  A$lcc1312025$109                   action
     00000DA2  A$lcc1312025$110                   action
     00000DA3  A$lcc1312025$111                   action
     00000DA4  A$lcc1312025$112                   action
     00000DA5  A$lcc1312025$113                   action
     00000DA6  A$lcc1312025$114                   action
     00000DA7  A$lcc1312025$115                   action
ASxxxx Linker V03.00/V05.40 + sdld,  page 15.
Hexadecimal  [32-Bits]

Area                                    Addr        Size        Decimal Bytes (Attributes)
--------------------------------        ----        ----        ------- ----- ------------
_CODE                               00000200    00003130 =       12592. bytes (REL,CON)

      Value  Global                              Global Defined In Module
      -----  --------------------------------   ------------------------
     00000DA9  A$lcc1312025$116                   action
     00000DAA  A$lcc1312025$117                   action
     00000DAB  A$lcc1312025$118                   action
     00000DAC  A$lcc1312025$119                   action
     00000DAD  A$lcc1312025$120                   action
     00000DAE  A$lcc1312025$124                   action
     00000DAE  C$action.c$17$1_0$171              action
     00000DAF  A$lcc1312025$125                   action
     00000DB0  A$lcc1312025$126                   action
     00000DB3  A$lcc1312025$127                   action
     00000DB4  A$lcc1312025$128                   action
     00000DB6  A$lcc1312025$129                   action
     00000DB7  A$lcc1312025$130                   action
     00000DB8  A$lcc1312025$131                   action
     00000DB9  A$lcc1312025$132                   action
     00000DBB  A$lcc1312025$133                   action
     00000DBC  A$lcc1312025$134                   action
     00000DBD  A$lcc1312025$139                   action
     00000DBF  A$lcc1312025$144                   action
     00000DBF  C$action.c$18$1_0$171              action
     00000DBF  XG$move_up$0$0                     action
     00000DC0  A$lcc1312025$154                   action
     00000DC0  C$action.c$20$1_0$174              action
     00000DC0  G$move_down$0$0                    action
     00000DC0  _move_down                         action
     00000DC2  A$lcc1312025$155                   action
     00000DC4  A$lcc1312025$156                   action
     00000DC5  A$lcc1312025$160                   action
     00000DC5  C$action.c$22$2_0$175              action
     00000DC8  A$lcc1312025$161                   action
     00000DCA  A$lcc1312025$165                   action
     00000DCA  C$action.c$23$2_0$175              action
     00000DCC  A$lcc1312025$169                   action
     00000DCC  C$action.c$25$1_0$174              action
     00000DCE  A$lcc1312025$170                   action
     00000DCF  A$lcc1312025$171                   action
     00000DD0  A$lcc1312025$172                   action
     00000DD2  A$lcc1312025$173                   action
     00000DD3  A$lcc1312025$174                   action
     00000DD5  A$lcc1312025$175                   action
     00000DD7  A$lcc1312025$176                   action
     00000DD8  A$lcc1312025$177                   action
     00000DD9  A$lcc1312025$178                   action
     00000DDA  A$lcc1312025$179                   action
     00000DDB  A$lcc1312025$180                   action
     00000DDC  A$lcc1312025$181                   action
     00000DDD  A$lcc1312025$182                   action
     00000DE0  A$lcc1312025$183                   action
     00000DE1  A$lcc1312025$184                   action
     00000DE2  A$lcc1312025$185                   action
     00000DE3  A$lcc1312025$186                   action
ASxxxx Linker V03.00/V05.40 + sdld,  page 16.
Hexadecimal  [32-Bits]

Area                                    Addr        Size        Decimal Bytes (Attributes)
--------------------------------        ----        ----        ------- ----- ------------
_CODE                               00000200    00003130 =       12592. bytes (REL,CON)

      Value  Global                              Global Defined In Module
      -----  --------------------------------   ------------------------
     00000DE4  A$lcc1312025$187                   action
     00000DE6  A$lcc1312025$188                   action
     00000DE7  A$lcc1312025$189                   action
     00000DE8  A$lcc1312025$190                   action
     00000DE9  A$lcc1312025$191                   action
     00000DEA  A$lcc1312025$192                   action
     00000DEB  A$lcc1312025$193                   action
     00000DEC  A$lcc1312025$194                   action
     00000DED  A$lcc1312025$195                   action
     00000DEF  A$lcc1312025$196                   action
     00000DF0  A$lcc1312025$197                   action
     00000DF1  A$lcc1312025$198                   action
     00000DF2  A$lcc1312025$199                   action
     00000DF3  A$lcc1312025$200                   action
     00000DF4  A$lcc1312025$201                   action
     00000DF5  A$lcc1312025$202                   action
     00000DF6  A$lcc1312025$203                   action
     00000DF7  A$lcc1312025$204                   action
     00000DF8  A$lcc1312025$205                   action
     00000DF9  A$lcc1312025$206                   action
     00000DFA  A$lcc1312025$207                   action
     00000DFB  A$lcc1312025$208                   action
     00000DFC  A$lcc1312025$209                   action
     00000DFD  A$lcc1312025$210                   action
     00000DFE  A$lcc1312025$211                   action
     00000DFF  A$lcc1312025$212                   action
     00000E00  A$lcc1312025$216                   action
     00000E00  C$action.c$26$1_0$174              action
     00000E03  A$lcc1312025$217                   action
     00000E05  A$lcc1312025$218                   action
     00000E06  A$lcc1312025$219                   action
     00000E08  A$lcc1312025$220                   action
     00000E09  A$lcc1312025$221                   action
     00000E0A  A$lcc1312025$222                   action
     00000E0B  A$lcc1312025$223                   action
     00000E0C  A$lcc1312025$224                   action
     00000E0D  A$lcc1312025$229                   action
     00000E0F  A$lcc1312025$234                   action
     00000E0F  C$action.c$27$1_0$174              action
     00000E0F  XG$move_down$0$0                   action
     00000E10  A$lcc1312025$244                   action
     00000E10  C$action.c$29$1_0$177              action
     00000E10  G$move_left$0$0                    action
     00000E10  _move_left                         action
     00000E12  A$lcc1312025$245                   action
     00000E14  A$lcc1312025$246                   action
     00000E15  A$lcc1312025$250                   action
     00000E15  C$action.c$31$2_0$178              action
     00000E18  A$lcc1312025$251                   action
     00000E1A  A$lcc1312025$255                   action
     00000E1A  C$action.c$32$2_0$178              action
ASxxxx Linker V03.00/V05.40 + sdld,  page 17.
Hexadecimal  [32-Bits]

Area                                    Addr        Size        Decimal Bytes (Attributes)
--------------------------------        ----        ----        ------- ----- ------------
_CODE                               00000200    00003130 =       12592. bytes (REL,CON)

      Value  Global                              Global Defined In Module
      -----  --------------------------------   ------------------------
     00000E1C  A$lcc1312025$259                   action
     00000E1C  C$action.c$34$1_0$177              action
     00000E1E  A$lcc1312025$260                   action
     00000E1F  A$lcc1312025$261                   action
     00000E20  A$lcc1312025$262                   action
     00000E22  A$lcc1312025$263                   action
     00000E23  A$lcc1312025$264                   action
     00000E25  A$lcc1312025$265                   action
     00000E27  A$lcc1312025$266                   action
     00000E28  A$lcc1312025$267                   action
     00000E29  A$lcc1312025$268                   action
     00000E2A  A$lcc1312025$269                   action
     00000E2B  A$lcc1312025$270                   action
     00000E2C  A$lcc1312025$271                   action
     00000E2D  A$lcc1312025$272                   action
     00000E30  A$lcc1312025$273                   action
     00000E31  A$lcc1312025$274                   action
     00000E32  A$lcc1312025$275                   action
     00000E33  A$lcc1312025$276                   action
     00000E34  A$lcc1312025$277                   action
     00000E36  A$lcc1312025$278                   action
     00000E37  A$lcc1312025$279                   action
     00000E38  A$lcc1312025$280                   action
     00000E39  A$lcc1312025$281                   action
     00000E3A  A$lcc1312025$282                   action
     00000E3B  A$lcc1312025$283                   action
     00000E3C  A$lcc1312025$284                   action
     00000E3D  A$lcc1312025$285                   action
     00000E3F  A$lcc1312025$286                   action
     00000E40  A$lcc1312025$287                   action
     00000E41  A$lcc1312025$288                   action
     00000E42  A$lcc1312025$289                   action
     00000E43  A$lcc1312025$290                   action
     00000E44  A$lcc1312025$291                   action
     00000E45  A$lcc1312025$292                   action
     00000E46  A$lcc1312025$293                   action
     00000E47  A$lcc1312025$294                   action
     00000E48  A$lcc1312025$295                   action
     00000E49  A$lcc1312025$296                   action
     00000E4A  A$lcc1312025$297                   action
     00000E4B  A$lcc1312025$298                   action
     00000E4C  A$lcc1312025$299                   action
     00000E4D  A$lcc1312025$300                   action
     00000E4F  A$lcc1312025$301                   action
     00000E50  A$lcc1312025$302                   action
     00000E51  A$lcc1312025$303                   action
     00000E52  A$lcc1312025$304                   action
     00000E53  A$lcc1312025$305                   action
     00000E54  A$lcc1312025$309                   action
     00000E54  C$action.c$35$1_0$177              action
     00000E55  A$lcc1312025$310                   action
ASxxxx Linker V03.00/V05.40 + sdld,  page 18.
Hexadecimal  [32-Bits]

Area                                    Addr        Size        Decimal Bytes (Attributes)
--------------------------------        ----        ----        ------- ----- ------------
_CODE                               00000200    00003130 =       12592. bytes (REL,CON)

      Value  Global                              Global Defined In Module
      -----  --------------------------------   ------------------------
     00000E56  A$lcc1312025$311                   action
     00000E59  A$lcc1312025$312                   action
     00000E5A  A$lcc1312025$313                   action
     00000E5C  A$lcc1312025$314                   action
     00000E5D  A$lcc1312025$315                   action
     00000E5E  A$lcc1312025$316                   action
     00000E5F  A$lcc1312025$317                   action
     00000E61  A$lcc1312025$318                   action
     00000E62  A$lcc1312025$319                   action
     00000E63  A$lcc1312025$324                   action
     00000E65  A$lcc1312025$329                   action
     00000E65  C$action.c$36$1_0$177              action
     00000E65  XG$move_left$0$0                   action
     00000E66  A$lcc1312025$339                   action
     00000E66  C$action.c$38$1_0$180              action
     00000E66  G$move_right$0$0                   action
     00000E66  _move_right                        action
     00000E68  A$lcc1312025$340                   action
     00000E6A  A$lcc1312025$341                   action
     00000E6B  A$lcc1312025$345                   action
     00000E6B  C$action.c$40$2_0$181              action
     00000E6E  A$lcc1312025$346                   action
     00000E70  A$lcc1312025$350                   action
     00000E70  C$action.c$41$2_0$181              action
     00000E72  A$lcc1312025$354                   action
     00000E72  C$action.c$43$1_0$180              action
     00000E74  A$lcc1312025$355                   action
     00000E75  A$lcc1312025$356                   action
     00000E76  A$lcc1312025$357                   action
     00000E78  A$lcc1312025$358                   action
     00000E79  A$lcc1312025$359                   action
     00000E7B  A$lcc1312025$360                   action
     00000E7D  A$lcc1312025$361                   action
     00000E7E  A$lcc1312025$362                   action
     00000E7F  A$lcc1312025$363                   action
     00000E80  A$lcc1312025$364                   action
     00000E81  A$lcc1312025$365                   action
     00000E82  A$lcc1312025$366                   action
     00000E83  A$lcc1312025$367                   action
     00000E86  A$lcc1312025$368                   action
     00000E87  A$lcc1312025$369                   action
     00000E88  A$lcc1312025$370                   action
     00000E89  A$lcc1312025$371                   action
     00000E8A  A$lcc1312025$372                   action
     00000E8C  A$lcc1312025$373                   action
     00000E8D  A$lcc1312025$374                   action
     00000E8E  A$lcc1312025$375                   action
     00000E8F  A$lcc1312025$376                   action
     00000E90  A$lcc1312025$377                   action
     00000E91  A$lcc1312025$378                   action
     00000E92  A$lcc1312025$379                   action
ASxxxx Linker V03.00/V05.40 + sdld,  page 19.
Hexadecimal  [32-Bits]

Area                                    Addr        Size        Decimal Bytes (Attributes)
--------------------------------        ----        ----        ------- ----- ------------
_CODE                               00000200    00003130 =       12592. bytes (REL,CON)

      Value  Global                              Global Defined In Module
      -----  --------------------------------   ------------------------
     00000E93  A$lcc1312025$380                   action
     00000E95  A$lcc1312025$381                   action
     00000E96  A$lcc1312025$382                   action
     00000E97  A$lcc1312025$383                   action
     00000E98  A$lcc1312025$384                   action
     00000E99  A$lcc1312025$385                   action
     00000E9A  A$lcc1312025$386                   action
     00000E9B  A$lcc1312025$387                   action
     00000E9C  A$lcc1312025$388                   action
     00000E9D  A$lcc1312025$389                   action
     00000E9E  A$lcc1312025$390                   action
     00000E9F  A$lcc1312025$391                   action
     00000EA0  A$lcc1312025$392                   action
     00000EA1  A$lcc1312025$393                   action
     00000EA2  A$lcc1312025$394                   action
     00000EA3  A$lcc1312025$395                   action
     00000EA4  A$lcc1312025$396                   action
     00000EA5  A$lcc1312025$397                   action
     00000EA6  A$lcc1312025$401                   action
     00000EA6  C$action.c$44$1_0$180              action
     00000EA7  A$lcc1312025$402                   action
     00000EAA  A$lcc1312025$403                   action
     00000EAC  A$lcc1312025$404                   action
     00000EAD  A$lcc1312025$405                   action
     00000EAF  A$lcc1312025$406                   action
     00000EB0  A$lcc1312025$407                   action
     00000EB1  A$lcc1312025$408                   action
     00000EB2  A$lcc1312025$409                   action
     00000EB3  A$lcc1312025$410                   action
     00000EB4  A$lcc1312025$411                   action
     00000EB5  A$lcc1312025$416                   action
     00000EB7  A$lcc1312025$421                   action
     00000EB7  C$action.c$45$1_0$180              action
     00000EB7  XG$move_right$0$0                  action
     00000EB8  A$lcc1312026$59                    animation
     00000EB8  C$animation.c$7$0_0$137            animation
     00000EB8  G$init_animation$0$0               animation
     00000EB8  _init_animation                    animation
     00000EBA  A$lcc1312026$60                    animation
     00000EBC  A$lcc1312026$61                    animation
     00000EBD  A$lcc1312026$62                    animation
     00000EBE  A$lcc1312026$63                    animation
     00000EBF  A$lcc1312026$64                    animation
     00000EC0  A$lcc1312026$65                    animation
     00000EC1  A$lcc1312026$69                    animation
     00000EC1  C$animation.c$12$1_0$137           animation
     00000EC3  A$lcc1312026$70                    animation
     00000EC4  A$lcc1312026$71                    animation
     00000EC5  A$lcc1312026$72                    animation
     00000EC6  A$lcc1312026$73                    animation
     00000EC7  A$lcc1312026$74                    animation
ASxxxx Linker V03.00/V05.40 + sdld,  page 20.
Hexadecimal  [32-Bits]

Area                                    Addr        Size        Decimal Bytes (Attributes)
--------------------------------        ----        ----        ------- ----- ------------
_CODE                               00000200    00003130 =       12592. bytes (REL,CON)

      Value  Global                              Global Defined In Module
      -----  --------------------------------   ------------------------
     00000EC8  A$lcc1312026$75                    animation
     00000EC9  A$lcc1312026$76                    animation
     00000ECB  A$lcc1312026$77                    animation
     00000ECD  A$lcc1312026$78                    animation
     00000ECE  A$lcc1312026$79                    animation
     00000ECF  A$lcc1312026$80                    animation
     00000ED0  A$lcc1312026$81                    animation
     00000ED1  A$lcc1312026$82                    animation
     00000ED2  A$lcc1312026$83                    animation
     00000ED3  A$lcc1312026$87                    animation
     00000ED3  C$animation.c$14$1_0$137           animation
     00000ED4  A$lcc1312026$88                    animation
     00000ED5  A$lcc1312026$89                    animation
     00000ED6  A$lcc1312026$90                    animation
     00000ED8  A$lcc1312026$91                    animation
     00000ED9  A$lcc1312026$92                    animation
     00000EDA  A$lcc1312026$96                    animation
     00000EDA  C$animation.c$15$1_0$137           animation
     00000EDB  A$lcc1312026$97                    animation
     00000EDC  A$lcc1312026$98                    animation
     00000EDD  A$lcc1312026$99                    animation
     00000EDE  A$lcc1312026$100                   animation
     00000EDF  A$lcc1312026$101                   animation
     00000EE0  A$lcc1312026$102                   animation
     00000EE2  A$lcc1312026$103                   animation
     00000EE3  A$lcc1312026$104                   animation
     00000EE4  A$lcc1312026$105                   animation
     00000EE5  A$lcc1312026$109                   animation
     00000EE5  C$animation.c$16$1_0$137           animation
     00000EE8  A$lcc1312026$110                   animation
     00000EE9  A$lcc1312026$111                   animation
     00000EEB  A$lcc1312026$115                   animation
     00000EEB  C$animation.c$17$1_0$137           animation
     00000EEC  A$lcc1312026$116                   animation
     00000EED  A$lcc1312026$117                   animation
     00000EEE  A$lcc1312026$118                   animation
     00000EEF  A$lcc1312026$119                   animation
     00000EF1  A$lcc1312026$123                   animation
     00000EF1  C$animation.c$18$1_0$137           animation
     00000EF4  A$lcc1312026$124                   animation
     00000EF5  A$lcc1312026$125                   animation
     00000EF6  A$lcc1312026$126                   animation
     00000EF8  A$lcc1312026$127                   animation
     00000EF9  A$lcc1312026$128                   animation
     00000EFA  A$lcc1312026$129                   animation
     00000EFB  A$lcc1312026$133                   animation
     00000EFB  C$animation.c$21$1_0$137           animation
     00000EFC  A$lcc1312026$134                   animation
     00000EFD  A$lcc1312026$135                   animation
     00000EFE  A$lcc1312026$136                   animation
     00000EFF  A$lcc1312026$137                   animation
ASxxxx Linker V03.00/V05.40 + sdld,  page 21.
Hexadecimal  [32-Bits]

Area                                    Addr        Size        Decimal Bytes (Attributes)
--------------------------------        ----        ----        ------- ----- ------------
_CODE                               00000200    00003130 =       12592. bytes (REL,CON)

      Value  Global                              Global Defined In Module
      -----  --------------------------------   ------------------------
     00000F01  A$lcc1312026$138                   animation
     00000F02  A$lcc1312026$139                   animation
     00000F03  A$lcc1312026$140                   animation
     00000F04  A$lcc1312026$141                   animation
     00000F05  A$lcc1312026$142                   animation
     00000F08  A$lcc1312026$143                   animation
     00000F09  A$lcc1312026$144                   animation
     00000F0A  A$lcc1312026$145                   animation
     00000F0B  A$lcc1312026$146                   animation
     00000F0D  A$lcc1312026$147                   animation
     00000F0E  A$lcc1312026$148                   animation
     00000F0F  A$lcc1312026$149                   animation
     00000F10  A$lcc1312026$150                   animation
     00000F12  A$lcc1312026$151                   animation
     00000F13  A$lcc1312026$152                   animation
     00000F16  A$lcc1312026$153                   animation
     00000F17  A$lcc1312026$154                   animation
     00000F18  A$lcc1312026$155                   animation
     00000F19  A$lcc1312026$156                   animation
     00000F1A  A$lcc1312026$160                   animation
     00000F1A  C$animation.c$24$2_0$137           animation
     00000F1C  A$lcc1312026$162                   animation
     00000F1D  A$lcc1312026$163                   animation
     00000F1E  A$lcc1312026$164                   animation
     00000F1F  A$lcc1312026$165                   animation
     00000F20  A$lcc1312026$166                   animation
     00000F22  A$lcc1312026$167                   animation
     00000F23  A$lcc1312026$168                   animation
     00000F25  A$lcc1312026$173                   animation
     00000F25  C$animation.c$32$2_0$140           animation
     00000F27  A$lcc1312026$174                   animation
     00000F28  A$lcc1312026$175                   animation
     00000F29  A$lcc1312026$176                   animation
     00000F2A  A$lcc1312026$177                   animation
     00000F2D  A$lcc1312026$178                   animation
     00000F2E  A$lcc1312026$179                   animation
     00000F2F  A$lcc1312026$180                   animation
     00000F30  A$lcc1312026$181                   animation
     00000F31  A$lcc1312026$182                   animation
     00000F32  A$lcc1312026$183                   animation
     00000F34  A$lcc1312026$187                   animation
     00000F34  C$animation.c$33$2_0$140           animation
     00000F36  A$lcc1312026$188                   animation
     00000F37  A$lcc1312026$189                   animation
     00000F38  A$lcc1312026$194                   animation
     00000F38  C$animation.c$34$2_0$137           animation
     00000F3A  A$lcc1312026$195                   animation
     00000F3B  A$lcc1312026$196                   animation
     00000F3D  A$lcc1312026$197                   animation
     00000F3E  A$lcc1312026$207                   animation
     00000F3E  C$animation.c$36$2_0$142           animation
ASxxxx Linker V03.00/V05.40 + sdld,  page 22.
Hexadecimal  [32-Bits]

Area                                    Addr        Size        Decimal Bytes (Attributes)
--------------------------------        ----        ----        ------- ----- ------------
_CODE                               00000200    00003130 =       12592. bytes (REL,CON)

      Value  Global                              Global Defined In Module
      -----  --------------------------------   ------------------------
     00000F3E  G$update_animation$0$0             animation
     00000F3E  _update_animation                  animation
     00000F3F  A$lcc1312026$208                   animation
     00000F40  A$lcc1312026$209                   animation
     00000F41  A$lcc1312026$210                   animation
     00000F42  A$lcc1312026$214                   animation
     00000F42  C$animation.c$38$1_0$142           animation
     00000F45  A$lcc1312026$215                   animation
     00000F46  A$lcc1312026$216                   animation
     00000F47  A$lcc1312026$217                   animation
     00000F48  A$lcc1312026$218                   animation
     00000F49  A$lcc1312026$219                   animation
     00000F4A  A$lcc1312026$220                   animation
     00000F4B  A$lcc1312026$221                   animation
     00000F4C  A$lcc1312026$222                   animation
     00000F4D  A$lcc1312026$223                   animation
     00000F4F  A$lcc1312026$224                   animation
     00000F50  A$lcc1312026$225                   animation
     00000F51  A$lcc1312026$229                   animation
     00000F51  C$animation.c$40$1_0$142           animation
     00000F54  A$lcc1312026$230                   animation
     00000F55  A$lcc1312026$231                   animation
     00000F56  A$lcc1312026$232                   animation
     00000F57  A$lcc1312026$233                   animation
     00000F58  A$lcc1312026$234                   animation
     00000F59  A$lcc1312026$235                   animation
     00000F5B  A$lcc1312026$236                   animation
     00000F5C  A$lcc1312026$237                   animation
     00000F5D  A$lcc1312026$241                   animation
     00000F5D  C$animation.c$41$2_0$143           animation
     00000F5E  A$lcc1312026$242                   animation
     00000F5F  A$lcc1312026$243                   animation
     00000F60  A$lcc1312026$244                   animation
     00000F61  A$lcc1312026$245                   animation
     00000F62  A$lcc1312026$246                   animation
     00000F63  A$lcc1312026$247                   animation
     00000F65  A$lcc1312026$248                   animation
     00000F66  A$lcc1312026$249                   animation
     00000F68  A$lcc1312026$250                   animation
     00000F69  A$lcc1312026$251                   animation
     00000F6A  A$lcc1312026$252                   animation
     00000F6C  A$lcc1312026$256                   animation
     00000F6C  C$animation.c$43$3_0$144           animation
     00000F6D  A$lcc1312026$257                   animation
     00000F6E  A$lcc1312026$261                   animation
     00000F6E  C$animation.c$44$3_0$144           animation
     00000F6F  A$lcc1312026$262                   animation
     00000F70  A$lcc1312026$263                   animation
     00000F71  A$lcc1312026$264                   animation
     00000F72  A$lcc1312026$265                   animation
     00000F73  A$lcc1312026$266                   animation
ASxxxx Linker V03.00/V05.40 + sdld,  page 23.
Hexadecimal  [32-Bits]

Area                                    Addr        Size        Decimal Bytes (Attributes)
--------------------------------        ----        ----        ------- ----- ------------
_CODE                               00000200    00003130 =       12592. bytes (REL,CON)

      Value  Global                              Global Defined In Module
      -----  --------------------------------   ------------------------
     00000F74  A$lcc1312026$270                   animation
     00000F74  C$animation.c$45$4_0$145           animation
     00000F75  A$lcc1312026$271                   animation
     00000F76  A$lcc1312026$272                   animation
     00000F77  A$lcc1312026$273                   animation
     00000F78  A$lcc1312026$274                   animation
     00000F79  A$lcc1312026$275                   animation
     00000F7B  A$lcc1312026$279                   animation
     00000F7B  C$animation.c$46$4_0$145           animation
     00000F7D  A$lcc1312026$284                   animation
     00000F7E  A$lcc1312026$285                   animation
     00000F7F  A$lcc1312026$290                   animation
     00000F7F  C$animation.c$48$2_0$142           animation
     00000F7F  XG$update_animation$0$0            animation
     00000F80  A$lcc1312026$300                   animation
     00000F80  C$animation.c$50$2_0$147           animation
     00000F80  G$set_animation$0$0                animation
     00000F80  _set_animation                     animation
     00000F81  A$lcc1312026$301                   animation
     00000F82  A$lcc1312026$302                   animation
     00000F83  A$lcc1312026$306                   animation
     00000F83  C$animation.c$52$2_0$148           animation
     00000F84  A$lcc1312026$307                   animation
     00000F86  A$lcc1312026$308                   animation
     00000F87  A$lcc1312026$309                   animation
     00000F88  A$lcc1312026$310                   animation
     00000F8A  A$lcc1312026$311                   animation
     00000F8B  A$lcc1312026$312                   animation
     00000F8C  A$lcc1312026$313                   animation
     00000F8D  A$lcc1312026$314                   animation
     00000F8E  A$lcc1312026$321                   animation
     00000F8E  C$animation.c$53$2_0$148           animation
     00000F8E  C$animation.c$55$1_0$147           animation
     00000F8F  A$lcc1312026$322                   animation
     00000F90  A$lcc1312026$326                   animation
     00000F90  C$animation.c$56$1_1$149           animation
     00000F91  A$lcc1312026$327                   animation
     00000F92  A$lcc1312026$328                   animation
     00000F93  A$lcc1312026$329                   animation
     00000F94  A$lcc1312026$330                   animation
     00000F96  A$lcc1312026$331                   animation
     00000F97  A$lcc1312026$335                   animation
     00000F97  C$animation.c$57$1_1$149           animation
     00000F98  A$lcc1312026$336                   animation
     00000F99  A$lcc1312026$337                   animation
     00000F9A  A$lcc1312026$338                   animation
     00000F9B  A$lcc1312026$339                   animation
     00000F9C  A$lcc1312026$340                   animation
     00000F9D  A$lcc1312026$344                   animation
     00000F9D  C$animation.c$58$1_1$149           animation
     00000FA0  A$lcc1312026$345                   animation
ASxxxx Linker V03.00/V05.40 + sdld,  page 24.
Hexadecimal  [32-Bits]

Area                                    Addr        Size        Decimal Bytes (Attributes)
--------------------------------        ----        ----        ------- ----- ------------
_CODE                               00000200    00003130 =       12592. bytes (REL,CON)

      Value  Global                              Global Defined In Module
      -----  --------------------------------   ------------------------
     00000FA1  A$lcc1312026$346                   animation
     00000FA3  A$lcc1312026$354                   animation
     00000FA3  C$animation.c$59$1_1$147           animation
     00000FA3  XG$set_animation$0$0               animation
     00000FA4  A$lcc1312028$52                    char_to_tile
     00000FA4  C$char_to_tile.c$3$0_0$3           char_to_tile
     00000FA4  G$char_to_tile$0$0                 char_to_tile
     00000FA4  _char_to_tile                      char_to_tile
     00000FA6  A$lcc1312028$53                    char_to_tile
     00000FA8  A$lcc1312028$54                    char_to_tile
[...]
     00024D4E  A$lcc1312083$1221                  mg_leaves_update
     00024D4E  C$mg_leaves_update.c$186$1_0$215   mg_leaves_update
     00024D51  A$lcc1312083$1225                  mg_leaves_update
     00024D51  C$mg_leaves_update.c$188$1_0$215   mg_leaves_update
     00024D54  A$lcc1312083$1226                  mg_leaves_update
     00024D57  A$lcc1312083$1230                  mg_leaves_update
     00024D57  C$mg_leaves_update.c$190$2_0$222   mg_leaves_update
     00024D5A  A$lcc1312083$1231                  mg_leaves_update
     00024D5D  A$lcc1312083$1232                  mg_leaves_update
     00024D5E  A$lcc1312083$1233                  mg_leaves_update
     00024D60  A$lcc1312083$1237                  mg_leaves_update
     00024D60  C$mg_leaves_update.c$192$3_0$223   mg_leaves_update
ASxxxx Linker V03.00/V05.40 + sdld,  page 199.
Hexadecimal  [32-Bits]

Area                                    Addr        Size        Decimal Bytes (Attributes)
--------------------------------        ----        ----        ------- ----- ------------
_CODE_2                             00024000    00000E08 =        3592. bytes (REL,CON)

      Value  Global                              Global Defined In Module
      -----  --------------------------------   ------------------------
     00024D63  A$lcc1312083$1238                  mg_leaves_update
     00024D66  A$lcc1312083$1242                  mg_leaves_update
     00024D66  C$mg_leaves_update.c$194$3_1$224   mg_leaves_update
     00024D69  A$lcc1312083$1246                  mg_leaves_update
     00024D69  C$mg_leaves_update.c$195$1_1$215   mg_leaves_update
     00024D6B  A$lcc1312083$1247                  mg_leaves_update
     00024D6C  A$lcc1312083$1248                  mg_leaves_update
     00024D6E  A$lcc1312083$1249                  mg_leaves_update
     00024D71  A$lcc1312083$1250                  mg_leaves_update
     00024D72  A$lcc1312083$1251                  mg_leaves_update
     00024D74  A$lcc1312083$1252                  mg_leaves_update
     00024D77  A$lcc1312083$1253                  mg_leaves_update
     00024D78  A$lcc1312083$1254                  mg_leaves_update
     00024D7A  A$lcc1312083$1255                  mg_leaves_update
     00024D7C  A$lcc1312083$1259                  mg_leaves_update
     00024D7C  C$mg_leaves_update.c$196$1_1$215   mg_leaves_update
     00024D7D  A$lcc1312083$1260                  mg_leaves_update
     00024D7E  A$lcc1312083$1261                  mg_leaves_update
     00024D80  A$lcc1312083$1262                  mg_leaves_update
     00024D81  A$lcc1312083$1263                  mg_leaves_update
     00024D84  A$lcc1312083$1264                  mg_leaves_update
     00024D85  A$lcc1312083$1265                  mg_leaves_update
     00024D87  A$lcc1312083$1266                  mg_leaves_update
     00024D8A  A$lcc1312083$1267                  mg_leaves_update
     00024D8B  A$lcc1312083$1268                  mg_leaves_update
     00024D8D  A$lcc1312083$1269                  mg_leaves_update
     00024D8F  A$lcc1312083$1273                  mg_leaves_update
     00024D8F  C$mg_leaves_update.c$197$1_1$215   mg_leaves_update
     00024D90  A$lcc1312083$1274                  mg_leaves_update
     00024D92  A$lcc1312083$1275                  mg_leaves_update
     00024D93  A$lcc1312083$1276                  mg_leaves_update
     00024D96  A$lcc1312083$1277                  mg_leaves_update
     00024D97  A$lcc1312083$1278                  mg_leaves_update
     00024D99  A$lcc1312083$1279                  mg_leaves_update
     00024D9B  A$lcc1312083$1280                  mg_leaves_update
     00024D9C  A$lcc1312083$1284                  mg_leaves_update
     00024D9C  C$mg_leaves_update.c$199$3_1$224   mg_leaves_update
     00024D9E  A$lcc1312083$1285                  mg_leaves_update
     00024D9F  A$lcc1312083$1286                  mg_leaves_update
     00024DA0  A$lcc1312083$1287                  mg_leaves_update
     00024DA2  A$lcc1312083$1288                  mg_leaves_update
     00024DA4  A$lcc1312083$1289                  mg_leaves_update
     00024DA7  A$lcc1312083$1293                  mg_leaves_update
     00024DA7  C$mg_leaves_update.c$200$3_1$224   mg_leaves_update
     00024DA9  A$lcc1312083$1294                  mg_leaves_update
     00024DAA  A$lcc1312083$1295                  mg_leaves_update
     00024DAB  A$lcc1312083$1296                  mg_leaves_update
     00024DAC  A$lcc1312083$1297                  mg_leaves_update
     00024DAE  A$lcc1312083$1298                  mg_leaves_update
     00024DB0  A$lcc1312083$1299                  mg_leaves_update
     00024DB3  A$lcc1312083$1303                  mg_leaves_update
ASxxxx Linker V03.00/V05.40 + sdld,  page 200.
Hexadecimal  [32-Bits]

Area                                    Addr        Size        Decimal Bytes (Attributes)
--------------------------------        ----        ----        ------- ----- ------------
_CODE_2                             00024000    00000E08 =        3592. bytes (REL,CON)

      Value  Global                              Global Defined In Module
      -----  --------------------------------   ------------------------
     00024DB3  C$mg_leaves_update.c$201$3_1$224   mg_leaves_update
     00024DB5  A$lcc1312083$1304                  mg_leaves_update
     00024DB6  A$lcc1312083$1305                  mg_leaves_update
     00024DB7  A$lcc1312083$1306                  mg_leaves_update
     00024DB8  A$lcc1312083$1307                  mg_leaves_update
     00024DBA  A$lcc1312083$1308                  mg_leaves_update
     00024DBC  A$lcc1312083$1309                  mg_leaves_update
     00024DBF  A$lcc1312083$1313                  mg_leaves_update
     00024DBF  C$mg_leaves_update.c$202$3_1$224   mg_leaves_update
     00024DC1  A$lcc1312083$1314                  mg_leaves_update
     00024DC2  A$lcc1312083$1315                  mg_leaves_update
     00024DC3  A$lcc1312083$1316                  mg_leaves_update
     00024DC4  A$lcc1312083$1317                  mg_leaves_update
     00024DC6  A$lcc1312083$1318                  mg_leaves_update
     00024DC8  A$lcc1312083$1319                  mg_leaves_update
     00024DCB  A$lcc1312083$1324                  mg_leaves_update
     00024DCB  C$mg_leaves_update.c$205$1_1$225   mg_leaves_update
     00024DCE  A$lcc1312083$1325                  mg_leaves_update
     00024DD1  A$lcc1312083$1326                  mg_leaves_update
     00024DD2  A$lcc1312083$1327                  mg_leaves_update
     00024DD5  A$lcc1312083$1328                  mg_leaves_update
     00024DD6  A$lcc1312083$1332                  mg_leaves_update
     00024DD6  C$mg_leaves_update.c$207$1_1$215   mg_leaves_update
     00024DD9  A$lcc1312083$1333                  mg_leaves_update
     00024DDA  A$lcc1312083$1334                  mg_leaves_update
     00024DDB  A$lcc1312083$1335                  mg_leaves_update
     00024DDC  A$lcc1312083$1336                  mg_leaves_update
     00024DDF  A$lcc1312083$1337                  mg_leaves_update
     00024DE2  A$lcc1312083$1338                  mg_leaves_update
     00024DE3  A$lcc1312083$1339                  mg_leaves_update
     00024DE4  A$lcc1312083$1340                  mg_leaves_update
     00024DE6  A$lcc1312083$1341                  mg_leaves_update
     00024DE7  A$lcc1312083$1345                  mg_leaves_update
     00024DE7  C$mg_leaves_update.c$208$1_1$215   mg_leaves_update
     00024DE8  A$lcc1312083$1346                  mg_leaves_update
     00024DEB  A$lcc1312083$1347                  mg_leaves_update
     00024DEE  A$lcc1312083$1348                  mg_leaves_update
     00024DEF  A$lcc1312083$1349                  mg_leaves_update
     00024DF0  A$lcc1312083$1350                  mg_leaves_update
     00024DF2  A$lcc1312083$1351                  mg_leaves_update
     00024DF3  A$lcc1312083$1355                  mg_leaves_update
     00024DF3  C$mg_leaves_update.c$210$1_1$225   mg_leaves_update
     00024DF4  A$lcc1312083$1356                  mg_leaves_update
     00024DF5  A$lcc1312083$1357                  mg_leaves_update
     00024DF6  A$lcc1312083$1358                  mg_leaves_update
     00024DF8  A$lcc1312083$1359                  mg_leaves_update
     00024DFA  A$lcc1312083$1360                  mg_leaves_update
     00024DFD  A$lcc1312083$1364                  mg_leaves_update
     00024DFD  C$mg_leaves_update.c$211$1_1$225   mg_leaves_update
     00024DFE  A$lcc1312083$1365                  mg_leaves_update
     00024E00  A$lcc1312083$1366                  mg_leaves_update
ASxxxx Linker V03.00/V05.40 + sdld,  page 201.
Hexadecimal  [32-Bits]

Area                                    Addr        Size        Decimal Bytes (Attributes)
--------------------------------        ----        ----        ------- ----- ------------
_CODE_2                             00024000    00000E08 =        3592. bytes (REL,CON)

      Value  Global                              Global Defined In Module
      -----  --------------------------------   ------------------------
     00024E02  A$lcc1312083$1367                  mg_leaves_update
     00024E05  A$lcc1312083$1375                  mg_leaves_update
     00024E05  C$mg_leaves_update.c$213$1_1$225   mg_leaves_update
     00024E07  A$lcc1312083$1380                  mg_leaves_update
     00024E07  C$mg_leaves_update.c$214$1_1$215   mg_leaves_update
     00024E07  XG$Mg_Leaves_Update$0$0            mg_leaves_update

ASxxxx Linker V03.00/V05.40 + sdld,  page 202.

Files Linked                              [ module(s) ]

C:\Program Files\GBDK\lib/gb/crt0.o       [ Runtime ]
C:\Users\Bau_M\AppData\Local\Temp/lcc131200.o
                                          [ buttons ]
C:\Users\Bau_M\AppData\Local\Temp/lcc131201.o
                                          [ chars ]
C:\Users\Bau_M\AppData\Local\Temp/lcc131202.o
                                          [ numbers ]
C:\Users\Bau_M\AppData\Local\Temp/lcc131203.o
                                          [ gender_select_tilemap ]
C:\Users\Bau_M\AppData\Local\Temp/lcc131204.o
                                          [ gender_select_tileset ]
C:\Users\Bau_M\AppData\Local\Temp/lcc131205.o
                                          [ inventory_bkg ]
C:\Users\Bau_M\AppData\Local\Temp/lcc131206.o
                                          [ bkg_MainMenu ]
C:\Users\Bau_M\AppData\Local\Temp/lcc131207.o
                                          [ map_example ]
C:\Users\Bau_M\AppData\Local\Temp/lcc131208.o
                                          [ bkg_leaves_example ]
C:\Users\Bau_M\AppData\Local\Temp/lcc131209.o
                                          [ npc_icons ]
C:\Users\Bau_M\AppData\Local\Temp/lcc1312010.o
                                          [ template_tileset ]
C:\Users\Bau_M\AppData\Local\Temp/lcc1312011.o
                                          [ text_frame ]
C:\Users\Bau_M\AppData\Local\Temp/lcc1312012.o
                                          [ text_frame_init ]
C:\Users\Bau_M\AppData\Local\Temp/lcc1312013.o
                                          [ spr_InventoryArrow_idle ]
C:\Users\Bau_M\AppData\Local\Temp/lcc1312014.o
                                          [ spr_Branch ]
C:\Users\Bau_M\AppData\Local\Temp/lcc1312015.o
                                          [ broom ]
C:\Users\Bau_M\AppData\Local\Temp/lcc1312016.o
                                          [ spr_garbage ]
C:\Users\Bau_M\AppData\Local\Temp/lcc1312017.o
                                          [ leaf ]
C:\Users\Bau_M\AppData\Local\Temp/lcc1312018.o
                                          [ example_npc ]
C:\Users\Bau_M\AppData\Local\Temp/lcc1312019.o
                                          [ spr_Player_down0 ]
C:\Users\Bau_M\AppData\Local\Temp/lcc1312020.o
                                          [ spr_Player_down1 ]
C:\Users\Bau_M\AppData\Local\Temp/lcc1312021.o
                                          [ spr_Player_down2 ]
C:\Users\Bau_M\AppData\Local\Temp/lcc1312022.o
                                          [ spr_Player_up0 ]
C:\Users\Bau_M\AppData\Local\Temp/lcc1312023.o
                                          [ spr_Player_up1 ]
C:\Users\Bau_M\AppData\Local\Temp/lcc1312024.o
                                          [ spr_Player_up2 ]
C:\Users\Bau_M\AppData\Local\Temp/lcc1312025.o
                                          [ action ]
C:\Users\Bau_M\AppData\Local\Temp/lcc1312026.o
                                          [ animation ]
C:\Users\Bau_M\AppData\Local\Temp/lcc1312027.o
                                          [ can_move ]
C:\Users\Bau_M\AppData\Local\Temp/lcc1312028.o
                                          [ char_to_tile ]
C:\Users\Bau_M\AppData\Local\Temp/lcc1312029.o
                                          [ collision ]
C:\Users\Bau_M\AppData\Local\Temp/lcc1312030.o
                                          [ draw ]
C:\Users\Bau_M\AppData\Local\Temp/lcc1312031.o
                                          [ entity ]
C:\Users\Bau_M\AppData\Local\Temp/lcc1312032.o
                                          [ extra_actors ]
C:\Users\Bau_M\AppData\Local\Temp/lcc1312033.o
                                          [ gender_selection ]
C:\Users\Bau_M\AppData\Local\Temp/lcc1312034.o
                                          [ input ]
C:\Users\Bau_M\AppData\Local\Temp/lcc1312035.o
                                          [ inventory ]
C:\Users\Bau_M\AppData\Local\Temp/lcc1312036.o
                                          [ inventory_input ]
C:\Users\Bau_M\AppData\Local\Temp/lcc1312037.o
                                          [ load ]
C:\Users\Bau_M\AppData\Local\Temp/lcc1312038.o
                                          [ map_scenes ]
C:\Users\Bau_M\AppData\Local\Temp/lcc1312039.o
                                          [ minigames ]
C:\Users\Bau_M\AppData\Local\Temp/lcc1312040.o
                                          [ money ]
C:\Users\Bau_M\AppData\Local\Temp/lcc1312041.o
                                          [ name ]
C:\Users\Bau_M\AppData\Local\Temp/lcc1312042.o
                                          [ npcs ]
C:\Users\Bau_M\AppData\Local\Temp/lcc1312043.o
                                          [ npc_lines ]
C:\Users\Bau_M\AppData\Local\Temp/lcc1312044.o
                                          [ player ]
C:\Users\Bau_M\AppData\Local\Temp/lcc1312045.o
                                          [ position ]
C:\Users\Bau_M\AppData\Local\Temp/lcc1312046.o
                                          [ random ]
C:\Users\Bau_M\AppData\Local\Temp/lcc1312047.o
                                          [ render ]
C:\Users\Bau_M\AppData\Local\Temp/lcc1312048.o
                                          [ scene ]
C:\Users\Bau_M\AppData\Local\Temp/lcc1312049.o
                                          [ scene_manager ]
C:\Users\Bau_M\AppData\Local\Temp/lcc1312050.o
                                          [ speed ]
C:\Users\Bau_M\AppData\Local\Temp/lcc1312051.o
                                          [ gender_select ]
C:\Users\Bau_M\AppData\Local\Temp/lcc1312052.o
                                          [ gender_select_init ]
C:\Users\Bau_M\AppData\Local\Temp/lcc1312053.o
                                          [ gender_select_update ]
C:\Users\Bau_M\AppData\Local\Temp/lcc1312054.o
                                          [ inventory_scene ]
C:\Users\Bau_M\AppData\Local\Temp/lcc1312055.o
                                          [ inventory_scene_init ]
C:\Users\Bau_M\AppData\Local\Temp/lcc1312056.o
                                          [ inventory_scene_update ]
C:\Users\Bau_M\AppData\Local\Temp/lcc1312057.o
                                          [ main_menu ]
C:\Users\Bau_M\AppData\Local\Temp/lcc1312058.o
                                          [ main_menu_init ]
C:\Users\Bau_M\AppData\Local\Temp/lcc1312059.o
                                          [ main_menu_init_stats ]
C:\Users\Bau_M\AppData\Local\Temp/lcc1312060.o
                                          [ main_menu_input ]
C:\Users\Bau_M\AppData\Local\Temp/lcc1312061.o
                                          [ main_menu_update ]
C:\Users\Bau_M\AppData\Local\Temp/lcc1312062.o
                                          [ clean_text ]
C:\Users\Bau_M\AppData\Local\Temp/lcc1312063.o
                                          [ map_collision ]
C:\Users\Bau_M\AppData\Local\Temp/lcc1312064.o
                                          [ map_data ]
C:\Users\Bau_M\AppData\Local\Temp/lcc1312065.o
                                          [ map_player_movement ]
C:\Users\Bau_M\AppData\Local\Temp/lcc1312066.o
                                          [ map_00 ]
C:\Users\Bau_M\AppData\Local\Temp/lcc1312067.o
                                          [ map_00_check_items ]
C:\Users\Bau_M\AppData\Local\Temp/lcc1312068.o
                                          [ map_00_collision ]
C:\Users\Bau_M\AppData\Local\Temp/lcc1312069.o
                                          [ map_00_init ]
C:\Users\Bau_M\AppData\Local\Temp/lcc1312070.o
                                          [ map_00_init_dialogues ]
C:\Users\Bau_M\AppData\Local\Temp/lcc1312071.o
                                          [ map_00_init_npc ]
C:\Users\Bau_M\AppData\Local\Temp/lcc1312072.o
                                          [ map_00_update ]
C:\Users\Bau_M\AppData\Local\Temp/lcc1312073.o
                                          [ mg_instruction_set ]
C:\Users\Bau_M\AppData\Local\Temp/lcc1312074.o
                                          [ mg_load_screen ]
C:\Users\Bau_M\AppData\Local\Temp/lcc1312075.o
                                          [ mg_mission_complete ]
C:\Users\Bau_M\AppData\Local\Temp/lcc1312076.o
                                          [ mg_player_movement ]
C:\Users\Bau_M\AppData\Local\Temp/lcc1312077.o
                                          [ mg_timer ]
C:\Users\Bau_M\AppData\Local\Temp/lcc1312078.o
                                          [ mini_games ]
C:\Users\Bau_M\AppData\Local\Temp/lcc1312079.o
                                          [ mg_leaves ]
C:\Users\Bau_M\AppData\Local\Temp/lcc1312080.o
                                          [ mg_leaves_init ]
C:\Users\Bau_M\AppData\Local\Temp/lcc1312081.o
                                          [ mg_leaves_load_bkg ]
C:\Users\Bau_M\AppData\Local\Temp/lcc1312082.o
                                          [ mg_leaves_player_init ]
C:\Users\Bau_M\AppData\Local\Temp/lcc1312083.o
                                          [ mg_leaves_update ]
C:\Users\Bau_M\AppData\Local\Temp/lcc1312084.o
                                          [ story ]
C:\Users\Bau_M\AppData\Local\Temp/lcc1312085.o
                                          [ story_init ]
C:\Users\Bau_M\AppData\Local\Temp/lcc1312086.o
                                          [ story_update ]
C:\Users\Bau_M\AppData\Local\Temp/lcc1312087.o
                                          [ main ]


Libraries Linked                          [ object file ]

C:\Program Files\GBDK\lib/gb/gb.lib       [ sfr.o ]
C:\Program Files\GBDK\lib/sm83/sm83.lib   [ div.o ]
C:\Program Files\GBDK\lib/sm83/sm83.lib   [ free.o ]
C:\Program Files\GBDK\lib/sm83/sm83.lib   [ malloc.o ]
C:\Program Files\GBDK\lib/gb/gb.lib       [ set_data.o ]
C:\Program Files\GBDK\lib/gb/gb.lib       [ set_tile.o ]
C:\Program Files\GBDK\lib/sm83/sm83.lib   [ mul.o ]
C:\Program Files\GBDK\lib/gb/gb.lib       [ pad.o ]
C:\Program Files\GBDK\lib/sm83/sm83.lib   [ __sdcc_call_hl.o ]
C:\Program Files\GBDK\lib/sm83/sm83.lib   [ memcpy.o ]
C:\Program Files\GBDK\lib/gb/gb.lib       [ heap.o ]
C:\Program Files\GBDK\lib/gb/gb.lib       [ set_bk_t.o ]
C:\Program Files\GBDK\lib/gb/gb.lib       [ set_xy_t.o ]

ASxxxx Linker V03.00/V05.40 + sdld,  page 203.

User Base Address Definitions

_DATA=0xC0A0
_CODE=0x0200
_HRAM=0xFF80
ASxxxx Linker V03.00/V05.40 + sdld,  page 204.

User Global Definitions

_shadow_OAM=0xC000
.STACK=0xE000

