ASxxxx Linker V03.00/V05.40 + sdld,  page 1.
Hexadecimal  [32-Bits]

Area                                    Addr        Size        Decimal Bytes (Attributes)
--------------------------------        ----        ----        ------- ----- ------------
.  .ABS.                            00000000    00000000 =           0. bytes (ABS,CON)

      Value  Global                              Global Defined In Module
      -----  --------------------------------   ------------------------
     00000000  .__.ABS.                           SetTileMap
     00000000  _rMBC7_SRAM_ENABLE_1               
     00000000  _rRAMG                             
     00000000  l__BASE                         
     00000000  l__BSS                          
     00000000  l__CABS                         
     00000000  l__CODE_0                       
     00000000  l__DABS                         
     00000000  l__HEADER                       
     00000000  l__LIT                          
     00000000  s__CABS                         
     00000000  s__DABS                         
     00000000  s__HEADER                       
     00000000  s__HEADER0                      
     00000000  s__HEADER1                      
     00000000  s__HEADER10                     
     00000000  s__HEADER11                     
     00000000  s__HEADER2                      
     00000000  s__HEADER3                      
     00000000  s__HEADER4                      
     00000000  s__HEADER5                      
     00000000  s__HEADER6                      
     00000000  s__HEADER7                      
     00000000  s__HEADER8                      
     00000000  s__HEADER9                      
     00000000  s__HEADERa                      
     00000000  s__HEADERb                      
     00000000  s__HEADERc                      
     00000000  s__HEADERd                      
     00000000  s__HEADERe                      
     00000000  s__HEADERf                      
     00000001  l__GSFINAL                      
     00000001  l__HEADER0                      
     00000001  l__HEADER5                      
     00000001  l__HEADERa                      
     00000001  l__HEADERb                      
     00000001  l__HEADERc                      
     00000001  l__HEADERe                      
     00000001  l__HEADERf                      
     00000001  l__HEAP_END                     
     00000002  l__HEADER10                     
     00000002  l__HEADER6                      
     00000002  l__HEADERd                      
     00000003  l__HEADER9                      
     00000005  l__HEADER1                      
     00000006  l__HEADER8                      
     00000007  l__HEADER2                      
     00000008  l__HEADER3                      
     0000000F  l__GSINIT                       
     00000013  l__HRAM                         
ASxxxx Linker V03.00/V05.40 + sdld,  page 2.
Hexadecimal  [32-Bits]

Area                                    Addr        Size        Decimal Bytes (Attributes)
--------------------------------        ----        ----        ------- ----- ------------
.  .ABS.                            00000000    00000000 =           0. bytes (ABS,CON)

      Value  Global                              Global Defined In Module
      -----  --------------------------------   ------------------------
     00000030  l__HEADER7                      
     00000060  l__HEADER4                      
     000000AB  l__HEADER11                     
     0000012C  l__HOME                         
     00000199  l__INITIALIZED                  
     00000199  l__INITIALIZER                  
     00000200  s__CODE                         
     000007FF  l__HEAP                         
     00001BA2  l__CODE                         
     00001D39  l__DATA                         
     00001DA2  s__HOME                         
     00001ECE  s__BASE                         
     00001ECE  s__CODE_0                       
     00001ECE  s__INITIALIZER                  
     00001ECE  s__LIT                          
     00002000  _rROMB0                            
     00002067  s__GSINIT                       
     00002076  s__GSFINAL                      
     00003000  _rROMB1                            
     00004000  _rMBC7_SRAM_ENABLE_2               
     00004000  _rRAMB                             
     00008000  __VRAM                             
     00008000  __VRAM8000                         
     00008800  __VRAM8800                         
     00009000  __VRAM9000                         
     00009800  __SCRN0                            
     00009C00  __SCRN1                            
     0000A000  __SRAM                             
     0000A000  _rMBC7_LATCH_1                     
     0000A010  _rMBC7_LATCH_2                     
     0000A020  _rMBC7_ACCEL_X_LO                  
     0000A030  _rMBC7_ACCEL_X_HI                  
     0000A040  _rMBC7_ACCEL_Y_LO                  
     0000A050  _rMBC7_ACCEL_Y_HI                  
     0000C000  __RAM                              
     0000C000  _shadow_OAM                     
     0000C0A0  s__DATA                         
     0000D000  __RAMBANK                          
     0000DDD9  s__BSS                          
     0000DDD9  s__INITIALIZED                  
     0000DF72  s__HEAP                         
     0000E000  .STACK                          
     0000E771  s__HEAP_END                     
     0000FE00  __OAMRAM                           
     0000FF00  _P1_REG                            
     0000FF00  __IO                               
     0000FF01  _SB_REG                            
     0000FF02  _SC_REG                            
     0000FF04  _DIV_REG                           
     0000FF05  _TIMA_REG                          
     0000FF06  _TMA_REG                           
ASxxxx Linker V03.00/V05.40 + sdld,  page 3.
Hexadecimal  [32-Bits]

Area                                    Addr        Size        Decimal Bytes (Attributes)
--------------------------------        ----        ----        ------- ----- ------------
.  .ABS.                            00000000    00000000 =           0. bytes (ABS,CON)

      Value  Global                              Global Defined In Module
      -----  --------------------------------   ------------------------
     0000FF07  _TAC_REG                           
     0000FF0F  _IF_REG                            
     0000FF10  _NR10_REG                          
     0000FF11  _NR11_REG                          
     0000FF12  _NR12_REG                          
     0000FF13  _NR13_REG                          
     0000FF14  _NR14_REG                          
     0000FF16  _NR21_REG                          
     0000FF17  _NR22_REG                          
     0000FF18  _NR23_REG                          
     0000FF19  _NR24_REG                          
     0000FF1A  _NR30_REG                          
     0000FF1B  _NR31_REG                          
     0000FF1C  _NR32_REG                          
     0000FF1D  _NR33_REG                          
     0000FF1E  _NR34_REG                          
     0000FF20  _NR41_REG                          
     0000FF21  _NR42_REG                          
     0000FF22  _NR43_REG                          
     0000FF23  _NR44_REG                          
     0000FF24  _NR50_REG                          
     0000FF25  _NR51_REG                          
     0000FF26  _NR52_REG                          
     0000FF30  _AUD3WAVE                          
     0000FF30  _PCM_SAMPLE                        
     0000FF30  __AUD3WAVERAM                      
     0000FF40  _LCDC_REG                          
     0000FF41  _STAT_REG                          
     0000FF42  _SCY_REG                           
     0000FF43  _SCX_REG                           
     0000FF44  _LY_REG                            
     0000FF45  _LYC_REG                           
     0000FF46  _DMA_REG                           
     0000FF47  _BGP_REG                           
     0000FF48  _OBP0_REG                          
     0000FF49  _OBP1_REG                          
     0000FF4A  _WY_REG                            
     0000FF4B  _WX_REG                            
     0000FF4D  _KEY1_REG                          
     0000FF4F  _VBK_REG                           
     0000FF51  _HDMA1_REG                         
     0000FF52  _HDMA2_REG                         
     0000FF53  _HDMA3_REG                         
     0000FF54  _HDMA4_REG                         
     0000FF55  _HDMA5_REG                         
     0000FF56  _RP_REG                            
     0000FF68  _BCPS_REG                          
     0000FF69  _BCPD_REG                          
     0000FF6A  _OCPS_REG                          
     0000FF6B  _OCPD_REG                          
     0000FF70  _SVBK_REG                          
ASxxxx Linker V03.00/V05.40 + sdld,  page 4.
Hexadecimal  [32-Bits]

Area                                    Addr        Size        Decimal Bytes (Attributes)
--------------------------------        ----        ----        ------- ----- ------------
.  .ABS.                            00000000    00000000 =           0. bytes (ABS,CON)

      Value  Global                              Global Defined In Module
      -----  --------------------------------   ------------------------
     0000FF76  _PCM12_REG                         
     0000FF77  _PCM34_REG                         
     0000FF80  __HRAM                             
     0000FF80  s__HRAM                         
     0000FFFF  _IE_REG                            

ASxxxx Linker V03.00/V05.40 + sdld,  page 5.
Hexadecimal  [32-Bits]

Area                                    Addr        Size        Decimal Bytes (Attributes)
--------------------------------        ----        ----        ------- ----- ------------
_CODE                               00000200    00001BA2 =        7074. bytes (REL,CON)

      Value  Global                              Global Defined In Module
      -----  --------------------------------   ------------------------
     00000200  G$gender_select_tilemap$0_0$0      gender_select_tilemap
     00000200  _gender_select_tilemap             gender_select_tilemap
     00000368  G$gender_select_tileset$0_0$0      gender_select_tileset
     00000368  _gender_select_tileset             gender_select_tileset
     00000658  G$inventory_bkg_tileset$0_0$0      inventory_bkg
     00000658  _inventory_bkg_tileset             inventory_bkg
     000008F8  G$inventory_bkg_tilemap$0_0$0      inventory_bkg
     000008F8  _inventory_bkg_tilemap             inventory_bkg
     00000A60  G$template_tilemap$0_0$0           template_tilemap
     00000A60  _template_tilemap                  template_tilemap
     00000BC8  G$template_tileset$0_0$0           template_tileset
     00000BC8  _template_tileset                  template_tileset
     00000D98  A$lcc2944012$70                    action
     00000D98  C$action.c$9$0_0$141               action
     00000D98  G$move_up$0$0                      action
     00000D98  _move_up                           action
     00000D9A  A$lcc2944012$71                    action
     00000D9C  A$lcc2944012$72                    action
     00000D9D  A$lcc2944012$73                    action
     00000D9E  A$lcc2944012$77                    action
     00000D9E  C$action.c$11$1_0$141              action
     00000D9F  A$lcc2944012$78                    action
     00000DA0  A$lcc2944012$79                    action
     00000DA1  A$lcc2944012$80                    action
     00000DA2  A$lcc2944012$81                    action
     00000DA3  A$lcc2944012$82                    action
     00000DA5  A$lcc2944012$83                    action
     00000DA6  A$lcc2944012$84                    action
     00000DA9  A$lcc2944012$85                    action
     00000DAA  A$lcc2944012$86                    action
     00000DAB  A$lcc2944012$87                    action
     00000DAC  A$lcc2944012$88                    action
     00000DAD  A$lcc2944012$89                    action
     00000DB0  A$lcc2944012$90                    action
     00000DB1  A$lcc2944012$91                    action
     00000DB2  A$lcc2944012$92                    action
     00000DB3  A$lcc2944012$93                    action
     00000DB4  A$lcc2944012$94                    action
     00000DB5  A$lcc2944012$95                    action
     00000DB6  A$lcc2944012$96                    action
     00000DB7  A$lcc2944012$97                    action
     00000DB8  A$lcc2944012$98                    action
     00000DB9  A$lcc2944012$99                    action
     00000DBB  A$lcc2944012$100                   action
     00000DBC  A$lcc2944012$101                   action
     00000DBD  A$lcc2944012$102                   action
     00000DBE  A$lcc2944012$103                   action
     00000DBF  A$lcc2944012$104                   action
     00000DC0  A$lcc2944012$105                   action
     00000DC1  A$lcc2944012$106                   action
ASxxxx Linker V03.00/V05.40 + sdld,  page 6.
Hexadecimal  [32-Bits]

Area                                    Addr        Size        Decimal Bytes (Attributes)
--------------------------------        ----        ----        ------- ----- ------------
_CODE                               00000200    00001BA2 =        7074. bytes (REL,CON)

      Value  Global                              Global Defined In Module
      -----  --------------------------------   ------------------------
     00000DC2  A$lcc2944012$107                   action
     00000DC3  A$lcc2944012$108                   action
     00000DC4  A$lcc2944012$109                   action
     00000DC5  A$lcc2944012$113                   action
     00000DC5  C$action.c$12$1_0$141              action
     00000DC8  A$lcc2944012$114                   action
     00000DCA  A$lcc2944012$115                   action
     00000DCB  A$lcc2944012$116                   action
     00000DCC  A$lcc2944012$117                   action
     00000DCD  A$lcc2944012$118                   action
     00000DCE  A$lcc2944012$119                   action
     00000DCF  A$lcc2944012$120                   action
     00000DD0  A$lcc2944012$121                   action
     00000DD1  A$lcc2944012$122                   action
     00000DD2  A$lcc2944012$126                   action
     00000DD4  A$lcc2944012$131                   action
     00000DD4  C$action.c$13$1_0$141              action
     00000DD4  XG$move_up$0$0                     action
     00000DD5  A$lcc2944012$141                   action
     00000DD5  C$action.c$15$1_0$143              action
     00000DD5  G$move_down$0$0                    action
     00000DD5  _move_down                         action
     00000DD7  A$lcc2944012$142                   action
     00000DD9  A$lcc2944012$143                   action
     00000DDA  A$lcc2944012$144                   action
     00000DDB  A$lcc2944012$148                   action
     00000DDB  C$action.c$17$1_0$143              action
     00000DDC  A$lcc2944012$149                   action
     00000DDD  A$lcc2944012$150                   action
     00000DDE  A$lcc2944012$151                   action
     00000DDF  A$lcc2944012$152                   action
     00000DE0  A$lcc2944012$153                   action
     00000DE2  A$lcc2944012$154                   action
     00000DE4  A$lcc2944012$155                   action
     00000DE5  A$lcc2944012$156                   action
     00000DE6  A$lcc2944012$157                   action
     00000DE8  A$lcc2944012$158                   action
     00000DE9  A$lcc2944012$159                   action
     00000DEC  A$lcc2944012$160                   action
     00000DEE  A$lcc2944012$161                   action
     00000DEF  A$lcc2944012$162                   action
     00000DF0  A$lcc2944012$163                   action
     00000DF1  A$lcc2944012$164                   action
     00000DF2  A$lcc2944012$165                   action
     00000DF3  A$lcc2944012$166                   action
     00000DF4  A$lcc2944012$167                   action
     00000DF5  A$lcc2944012$168                   action
     00000DF7  A$lcc2944012$169                   action
     00000DF8  A$lcc2944012$170                   action
     00000DF9  A$lcc2944012$171                   action
     00000DFB  A$lcc2944012$172                   action
ASxxxx Linker V03.00/V05.40 + sdld,  page 7.
Hexadecimal  [32-Bits]

Area                                    Addr        Size        Decimal Bytes (Attributes)
--------------------------------        ----        ----        ------- ----- ------------
_CODE                               00000200    00001BA2 =        7074. bytes (REL,CON)

      Value  Global                              Global Defined In Module
      -----  --------------------------------   ------------------------
     00000DFC  A$lcc2944012$173                   action
     00000DFD  A$lcc2944012$174                   action
     00000DFE  A$lcc2944012$175                   action
     00000DFF  A$lcc2944012$176                   action
     00000E00  A$lcc2944012$177                   action
     00000E01  A$lcc2944012$178                   action
     00000E02  A$lcc2944012$179                   action
     00000E03  A$lcc2944012$180                   action
     00000E04  A$lcc2944012$181                   action
     00000E05  A$lcc2944012$185                   action
     00000E05  C$action.c$18$1_0$143              action
     00000E08  A$lcc2944012$186                   action
     00000E0A  A$lcc2944012$187                   action
     00000E0B  A$lcc2944012$188                   action
     00000E0C  A$lcc2944012$189                   action
     00000E0D  A$lcc2944012$190                   action
     00000E0E  A$lcc2944012$191                   action
     00000E0F  A$lcc2944012$192                   action
     00000E10  A$lcc2944012$193                   action
     00000E11  A$lcc2944012$194                   action
     00000E12  A$lcc2944012$198                   action
     00000E14  A$lcc2944012$203                   action
     00000E14  C$action.c$19$1_0$143              action
     00000E14  XG$move_down$0$0                   action
     00000E15  A$lcc2944012$213                   action
     00000E15  C$action.c$21$1_0$145              action
     00000E15  G$move_left$0$0                    action
     00000E15  _move_left                         action
     00000E17  A$lcc2944012$214                   action
     00000E19  A$lcc2944012$215                   action
     00000E1A  A$lcc2944012$216                   action
     00000E1B  A$lcc2944012$220                   action
     00000E1B  C$action.c$23$1_0$145              action
     00000E1C  A$lcc2944012$221                   action
     00000E1D  A$lcc2944012$222                   action
     00000E1E  A$lcc2944012$223                   action
     00000E1F  A$lcc2944012$224                   action
     00000E20  A$lcc2944012$225                   action
     00000E22  A$lcc2944012$226                   action
     00000E23  A$lcc2944012$227                   action
     00000E26  A$lcc2944012$228                   action
     00000E27  A$lcc2944012$229                   action
     00000E28  A$lcc2944012$230                   action
     00000E29  A$lcc2944012$231                   action
     00000E2A  A$lcc2944012$232                   action
     00000E2D  A$lcc2944012$233                   action
     00000E2E  A$lcc2944012$234                   action
     00000E2F  A$lcc2944012$235                   action
     00000E30  A$lcc2944012$236                   action
     00000E31  A$lcc2944012$237                   action
     00000E32  A$lcc2944012$238                   action
ASxxxx Linker V03.00/V05.40 + sdld,  page 8.
Hexadecimal  [32-Bits]

Area                                    Addr        Size        Decimal Bytes (Attributes)
--------------------------------        ----        ----        ------- ----- ------------
_CODE                               00000200    00001BA2 =        7074. bytes (REL,CON)

      Value  Global                              Global Defined In Module
      -----  --------------------------------   ------------------------
     00000E33  A$lcc2944012$239                   action
     00000E34  A$lcc2944012$240                   action
     00000E35  A$lcc2944012$241                   action
     00000E36  A$lcc2944012$242                   action
     00000E38  A$lcc2944012$243                   action
     00000E39  A$lcc2944012$244                   action
     00000E3A  A$lcc2944012$245                   action
     00000E3B  A$lcc2944012$246                   action
     00000E3C  A$lcc2944012$247                   action
     00000E3D  A$lcc2944012$248                   action
     00000E3E  A$lcc2944012$249                   action
     00000E3F  A$lcc2944012$250                   action
     00000E40  A$lcc2944012$251                   action
     00000E41  A$lcc2944012$252                   action
     00000E42  A$lcc2944012$256                   action
     00000E42  C$action.c$24$1_0$145              action
     00000E45  A$lcc2944012$257                   action
     00000E47  A$lcc2944012$258                   action
     00000E48  A$lcc2944012$259                   action
     00000E49  A$lcc2944012$260                   action
     00000E4A  A$lcc2944012$261                   action
     00000E4B  A$lcc2944012$262                   action
     00000E4C  A$lcc2944012$263                   action
     00000E4D  A$lcc2944012$264                   action
     00000E4E  A$lcc2944012$265                   action
     00000E4F  A$lcc2944012$269                   action
     00000E51  A$lcc2944012$274                   action
     00000E51  C$action.c$25$1_0$145              action
     00000E51  XG$move_left$0$0                   action
     00000E52  A$lcc2944012$284                   action
     00000E52  C$action.c$27$1_0$147              action
     00000E52  G$move_right$0$0                   action
     00000E52  _move_right                        action
     00000E54  A$lcc2944012$285                   action
     00000E56  A$lcc2944012$286                   action
     00000E57  A$lcc2944012$287                   action
     00000E58  A$lcc2944012$291                   action
     00000E58  C$action.c$29$1_0$147              action
     00000E59  A$lcc2944012$292                   action
     00000E5A  A$lcc2944012$293                   action
     00000E5B  A$lcc2944012$294                   action
     00000E5C  A$lcc2944012$295                   action
     00000E5D  A$lcc2944012$296                   action
     00000E5F  A$lcc2944012$297                   action
     00000E60  A$lcc2944012$298                   action
     00000E63  A$lcc2944012$299                   action
     00000E64  A$lcc2944012$300                   action
     00000E65  A$lcc2944012$301                   action
     00000E66  A$lcc2944012$302                   action
     00000E67  A$lcc2944012$303                   action
     00000E6A  A$lcc2944012$304                   action
ASxxxx Linker V03.00/V05.40 + sdld,  page 9.
Hexadecimal  [32-Bits]

Area                                    Addr        Size        Decimal Bytes (Attributes)
--------------------------------        ----        ----        ------- ----- ------------
_CODE                               00000200    00001BA2 =        7074. bytes (REL,CON)

      Value  Global                              Global Defined In Module
      -----  --------------------------------   ------------------------
     00000E6B  A$lcc2944012$305                   action
     00000E6C  A$lcc2944012$306                   action
     00000E6D  A$lcc2944012$307                   action
     00000E6E  A$lcc2944012$308                   action
     00000E6F  A$lcc2944012$309                   action
     00000E70  A$lcc2944012$310                   action
     00000E71  A$lcc2944012$311                   action
     00000E72  A$lcc2944012$312                   action
     00000E74  A$lcc2944012$313                   action
     00000E75  A$lcc2944012$314                   action
     00000E76  A$lcc2944012$315                   action
     00000E77  A$lcc2944012$316                   action
     00000E78  A$lcc2944012$317                   action
     00000E79  A$lcc2944012$318                   action
     00000E7A  A$lcc2944012$319                   action
     00000E7B  A$lcc2944012$320                   action
     00000E7C  A$lcc2944012$324                   action
     00000E7C  C$action.c$30$1_0$147              action
     00000E7F  A$lcc2944012$325                   action
     00000E81  A$lcc2944012$326                   action
     00000E82  A$lcc2944012$327                   action
     00000E83  A$lcc2944012$328                   action
     00000E84  A$lcc2944012$329                   action
     00000E85  A$lcc2944012$330                   action
     00000E86  A$lcc2944012$331                   action
     00000E87  A$lcc2944012$332                   action
     00000E88  A$lcc2944012$333                   action
     00000E89  A$lcc2944012$337                   action
     00000E8B  A$lcc2944012$342                   action
     00000E8B  C$action.c$31$1_0$147              action
     00000E8B  XG$move_right$0$0                  action
     00000E8C  A$lcc2944012$352                   action
     00000E8C  C$action.c$33$1_0$149              action
     00000E8C  G$check_input$0$0                  action
     00000E8C  _check_input                       action
     00000E8E  A$lcc2944012$356                   action
     00000E8E  C$action.c$35$1_0$149              action
     00000E91  A$lcc2944012$360                   action
     00000E91  C$action.c$40$2_0$149              action
     00000E92  A$lcc2944012$361                   action
     00000E94  A$lcc2944012$362                   action
     00000E95  A$lcc2944012$366                   action
     00000E95  C$action.c$42$2_0$149              action
     00000E96  A$lcc2944012$367                   action
     00000E98  A$lcc2944012$368                   action
     00000E9A  A$lcc2944012$369                   action
     00000E9B  A$lcc2944012$373                   action
     00000E9B  C$action.c$44$2_0$149              action
     00000E9C  A$lcc2944012$374                   action
     00000E9E  A$lcc2944012$375                   action
     00000EA0  A$lcc2944012$379                   action
ASxxxx Linker V03.00/V05.40 + sdld,  page 10.
Hexadecimal  [32-Bits]

Area                                    Addr        Size        Decimal Bytes (Attributes)
--------------------------------        ----        ----        ------- ----- ------------
_CODE                               00000200    00001BA2 =        7074. bytes (REL,CON)

      Value  Global                              Global Defined In Module
      -----  --------------------------------   ------------------------
     00000EA0  C$action.c$46$2_0$149              action
     00000EA1  A$lcc2944012$380                   action
     00000EA2  A$lcc2944012$381                   action
     00000EA4  A$lcc2944012$382                   action
     00000EA5  A$lcc2944012$386                   action
     00000EA5  C$action.c$38$2_0$150              action
     00000EA8  A$lcc2944012$387                   action
     00000EA9  A$lcc2944012$391                   action
     00000EA9  C$action.c$40$4_0$152              action
     00000EAA  A$lcc2944012$392                   action
     00000EAC  A$lcc2944012$393                   action
     00000EAD  A$lcc2944012$394                   action
     00000EAF  A$lcc2944012$398                   action
     00000EAF  C$action.c$41$4_0$152              action
     00000EB1  A$lcc2944012$399                   action
     00000EB3  A$lcc2944012$404                   action
     00000EB3  C$action.c$42$5_0$153              action
     00000EB5  A$lcc2944012$405                   action
     00000EB6  A$lcc2944012$406                   action
     00000EB7  A$lcc2944012$407                   action
     00000EB9  A$lcc2944012$411                   action
     00000EB9  C$action.c$43$5_0$153              action
     00000EBC  A$lcc2944012$412                   action
     00000EBE  A$lcc2944012$413                   action
     00000EC0  A$lcc2944012$418                   action
     00000EC0  C$action.c$44$6_0$154              action
     00000EC2  A$lcc2944012$419                   action
     00000EC3  A$lcc2944012$420                   action
     00000EC4  A$lcc2944012$421                   action
     00000EC6  A$lcc2944012$425                   action
     00000EC6  C$action.c$45$6_0$154              action
     00000EC9  A$lcc2944012$426                   action
     00000ECB  A$lcc2944012$427                   action
     00000ECD  A$lcc2944012$432                   action
     00000ECD  C$action.c$46$7_0$155              action
     00000ECF  A$lcc2944012$433                   action
     00000ED0  A$lcc2944012$434                   action
     00000ED1  A$lcc2944012$435                   action
     00000ED3  A$lcc2944012$439                   action
     00000ED3  C$action.c$47$7_0$155              action
     00000ED6  A$lcc2944012$440                   action
     00000ED8  A$lcc2944012$445                   action
     00000ED8  C$action.c$51$2_0$156              action
     00000EDB  A$lcc2944012$446                   action
     00000EDC  A$lcc2944012$447                   action
     00000EDE  A$lcc2944012$448                   action
     00000EE1  A$lcc2944012$449                   action
     00000EE3  A$lcc2944012$450                   action
     00000EE5  A$lcc2944012$451                   action
     00000EE7  A$lcc2944012$452                   action
     00000EE9  A$lcc2944012$453                   action
ASxxxx Linker V03.00/V05.40 + sdld,  page 11.
Hexadecimal  [32-Bits]

Area                                    Addr        Size        Decimal Bytes (Attributes)
--------------------------------        ----        ----        ------- ----- ------------
_CODE                               00000200    00001BA2 =        7074. bytes (REL,CON)

      Value  Global                              Global Defined In Module
      -----  --------------------------------   ------------------------
     00000EEB  A$lcc2944012$454                   action
     00000EED  A$lcc2944012$455                   action
     00000EF0  A$lcc2944012$463                   action
     00000EF0  C$action.c$53$3_0$157              action
     00000EF0  C$action.c$54$3_0$157              action
     00000EF1  A$lcc2944012$464                   action
     00000EF4  A$lcc2944012$465                   action
     00000EF5  A$lcc2944012$466                   action
     00000EF8  A$lcc2944012$467                   action
     00000EF9  A$lcc2944012$468                   action
     00000EFC  A$lcc2944012$469                   action
     00000EFD  A$lcc2944012$473                   action
     00000EFD  C$action.c$55$3_0$157              action
     00000F00  A$lcc2944012$474                   action
     00000F01  A$lcc2944012$475                   action
     00000F04  A$lcc2944012$476                   action
     00000F05  A$lcc2944012$477                   action
     00000F06  A$lcc2944012$478                   action
     00000F07  A$lcc2944012$479                   action
     00000F08  A$lcc2944012$480                   action
     00000F09  A$lcc2944012$481                   action
     00000F0A  A$lcc2944012$482                   action
     00000F0B  A$lcc2944012$483                   action
     00000F0C  A$lcc2944012$484                   action
     00000F0D  A$lcc2944012$485                   action
     00000F0E  A$lcc2944012$486                   action
     00000F0F  A$lcc2944012$487                   action
     00000F10  A$lcc2944012$488                   action
     00000F11  A$lcc2944012$489                   action
     00000F12  A$lcc2944012$490                   action
     00000F13  A$lcc2944012$491                   action
     00000F16  A$lcc2944012$492                   action
     00000F17  A$lcc2944012$493                   action
     00000F18  A$lcc2944012$494                   action
     00000F19  A$lcc2944012$495                   action
     00000F1A  A$lcc2944012$496                   action
     00000F1B  A$lcc2944012$497                   action
     00000F1C  A$lcc2944012$498                   action
     00000F1D  A$lcc2944012$499                   action
     00000F20  A$lcc2944012$500                   action
     00000F21  A$lcc2944012$504                   action
     00000F21  C$action.c$56$3_0$157              action
     00000F23  A$lcc2944012$512                   action
     00000F23  C$action.c$57$3_0$157              action
     00000F23  C$action.c$58$3_0$157              action
     00000F24  A$lcc2944012$513                   action
     00000F27  A$lcc2944012$514                   action
     00000F28  A$lcc2944012$515                   action
     00000F2B  A$lcc2944012$516                   action
     00000F2C  A$lcc2944012$517                   action
     00000F2F  A$lcc2944012$518                   action
ASxxxx Linker V03.00/V05.40 + sdld,  page 12.
Hexadecimal  [32-Bits]

Area                                    Addr        Size        Decimal Bytes (Attributes)
--------------------------------        ----        ----        ------- ----- ------------
_CODE                               00000200    00001BA2 =        7074. bytes (REL,CON)

      Value  Global                              Global Defined In Module
      -----  --------------------------------   ------------------------
     00000F30  A$lcc2944012$522                   action
     00000F30  C$action.c$59$3_0$157              action
     00000F33  A$lcc2944012$523                   action
     00000F34  A$lcc2944012$524                   action
     00000F37  A$lcc2944012$525                   action
     00000F38  A$lcc2944012$526                   action
     00000F39  A$lcc2944012$527                   action
     00000F3A  A$lcc2944012$528                   action
     00000F3B  A$lcc2944012$529                   action
     00000F3C  A$lcc2944012$530                   action
     00000F3D  A$lcc2944012$531                   action
     00000F3E  A$lcc2944012$532                   action
     00000F3F  A$lcc2944012$533                   action
     00000F40  A$lcc2944012$534                   action
     00000F41  A$lcc2944012$535                   action
     00000F42  A$lcc2944012$536                   action
     00000F43  A$lcc2944012$537                   action
     00000F44  A$lcc2944012$538                   action
     00000F45  A$lcc2944012$539                   action
     00000F46  A$lcc2944012$540                   action
     00000F49  A$lcc2944012$541                   action
     00000F4A  A$lcc2944012$542                   action
     00000F4B  A$lcc2944012$543                   action
     00000F4C  A$lcc2944012$544                   action
     00000F4D  A$lcc2944012$545                   action
     00000F4E  A$lcc2944012$546                   action
     00000F4F  A$lcc2944012$547                   action
     00000F50  A$lcc2944012$548                   action
     00000F53  A$lcc2944012$549                   action
     00000F54  A$lcc2944012$553                   action
     00000F54  C$action.c$60$3_0$157              action
     00000F56  A$lcc2944012$561                   action
     00000F56  C$action.c$61$3_0$157              action
     00000F56  C$action.c$62$3_0$157              action
     00000F57  A$lcc2944012$562                   action
     00000F5A  A$lcc2944012$563                   action
     00000F5B  A$lcc2944012$564                   action
     00000F5E  A$lcc2944012$565                   action
     00000F5F  A$lcc2944012$566                   action
     00000F62  A$lcc2944012$567                   action
     00000F63  A$lcc2944012$571                   action
     00000F63  C$action.c$63$3_0$157              action
     00000F65  A$lcc2944012$579                   action
     00000F65  C$action.c$64$3_0$157              action
     00000F65  C$action.c$65$3_0$157              action
     00000F66  A$lcc2944012$580                   action
     00000F69  A$lcc2944012$581                   action
     00000F6A  A$lcc2944012$582                   action
     00000F6D  A$lcc2944012$583                   action
     00000F6E  A$lcc2944012$584                   action
     00000F71  A$lcc2944012$585                   action
ASxxxx Linker V03.00/V05.40 + sdld,  page 13.
Hexadecimal  [32-Bits]

Area                                    Addr        Size        Decimal Bytes (Attributes)
--------------------------------        ----        ----        ------- ----- ------------
_CODE                               00000200    00001BA2 =        7074. bytes (REL,CON)

      Value  Global                              Global Defined In Module
      -----  --------------------------------   ------------------------
     00000F72  A$lcc2944012$593                   action
     00000F72  C$action.c$69$2_0$156              action
     00000F72  C$action.c$72$2_0$158              action
     00000F75  A$lcc2944012$594                   action
     00000F76  A$lcc2944012$595                   action
     00000F78  A$lcc2944012$596                   action
     00000F79  A$lcc2944012$600                   action
     00000F79  C$action.c$73$3_0$159              action
     00000F7A  A$lcc2944012$601                   action
     00000F7C  A$lcc2944012$602                   action
     00000F7F  A$lcc2944012$606                   action
     00000F7F  C$action.c$74$3_0$159              action
     00000F82  A$lcc2944012$607                   action
     00000F84  A$lcc2944012$608                   action
     00000F85  A$lcc2944012$609                   action
     00000F88  A$lcc2944012$610                   action
     00000F89  A$lcc2944012$611                   action
     00000F8A  A$lcc2944012$612                   action
     00000F8B  A$lcc2944012$613                   action
     00000F8C  A$lcc2944012$614                   action
     00000F8D  A$lcc2944012$615                   action
     00000F8E  A$lcc2944012$616                   action
     00000F8F  A$lcc2944012$617                   action
     00000F90  A$lcc2944012$618                   action
     00000F91  A$lcc2944012$619                   action
     00000F92  A$lcc2944012$620                   action
     00000F93  A$lcc2944012$621                   action
     00000F94  A$lcc2944012$622                   action
     00000F97  A$lcc2944012$623                   action
     00000F98  A$lcc2944012$624                   action
     00000F99  A$lcc2944012$625                   action
     00000F9A  A$lcc2944012$626                   action
     00000F9C  A$lcc2944012$627                   action
     00000F9D  A$lcc2944012$628                   action
     00000FA0  A$lcc2944012$633                   action
     00000FA0  C$action.c$77$2_0$160              action
     00000FA3  A$lcc2944012$634                   action
     00000FA5  A$lcc2944012$635                   action
     00000FA7  A$lcc2944012$636                   action
     00000FA9  A$lcc2944012$637                   action
     00000FAA  A$lcc2944012$641                   action
     00000FAA  C$action.c$79$3_0$161              action
     00000FAB  A$lcc2944012$642                   action
     00000FAD  A$lcc2944012$643                   action
     00000FB0  A$lcc2944012$647                   action
     00000FB0  C$action.c$80$3_0$161              action
     00000FB3  A$lcc2944012$648                   action
     00000FB5  A$lcc2944012$649                   action
     00000FB6  A$lcc2944012$650                   action
     00000FB9  A$lcc2944012$651                   action
     00000FBA  A$lcc2944012$652                   action
ASxxxx Linker V03.00/V05.40 + sdld,  page 14.
Hexadecimal  [32-Bits]

Area                                    Addr        Size        Decimal Bytes (Attributes)
--------------------------------        ----        ----        ------- ----- ------------
_CODE                               00000200    00001BA2 =        7074. bytes (REL,CON)

      Value  Global                              Global Defined In Module
      -----  --------------------------------   ------------------------
     00000FBB  A$lcc2944012$653                   action
     00000FBC  A$lcc2944012$654                   action
     00000FBD  A$lcc2944012$655                   action
     00000FBE  A$lcc2944012$656                   action
     00000FBF  A$lcc2944012$657                   action
     00000FC0  A$lcc2944012$658                   action
     00000FC1  A$lcc2944012$659                   action
     00000FC2  A$lcc2944012$660                   action
     00000FC3  A$lcc2944012$661                   action
     00000FC4  A$lcc2944012$662                   action
     00000FC5  A$lcc2944012$663                   action
     00000FC6  A$lcc2944012$664                   action
     00000FC7  A$lcc2944012$665                   action
     00000FC8  A$lcc2944012$666                   action
     00000FC9  A$lcc2944012$667                   action
     00000FCA  A$lcc2944012$668                   action
     00000FCD  A$lcc2944012$669                   action
     00000FCE  A$lcc2944012$670                   action
     00000FCF  A$lcc2944012$671                   action
     00000FD0  A$lcc2944012$672                   action
     00000FD2  A$lcc2944012$673                   action
     00000FD3  A$lcc2944012$674                   action
     00000FD4  A$lcc2944012$675                   action
     00000FD5  A$lcc2944012$676                   action
     00000FD7  A$lcc2944012$677                   action
     00000FD8  A$lcc2944012$678                   action
     00000FD9  A$lcc2944012$679                   action
     00000FDA  A$lcc2944012$680                   action
     00000FDB  A$lcc2944012$681                   action
     00000FDC  A$lcc2944012$682                   action
     00000FDD  A$lcc2944012$683                   action
     00000FE0  A$lcc2944012$688                   action
     00000FE0  C$action.c$83$2_0$162              action
     00000FE3  A$lcc2944012$689                   action
     00000FE5  A$lcc2944012$690                   action
     00000FE7  A$lcc2944012$691                   action
     00000FE9  A$lcc2944012$692                   action
     00000FEA  A$lcc2944012$696                   action
     00000FEA  C$action.c$84$2_0$162              action
     00000FEB  A$lcc2944012$697                   action
     00000FED  A$lcc2944012$698                   action
     00000FF0  A$lcc2944012$703                   action
     00000FF0  C$action.c$85$2_0$163              action
     00000FF3  A$lcc2944012$704                   action
     00000FF5  A$lcc2944012$705                   action
     00000FF7  A$lcc2944012$706                   action
     00000FF9  A$lcc2944012$707                   action
     00000FFA  A$lcc2944012$711                   action
     00000FFA  C$action.c$86$2_0$163              action
     00000FFB  A$lcc2944012$712                   action
     00000FFD  A$lcc2944012$713                   action
ASxxxx Linker V03.00/V05.40 + sdld,  page 15.
Hexadecimal  [32-Bits]

Area                                    Addr        Size        Decimal Bytes (Attributes)
--------------------------------        ----        ----        ------- ----- ------------
_CODE                               00000200    00001BA2 =        7074. bytes (REL,CON)

      Value  Global                              Global Defined In Module
      -----  --------------------------------   ------------------------
     00001000  A$lcc2944012$718                   action
     00001002  A$lcc2944012$723                   action
     00001002  C$action.c$87$2_0$149              action
     00001002  XG$check_input$0$0                 action
     00001003  A$lcc2944013$59                    animation
     00001003  C$animation.c$7$0_0$134            animation
     00001003  G$init_animation$0$0               animation
     00001003  _init_animation                    animation
     00001005  A$lcc2944013$60                    animation
     00001007  A$lcc2944013$61                    animation
     00001008  A$lcc2944013$62                    animation
     00001009  A$lcc2944013$63                    animation
     0000100A  A$lcc2944013$64                    animation
     0000100B  A$lcc2944013$65                    animation
     0000100C  A$lcc2944013$66                    animation
     0000100D  A$lcc2944013$70                    animation
     0000100D  C$animation.c$12$1_0$134           animation
     0000100F  A$lcc2944013$71                    animation
     00001010  A$lcc2944013$72                    animation
     00001011  A$lcc2944013$73                    animation
     00001012  A$lcc2944013$74                    animation
     00001013  A$lcc2944013$75                    animation
     00001014  A$lcc2944013$76                    animation
     00001015  A$lcc2944013$77                    animation
     00001017  A$lcc2944013$78                    animation
     00001018  A$lcc2944013$79                    animation
     00001019  A$lcc2944013$80                    animation
     0000101A  A$lcc2944013$81                    animation
     0000101B  A$lcc2944013$82                    animation
     0000101C  A$lcc2944013$86                    animation
     0000101C  C$animation.c$14$1_0$134           animation
     0000101D  A$lcc2944013$87                    animation
     0000101E  A$lcc2944013$88                    animation
     0000101F  A$lcc2944013$89                    animation
     00001021  A$lcc2944013$90                    animation
     00001022  A$lcc2944013$91                    animation
     00001023  A$lcc2944013$95                    animation
     00001023  C$animation.c$15$1_0$134           animation
     00001024  A$lcc2944013$96                    animation
     00001025  A$lcc2944013$97                    animation
     00001026  A$lcc2944013$98                    animation
     00001027  A$lcc2944013$99                    animation
     00001028  A$lcc2944013$100                   animation
     00001029  A$lcc2944013$101                   animation
     0000102B  A$lcc2944013$102                   animation
     0000102C  A$lcc2944013$103                   animation
     0000102D  A$lcc2944013$104                   animation
     0000102E  A$lcc2944013$108                   animation
     0000102E  C$animation.c$16$1_0$134           animation
     00001031  A$lcc2944013$109                   animation
     00001032  A$lcc2944013$110                   animation
ASxxxx Linker V03.00/V05.40 + sdld,  page 16.
Hexadecimal  [32-Bits]

Area                                    Addr        Size        Decimal Bytes (Attributes)
--------------------------------        ----        ----        ------- ----- ------------
_CODE                               00000200    00001BA2 =        7074. bytes (REL,CON)

      Value  Global                              Global Defined In Module
      -----  --------------------------------   ------------------------
     00001034  A$lcc2944013$114                   animation
     00001034  C$animation.c$17$1_0$134           animation
     00001035  A$lcc2944013$115                   animation
     00001036  A$lcc2944013$116                   animation
     00001037  A$lcc2944013$117                   animation
     00001038  A$lcc2944013$118                   animation
     0000103A  A$lcc2944013$122                   animation
     0000103A  C$animation.c$18$1_0$134           animation
     0000103D  A$lcc2944013$123                   animation
     0000103E  A$lcc2944013$124                   animation
     0000103F  A$lcc2944013$125                   animation
     00001041  A$lcc2944013$126                   animation
     00001042  A$lcc2944013$127                   animation
     00001043  A$lcc2944013$128                   animation
     00001044  A$lcc2944013$132                   animation
     00001044  C$animation.c$21$1_0$134           animation
     00001045  A$lcc2944013$133                   animation
     00001046  A$lcc2944013$134                   animation
     00001047  A$lcc2944013$135                   animation
     00001048  A$lcc2944013$136                   animation
     00001049  A$lcc2944013$137                   animation
     0000104B  A$lcc2944013$138                   animation
     0000104C  A$lcc2944013$139                   animation
     0000104E  A$lcc2944013$140                   animation
     0000104F  A$lcc2944013$141                   animation
     00001050  A$lcc2944013$142                   animation
     00001053  A$lcc2944013$143                   animation
     00001054  A$lcc2944013$144                   animation
     00001055  A$lcc2944013$145                   animation
     00001056  A$lcc2944013$146                   animation
     00001057  A$lcc2944013$147                   animation
     00001058  A$lcc2944013$148                   animation
     00001059  A$lcc2944013$149                   animation
     0000105A  A$lcc2944013$150                   animation
     0000105B  A$lcc2944013$151                   animation
     0000105D  A$lcc2944013$152                   animation
     0000105E  A$lcc2944013$153                   animation
     00001060  A$lcc2944013$154                   animation
     00001061  A$lcc2944013$155                   animation
     00001063  A$lcc2944013$156                   animation
     00001064  A$lcc2944013$157                   animation
     00001066  A$lcc2944013$158                   animation
     00001067  A$lcc2944013$159                   animation
     00001068  A$lcc2944013$160                   animation
     0000106B  A$lcc2944013$161                   animation
     0000106C  A$lcc2944013$162                   animation
     0000106D  A$lcc2944013$163                   animation
     0000106E  A$lcc2944013$167                   animation
     0000106E  C$animation.c$24$2_0$134           animation
     00001070  A$lcc2944013$169                   animation
     00001071  A$lcc2944013$170                   animation
ASxxxx Linker V03.00/V05.40 + sdld,  page 17.
Hexadecimal  [32-Bits]

Area                                    Addr        Size        Decimal Bytes (Attributes)
--------------------------------        ----        ----        ------- ----- ------------
_CODE                               00000200    00001BA2 =        7074. bytes (REL,CON)

      Value  Global                              Global Defined In Module
      -----  --------------------------------   ------------------------
     00001072  A$lcc2944013$171                   animation
     00001073  A$lcc2944013$172                   animation
     00001074  A$lcc2944013$173                   animation
     00001076  A$lcc2944013$174                   animation
     00001077  A$lcc2944013$175                   animation
     00001079  A$lcc2944013$180                   animation
     00001079  C$animation.c$32$2_0$137           animation
     0000107A  A$lcc2944013$181                   animation
     0000107B  A$lcc2944013$182                   animation
     0000107E  A$lcc2944013$183                   animation
     0000107F  A$lcc2944013$184                   animation
     00001080  A$lcc2944013$185                   animation
     00001081  A$lcc2944013$186                   animation
     00001082  A$lcc2944013$187                   animation
     00001083  A$lcc2944013$188                   animation
     00001085  A$lcc2944013$192                   animation
     00001085  C$animation.c$33$2_0$137           animation
     00001087  A$lcc2944013$193                   animation
     00001088  A$lcc2944013$194                   animation
     00001089  A$lcc2944013$199                   animation
     00001089  C$animation.c$34$2_0$134           animation
     0000108B  A$lcc2944013$200                   animation
     0000108C  A$lcc2944013$201                   animation
     0000108E  A$lcc2944013$202                   animation
     0000108F  A$lcc2944013$212                   animation
     0000108F  C$animation.c$36$2_0$139           animation
     0000108F  G$update_animation$0$0             animation
     0000108F  _update_animation                  animation
     00001090  A$lcc2944013$213                   animation
     00001091  A$lcc2944013$214                   animation
     00001092  A$lcc2944013$215                   animation
     00001093  A$lcc2944013$219                   animation
     00001093  C$animation.c$38$1_0$139           animation
     00001096  A$lcc2944013$220                   animation
     00001097  A$lcc2944013$221                   animation
     00001098  A$lcc2944013$222                   animation
     00001099  A$lcc2944013$223                   animation
     0000109A  A$lcc2944013$224                   animation
     0000109B  A$lcc2944013$225                   animation
     0000109C  A$lcc2944013$226                   animation
     0000109D  A$lcc2944013$227                   animation
     0000109E  A$lcc2944013$228                   animation
     000010A0  A$lcc2944013$229                   animation
     000010A1  A$lcc2944013$230                   animation
     000010A2  A$lcc2944013$234                   animation
     000010A2  C$animation.c$40$1_0$139           animation
     000010A5  A$lcc2944013$235                   animation
     000010A6  A$lcc2944013$236                   animation
     000010A7  A$lcc2944013$237                   animation
     000010A8  A$lcc2944013$238                   animation
     000010A9  A$lcc2944013$239                   animation
ASxxxx Linker V03.00/V05.40 + sdld,  page 18.
Hexadecimal  [32-Bits]

Area                                    Addr        Size        Decimal Bytes (Attributes)
--------------------------------        ----        ----        ------- ----- ------------
_CODE                               00000200    00001BA2 =        7074. bytes (REL,CON)

      Value  Global                              Global Defined In Module
      -----  --------------------------------   ------------------------
     000010AA  A$lcc2944013$240                   animation
     000010AC  A$lcc2944013$241                   animation
     000010AD  A$lcc2944013$242                   animation
     000010AE  A$lcc2944013$246                   animation
     000010AE  C$animation.c$41$2_0$140           animation
     000010AF  A$lcc2944013$247                   animation
     000010B0  A$lcc2944013$248                   animation
     000010B1  A$lcc2944013$249                   animation
     000010B2  A$lcc2944013$250                   animation
     000010B3  A$lcc2944013$251                   animation
     000010B4  A$lcc2944013$252                   animation
     000010B6  A$lcc2944013$253                   animation
     000010B7  A$lcc2944013$254                   animation
     000010B9  A$lcc2944013$255                   animation
     000010BA  A$lcc2944013$256                   animation
     000010BB  A$lcc2944013$257                   animation
     000010BD  A$lcc2944013$261                   animation
     000010BD  C$animation.c$43$3_0$141           animation
     000010BE  A$lcc2944013$262                   animation
     000010BF  A$lcc2944013$266                   animation
     000010BF  C$animation.c$44$3_0$141           animation
     000010C0  A$lcc2944013$267                   animation
     000010C1  A$lcc2944013$268                   animation
     000010C2  A$lcc2944013$269                   animation
     000010C3  A$lcc2944013$270                   animation
     000010C4  A$lcc2944013$271                   animation
     000010C5  A$lcc2944013$275                   animation
     000010C5  C$animation.c$45$4_0$142           animation
     000010C6  A$lcc2944013$276                   animation
     000010C7  A$lcc2944013$277                   animation
     000010C8  A$lcc2944013$278                   animation
     000010C9  A$lcc2944013$279                   animation
     000010CA  A$lcc2944013$280                   animation
     000010CC  A$lcc2944013$284                   animation
     000010CC  C$animation.c$46$4_0$142           animation
     000010CE  A$lcc2944013$289                   animation
     000010CF  A$lcc2944013$290                   animation
     000010D0  A$lcc2944013$295                   animation
     000010D0  C$animation.c$48$2_0$139           animation
     000010D0  XG$update_animation$0$0            animation
     000010D1  A$lcc2944013$305                   animation
     000010D1  C$animation.c$50$2_0$144           animation
     000010D1  G$set_animation$0$0                animation
     000010D1  _set_animation                     animation
     000010D2  A$lcc2944013$306                   animation
     000010D3  A$lcc2944013$307                   animation
     000010D4  A$lcc2944013$311                   animation
     000010D4  C$animation.c$52$2_0$145           animation
     000010D5  A$lcc2944013$312                   animation
     000010D7  A$lcc2944013$313                   animation
     000010D8  A$lcc2944013$314                   animation
ASxxxx Linker V03.00/V05.40 + sdld,  page 19.
Hexadecimal  [32-Bits]

Area                                    Addr        Size        Decimal Bytes (Attributes)
--------------------------------        ----        ----        ------- ----- ------------
_CODE                               00000200    00001BA2 =        7074. bytes (REL,CON)

      Value  Global                              Global Defined In Module
      -----  --------------------------------   ------------------------
     000010D9  A$lcc2944013$315                   animation
     000010DB  A$lcc2944013$316                   animation
     000010DC  A$lcc2944013$317                   animation
     000010DD  A$lcc2944013$318                   animation
     000010DE  A$lcc2944013$319                   animation
     000010DF  A$lcc2944013$326                   animation
     000010DF  C$animation.c$53$2_0$145           animation
     000010DF  C$animation.c$55$1_0$144           animation
     000010E0  A$lcc2944013$327                   animation
     000010E1  A$lcc2944013$331                   animation
     000010E1  C$animation.c$56$1_1$146           animation
     000010E2  A$lcc2944013$332                   animation
     000010E3  A$lcc2944013$333                   animation
     000010E4  A$lcc2944013$334                   animation
     000010E5  A$lcc2944013$335                   animation
     000010E7  A$lcc2944013$336                   animation
     000010E8  A$lcc2944013$340                   animation
     000010E8  C$animation.c$57$1_1$146           animation
     000010E9  A$lcc2944013$341                   animation
     000010EA  A$lcc2944013$342                   animation
     000010EB  A$lcc2944013$343                   animation
     000010EC  A$lcc2944013$344                   animation
     000010ED  A$lcc2944013$345                   animation
     000010EE  A$lcc2944013$349                   animation
     000010EE  C$animation.c$58$1_1$146           animation
     000010F1  A$lcc2944013$350                   animation
     000010F2  A$lcc2944013$351                   animation
     000010F4  A$lcc2944013$359                   animation
     000010F4  C$animation.c$59$1_1$144           animation
     000010F4  XG$set_animation$0$0               animation
     000010F5  A$lcc2944014$52                    draw
     000010F5  C$draw.c$6$0_0$135                 draw
     000010F5  G$draw_actor$0$0                   draw
     000010F5  _draw_actor                        draw
     000010F7  A$lcc2944014$53                    draw
     000010F9  A$lcc2944014$54                    draw
     000010FA  A$lcc2944014$55                    draw
     000010FB  A$lcc2944014$56                    draw
     000010FC  A$lcc2944014$60                    draw
     000010FC  C$draw.c$8$1_0$135                 draw
     000010FF  A$lcc2944014$61                    draw
     00001100  A$lcc2944014$62                    draw
     00001101  A$lcc2944014$63                    draw
     00001102  A$lcc2944014$64                    draw
     00001103  A$lcc2944014$65                    draw
     00001104  A$lcc2944014$66                    draw
     00001105  A$lcc2944014$67                    draw
     00001106  A$lcc2944014$68                    draw
     00001108  A$lcc2944014$69                    draw
     00001109  A$lcc2944014$73                    draw
     00001109  C$draw.c$9$1_0$135                 draw
ASxxxx Linker V03.00/V05.40 + sdld,  page 20.
Hexadecimal  [32-Bits]

Area                                    Addr        Size        Decimal Bytes (Attributes)
--------------------------------        ----        ----        ------- ----- ------------
_CODE                               00000200    00001BA2 =        7074. bytes (REL,CON)

      Value  Global                              Global Defined In Module
      -----  --------------------------------   ------------------------
     0000110B  A$lcc2944014$74                    draw
     0000110C  A$lcc2944014$75                    draw
     0000110D  A$lcc2944014$76                    draw
     0000110E  A$lcc2944014$77                    draw
     00001111  A$lcc2944014$78                    draw
     00001112  A$lcc2944014$79                    draw
     00001113  A$lcc2944014$80                    draw
     00001114  A$lcc2944014$81                    draw
     00001116  A$lcc2944014$82                    draw
     00001117  A$lcc2944014$83                    draw
     00001118  A$lcc2944014$84                    draw
     00001119  A$lcc2944014$85                    draw
     0000111B  A$lcc2944014$86                    draw
     0000111C  A$lcc2944014$87                    draw
     0000111D  A$lcc2944014$88                    draw
     0000111E  A$lcc2944014$89                    draw
     0000111F  A$lcc2944014$90                    draw
     00001120  A$lcc2944014$91                    draw
     00001122  A$lcc2944014$92                    draw
     00001123  A$lcc2944014$96                    draw
     00001123  C$draw.c$11$1_0$135                draw
     00001125  A$lcc2944014$97                    draw
     00001126  A$lcc2944014$98                    draw
     00001127  A$lcc2944014$99                    draw
     00001128  A$lcc2944014$100                   draw
     00001129  A$lcc2944014$101                   draw
     0000112A  A$lcc2944014$102                   draw
     0000112B  A$lcc2944014$103                   draw
     0000112C  A$lcc2944014$104                   draw
     0000112D  A$lcc2944014$105                   draw
     0000112E  A$lcc2944014$106                   draw
     0000112F  A$lcc2944014$107                   draw
     00001130  A$lcc2944014$108                   draw
     00001131  A$lcc2944014$109                   draw
     00001134  A$lcc2944014$110                   draw
     00001135  A$lcc2944014$111                   draw
     00001136  A$lcc2944014$112                   draw
     00001137  A$lcc2944014$113                   draw
     00001139  A$lcc2944014$114                   draw
     0000113A  A$lcc2944014$115                   draw
     0000113B  A$lcc2944014$116                   draw
     0000113C  A$lcc2944014$117                   draw
     0000113E  A$lcc2944014$118                   draw
     0000113F  A$lcc2944014$119                   draw
     00001140  A$lcc2944014$120                   draw
     00001141  A$lcc2944014$121                   draw
     00001142  A$lcc2944014$122                   draw
     00001144  A$lcc2944014$123                   draw
     00001145  A$lcc2944014$124                   draw
     00001146  A$lcc2944014$128                   draw
     00001146  C$draw.c$12$1_0$135                draw
ASxxxx Linker V03.00/V05.40 + sdld,  page 21.
Hexadecimal  [32-Bits]

Area                                    Addr        Size        Decimal Bytes (Attributes)
--------------------------------        ----        ----        ------- ----- ------------
_CODE                               00000200    00001BA2 =        7074. bytes (REL,CON)

      Value  Global                              Global Defined In Module
      -----  --------------------------------   ------------------------
     00001147  A$lcc2944014$129                   draw
     00001148  A$lcc2944014$130                   draw
     00001149  A$lcc2944014$131                   draw
     0000114A  A$lcc2944014$132                   draw
     0000114D  A$lcc2944014$133                   draw
     0000114E  A$lcc2944014$134                   draw
     0000114F  A$lcc2944014$135                   draw
     00001150  A$lcc2944014$136                   draw
     00001152  A$lcc2944014$137                   draw
     00001153  A$lcc2944014$138                   draw
     00001154  A$lcc2944014$139                   draw
     00001155  A$lcc2944014$140                   draw
     00001157  A$lcc2944014$141                   draw
     00001158  A$lcc2944014$142                   draw
     00001159  A$lcc2944014$143                   draw
     0000115A  A$lcc2944014$144                   draw
     0000115B  A$lcc2944014$145                   draw
     0000115C  A$lcc2944014$146                   draw
     0000115D  A$lcc2944014$147                   draw
     0000115E  A$lcc2944014$148                   draw
     0000115F  A$lcc2944014$149                   draw
     00001160  A$lcc2944014$150                   draw
     00001161  A$lcc2944014$151                   draw
     00001163  A$lcc2944014$152                   draw
     00001165  A$lcc2944014$153                   draw
     00001166  A$lcc2944014$154                   draw
     00001167  A$lcc2944014$155                   draw
     00001168  A$lcc2944014$156                   draw
     00001169  A$lcc2944014$157                   draw
     0000116A  A$lcc2944014$158                   draw
     0000116B  A$lcc2944014$162                   draw
     0000116B  C$draw.c$14$1_0$135                draw
     0000116E  A$lcc2944014$163                   draw
     0000116F  A$lcc2944014$164                   draw
     00001170  A$lcc2944014$165                   draw
     00001172  A$lcc2944014$169                   draw
     00001172  C$draw.c$15$1_0$135                draw
     00001173  A$lcc2944014$170                   draw
     00001174  A$lcc2944014$171                   draw
     00001175  A$lcc2944014$172                   draw
     00001176  A$lcc2944014$173                   draw
     00001177  A$lcc2944014$174                   draw
     00001178  A$lcc2944014$175                   draw
     00001179  A$lcc2944014$176                   draw
     0000117C  A$lcc2944014$177                   draw
     0000117E  A$lcc2944014$178                   draw
     0000117F  A$lcc2944014$179                   draw
     00001180  A$lcc2944014$180                   draw
     00001181  A$lcc2944014$181                   draw
     00001182  A$lcc2944014$182                   draw
     00001183  A$lcc2944014$183                   draw
ASxxxx Linker V03.00/V05.40 + sdld,  page 22.
Hexadecimal  [32-Bits]

Area                                    Addr        Size        Decimal Bytes (Attributes)
--------------------------------        ----        ----        ------- ----- ------------
_CODE                               00000200    00001BA2 =        7074. bytes (REL,CON)

      Value  Global                              Global Defined In Module
      -----  --------------------------------   ------------------------
     00001184  A$lcc2944014$184                   draw
     00001185  A$lcc2944014$188                   draw
     00001185  C$draw.c$17$1_0$135                draw
     00001187  A$lcc2944014$189                   draw
     00001188  A$lcc2944014$190                   draw
     00001189  A$lcc2944014$191                   draw
     0000118B  A$lcc2944014$192                   draw
     0000118C  A$lcc2944014$193                   draw
     0000118E  A$lcc2944014$194                   draw
     0000118F  A$lcc2944014$195                   draw
     00001191  A$lcc2944014$199                   draw
     00001191  C$draw.c$20$2_0$135                draw
     00001193  A$lcc2944014$201                   draw
     00001194  A$lcc2944014$202                   draw
     00001196  A$lcc2944014$203                   draw
     00001197  A$lcc2944014$204                   draw
     00001199  A$lcc2944014$206                   draw
     0000119A  A$lcc2944014$207                   draw
     0000119B  A$lcc2944014$208                   draw
     0000119C  A$lcc2944014$209                   draw
     0000119D  A$lcc2944014$210                   draw
     0000119E  A$lcc2944014$211                   draw
     000011A0  A$lcc2944014$212                   draw
     000011A3  A$lcc2944014$213                   draw
     000011A4  A$lcc2944014$214                   draw
     000011A5  A$lcc2944014$215                   draw
     000011A6  A$lcc2944014$216                   draw
     000011A7  A$lcc2944014$218                   draw
     000011A8  A$lcc2944014$219                   draw
     000011A9  A$lcc2944014$220                   draw
     000011AA  A$lcc2944014$221                   draw
     000011AB  A$lcc2944014$222                   draw
     000011AC  A$lcc2944014$223                   draw
     000011AD  A$lcc2944014$224                   draw
     000011B0  A$lcc2944014$225                   draw
     000011B1  A$lcc2944014$226                   draw
     000011B2  A$lcc2944014$227                   draw
     000011B3  A$lcc2944014$228                   draw
     000011B4  A$lcc2944014$229                   draw
     000011B5  A$lcc2944014$233                   draw
     000011B5  C$draw.c$20$2_0$136                draw
     000011B6  A$lcc2944014$234                   draw
     000011B8  A$lcc2944014$239                   draw
     000011B8  C$draw.c$24$2_0$137                draw
     000011BA  A$lcc2944014$240                   draw
     000011BB  A$lcc2944014$241                   draw
     000011BC  A$lcc2944014$242                   draw
     000011BE  A$lcc2944014$244                   draw
     000011C0  A$lcc2944014$245                   draw
     000011C1  A$lcc2944014$247                   draw
     000011C3  A$lcc2944014$248                   draw
ASxxxx Linker V03.00/V05.40 + sdld,  page 23.
Hexadecimal  [32-Bits]

Area                                    Addr        Size        Decimal Bytes (Attributes)
--------------------------------        ----        ----        ------- ----- ------------
_CODE                               00000200    00001BA2 =        7074. bytes (REL,CON)

      Value  Global                              Global Defined In Module
      -----  --------------------------------   ------------------------
     000011C4  A$lcc2944014$249                   draw
     000011C5  A$lcc2944014$250                   draw
     000011C6  A$lcc2944014$251                   draw
     000011C7  A$lcc2944014$252                   draw
     000011C8  A$lcc2944014$253                   draw
     000011C9  A$lcc2944014$254                   draw
     000011CA  A$lcc2944014$255                   draw
     000011CC  A$lcc2944014$256                   draw
     000011CE  A$lcc2944014$258                   draw
     000011D0  A$lcc2944014$259                   draw
     000011D2  A$lcc2944014$260                   draw
     000011D3  A$lcc2944014$261                   draw
     000011D5  A$lcc2944014$262                   draw
     000011D6  A$lcc2944014$263                   draw
     000011D8  A$lcc2944014$264                   draw
     000011D9  A$lcc2944014$265                   draw
     000011DA  A$lcc2944014$266                   draw
     000011DB  A$lcc2944014$267                   draw
     000011DC  A$lcc2944014$268                   draw
     000011DF  A$lcc2944014$269                   draw
     000011E0  A$lcc2944014$270                   draw
     000011E1  A$lcc2944014$271                   draw
     000011E2  A$lcc2944014$272                   draw
     000011E4  A$lcc2944014$273                   draw
     000011E5  A$lcc2944014$274                   draw
     000011E6  A$lcc2944014$275                   draw
     000011E7  A$lcc2944014$276                   draw
     000011E9  A$lcc2944014$278                   draw
     000011EA  A$lcc2944014$279                   draw
     000011EB  A$lcc2944014$280                   draw
     000011EC  A$lcc2944014$281                   draw
     000011ED  A$lcc2944014$282                   draw
     000011EF  A$lcc2944014$283                   draw
     000011F0  A$lcc2944014$284                   draw
     000011F1  A$lcc2944014$285                   draw
     000011F3  A$lcc2944014$286                   draw
     000011F4  A$lcc2944014$287                   draw
     000011F5  A$lcc2944014$288                   draw
     000011F6  A$lcc2944014$289                   draw
     000011F7  A$lcc2944014$290                   draw
     000011F9  A$lcc2944014$291                   draw
     000011FA  A$lcc2944014$292                   draw
     000011FB  A$lcc2944014$296                   draw
     000011FB  C$draw.c$26$2_0$137                draw
     000011FE  A$lcc2944014$301                   draw
     000011FE  C$draw.c$28$3_0$139                draw
     00001200  A$lcc2944014$302                   draw
     00001201  A$lcc2944014$303                   draw
     00001203  A$lcc2944014$304                   draw
     00001206  A$lcc2944014$308                   draw
     00001209  A$lcc2944014$309                   draw
ASxxxx Linker V03.00/V05.40 + sdld,  page 24.
Hexadecimal  [32-Bits]

Area                                    Addr        Size        Decimal Bytes (Attributes)
--------------------------------        ----        ----        ------- ----- ------------
_CODE                               00000200    00001BA2 =        7074. bytes (REL,CON)

      Value  Global                              Global Defined In Module
      -----  --------------------------------   ------------------------
     0000120B  A$lcc2944014$310                   draw
     0000120C  A$lcc2944014$311                   draw
     0000120D  A$lcc2944014$312                   draw
     0000120E  A$lcc2944014$313                   draw
     0000120F  A$lcc2944014$314                   draw
     00001210  A$lcc2944014$315                   draw
     00001211  A$lcc2944014$316                   draw
     00001212  A$lcc2944014$317                   draw
     00001213  A$lcc2944014$321                   draw
     00001213  C$draw.c$26$2_0$135                draw
     00001215  A$lcc2944014$322                   draw
     00001216  A$lcc2944014$323                   draw
     00001218  A$lcc2944014$324                   draw
     00001219  A$lcc2944014$328                   draw
     00001219  C$draw.c$30$5_0$141                draw
     0000121B  A$lcc2944014$329                   draw
     0000121E  A$lcc2944014$332                   draw
     0000121F  A$lcc2944014$333                   draw
     00001220  A$lcc2944014$334                   draw
     00001221  A$lcc2944014$335                   draw
     00001222  A$lcc2944014$336                   draw
     00001223  A$lcc2944014$337                   draw
     00001224  A$lcc2944014$338                   draw
     00001225  A$lcc2944014$339                   draw
     00001227  A$lcc2944014$340                   draw
     00001229  A$lcc2944014$342                   draw
     0000122B  A$lcc2944014$343                   draw
     0000122D  A$lcc2944014$344                   draw
     0000122E  A$lcc2944014$345                   draw
     00001230  A$lcc2944014$346                   draw
     00001231  A$lcc2944014$347                   draw
     00001233  A$lcc2944014$348                   draw
     00001234  A$lcc2944014$349                   draw
     00001235  A$lcc2944014$350                   draw
     00001236  A$lcc2944014$351                   draw
     00001237  A$lcc2944014$352                   draw
     0000123A  A$lcc2944014$353                   draw
     0000123B  A$lcc2944014$354                   draw
     0000123C  A$lcc2944014$355                   draw
     0000123D  A$lcc2944014$356                   draw
     0000123F  A$lcc2944014$357                   draw
     00001240  A$lcc2944014$358                   draw
     00001241  A$lcc2944014$359                   draw
     00001242  A$lcc2944014$360                   draw
     00001244  A$lcc2944014$361                   draw
     00001245  A$lcc2944014$362                   draw
     00001246  A$lcc2944014$363                   draw
     00001247  A$lcc2944014$364                   draw
     00001248  A$lcc2944014$365                   draw
     0000124A  A$lcc2944014$366                   draw
     0000124B  A$lcc2944014$367                   draw
ASxxxx Linker V03.00/V05.40 + sdld,  page 25.
Hexadecimal  [32-Bits]

Area                                    Addr        Size        Decimal Bytes (Attributes)
--------------------------------        ----        ----        ------- ----- ------------
_CODE                               00000200    00001BA2 =        7074. bytes (REL,CON)

      Value  Global                              Global Defined In Module
      -----  --------------------------------   ------------------------
     0000124C  A$lcc2944014$369                   draw
     0000124D  A$lcc2944014$370                   draw
     0000124E  A$lcc2944014$371                   draw
     0000124F  A$lcc2944014$372                   draw
     00001250  A$lcc2944014$373                   draw
     00001252  A$lcc2944014$374                   draw
     00001253  A$lcc2944014$375                   draw
     00001254  A$lcc2944014$376                   draw
     00001256  A$lcc2944014$377                   draw
     00001257  A$lcc2944014$378                   draw
     00001258  A$lcc2944014$379                   draw
     00001259  A$lcc2944014$380                   draw
     0000125A  A$lcc2944014$381                   draw
     0000125B  A$lcc2944014$382                   draw
     0000125C  A$lcc2944014$383                   draw
     0000125D  A$lcc2944014$384                   draw
     0000125E  A$lcc2944014$385                   draw
     00001260  A$lcc2944014$386                   draw
     00001261  A$lcc2944014$387                   draw
     00001262  A$lcc2944014$388                   draw
     00001263  A$lcc2944014$389                   draw
     00001265  A$lcc2944014$390                   draw
     00001266  A$lcc2944014$391                   draw
     00001267  A$lcc2944014$392                   draw
     00001268  A$lcc2944014$393                   draw
     00001269  A$lcc2944014$394                   draw
     0000126B  A$lcc2944014$395                   draw
     0000126C  A$lcc2944014$396                   draw
     0000126D  A$lcc2944014$398                   draw
[...]
     00000150  .reset                             Runtime
     00000150  _reset                             Runtime
     00000157  .code_start                        Runtime
     000001B9  _exit                              Runtime
     000001BD  .wait_vbl_done                     Runtime
     000001BD  _vsync                             Runtime
     000001BD  _wait_vbl_done                     Runtime
     000001CD  .remove_VBL                        Runtime
     000001CD  _remove_VBL                        Runtime
     000001D0  .remove_int                        Runtime
     000001ED  .add_VBL                           Runtime
     000001ED  _add_VBL                           Runtime
     000001F0  .add_int                           Runtime

ASxxxx Linker V03.00/V05.40 + sdld,  page 79.
Hexadecimal  [32-Bits]

Area                                    Addr        Size        Decimal Bytes (Attributes)
--------------------------------        ----        ----        ------- ----- ------------
_HOME                               00001DA2    0000012C =         300. bytes (REL,CON)

      Value  Global                              Global Defined In Module
      -----  --------------------------------   ------------------------
     00001DA2  .memset_simple                     Runtime
     00001DAB  .memcpy_simple                     Runtime
     00001DC8  .display_off                       Runtime
     00001DC8  _display_off                       Runtime
     00001DE0  _set_tile_data                     
     00001DE5  _set_bkg_data                      
     00001DE5  _set_win_data                      
     00001DED  _set_sprite_data                   
     00001E1D  .padup                             
     00001E1D  _waitpadup                         
     00001E2D  .jpad                              
     00001E2D  _joypad                            
     00001E55  _waitpad                           
     00001E56  .wait_pad                          
     00001E5D  ___sdcc_call_hl                    call_hl
     00001E5E  _set_bkg_tiles                     
     00001E72  .set_xy_wtt                        SetTileMap
     00001E7B  .set_xy_btt                        SetTileMap
     00001E8A  .set_xy_tt                         SetTileMap

ASxxxx Linker V03.00/V05.40 + sdld,  page 80.
Hexadecimal  [32-Bits]

Area                                    Addr        Size        Decimal Bytes (Attributes)
--------------------------------        ----        ----        ------- ----- ------------
_INITIALIZER                        00001ECE    00000199 =         409. bytes (REL,CON)

      Value  Global                              Global Defined In Module
      -----  --------------------------------   ------------------------
     00001ECE  Fspr_InventoryArrow_idle$__xinit   spr_InventoryArrow_idle
     00001EDE  Fspr_Player_down0$__xinit_spr_Pl   spr_Player_down0
     00001EEE  Fspr_Player_down0$__xinit_spr_Pl   spr_Player_down0
     00001EFE  Fspr_Player_down0$__xinit_spr_Pl   spr_Player_down0
     00001F0E  Fspr_Player_down0$__xinit_spr_Pl   spr_Player_down0
     00001F1E  Fspr_Player_down1$__xinit_spr_Pl   spr_Player_down1
     00001F2E  Fspr_Player_down1$__xinit_spr_Pl   spr_Player_down1
     00001F3E  Fspr_Player_down1$__xinit_spr_Pl   spr_Player_down1
     00001F4E  Fspr_Player_down1$__xinit_spr_Pl   spr_Player_down1
     00001F5E  Fspr_Player_down2$__xinit_spr_Pl   spr_Player_down2
     00001F6E  Fspr_Player_down2$__xinit_spr_Pl   spr_Player_down2
     00001F7E  Fspr_Player_down2$__xinit_spr_Pl   spr_Player_down2
     00001F8E  Fspr_Player_down2$__xinit_spr_Pl   spr_Player_down2
     00001F9E  Fspr_Player_up0$__xinit_spr_Play   spr_Player_up0
     00001FAE  Fspr_Player_up0$__xinit_spr_Play   spr_Player_up0
     00001FBE  Fspr_Player_up0$__xinit_spr_Play   spr_Player_up0
     00001FCE  Fspr_Player_up0$__xinit_spr_Play   spr_Player_up0
     00001FDE  Fspr_Player_up1$__xinit_spr_Play   spr_Player_up1
     00001FEE  Fspr_Player_up1$__xinit_spr_Play   spr_Player_up1
     00001FFE  Fspr_Player_up1$__xinit_spr_Play   spr_Player_up1
     0000200E  Fspr_Player_up1$__xinit_spr_Play   spr_Player_up1
     0000201E  Fspr_Player_up2$__xinit_spr_Play   spr_Player_up2
     0000202E  Fspr_Player_up2$__xinit_spr_Play   spr_Player_up2
     0000203E  Fspr_Player_up2$__xinit_spr_Play   spr_Player_up2
     0000204E  Fspr_Player_up2$__xinit_spr_Play   spr_Player_up2
     0000205E  Faction$__xinit_MOVE_SPEED$0_0$0   action
     0000205F  Faction$__xinit_current_directio   action
     00002060  Faction$__xinit_last_keys$0_0$0    action
     00002061  Fentity$__xinit_next_entity_id$0   entity
     00002063  Fgender_selection$__xinit_GENDER   gender_selection
     00002064  Finventory_input$__xinit_prev_ke   inventory_input
     00002065  Fload$__xinit_vram_next_index$0_   load

ASxxxx Linker V03.00/V05.40 + sdld,  page 81.
Hexadecimal  [32-Bits]

Area                                    Addr        Size        Decimal Bytes (Attributes)
--------------------------------        ----        ----        ------- ----- ------------
_GSINIT                             00002067    0000000F =          15. bytes (REL,CON)

      Value  Global                              Global Defined In Module
      -----  --------------------------------   ------------------------
     00002067  gsinit                             Runtime

ASxxxx Linker V03.00/V05.40 + sdld,  page 82.
Hexadecimal  [32-Bits]

Area                                    Addr        Size        Decimal Bytes (Attributes)
--------------------------------        ----        ----        ------- ----- ------------
_GSFINAL                            00002076    00000001 =           1. bytes (REL,CON)

      Value  Global                              Global Defined In Module
      -----  --------------------------------   ------------------------
ASxxxx Linker V03.00/V05.40 + sdld,  page 83.
Hexadecimal  [32-Bits]

Area                                    Addr        Size        Decimal Bytes (Attributes)
--------------------------------        ----        ----        ------- ----- ------------
_DATA                               0000C0A0    00001D39 =        7481. bytes (REL,CON)

      Value  Global                              Global Defined In Module
      -----  --------------------------------   ------------------------
     0000C0A0  __cpu                              Runtime
     0000C0A1  __is_GBA                           Runtime
     0000C0A2  .mode                              Runtime
     0000C0A3  .sys_time                          Runtime
     0000C0A3  _sys_time                          Runtime
     0000C0A5  .int_0x40                          Runtime
     0000C0B1  G$animation$0_0$0                  animation
     0000C0B1  _animation                         animation
     0000D931  G$arrow$0_0$0                      inventory
     0000D931  _arrow                             inventory
     0000D933  G$player$0_0$0                     player
     0000D933  _player                            player
     0000D935  G$player_animations$0_0$0          player
     0000D935  _player_animations                 player
     0000D939  G$position$0_0$0                   position
     0000D939  _position                          position
     0000DC39  G$render$0_0$0                     render
     0000DC39  _render                            render
     0000DDB9  G$scene_manager$0_0$0              scene_manager
     0000DDB9  _scene_manager                     scene_manager
     0000DDBB  G$GenderSelect$0_0$0               gender_select
     0000DDBB  _GenderSelect                      gender_select
     0000DDC3  G$InventoryScene$0_0$0             inventory_scene
     0000DDC3  _InventoryScene                    inventory_scene
     0000DDCB  G$Map_00$0_0$0                     map_00
     0000DDCB  _Map_00                            map_00
     0000DDD3  Lmain.main$game$1_1$180            main
     0000DDD7  ___sdcc_heap_free                  malloc

ASxxxx Linker V03.00/V05.40 + sdld,  page 84.
Hexadecimal  [32-Bits]

Area                                    Addr        Size        Decimal Bytes (Attributes)
--------------------------------        ----        ----        ------- ----- ------------
_INITIALIZED                        0000DDD9    00000199 =         409. bytes (REL,CON)

      Value  Global                              Global Defined In Module
      -----  --------------------------------   ------------------------
     0000DDD9  G$spr_InventoryArrow_idle$0_0$0    spr_InventoryArrow_idle
     0000DDD9  _spr_InventoryArrow_idle           spr_InventoryArrow_idle
     0000DDE9  G$spr_Player_down0_00$0_0$0        spr_Player_down0
     0000DDE9  _spr_Player_down0_00               spr_Player_down0
     0000DDF9  G$spr_Player_down0_10$0_0$0        spr_Player_down0
     0000DDF9  _spr_Player_down0_10               spr_Player_down0
     0000DE09  G$spr_Player_down0_01$0_0$0        spr_Player_down0
     0000DE09  _spr_Player_down0_01               spr_Player_down0
     0000DE19  G$spr_Player_down0_11$0_0$0        spr_Player_down0
     0000DE19  _spr_Player_down0_11               spr_Player_down0
     0000DE29  G$spr_Player_down1_00$0_0$0        spr_Player_down1
     0000DE29  _spr_Player_down1_00               spr_Player_down1
     0000DE39  G$spr_Player_down1_10$0_0$0        spr_Player_down1
     0000DE39  _spr_Player_down1_10               spr_Player_down1
     0000DE49  G$spr_Player_down1_01$0_0$0        spr_Player_down1
     0000DE49  _spr_Player_down1_01               spr_Player_down1
     0000DE59  G$spr_Player_down1_11$0_0$0        spr_Player_down1
     0000DE59  _spr_Player_down1_11               spr_Player_down1
     0000DE69  G$spr_Player_down2_00$0_0$0        spr_Player_down2
     0000DE69  _spr_Player_down2_00               spr_Player_down2
     0000DE79  G$spr_Player_down2_10$0_0$0        spr_Player_down2
     0000DE79  _spr_Player_down2_10               spr_Player_down2
     0000DE89  G$spr_Player_down2_01$0_0$0        spr_Player_down2
     0000DE89  _spr_Player_down2_01               spr_Player_down2
     0000DE99  G$spr_Player_down2_11$0_0$0        spr_Player_down2
     0000DE99  _spr_Player_down2_11               spr_Player_down2
     0000DEA9  G$spr_Player_up0_00$0_0$0          spr_Player_up0
     0000DEA9  _spr_Player_up0_00                 spr_Player_up0
     0000DEB9  G$spr_Player_up0_10$0_0$0          spr_Player_up0
     0000DEB9  _spr_Player_up0_10                 spr_Player_up0
     0000DEC9  G$spr_Player_up0_01$0_0$0          spr_Player_up0
     0000DEC9  _spr_Player_up0_01                 spr_Player_up0
     0000DED9  G$spr_Player_up0_11$0_0$0          spr_Player_up0
     0000DED9  _spr_Player_up0_11                 spr_Player_up0
     0000DEE9  G$spr_Player_up1_00$0_0$0          spr_Player_up1
     0000DEE9  _spr_Player_up1_00                 spr_Player_up1
     0000DEF9  G$spr_Player_up1_10$0_0$0          spr_Player_up1
     0000DEF9  _spr_Player_up1_10                 spr_Player_up1
     0000DF09  G$spr_Player_up1_01$0_0$0          spr_Player_up1
     0000DF09  _spr_Player_up1_01                 spr_Player_up1
     0000DF19  G$spr_Player_up1_11$0_0$0          spr_Player_up1
     0000DF19  _spr_Player_up1_11                 spr_Player_up1
     0000DF29  G$spr_Player_up2_00$0_0$0          spr_Player_up2
     0000DF29  _spr_Player_up2_00                 spr_Player_up2
     0000DF39  G$spr_Player_up2_10$0_0$0          spr_Player_up2
     0000DF39  _spr_Player_up2_10                 spr_Player_up2
     0000DF49  G$spr_Player_up2_01$0_0$0          spr_Player_up2
     0000DF49  _spr_Player_up2_01                 spr_Player_up2
     0000DF59  G$spr_Player_up2_11$0_0$0          spr_Player_up2
     0000DF59  _spr_Player_up2_11                 spr_Player_up2
ASxxxx Linker V03.00/V05.40 + sdld,  page 85.
Hexadecimal  [32-Bits]

Area                                    Addr        Size        Decimal Bytes (Attributes)
--------------------------------        ----        ----        ------- ----- ------------
_INITIALIZED                        0000DDD9    00000199 =         409. bytes (REL,CON)

      Value  Global                              Global Defined In Module
      -----  --------------------------------   ------------------------
     0000DF69  G$MOVE_SPEED$0_0$0                 action
     0000DF69  _MOVE_SPEED                        action
     0000DF6A  G$current_direction$0_0$0          action
     0000DF6A  _current_direction                 action
     0000DF6B  G$last_keys$0_0$0                  action
     0000DF6B  _last_keys                         action
     0000DF6C  G$next_entity_id$0_0$0             entity
     0000DF6C  _next_entity_id                    entity
     0000DF6E  G$GENDER$0_0$0                     gender_selection
     0000DF6E  _GENDER                            gender_selection
     0000DF6F  G$prev_keys$0_0$0                  inventory_input
     0000DF6F  _prev_keys                         inventory_input
     0000DF70  G$vram_next_index$0_0$0            load
     0000DF70  _vram_next_index                   load
     0000DF71  __map_tile_offset                  SetTileMap

ASxxxx Linker V03.00/V05.40 + sdld,  page 86.
Hexadecimal  [32-Bits]

Area                                    Addr        Size        Decimal Bytes (Attributes)
--------------------------------        ----        ----        ------- ----- ------------
_HEAP                               0000DF72    000007FF =        2047. bytes (REL,CON)

      Value  Global                              Global Defined In Module
      -----  --------------------------------   ------------------------
     0000DF72  ___sdcc_heap                       

ASxxxx Linker V03.00/V05.40 + sdld,  page 87.
Hexadecimal  [32-Bits]

Area                                    Addr        Size        Decimal Bytes (Attributes)
--------------------------------        ----        ----        ------- ----- ------------
_HEAP_END                           0000E771    00000001 =           1. bytes (REL,CON)

      Value  Global                              Global Defined In Module
      -----  --------------------------------   ------------------------
     0000E771  ___sdcc_heap_end                   

ASxxxx Linker V03.00/V05.40 + sdld,  page 88.
Hexadecimal  [32-Bits]

Area                                    Addr        Size        Decimal Bytes (Attributes)
--------------------------------        ----        ----        ------- ----- ------------
_HRAM                               0000FF80    00000013 =          19. bytes (REL,CON)

      Value  Global                              Global Defined In Module
      -----  --------------------------------   ------------------------
     0000FF80  .refresh_OAM                       Runtime
     0000FF90  __current_bank                     Runtime
     0000FF91  __vbl_done                         Runtime
     0000FF92  __shadow_OAM_base                  Runtime

ASxxxx Linker V03.00/V05.40 + sdld,  page 89.

Files Linked                              [ module(s) ]

C:\Program Files\GBDK\lib/gb/crt0.o       [ Runtime ]
C:\Users\Bau_M\AppData\Local\Temp/lcc294400.o
                                          [ gender_select_tilemap ]
C:\Users\Bau_M\AppData\Local\Temp/lcc294401.o
                                          [ gender_select_tileset ]
C:\Users\Bau_M\AppData\Local\Temp/lcc294402.o
                                          [ inventory_bkg ]
C:\Users\Bau_M\AppData\Local\Temp/lcc294403.o
                                          [ template_tilemap ]
C:\Users\Bau_M\AppData\Local\Temp/lcc294404.o
                                          [ template_tileset ]
C:\Users\Bau_M\AppData\Local\Temp/lcc294405.o
                                          [ spr_InventoryArrow_idle ]
C:\Users\Bau_M\AppData\Local\Temp/lcc294406.o
                                          [ spr_Player_down0 ]
C:\Users\Bau_M\AppData\Local\Temp/lcc294407.o
                                          [ spr_Player_down1 ]
C:\Users\Bau_M\AppData\Local\Temp/lcc294408.o
                                          [ spr_Player_down2 ]
C:\Users\Bau_M\AppData\Local\Temp/lcc294409.o
                                          [ spr_Player_up0 ]
C:\Users\Bau_M\AppData\Local\Temp/lcc2944010.o
                                          [ spr_Player_up1 ]
C:\Users\Bau_M\AppData\Local\Temp/lcc2944011.o
                                          [ spr_Player_up2 ]
C:\Users\Bau_M\AppData\Local\Temp/lcc2944012.o
                                          [ action ]
C:\Users\Bau_M\AppData\Local\Temp/lcc2944013.o
                                          [ animation ]
C:\Users\Bau_M\AppData\Local\Temp/lcc2944014.o
                                          [ draw ]
C:\Users\Bau_M\AppData\Local\Temp/lcc2944015.o
                                          [ entity ]
C:\Users\Bau_M\AppData\Local\Temp/lcc2944016.o
                                          [ gender_selection ]
C:\Users\Bau_M\AppData\Local\Temp/lcc2944017.o
                                          [ global_action ]
C:\Users\Bau_M\AppData\Local\Temp/lcc2944018.o
                                          [ inventory ]
C:\Users\Bau_M\AppData\Local\Temp/lcc2944019.o
                                          [ inventory_input ]
C:\Users\Bau_M\AppData\Local\Temp/lcc2944020.o
                                          [ load ]
C:\Users\Bau_M\AppData\Local\Temp/lcc2944021.o
                                          [ map_scenes ]
C:\Users\Bau_M\AppData\Local\Temp/lcc2944022.o
                                          [ player ]
C:\Users\Bau_M\AppData\Local\Temp/lcc2944023.o
                                          [ position ]
C:\Users\Bau_M\AppData\Local\Temp/lcc2944024.o
                                          [ render ]
C:\Users\Bau_M\AppData\Local\Temp/lcc2944025.o
                                          [ scene ]
C:\Users\Bau_M\AppData\Local\Temp/lcc2944026.o
                                          [ scene_manager ]
C:\Users\Bau_M\AppData\Local\Temp/lcc2944027.o
                                          [ gender_select ]
C:\Users\Bau_M\AppData\Local\Temp/lcc2944028.o
                                          [ gender_select_init ]
C:\Users\Bau_M\AppData\Local\Temp/lcc2944029.o
                                          [ gender_select_update ]
C:\Users\Bau_M\AppData\Local\Temp/lcc2944030.o
                                          [ inventory_scene ]
C:\Users\Bau_M\AppData\Local\Temp/lcc2944031.o
                                          [ inventory_scene_init ]
C:\Users\Bau_M\AppData\Local\Temp/lcc2944032.o
                                          [ inventory_scene_update ]
C:\Users\Bau_M\AppData\Local\Temp/lcc2944033.o
                                          [ map_00 ]
C:\Users\Bau_M\AppData\Local\Temp/lcc2944034.o
                                          [ map_00_init ]
C:\Users\Bau_M\AppData\Local\Temp/lcc2944035.o
                                          [ map_00_update ]
C:\Users\Bau_M\AppData\Local\Temp/lcc2944036.o
                                          [ main ]


Libraries Linked                          [ object file ]

C:\Program Files\GBDK\lib/sm83/sm83.lib   [ free.o ]
C:\Program Files\GBDK\lib/sm83/sm83.lib   [ malloc.o ]
C:\Program Files\GBDK\lib/gb/gb.lib       [ set_data.o ]
C:\Program Files\GBDK\lib/sm83/sm83.lib   [ mul.o ]
C:\Program Files\GBDK\lib/gb/gb.lib       [ pad.o ]
C:\Program Files\GBDK\lib/sm83/sm83.lib   [ __sdcc_call_hl.o ]
C:\Program Files\GBDK\lib/gb/gb.lib       [ sfr.o ]
C:\Program Files\GBDK\lib/gb/gb.lib       [ heap.o ]
C:\Program Files\GBDK\lib/gb/gb.lib       [ set_bk_t.o ]
C:\Program Files\GBDK\lib/gb/gb.lib       [ set_xy_t.o ]

ASxxxx Linker V03.00/V05.40 + sdld,  page 90.

User Base Address Definitions

_DATA=0xC0A0
_CODE=0x0200
_HRAM=0xFF80
ASxxxx Linker V03.00/V05.40 + sdld,  page 91.

User Global Definitions

_shadow_OAM=0xC000
.STACK=0xE000

