ASxxxx Linker V03.00/V05.40 + sdld,  page 1.
Hexadecimal  [32-Bits]

Area                                    Addr        Size        Decimal Bytes (Attributes)
--------------------------------        ----        ----        ------- ----- ------------
.  .ABS.                            00000000    00000000 =           0. bytes (ABS,CON)

      Value  Global                              Global Defined In Module
      -----  --------------------------------   ------------------------
     00000000  .__.ABS.                           SetTileMap
     00000000  _rMBC7_SRAM_ENABLE_1               
     00000000  _rRAMG                             
     00000000  l__BASE                         
     00000000  l__BSS                          
     00000000  l__CABS                         
     00000000  l__CODE_0                       
     00000000  l__DABS                         
     00000000  l__HEADER                       
     00000000  l__LIT                          
     00000000  s__CABS                         
     00000000  s__DABS                         
     00000000  s__HEADER                       
     00000000  s__HEADER0                      
     00000000  s__HEADER1                      
     00000000  s__HEADER10                     
     00000000  s__HEADER11                     
     00000000  s__HEADER2                      
     00000000  s__HEADER3                      
     00000000  s__HEADER4                      
     00000000  s__HEADER5                      
     00000000  s__HEADER6                      
     00000000  s__HEADER7                      
     00000000  s__HEADER8                      
     00000000  s__HEADER9                      
     00000000  s__HEADERa                      
     00000000  s__HEADERb                      
     00000000  s__HEADERc                      
     00000000  s__HEADERd                      
     00000000  s__HEADERe                      
     00000000  s__HEADERf                      
     00000001  l__GSFINAL                      
     00000001  l__HEADER0                      
     00000001  l__HEADER5                      
     00000001  l__HEADERa                      
     00000001  l__HEADERb                      
     00000001  l__HEADERc                      
     00000001  l__HEADERe                      
     00000001  l__HEADERf                      
     00000001  l__HEAP_END                     
     00000002  l__HEADER10                     
     00000002  l__HEADER6                      
     00000002  l__HEADERd                      
     00000003  l__HEADER9                      
     00000005  l__HEADER1                      
     00000006  l__HEADER8                      
     00000007  l__HEADER2                      
     00000008  l__HEADER3                      
     0000000F  l__GSINIT                       
     00000013  l__HRAM                         
ASxxxx Linker V03.00/V05.40 + sdld,  page 2.
Hexadecimal  [32-Bits]

Area                                    Addr        Size        Decimal Bytes (Attributes)
--------------------------------        ----        ----        ------- ----- ------------
.  .ABS.                            00000000    00000000 =           0. bytes (ABS,CON)

      Value  Global                              Global Defined In Module
      -----  --------------------------------   ------------------------
     00000030  l__HEADER7                      
     00000060  l__HEADER4                      
     000000AB  l__HEADER11                     
     0000012C  l__HOME                         
     00000188  l__INITIALIZED                  
     00000188  l__INITIALIZER                  
     00000200  s__CODE                         
     000007FF  l__HEAP                         
     000015FF  l__CODE                         
     000017FF  s__HOME                         
     0000192B  s__BASE                         
     0000192B  s__CODE_0                       
     0000192B  s__INITIALIZER                  
     0000192B  s__LIT                          
     00001AB3  s__GSINIT                       
     00001AC2  s__GSFINAL                      
     00001D2F  l__DATA                         
     00002000  _rROMB0                            
     00003000  _rROMB1                            
     00004000  _rMBC7_SRAM_ENABLE_2               
     00004000  _rRAMB                             
     00008000  __VRAM                             
     00008000  __VRAM8000                         
     00008800  __VRAM8800                         
     00009000  __VRAM9000                         
     00009800  __SCRN0                            
     00009C00  __SCRN1                            
     0000A000  __SRAM                             
     0000A000  _rMBC7_LATCH_1                     
     0000A010  _rMBC7_LATCH_2                     
     0000A020  _rMBC7_ACCEL_X_LO                  
     0000A030  _rMBC7_ACCEL_X_HI                  
     0000A040  _rMBC7_ACCEL_Y_LO                  
     0000A050  _rMBC7_ACCEL_Y_HI                  
     0000C000  __RAM                              
     0000C000  _shadow_OAM                     
     0000C0A0  s__DATA                         
     0000D000  __RAMBANK                          
     0000DDCF  s__BSS                          
     0000DDCF  s__INITIALIZED                  
     0000DF57  s__HEAP                         
     0000E000  .STACK                          
     0000E756  s__HEAP_END                     
     0000FE00  __OAMRAM                           
     0000FF00  _P1_REG                            
     0000FF00  __IO                               
     0000FF01  _SB_REG                            
     0000FF02  _SC_REG                            
     0000FF04  _DIV_REG                           
     0000FF05  _TIMA_REG                          
     0000FF06  _TMA_REG                           
ASxxxx Linker V03.00/V05.40 + sdld,  page 3.
Hexadecimal  [32-Bits]

Area                                    Addr        Size        Decimal Bytes (Attributes)
--------------------------------        ----        ----        ------- ----- ------------
.  .ABS.                            00000000    00000000 =           0. bytes (ABS,CON)

      Value  Global                              Global Defined In Module
      -----  --------------------------------   ------------------------
     0000FF07  _TAC_REG                           
     0000FF0F  _IF_REG                            
     0000FF10  _NR10_REG                          
     0000FF11  _NR11_REG                          
     0000FF12  _NR12_REG                          
     0000FF13  _NR13_REG                          
     0000FF14  _NR14_REG                          
     0000FF16  _NR21_REG                          
     0000FF17  _NR22_REG                          
     0000FF18  _NR23_REG                          
     0000FF19  _NR24_REG                          
     0000FF1A  _NR30_REG                          
     0000FF1B  _NR31_REG                          
     0000FF1C  _NR32_REG                          
     0000FF1D  _NR33_REG                          
     0000FF1E  _NR34_REG                          
     0000FF20  _NR41_REG                          
     0000FF21  _NR42_REG                          
     0000FF22  _NR43_REG                          
     0000FF23  _NR44_REG                          
     0000FF24  _NR50_REG                          
     0000FF25  _NR51_REG                          
     0000FF26  _NR52_REG                          
     0000FF30  _AUD3WAVE                          
     0000FF30  _PCM_SAMPLE                        
     0000FF30  __AUD3WAVERAM                      
     0000FF40  _LCDC_REG                          
     0000FF41  _STAT_REG                          
     0000FF42  _SCY_REG                           
     0000FF43  _SCX_REG                           
     0000FF44  _LY_REG                            
     0000FF45  _LYC_REG                           
     0000FF46  _DMA_REG                           
     0000FF47  _BGP_REG                           
     0000FF48  _OBP0_REG                          
     0000FF49  _OBP1_REG                          
     0000FF4A  _WY_REG                            
     0000FF4B  _WX_REG                            
     0000FF4D  _KEY1_REG                          
     0000FF4F  _VBK_REG                           
     0000FF51  _HDMA1_REG                         
     0000FF52  _HDMA2_REG                         
     0000FF53  _HDMA3_REG                         
     0000FF54  _HDMA4_REG                         
     0000FF55  _HDMA5_REG                         
     0000FF56  _RP_REG                            
     0000FF68  _BCPS_REG                          
     0000FF69  _BCPD_REG                          
     0000FF6A  _OCPS_REG                          
     0000FF6B  _OCPD_REG                          
     0000FF70  _SVBK_REG                          
ASxxxx Linker V03.00/V05.40 + sdld,  page 4.
Hexadecimal  [32-Bits]

Area                                    Addr        Size        Decimal Bytes (Attributes)
--------------------------------        ----        ----        ------- ----- ------------
.  .ABS.                            00000000    00000000 =           0. bytes (ABS,CON)

      Value  Global                              Global Defined In Module
      -----  --------------------------------   ------------------------
     0000FF76  _PCM12_REG                         
     0000FF77  _PCM34_REG                         
     0000FF80  __HRAM                             
     0000FF80  s__HRAM                         
     0000FFFF  _IE_REG                            

ASxxxx Linker V03.00/V05.40 + sdld,  page 5.
Hexadecimal  [32-Bits]

Area                                    Addr        Size        Decimal Bytes (Attributes)
--------------------------------        ----        ----        ------- ----- ------------
_CODE                               00000200    000015FF =        5631. bytes (REL,CON)

      Value  Global                              Global Defined In Module
      -----  --------------------------------   ------------------------
     00000200  G$gender_select_tilemap$0_0$0      gender_select_tilemap
     00000200  _gender_select_tilemap             gender_select_tilemap
     00000368  G$gender_select_tileset$0_0$0      gender_select_tileset
     00000368  _gender_select_tileset             gender_select_tileset
     00000658  G$template_tilemap$0_0$0           template_tilemap
     00000658  _template_tilemap                  template_tilemap
     000007C0  G$template_tileset$0_0$0           template_tileset
     000007C0  _template_tileset                  template_tileset
     00000990  A$lcc2201210$70                    action
     00000990  C$action.c$9$0_0$141               action
     00000990  G$move_up$0$0                      action
     00000990  _move_up                           action
     00000992  A$lcc2201210$71                    action
     00000994  A$lcc2201210$72                    action
     00000995  A$lcc2201210$73                    action
     00000996  A$lcc2201210$77                    action
     00000996  C$action.c$11$1_0$141              action
     00000997  A$lcc2201210$78                    action
     00000998  A$lcc2201210$79                    action
     00000999  A$lcc2201210$80                    action
     0000099A  A$lcc2201210$81                    action
     0000099B  A$lcc2201210$82                    action
     0000099D  A$lcc2201210$83                    action
     0000099E  A$lcc2201210$84                    action
     000009A1  A$lcc2201210$85                    action
     000009A2  A$lcc2201210$86                    action
     000009A3  A$lcc2201210$87                    action
     000009A4  A$lcc2201210$88                    action
     000009A5  A$lcc2201210$89                    action
     000009A8  A$lcc2201210$90                    action
     000009A9  A$lcc2201210$91                    action
     000009AA  A$lcc2201210$92                    action
     000009AB  A$lcc2201210$93                    action
     000009AC  A$lcc2201210$94                    action
     000009AD  A$lcc2201210$95                    action
     000009AE  A$lcc2201210$96                    action
     000009AF  A$lcc2201210$97                    action
     000009B0  A$lcc2201210$98                    action
     000009B1  A$lcc2201210$99                    action
     000009B3  A$lcc2201210$100                   action
     000009B4  A$lcc2201210$101                   action
     000009B5  A$lcc2201210$102                   action
     000009B6  A$lcc2201210$103                   action
     000009B7  A$lcc2201210$104                   action
     000009B8  A$lcc2201210$105                   action
     000009B9  A$lcc2201210$106                   action
     000009BA  A$lcc2201210$107                   action
     000009BB  A$lcc2201210$108                   action
     000009BC  A$lcc2201210$109                   action
     000009BD  A$lcc2201210$113                   action
ASxxxx Linker V03.00/V05.40 + sdld,  page 6.
Hexadecimal  [32-Bits]

Area                                    Addr        Size        Decimal Bytes (Attributes)
--------------------------------        ----        ----        ------- ----- ------------
_CODE                               00000200    000015FF =        5631. bytes (REL,CON)

      Value  Global                              Global Defined In Module
      -----  --------------------------------   ------------------------
     000009BD  C$action.c$12$1_0$141              action
     000009C0  A$lcc2201210$114                   action
     000009C2  A$lcc2201210$115                   action
     000009C3  A$lcc2201210$116                   action
     000009C4  A$lcc2201210$117                   action
     000009C5  A$lcc2201210$118                   action
     000009C6  A$lcc2201210$119                   action
     000009C7  A$lcc2201210$120                   action
     000009C8  A$lcc2201210$121                   action
     000009C9  A$lcc2201210$122                   action
     000009CA  A$lcc2201210$126                   action
     000009CC  A$lcc2201210$131                   action
     000009CC  C$action.c$13$1_0$141              action
     000009CC  XG$move_up$0$0                     action
     000009CD  A$lcc2201210$141                   action
     000009CD  C$action.c$15$1_0$143              action
     000009CD  G$move_down$0$0                    action
     000009CD  _move_down                         action
     000009CF  A$lcc2201210$142                   action
     000009D1  A$lcc2201210$143                   action
     000009D2  A$lcc2201210$144                   action
     000009D3  A$lcc2201210$148                   action
     000009D3  C$action.c$17$1_0$143              action
     000009D4  A$lcc2201210$149                   action
     000009D5  A$lcc2201210$150                   action
     000009D6  A$lcc2201210$151                   action
     000009D7  A$lcc2201210$152                   action
     000009D8  A$lcc2201210$153                   action
     000009DA  A$lcc2201210$154                   action
     000009DC  A$lcc2201210$155                   action
     000009DD  A$lcc2201210$156                   action
     000009DE  A$lcc2201210$157                   action
     000009E0  A$lcc2201210$158                   action
     000009E1  A$lcc2201210$159                   action
     000009E4  A$lcc2201210$160                   action
     000009E6  A$lcc2201210$161                   action
     000009E7  A$lcc2201210$162                   action
     000009E8  A$lcc2201210$163                   action
     000009E9  A$lcc2201210$164                   action
     000009EA  A$lcc2201210$165                   action
     000009EB  A$lcc2201210$166                   action
     000009EC  A$lcc2201210$167                   action
     000009ED  A$lcc2201210$168                   action
     000009EF  A$lcc2201210$169                   action
     000009F0  A$lcc2201210$170                   action
     000009F1  A$lcc2201210$171                   action
     000009F3  A$lcc2201210$172                   action
     000009F4  A$lcc2201210$173                   action
     000009F5  A$lcc2201210$174                   action
     000009F6  A$lcc2201210$175                   action
     000009F7  A$lcc2201210$176                   action
ASxxxx Linker V03.00/V05.40 + sdld,  page 7.
Hexadecimal  [32-Bits]

Area                                    Addr        Size        Decimal Bytes (Attributes)
--------------------------------        ----        ----        ------- ----- ------------
_CODE                               00000200    000015FF =        5631. bytes (REL,CON)

      Value  Global                              Global Defined In Module
      -----  --------------------------------   ------------------------
     000009F8  A$lcc2201210$177                   action
     000009F9  A$lcc2201210$178                   action
     000009FA  A$lcc2201210$179                   action
     000009FB  A$lcc2201210$180                   action
     000009FC  A$lcc2201210$181                   action
     000009FD  A$lcc2201210$185                   action
     000009FD  C$action.c$18$1_0$143              action
     00000A00  A$lcc2201210$186                   action
     00000A02  A$lcc2201210$187                   action
     00000A03  A$lcc2201210$188                   action
     00000A04  A$lcc2201210$189                   action
     00000A05  A$lcc2201210$190                   action
     00000A06  A$lcc2201210$191                   action
     00000A07  A$lcc2201210$192                   action
     00000A08  A$lcc2201210$193                   action
     00000A09  A$lcc2201210$194                   action
     00000A0A  A$lcc2201210$198                   action
     00000A0C  A$lcc2201210$203                   action
     00000A0C  C$action.c$19$1_0$143              action
     00000A0C  XG$move_down$0$0                   action
     00000A0D  A$lcc2201210$213                   action
     00000A0D  C$action.c$21$1_0$145              action
     00000A0D  G$move_left$0$0                    action
     00000A0D  _move_left                         action
     00000A0F  A$lcc2201210$214                   action
     00000A11  A$lcc2201210$215                   action
     00000A12  A$lcc2201210$216                   action
     00000A13  A$lcc2201210$220                   action
     00000A13  C$action.c$23$1_0$145              action
     00000A14  A$lcc2201210$221                   action
     00000A15  A$lcc2201210$222                   action
     00000A16  A$lcc2201210$223                   action
     00000A17  A$lcc2201210$224                   action
     00000A18  A$lcc2201210$225                   action
     00000A1A  A$lcc2201210$226                   action
     00000A1B  A$lcc2201210$227                   action
     00000A1E  A$lcc2201210$228                   action
     00000A1F  A$lcc2201210$229                   action
     00000A20  A$lcc2201210$230                   action
     00000A21  A$lcc2201210$231                   action
     00000A22  A$lcc2201210$232                   action
     00000A25  A$lcc2201210$233                   action
     00000A26  A$lcc2201210$234                   action
     00000A27  A$lcc2201210$235                   action
     00000A28  A$lcc2201210$236                   action
     00000A29  A$lcc2201210$237                   action
     00000A2A  A$lcc2201210$238                   action
     00000A2B  A$lcc2201210$239                   action
     00000A2C  A$lcc2201210$240                   action
     00000A2D  A$lcc2201210$241                   action
     00000A2E  A$lcc2201210$242                   action
ASxxxx Linker V03.00/V05.40 + sdld,  page 8.
Hexadecimal  [32-Bits]

Area                                    Addr        Size        Decimal Bytes (Attributes)
--------------------------------        ----        ----        ------- ----- ------------
_CODE                               00000200    000015FF =        5631. bytes (REL,CON)

      Value  Global                              Global Defined In Module
      -----  --------------------------------   ------------------------
     00000A30  A$lcc2201210$243                   action
     00000A31  A$lcc2201210$244                   action
     00000A32  A$lcc2201210$245                   action
     00000A33  A$lcc2201210$246                   action
     00000A34  A$lcc2201210$247                   action
     00000A35  A$lcc2201210$248                   action
     00000A36  A$lcc2201210$249                   action
     00000A37  A$lcc2201210$250                   action
     00000A38  A$lcc2201210$251                   action
     00000A39  A$lcc2201210$252                   action
     00000A3A  A$lcc2201210$256                   action
     00000A3A  C$action.c$24$1_0$145              action
     00000A3D  A$lcc2201210$257                   action
     00000A3F  A$lcc2201210$258                   action
     00000A40  A$lcc2201210$259                   action
     00000A41  A$lcc2201210$260                   action
     00000A42  A$lcc2201210$261                   action
     00000A43  A$lcc2201210$262                   action
     00000A44  A$lcc2201210$263                   action
     00000A45  A$lcc2201210$264                   action
     00000A46  A$lcc2201210$265                   action
     00000A47  A$lcc2201210$269                   action
     00000A49  A$lcc2201210$274                   action
     00000A49  C$action.c$25$1_0$145              action
     00000A49  XG$move_left$0$0                   action
     00000A4A  A$lcc2201210$284                   action
     00000A4A  C$action.c$27$1_0$147              action
     00000A4A  G$move_right$0$0                   action
     00000A4A  _move_right                        action
     00000A4C  A$lcc2201210$285                   action
     00000A4E  A$lcc2201210$286                   action
     00000A4F  A$lcc2201210$287                   action
     00000A50  A$lcc2201210$291                   action
     00000A50  C$action.c$29$1_0$147              action
     00000A51  A$lcc2201210$292                   action
     00000A52  A$lcc2201210$293                   action
     00000A53  A$lcc2201210$294                   action
     00000A54  A$lcc2201210$295                   action
     00000A55  A$lcc2201210$296                   action
     00000A57  A$lcc2201210$297                   action
     00000A58  A$lcc2201210$298                   action
     00000A5B  A$lcc2201210$299                   action
     00000A5C  A$lcc2201210$300                   action
     00000A5D  A$lcc2201210$301                   action
     00000A5E  A$lcc2201210$302                   action
     00000A5F  A$lcc2201210$303                   action
     00000A62  A$lcc2201210$304                   action
     00000A63  A$lcc2201210$305                   action
     00000A64  A$lcc2201210$306                   action
     00000A65  A$lcc2201210$307                   action
     00000A66  A$lcc2201210$308                   action
ASxxxx Linker V03.00/V05.40 + sdld,  page 9.
Hexadecimal  [32-Bits]

Area                                    Addr        Size        Decimal Bytes (Attributes)
--------------------------------        ----        ----        ------- ----- ------------
_CODE                               00000200    000015FF =        5631. bytes (REL,CON)

      Value  Global                              Global Defined In Module
      -----  --------------------------------   ------------------------
     00000A67  A$lcc2201210$309                   action
     00000A68  A$lcc2201210$310                   action
     00000A69  A$lcc2201210$311                   action
     00000A6A  A$lcc2201210$312                   action
     00000A6C  A$lcc2201210$313                   action
     00000A6D  A$lcc2201210$314                   action
     00000A6E  A$lcc2201210$315                   action
     00000A6F  A$lcc2201210$316                   action
     00000A70  A$lcc2201210$317                   action
     00000A71  A$lcc2201210$318                   action
     00000A72  A$lcc2201210$319                   action
     00000A73  A$lcc2201210$320                   action
     00000A74  A$lcc2201210$324                   action
     00000A74  C$action.c$30$1_0$147              action
     00000A77  A$lcc2201210$325                   action
     00000A79  A$lcc2201210$326                   action
     00000A7A  A$lcc2201210$327                   action
     00000A7B  A$lcc2201210$328                   action
     00000A7C  A$lcc2201210$329                   action
     00000A7D  A$lcc2201210$330                   action
     00000A7E  A$lcc2201210$331                   action
     00000A7F  A$lcc2201210$332                   action
     00000A80  A$lcc2201210$333                   action
     00000A81  A$lcc2201210$337                   action
     00000A83  A$lcc2201210$342                   action
     00000A83  C$action.c$31$1_0$147              action
     00000A83  XG$move_right$0$0                  action
     00000A84  A$lcc2201210$352                   action
     00000A84  C$action.c$33$1_0$149              action
     00000A84  G$check_input$0$0                  action
     00000A84  _check_input                       action
     00000A86  A$lcc2201210$356                   action
     00000A86  C$action.c$35$1_0$149              action
     00000A89  A$lcc2201210$360                   action
     00000A89  C$action.c$40$2_0$149              action
     00000A8A  A$lcc2201210$361                   action
     00000A8C  A$lcc2201210$362                   action
     00000A8D  A$lcc2201210$366                   action
     00000A8D  C$action.c$42$2_0$149              action
     00000A8E  A$lcc2201210$367                   action
     00000A90  A$lcc2201210$368                   action
     00000A92  A$lcc2201210$369                   action
     00000A93  A$lcc2201210$373                   action
     00000A93  C$action.c$44$2_0$149              action
     00000A94  A$lcc2201210$374                   action
     00000A96  A$lcc2201210$375                   action
     00000A98  A$lcc2201210$379                   action
     00000A98  C$action.c$46$2_0$149              action
     00000A99  A$lcc2201210$380                   action
     00000A9A  A$lcc2201210$381                   action
     00000A9C  A$lcc2201210$382                   action
ASxxxx Linker V03.00/V05.40 + sdld,  page 10.
Hexadecimal  [32-Bits]

Area                                    Addr        Size        Decimal Bytes (Attributes)
--------------------------------        ----        ----        ------- ----- ------------
_CODE                               00000200    000015FF =        5631. bytes (REL,CON)

      Value  Global                              Global Defined In Module
      -----  --------------------------------   ------------------------
     00000A9D  A$lcc2201210$386                   action
     00000A9D  C$action.c$38$2_0$150              action
     00000AA0  A$lcc2201210$387                   action
     00000AA1  A$lcc2201210$391                   action
     00000AA1  C$action.c$40$4_0$152              action
     00000AA2  A$lcc2201210$392                   action
     00000AA4  A$lcc2201210$393                   action
     00000AA5  A$lcc2201210$394                   action
     00000AA7  A$lcc2201210$398                   action
     00000AA7  C$action.c$41$4_0$152              action
     00000AA9  A$lcc2201210$399                   action
     00000AAB  A$lcc2201210$404                   action
     00000AAB  C$action.c$42$5_0$153              action
     00000AAD  A$lcc2201210$405                   action
     00000AAE  A$lcc2201210$406                   action
     00000AAF  A$lcc2201210$407                   action
     00000AB1  A$lcc2201210$411                   action
     00000AB1  C$action.c$43$5_0$153              action
     00000AB4  A$lcc2201210$412                   action
     00000AB6  A$lcc2201210$413                   action
     00000AB8  A$lcc2201210$418                   action
     00000AB8  C$action.c$44$6_0$154              action
     00000ABA  A$lcc2201210$419                   action
     00000ABB  A$lcc2201210$420                   action
     00000ABC  A$lcc2201210$421                   action
     00000ABE  A$lcc2201210$425                   action
     00000ABE  C$action.c$45$6_0$154              action
     00000AC1  A$lcc2201210$426                   action
     00000AC3  A$lcc2201210$427                   action
     00000AC5  A$lcc2201210$432                   action
     00000AC5  C$action.c$46$7_0$155              action
     00000AC7  A$lcc2201210$433                   action
     00000AC8  A$lcc2201210$434                   action
     00000AC9  A$lcc2201210$435                   action
     00000ACB  A$lcc2201210$439                   action
     00000ACB  C$action.c$47$7_0$155              action
     00000ACE  A$lcc2201210$440                   action
     00000AD0  A$lcc2201210$445                   action
     00000AD0  C$action.c$51$2_0$156              action
     00000AD3  A$lcc2201210$446                   action
     00000AD4  A$lcc2201210$447                   action
     00000AD6  A$lcc2201210$448                   action
     00000AD9  A$lcc2201210$449                   action
     00000ADB  A$lcc2201210$450                   action
     00000ADD  A$lcc2201210$451                   action
     00000ADF  A$lcc2201210$452                   action
     00000AE1  A$lcc2201210$453                   action
     00000AE3  A$lcc2201210$454                   action
     00000AE5  A$lcc2201210$455                   action
     00000AE8  A$lcc2201210$463                   action
     00000AE8  C$action.c$53$3_0$157              action
ASxxxx Linker V03.00/V05.40 + sdld,  page 11.
Hexadecimal  [32-Bits]

Area                                    Addr        Size        Decimal Bytes (Attributes)
--------------------------------        ----        ----        ------- ----- ------------
_CODE                               00000200    000015FF =        5631. bytes (REL,CON)

      Value  Global                              Global Defined In Module
      -----  --------------------------------   ------------------------
     00000AE8  C$action.c$54$3_0$157              action
     00000AE9  A$lcc2201210$464                   action
     00000AEC  A$lcc2201210$465                   action
     00000AED  A$lcc2201210$466                   action
     00000AF0  A$lcc2201210$467                   action
     00000AF1  A$lcc2201210$468                   action
     00000AF4  A$lcc2201210$469                   action
     00000AF5  A$lcc2201210$473                   action
     00000AF5  C$action.c$55$3_0$157              action
     00000AF8  A$lcc2201210$474                   action
     00000AF9  A$lcc2201210$475                   action
     00000AFC  A$lcc2201210$476                   action
     00000AFD  A$lcc2201210$477                   action
     00000AFE  A$lcc2201210$478                   action
     00000AFF  A$lcc2201210$479                   action
     00000B00  A$lcc2201210$480                   action
     00000B01  A$lcc2201210$481                   action
     00000B02  A$lcc2201210$482                   action
     00000B03  A$lcc2201210$483                   action
     00000B04  A$lcc2201210$484                   action
     00000B05  A$lcc2201210$485                   action
     00000B06  A$lcc2201210$486                   action
     00000B07  A$lcc2201210$487                   action
     00000B08  A$lcc2201210$488                   action
     00000B09  A$lcc2201210$489                   action
     00000B0A  A$lcc2201210$490                   action
     00000B0B  A$lcc2201210$491                   action
     00000B0E  A$lcc2201210$492                   action
     00000B0F  A$lcc2201210$493                   action
     00000B10  A$lcc2201210$494                   action
     00000B11  A$lcc2201210$495                   action
     00000B12  A$lcc2201210$496                   action
     00000B13  A$lcc2201210$497                   action
     00000B14  A$lcc2201210$498                   action
     00000B15  A$lcc2201210$499                   action
     00000B18  A$lcc2201210$500                   action
     00000B19  A$lcc2201210$504                   action
     00000B19  C$action.c$56$3_0$157              action
     00000B1B  A$lcc2201210$512                   action
     00000B1B  C$action.c$57$3_0$157              action
     00000B1B  C$action.c$58$3_0$157              action
     00000B1C  A$lcc2201210$513                   action
     00000B1F  A$lcc2201210$514                   action
     00000B20  A$lcc2201210$515                   action
     00000B23  A$lcc2201210$516                   action
     00000B24  A$lcc2201210$517                   action
     00000B27  A$lcc2201210$518                   action
     00000B28  A$lcc2201210$522                   action
     00000B28  C$action.c$59$3_0$157              action
     00000B2B  A$lcc2201210$523                   action
     00000B2C  A$lcc2201210$524                   action
ASxxxx Linker V03.00/V05.40 + sdld,  page 12.
Hexadecimal  [32-Bits]

Area                                    Addr        Size        Decimal Bytes (Attributes)
--------------------------------        ----        ----        ------- ----- ------------
_CODE                               00000200    000015FF =        5631. bytes (REL,CON)

      Value  Global                              Global Defined In Module
      -----  --------------------------------   ------------------------
     00000B2F  A$lcc2201210$525                   action
     00000B30  A$lcc2201210$526                   action
     00000B31  A$lcc2201210$527                   action
     00000B32  A$lcc2201210$528                   action
     00000B33  A$lcc2201210$529                   action
     00000B34  A$lcc2201210$530                   action
     00000B35  A$lcc2201210$531                   action
     00000B36  A$lcc2201210$532                   action
     00000B37  A$lcc2201210$533                   action
     00000B38  A$lcc2201210$534                   action
     00000B39  A$lcc2201210$535                   action
     00000B3A  A$lcc2201210$536                   action
     00000B3B  A$lcc2201210$537                   action
     00000B3C  A$lcc2201210$538                   action
     00000B3D  A$lcc2201210$539                   action
     00000B3E  A$lcc2201210$540                   action
     00000B41  A$lcc2201210$541                   action
     00000B42  A$lcc2201210$542                   action
     00000B43  A$lcc2201210$543                   action
     00000B44  A$lcc2201210$544                   action
     00000B45  A$lcc2201210$545                   action
     00000B46  A$lcc2201210$546                   action
     00000B47  A$lcc2201210$547                   action
     00000B48  A$lcc2201210$548                   action
     00000B4B  A$lcc2201210$549                   action
     00000B4C  A$lcc2201210$553                   action
     00000B4C  C$action.c$60$3_0$157              action
     00000B4E  A$lcc2201210$561                   action
     00000B4E  C$action.c$61$3_0$157              action
     00000B4E  C$action.c$62$3_0$157              action
     00000B4F  A$lcc2201210$562                   action
     00000B52  A$lcc2201210$563                   action
     00000B53  A$lcc2201210$564                   action
     00000B56  A$lcc2201210$565                   action
     00000B57  A$lcc2201210$566                   action
     00000B5A  A$lcc2201210$567                   action
     00000B5B  A$lcc2201210$571                   action
     00000B5B  C$action.c$63$3_0$157              action
     00000B5D  A$lcc2201210$579                   action
     00000B5D  C$action.c$64$3_0$157              action
     00000B5D  C$action.c$65$3_0$157              action
     00000B5E  A$lcc2201210$580                   action
     00000B61  A$lcc2201210$581                   action
     00000B62  A$lcc2201210$582                   action
     00000B65  A$lcc2201210$583                   action
     00000B66  A$lcc2201210$584                   action
     00000B69  A$lcc2201210$585                   action
     00000B6A  A$lcc2201210$593                   action
     00000B6A  C$action.c$69$2_0$156              action
     00000B6A  C$action.c$72$2_0$158              action
     00000B6D  A$lcc2201210$594                   action
ASxxxx Linker V03.00/V05.40 + sdld,  page 13.
Hexadecimal  [32-Bits]

Area                                    Addr        Size        Decimal Bytes (Attributes)
--------------------------------        ----        ----        ------- ----- ------------
_CODE                               00000200    000015FF =        5631. bytes (REL,CON)

      Value  Global                              Global Defined In Module
      -----  --------------------------------   ------------------------
     00000B6E  A$lcc2201210$595                   action
     00000B70  A$lcc2201210$596                   action
     00000B71  A$lcc2201210$600                   action
     00000B71  C$action.c$73$3_0$159              action
     00000B72  A$lcc2201210$601                   action
     00000B74  A$lcc2201210$602                   action
     00000B77  A$lcc2201210$606                   action
     00000B77  C$action.c$74$3_0$159              action
     00000B7A  A$lcc2201210$607                   action
     00000B7C  A$lcc2201210$608                   action
     00000B7D  A$lcc2201210$609                   action
     00000B80  A$lcc2201210$610                   action
     00000B81  A$lcc2201210$611                   action
     00000B82  A$lcc2201210$612                   action
     00000B83  A$lcc2201210$613                   action
     00000B84  A$lcc2201210$614                   action
     00000B85  A$lcc2201210$615                   action
     00000B86  A$lcc2201210$616                   action
     00000B87  A$lcc2201210$617                   action
     00000B88  A$lcc2201210$618                   action
     00000B89  A$lcc2201210$619                   action
     00000B8A  A$lcc2201210$620                   action
     00000B8B  A$lcc2201210$621                   action
     00000B8C  A$lcc2201210$622                   action
     00000B8F  A$lcc2201210$623                   action
     00000B90  A$lcc2201210$624                   action
     00000B91  A$lcc2201210$625                   action
     00000B92  A$lcc2201210$626                   action
     00000B94  A$lcc2201210$627                   action
     00000B95  A$lcc2201210$628                   action
     00000B98  A$lcc2201210$633                   action
     00000B98  C$action.c$77$2_0$160              action
     00000B9B  A$lcc2201210$634                   action
     00000B9D  A$lcc2201210$635                   action
     00000B9F  A$lcc2201210$636                   action
     00000BA1  A$lcc2201210$637                   action
     00000BA2  A$lcc2201210$641                   action
     00000BA2  C$action.c$79$3_0$161              action
     00000BA3  A$lcc2201210$642                   action
     00000BA5  A$lcc2201210$643                   action
     00000BA8  A$lcc2201210$647                   action
     00000BA8  C$action.c$80$3_0$161              action
     00000BAB  A$lcc2201210$648                   action
     00000BAD  A$lcc2201210$649                   action
     00000BAE  A$lcc2201210$650                   action
     00000BB1  A$lcc2201210$651                   action
     00000BB2  A$lcc2201210$652                   action
     00000BB3  A$lcc2201210$653                   action
     00000BB4  A$lcc2201210$654                   action
     00000BB5  A$lcc2201210$655                   action
     00000BB6  A$lcc2201210$656                   action
ASxxxx Linker V03.00/V05.40 + sdld,  page 14.
Hexadecimal  [32-Bits]

Area                                    Addr        Size        Decimal Bytes (Attributes)
--------------------------------        ----        ----        ------- ----- ------------
_CODE                               00000200    000015FF =        5631. bytes (REL,CON)

      Value  Global                              Global Defined In Module
      -----  --------------------------------   ------------------------
     00000BB7  A$lcc2201210$657                   action
     00000BB8  A$lcc2201210$658                   action
     00000BB9  A$lcc2201210$659                   action
     00000BBA  A$lcc2201210$660                   action
     00000BBB  A$lcc2201210$661                   action
     00000BBC  A$lcc2201210$662                   action
     00000BBD  A$lcc2201210$663                   action
     00000BBE  A$lcc2201210$664                   action
     00000BBF  A$lcc2201210$665                   action
     00000BC0  A$lcc2201210$666                   action
     00000BC1  A$lcc2201210$667                   action
     00000BC2  A$lcc2201210$668                   action
     00000BC5  A$lcc2201210$669                   action
     00000BC6  A$lcc2201210$670                   action
     00000BC7  A$lcc2201210$671                   action
     00000BC8  A$lcc2201210$672                   action
     00000BCA  A$lcc2201210$673                   action
     00000BCB  A$lcc2201210$674                   action
     00000BCC  A$lcc2201210$675                   action
     00000BCD  A$lcc2201210$676                   action
     00000BCF  A$lcc2201210$677                   action
     00000BD0  A$lcc2201210$678                   action
     00000BD1  A$lcc2201210$679                   action
     00000BD2  A$lcc2201210$680                   action
     00000BD3  A$lcc2201210$681                   action
     00000BD4  A$lcc2201210$682                   action
     00000BD5  A$lcc2201210$683                   action
     00000BD8  A$lcc2201210$688                   action
     00000BD8  C$action.c$83$2_0$162              action
     00000BDB  A$lcc2201210$689                   action
     00000BDD  A$lcc2201210$690                   action
     00000BDF  A$lcc2201210$691                   action
     00000BE1  A$lcc2201210$692                   action
     00000BE2  A$lcc2201210$696                   action
     00000BE2  C$action.c$84$2_0$162              action
     00000BE3  A$lcc2201210$697                   action
     00000BE5  A$lcc2201210$698                   action
     00000BE8  A$lcc2201210$703                   action
     00000BE8  C$action.c$85$2_0$163              action
     00000BEB  A$lcc2201210$704                   action
     00000BED  A$lcc2201210$705                   action
     00000BEF  A$lcc2201210$706                   action
     00000BF1  A$lcc2201210$707                   action
     00000BF2  A$lcc2201210$711                   action
     00000BF2  C$action.c$86$2_0$163              action
     00000BF3  A$lcc2201210$712                   action
     00000BF5  A$lcc2201210$713                   action
     00000BF8  A$lcc2201210$718                   action
     00000BFA  A$lcc2201210$723                   action
     00000BFA  C$action.c$87$2_0$149              action
     00000BFA  XG$check_input$0$0                 action
ASxxxx Linker V03.00/V05.40 + sdld,  page 15.
Hexadecimal  [32-Bits]

Area                                    Addr        Size        Decimal Bytes (Attributes)
--------------------------------        ----        ----        ------- ----- ------------
_CODE                               00000200    000015FF =        5631. bytes (REL,CON)

      Value  Global                              Global Defined In Module
      -----  --------------------------------   ------------------------
     00000BFB  A$lcc2201211$59                    animation
     00000BFB  C$animation.c$7$0_0$134            animation
     00000BFB  G$init_animation$0$0               animation
     00000BFB  _init_animation                    animation
     00000BFD  A$lcc2201211$60                    animation
     00000BFF  A$lcc2201211$61                    animation
     00000C00  A$lcc2201211$62                    animation
     00000C01  A$lcc2201211$63                    animation
     00000C02  A$lcc2201211$64                    animation
     00000C03  A$lcc2201211$65                    animation
     00000C04  A$lcc2201211$66                    animation
     00000C05  A$lcc2201211$70                    animation
     00000C05  C$animation.c$12$1_0$134           animation
     00000C07  A$lcc2201211$71                    animation
     00000C08  A$lcc2201211$72                    animation
     00000C09  A$lcc2201211$73                    animation
     00000C0A  A$lcc2201211$74                    animation
     00000C0B  A$lcc2201211$75                    animation
     00000C0C  A$lcc2201211$76                    animation
     00000C0D  A$lcc2201211$77                    animation
     00000C0F  A$lcc2201211$78                    animation
     00000C10  A$lcc2201211$79                    animation
     00000C11  A$lcc2201211$80                    animation
     00000C12  A$lcc2201211$81                    animation
     00000C13  A$lcc2201211$82                    animation
     00000C14  A$lcc2201211$86                    animation
     00000C14  C$animation.c$14$1_0$134           animation
     00000C15  A$lcc2201211$87                    animation
     00000C16  A$lcc2201211$88                    animation
     00000C17  A$lcc2201211$89                    animation
     00000C19  A$lcc2201211$90                    animation
     00000C1A  A$lcc2201211$91                    animation
     00000C1B  A$lcc2201211$95                    animation
     00000C1B  C$animation.c$15$1_0$134           animation
     00000C1C  A$lcc2201211$96                    animation
     00000C1D  A$lcc2201211$97                    animation
     00000C1E  A$lcc2201211$98                    animation
     00000C1F  A$lcc2201211$99                    animation
     00000C20  A$lcc2201211$100                   animation
     00000C21  A$lcc2201211$101                   animation
     00000C23  A$lcc2201211$102                   animation
     00000C24  A$lcc2201211$103                   animation
     00000C25  A$lcc2201211$104                   animation
     00000C26  A$lcc2201211$108                   animation
     00000C26  C$animation.c$16$1_0$134           animation
     00000C29  A$lcc2201211$109                   animation
     00000C2A  A$lcc2201211$110                   animation
     00000C2C  A$lcc2201211$114                   animation
     00000C2C  C$animation.c$17$1_0$134           animation
     00000C2D  A$lcc2201211$115                   animation
     00000C2E  A$lcc2201211$116                   animation
ASxxxx Linker V03.00/V05.40 + sdld,  page 16.
Hexadecimal  [32-Bits]

Area                                    Addr        Size        Decimal Bytes (Attributes)
--------------------------------        ----        ----        ------- ----- ------------
_CODE                               00000200    000015FF =        5631. bytes (REL,CON)

      Value  Global                              Global Defined In Module
      -----  --------------------------------   ------------------------
     00000C2F  A$lcc2201211$117                   animation
     00000C30  A$lcc2201211$118                   animation
     00000C32  A$lcc2201211$122                   animation
     00000C32  C$animation.c$18$1_0$134           animation
     00000C35  A$lcc2201211$123                   animation
     00000C36  A$lcc2201211$124                   animation
     00000C37  A$lcc2201211$125                   animation
     00000C39  A$lcc2201211$126                   animation
     00000C3A  A$lcc2201211$127                   animation
     00000C3B  A$lcc2201211$128                   animation
     00000C3C  A$lcc2201211$132                   animation
     00000C3C  C$animation.c$21$1_0$134           animation
     00000C3D  A$lcc2201211$133                   animation
     00000C3E  A$lcc2201211$134                   animation
     00000C3F  A$lcc2201211$135                   animation
     00000C40  A$lcc2201211$136                   animation
     00000C41  A$lcc2201211$137                   animation
     00000C43  A$lcc2201211$138                   animation
     00000C44  A$lcc2201211$139                   animation
     00000C46  A$lcc2201211$140                   animation
     00000C47  A$lcc2201211$141                   animation
     00000C48  A$lcc2201211$142                   animation
     00000C4B  A$lcc2201211$143                   animation
     00000C4C  A$lcc2201211$144                   animation
     00000C4D  A$lcc2201211$145                   animation
     00000C4E  A$lcc2201211$146                   animation
     00000C4F  A$lcc2201211$147                   animation
     00000C50  A$lcc2201211$148                   animation
     00000C51  A$lcc2201211$149                   animation
     00000C52  A$lcc2201211$150                   animation
     00000C53  A$lcc2201211$151                   animation
     00000C55  A$lcc2201211$152                   animation
     00000C56  A$lcc2201211$153                   animation
     00000C58  A$lcc2201211$154                   animation
     00000C59  A$lcc2201211$155                   animation
     00000C5B  A$lcc2201211$156                   animation
     00000C5C  A$lcc2201211$157                   animation
     00000C5E  A$lcc2201211$158                   animation
     00000C5F  A$lcc2201211$159                   animation
     00000C60  A$lcc2201211$160                   animation
     00000C63  A$lcc2201211$161                   animation
     00000C64  A$lcc2201211$162                   animation
     00000C65  A$lcc2201211$163                   animation
     00000C66  A$lcc2201211$167                   animation
     00000C66  C$animation.c$24$2_0$134           animation
     00000C68  A$lcc2201211$169                   animation
     00000C69  A$lcc2201211$170                   animation
     00000C6A  A$lcc2201211$171                   animation
     00000C6B  A$lcc2201211$172                   animation
     00000C6C  A$lcc2201211$173                   animation
     00000C6E  A$lcc2201211$174                   animation
ASxxxx Linker V03.00/V05.40 + sdld,  page 17.
Hexadecimal  [32-Bits]

Area                                    Addr        Size        Decimal Bytes (Attributes)
--------------------------------        ----        ----        ------- ----- ------------
_CODE                               00000200    000015FF =        5631. bytes (REL,CON)

      Value  Global                              Global Defined In Module
      -----  --------------------------------   ------------------------
     00000C6F  A$lcc2201211$175                   animation
     00000C71  A$lcc2201211$180                   animation
     00000C71  C$animation.c$32$2_0$137           animation
     00000C72  A$lcc2201211$181                   animation
     00000C73  A$lcc2201211$182                   animation
     00000C76  A$lcc2201211$183                   animation
     00000C77  A$lcc2201211$184                   animation
     00000C78  A$lcc2201211$185                   animation
     00000C79  A$lcc2201211$186                   animation
     00000C7A  A$lcc2201211$187                   animation
     00000C7B  A$lcc2201211$188                   animation
     00000C7D  A$lcc2201211$192                   animation
     00000C7D  C$animation.c$33$2_0$137           animation
     00000C7F  A$lcc2201211$193                   animation
     00000C80  A$lcc2201211$194                   animation
     00000C81  A$lcc2201211$199                   animation
     00000C81  C$animation.c$34$2_0$134           animation
     00000C83  A$lcc2201211$200                   animation
     00000C84  A$lcc2201211$201                   animation
     00000C86  A$lcc2201211$202                   animation
     00000C87  A$lcc2201211$212                   animation
     00000C87  C$animation.c$36$2_0$139           animation
     00000C87  G$update_animation$0$0             animation
     00000C87  _update_animation                  animation
     00000C88  A$lcc2201211$213                   animation
     00000C89  A$lcc2201211$214                   animation
     00000C8A  A$lcc2201211$215                   animation
     00000C8B  A$lcc2201211$219                   animation
     00000C8B  C$animation.c$38$1_0$139           animation
     00000C8E  A$lcc2201211$220                   animation
     00000C8F  A$lcc2201211$221                   animation
     00000C90  A$lcc2201211$222                   animation
     00000C91  A$lcc2201211$223                   animation
     00000C92  A$lcc2201211$224                   animation
     00000C93  A$lcc2201211$225                   animation
     00000C94  A$lcc2201211$226                   animation
     00000C95  A$lcc2201211$227                   animation
     00000C96  A$lcc2201211$228                   animation
     00000C98  A$lcc2201211$229                   animation
     00000C99  A$lcc2201211$230                   animation
     00000C9A  A$lcc2201211$234                   animation
     00000C9A  C$animation.c$40$1_0$139           animation
     00000C9D  A$lcc2201211$235                   animation
     00000C9E  A$lcc2201211$236                   animation
     00000C9F  A$lcc2201211$237                   animation
     00000CA0  A$lcc2201211$238                   animation
     00000CA1  A$lcc2201211$239                   animation
     00000CA2  A$lcc2201211$240                   animation
     00000CA4  A$lcc2201211$241                   animation
     00000CA5  A$lcc2201211$242                   animation
     00000CA6  A$lcc2201211$246                   animation
ASxxxx Linker V03.00/V05.40 + sdld,  page 18.
Hexadecimal  [32-Bits]

Area                                    Addr        Size        Decimal Bytes (Attributes)
--------------------------------        ----        ----        ------- ----- ------------
_CODE                               00000200    000015FF =        5631. bytes (REL,CON)

      Value  Global                              Global Defined In Module
      -----  --------------------------------   ------------------------
     00000CA6  C$animation.c$41$2_0$140           animation
     00000CA7  A$lcc2201211$247                   animation
     00000CA8  A$lcc2201211$248                   animation
     00000CA9  A$lcc2201211$249                   animation
     00000CAA  A$lcc2201211$250                   animation
     00000CAB  A$lcc2201211$251                   animation
     00000CAC  A$lcc2201211$252                   animation
     00000CAE  A$lcc2201211$253                   animation
     00000CAF  A$lcc2201211$254                   animation
     00000CB1  A$lcc2201211$255                   animation
     00000CB2  A$lcc2201211$256                   animation
     00000CB3  A$lcc2201211$257                   animation
     00000CB5  A$lcc2201211$261                   animation
     00000CB5  C$animation.c$43$3_0$141           animation
     00000CB6  A$lcc2201211$262                   animation
     00000CB7  A$lcc2201211$266                   animation
     00000CB7  C$animation.c$44$3_0$141           animation
     00000CB8  A$lcc2201211$267                   animation
     00000CB9  A$lcc2201211$268                   animation
     00000CBA  A$lcc2201211$269                   animation
     00000CBB  A$lcc2201211$270                   animation
     00000CBC  A$lcc2201211$271                   animation
     00000CBD  A$lcc2201211$275                   animation
     00000CBD  C$animation.c$45$4_0$142           animation
     00000CBE  A$lcc2201211$276                   animation
     00000CBF  A$lcc2201211$277                   animation
     00000CC0  A$lcc2201211$278                   animation
     00000CC1  A$lcc2201211$279                   animation
     00000CC2  A$lcc2201211$280                   animation
     00000CC4  A$lcc2201211$284                   animation
     00000CC4  C$animation.c$46$4_0$142           animation
     00000CC6  A$lcc2201211$289                   animation
     00000CC7  A$lcc2201211$290                   animation
     00000CC8  A$lcc2201211$295                   animation
     00000CC8  C$animation.c$48$2_0$139           animation
     00000CC8  XG$update_animation$0$0            animation
     00000CC9  A$lcc2201211$305                   animation
     00000CC9  C$animation.c$50$2_0$144           animation
     00000CC9  G$set_animation$0$0                animation
     00000CC9  _set_animation                     animation
     00000CCA  A$lcc2201211$306                   animation
     00000CCB  A$lcc2201211$307                   animation
     00000CCC  A$lcc2201211$311                   animation
     00000CCC  C$animation.c$52$2_0$145           animation
     00000CCD  A$lcc2201211$312                   animation
     00000CCF  A$lcc2201211$313                   animation
     00000CD0  A$lcc2201211$314                   animation
     00000CD1  A$lcc2201211$315                   animation
     00000CD3  A$lcc2201211$316                   animation
     00000CD4  A$lcc2201211$317                   animation
     00000CD5  A$lcc2201211$318                   animation
ASxxxx Linker V03.00/V05.40 + sdld,  page 19.
Hexadecimal  [32-Bits]

Area                                    Addr        Size        Decimal Bytes (Attributes)
--------------------------------        ----        ----        ------- ----- ------------
_CODE                               00000200    000015FF =        5631. bytes (REL,CON)

      Value  Global                              Global Defined In Module
      -----  --------------------------------   ------------------------
     00000CD6  A$lcc2201211$319                   animation
     00000CD7  A$lcc2201211$326                   animation
     00000CD7  C$animation.c$53$2_0$145           animation
     00000CD7  C$animation.c$55$1_0$144           animation
     00000CD8  A$lcc2201211$327                   animation
     00000CD9  A$lcc2201211$331                   animation
     00000CD9  C$animation.c$56$1_1$146           animation
     00000CDA  A$lcc2201211$332                   animation
     00000CDB  A$lcc2201211$333                   animation
     00000CDC  A$lcc2201211$334                   animation
     00000CDD  A$lcc2201211$335                   animation
     00000CDF  A$lcc2201211$336                   animation
     00000CE0  A$lcc2201211$340                   animation
     00000CE0  C$animation.c$57$1_1$146           animation
     00000CE1  A$lcc2201211$341                   animation
     00000CE2  A$lcc2201211$342                   animation
     00000CE3  A$lcc2201211$343                   animation
     00000CE4  A$lcc2201211$344                   animation
     00000CE5  A$lcc2201211$345                   animation
     00000CE6  A$lcc2201211$349                   animation
     00000CE6  C$animation.c$58$1_1$146           animation
     00000CE9  A$lcc2201211$350                   animation
     00000CEA  A$lcc2201211$351                   animation
     00000CEC  A$lcc2201211$359                   animation
     00000CEC  C$animation.c$59$1_1$144           animation
     00000CEC  XG$set_animation$0$0               animation
     00000CED  A$lcc2201212$52                    draw
     00000CED  C$draw.c$6$0_0$135                 draw
     00000CED  G$draw_actor$0$0                   draw
     00000CED  _draw_actor                        draw
     00000CEF  A$lcc2201212$53                    draw
     00000CF1  A$lcc2201212$54                    draw
     00000CF2  A$lcc2201212$55                    draw
     00000CF3  A$lcc2201212$56                    draw
     00000CF4  A$lcc2201212$60                    draw
     00000CF4  C$draw.c$8$1_0$135                 draw
     00000CF7  A$lcc2201212$61                    draw
     00000CF8  A$lcc2201212$62                    draw
     00000CF9  A$lcc2201212$63                    draw
     00000CFA  A$lcc2201212$64                    draw
     00000CFB  A$lcc2201212$65                    draw
     00000CFC  A$lcc2201212$66                    draw
     00000CFD  A$lcc2201212$67                    draw
     00000CFE  A$lcc2201212$68                    draw
     00000D00  A$lcc2201212$69                    draw
     00000D01  A$lcc2201212$73                    draw
     00000D01  C$draw.c$9$1_0$135                 draw
     00000D03  A$lcc2201212$74                    draw
     00000D04  A$lcc2201212$75                    draw
     00000D05  A$lcc2201212$76                    draw
     00000D06  A$lcc2201212$77                    draw
ASxxxx Linker V03.00/V05.40 + sdld,  page 20.
Hexadecimal  [32-Bits]

Area                                    Addr        Size        Decimal Bytes (Attributes)
--------------------------------        ----        ----        ------- ----- ------------
_CODE                               00000200    000015FF =        5631. bytes (REL,CON)

      Value  Global                              Global Defined In Module
      -----  --------------------------------   ------------------------
     00000D09  A$lcc2201212$78                    draw
     00000D0A  A$lcc2201212$79                    draw
     00000D0B  A$lcc2201212$80                    draw
     00000D0C  A$lcc2201212$81                    draw
     00000D0E  A$lcc2201212$82                    draw
     00000D0F  A$lcc2201212$83                    draw
     00000D10  A$lcc2201212$84                    draw
     00000D11  A$lcc2201212$85                    draw
     00000D13  A$lcc2201212$86                    draw
     00000D14  A$lcc2201212$87                    draw
     00000D15  A$lcc2201212$88                    draw
     00000D16  A$lcc2201212$89                    draw
     00000D17  A$lcc2201212$90                    draw
     00000D18  A$lcc2201212$91                    draw
     00000D1A  A$lcc2201212$92                    draw
     00000D1B  A$lcc2201212$96                    draw
     00000D1B  C$draw.c$11$1_0$135                draw
     00000D1D  A$lcc2201212$97                    draw
     00000D1E  A$lcc2201212$98                    draw
     00000D1F  A$lcc2201212$99                    draw
     00000D20  A$lcc2201212$100                   draw
     00000D21  A$lcc2201212$101                   draw
     00000D22  A$lcc2201212$102                   draw
     00000D23  A$lcc2201212$103                   draw
     00000D24  A$lcc2201212$104                   draw
     00000D25  A$lcc2201212$105                   draw
     00000D26  A$lcc2201212$106                   draw
     00000D27  A$lcc2201212$107                   draw
     00000D28  A$lcc2201212$108                   draw
     00000D29  A$lcc2201212$109                   draw
     00000D2C  A$lcc2201212$110                   draw
     00000D2D  A$lcc2201212$111                   draw
     00000D2E  A$lcc2201212$112                   draw
     00000D2F  A$lcc2201212$113                   draw
     00000D31  A$lcc2201212$114                   draw
     00000D32  A$lcc2201212$115                   draw
     00000D33  A$lcc2201212$116                   draw
     00000D34  A$lcc2201212$117                   draw
     00000D36  A$lcc2201212$118                   draw
     00000D37  A$lcc2201212$119                   draw
     00000D38  A$lcc2201212$120                   draw
     00000D39  A$lcc2201212$121                   draw
     00000D3A  A$lcc2201212$122                   draw
     00000D3C  A$lcc2201212$123                   draw
     00000D3D  A$lcc2201212$124                   draw
     00000D3E  A$lcc2201212$128                   draw
     00000D3E  C$draw.c$12$1_0$135                draw
     00000D3F  A$lcc2201212$129                   draw
     00000D40  A$lcc2201212$130                   draw
     00000D41  A$lcc2201212$131                   draw
     00000D42  A$lcc2201212$132                   draw
ASxxxx Linker V03.00/V05.40 + sdld,  page 21.
Hexadecimal  [32-Bits]

Area                                    Addr        Size        Decimal Bytes (Attributes)
--------------------------------        ----        ----        ------- ----- ------------
_CODE                               00000200    000015FF =        5631. bytes (REL,CON)

      Value  Global                              Global Defined In Module
      -----  --------------------------------   ------------------------
     00000D45  A$lcc2201212$133                   draw
     00000D46  A$lcc2201212$134                   draw
     00000D47  A$lcc2201212$135                   draw
     00000D48  A$lcc2201212$136                   draw
     00000D4A  A$lcc2201212$137                   draw
     00000D4B  A$lcc2201212$138                   draw
     00000D4C  A$lcc2201212$139                   draw
     00000D4D  A$lcc2201212$140                   draw
     00000D4F  A$lcc2201212$141                   draw
     00000D50  A$lcc2201212$142                   draw
     00000D51  A$lcc2201212$143                   draw
     00000D52  A$lcc2201212$144                   draw
     00000D53  A$lcc2201212$145                   draw
     00000D54  A$lcc2201212$146                   draw
     00000D55  A$lcc2201212$147                   draw
     00000D56  A$lcc2201212$148                   draw
     00000D57  A$lcc2201212$149                   draw
     00000D58  A$lcc2201212$150                   draw
     00000D59  A$lcc2201212$151                   draw
     00000D5B  A$lcc2201212$152                   draw
     00000D5D  A$lcc2201212$153                   draw
     00000D5E  A$lcc2201212$154                   draw
     00000D5F  A$lcc2201212$155                   draw
     00000D60  A$lcc2201212$156                   draw
     00000D61  A$lcc2201212$157                   draw
     00000D62  A$lcc2201212$158                   draw
     00000D63  A$lcc2201212$162                   draw
     00000D63  C$draw.c$14$1_0$135                draw
     00000D66  A$lcc2201212$163                   draw
     00000D67  A$lcc2201212$164                   draw
     00000D68  A$lcc2201212$165                   draw
     00000D6A  A$lcc2201212$169                   draw
     00000D6A  C$draw.c$15$1_0$135                draw
     00000D6B  A$lcc2201212$170                   draw
     00000D6C  A$lcc2201212$171                   draw
     00000D6D  A$lcc2201212$172                   draw
     00000D6E  A$lcc2201212$173                   draw
     00000D6F  A$lcc2201212$174                   draw
     00000D70  A$lcc2201212$175                   draw
     00000D71  A$lcc2201212$176                   draw
     00000D74  A$lcc2201212$177                   draw
     00000D76  A$lcc2201212$178                   draw
     00000D77  A$lcc2201212$179                   draw
     00000D78  A$lcc2201212$180                   draw
     00000D79  A$lcc2201212$181                   draw
     00000D7A  A$lcc2201212$182                   draw
     00000D7B  A$lcc2201212$183                   draw
     00000D7C  A$lcc2201212$184                   draw
     00000D7D  A$lcc2201212$188                   draw
     00000D7D  C$draw.c$17$1_0$135                draw
     00000D7F  A$lcc2201212$189                   draw
ASxxxx Linker V03.00/V05.40 + sdld,  page 22.
Hexadecimal  [32-Bits]

Area                                    Addr        Size        Decimal Bytes (Attributes)
--------------------------------        ----        ----        ------- ----- ------------
_CODE                               00000200    000015FF =        5631. bytes (REL,CON)

      Value  Global                              Global Defined In Module
      -----  --------------------------------   ------------------------
     00000D80  A$lcc2201212$190                   draw
     00000D81  A$lcc2201212$191                   draw
     00000D83  A$lcc2201212$192                   draw
     00000D84  A$lcc2201212$193                   draw
     00000D86  A$lcc2201212$194                   draw
     00000D87  A$lcc2201212$195                   draw
     00000D89  A$lcc2201212$199                   draw
     00000D89  C$draw.c$20$2_0$135                draw
     00000D8B  A$lcc2201212$201                   draw
     00000D8C  A$lcc2201212$202                   draw
     00000D8E  A$lcc2201212$203                   draw
     00000D8F  A$lcc2201212$204                   draw
     00000D91  A$lcc2201212$206                   draw
     00000D92  A$lcc2201212$207                   draw
     00000D93  A$lcc2201212$208                   draw
     00000D94  A$lcc2201212$209                   draw
     00000D95  A$lcc2201212$210                   draw
     00000D96  A$lcc2201212$211                   draw
     00000D98  A$lcc2201212$212                   draw
     00000D9B  A$lcc2201212$213                   draw
     00000D9C  A$lcc2201212$214                   draw
     00000D9D  A$lcc2201212$215                   draw
     00000D9E  A$lcc2201212$216                   draw
     00000D9F  A$lcc2201212$218                   draw
     00000DA0  A$lcc2201212$219                   draw
     00000DA1  A$lcc2201212$220                   draw
     00000DA2  A$lcc2201212$221                   draw
     00000DA3  A$lcc2201212$222                   draw
     00000DA4  A$lcc2201212$223                   draw
     00000DA5  A$lcc2201212$224                   draw
     00000DA8  A$lcc2201212$225                   draw
     00000DA9  A$lcc2201212$226                   draw
     00000DAA  A$lcc2201212$227                   draw
     00000DAB  A$lcc2201212$228                   draw
     00000DAC  A$lcc2201212$229                   draw
     00000DAD  A$lcc2201212$233                   draw
     00000DAD  C$draw.c$20$2_0$136                draw
     00000DAE  A$lcc2201212$234                   draw
     00000DB0  A$lcc2201212$239                   draw
     00000DB0  C$draw.c$24$2_0$137                draw
     00000DB2  A$lcc2201212$240                   draw
     00000DB3  A$lcc2201212$241                   draw
     00000DB4  A$lcc2201212$242                   draw
     00000DB6  A$lcc2201212$244                   draw
     00000DB8  A$lcc2201212$245                   draw
     00000DB9  A$lcc2201212$247                   draw
     00000DBB  A$lcc2201212$248                   draw
     00000DBC  A$lcc2201212$249                   draw
     00000DBD  A$lcc2201212$250                   draw
     00000DBE  A$lcc2201212$251                   draw
     00000DBF  A$lcc2201212$252                   draw
ASxxxx Linker V03.00/V05.40 + sdld,  page 23.
Hexadecimal  [32-Bits]

Area                                    Addr        Size        Decimal Bytes (Attributes)
--------------------------------        ----        ----        ------- ----- ------------
_CODE                               00000200    000015FF =        5631. bytes (REL,CON)

      Value  Global                              Global Defined In Module
      -----  --------------------------------   ------------------------
     00000DC0  A$lcc2201212$253                   draw
     00000DC1  A$lcc2201212$254                   draw
     00000DC2  A$lcc2201212$255                   draw
     00000DC4  A$lcc2201212$256                   draw
     00000DC6  A$lcc2201212$258                   draw
     00000DC8  A$lcc2201212$259                   draw
     00000DCA  A$lcc2201212$260                   draw
     00000DCB  A$lcc2201212$261                   draw
     00000DCD  A$lcc2201212$262                   draw
     00000DCE  A$lcc2201212$263                   draw
     00000DD0  A$lcc2201212$264                   draw
     00000DD1  A$lcc2201212$265                   draw
     00000DD2  A$lcc2201212$266                   draw
     00000DD3  A$lcc2201212$267                   draw
     00000DD4  A$lcc2201212$268                   draw
     00000DD7  A$lcc2201212$269                   draw
     00000DD8  A$lcc2201212$270                   draw
     00000DD9  A$lcc2201212$271                   draw
     00000DDA  A$lcc2201212$272                   draw
     00000DDC  A$lcc2201212$273                   draw
     00000DDD  A$lcc2201212$274                   draw
     00000DDE  A$lcc2201212$275                   draw
     00000DDF  A$lcc2201212$276                   draw
     00000DE1  A$lcc2201212$278                   draw
     00000DE2  A$lcc2201212$279                   draw
     00000DE3  A$lcc2201212$280                   draw
     00000DE4  A$lcc2201212$281                   draw
     00000DE5  A$lcc2201212$282                   draw
     00000DE7  A$lcc2201212$283                   draw
     00000DE8  A$lcc2201212$284                   draw
     00000DE9  A$lcc2201212$285                   draw
     00000DEB  A$lcc2201212$286                   draw
     00000DEC  A$lcc2201212$287                   draw
     00000DED  A$lcc2201212$288                   draw
     00000DEE  A$lcc2201212$289                   draw
     00000DEF  A$lcc2201212$290                   draw
     00000DF1  A$lcc2201212$291                   draw
     00000DF2  A$lcc2201212$292                   draw
     00000DF3  A$lcc2201212$296                   draw
     00000DF3  C$draw.c$26$2_0$137                draw
     00000DF6  A$lcc2201212$301                   draw
     00000DF6  C$draw.c$28$3_0$139                draw
     00000DF8  A$lcc2201212$302                   draw
     00000DF9  A$lcc2201212$303                   draw
     00000DFB  A$lcc2201212$304                   draw
     00000DFE  A$lcc2201212$308                   draw
     00000E01  A$lcc2201212$309                   draw
     00000E03  A$lcc2201212$310                   draw
     00000E04  A$lcc2201212$311                   draw
     00000E05  A$lcc2201212$312                   draw
     00000E06  A$lcc2201212$313                   draw
ASxxxx Linker V03.00/V05.40 + sdld,  page 24.
Hexadecimal  [32-Bits]

Area                                    Addr        Size        Decimal Bytes (Attributes)
--------------------------------        ----        ----        ------- ----- ------------
_CODE                               00000200    000015FF =        5631. bytes (REL,CON)

      Value  Global                              Global Defined In Module
      -----  --------------------------------   ------------------------
     00000E07  A$lcc2201212$314                   draw
     00000E08  A$lcc2201212$315                   draw
     00000E09  A$lcc2201212$316                   draw
     00000E0A  A$lcc2201212$317                   draw
     00000E0B  A$lcc2201212$321                   draw
     00000E0B  C$draw.c$26$2_0$135                draw
     00000E0D  A$lcc2201212$322                   draw
     00000E0E  A$lcc2201212$323                   draw
     00000E10  A$lcc2201212$324                   draw
     00000E11  A$lcc2201212$328                   draw
     00000E11  C$draw.c$30$5_0$141                draw
     00000E13  A$lcc2201212$329                   draw
     00000E16  A$lcc2201212$332                   draw
     00000E17  A$lcc2201212$333                   draw
     00000E18  A$lcc2201212$334                   draw
     00000E19  A$lcc2201212$335                   draw
     00000E1A  A$lcc2201212$336                   draw
     00000E1B  A$lcc2201212$337                   draw
     00000E1C  A$lcc2201212$338                   draw
     00000E1D  A$lcc2201212$339                   draw
     00000E1F  A$lcc2201212$340                   draw
     00000E21  A$lcc2201212$342                   draw
     00000E23  A$lcc2201212$343                   draw
     00000E25  A$lcc2201212$344                   draw
     00000E26  A$lcc2201212$345                   draw
     00000E28  A$lcc2201212$346                   draw
     00000E29  A$lcc2201212$347                   draw
     00000E2B  A$lcc2201212$348                   draw
     00000E2C  A$lcc2201212$349                   draw
     00000E2D  A$lcc2201212$350                   draw
     00000E2E  A$lcc2201212$351                   draw
     00000E2F  A$lcc2201212$352                   draw
     00000E32  A$lcc2201212$353                   draw
     00000E33  A$lcc2201212$354                   draw
     00000E34  A$lcc2201212$355                   draw
     00000E35  A$lcc2201212$356                   draw
     00000E37  A$lcc2201212$357                   draw
     00000E38  A$lcc2201212$358                   draw
     00000E39  A$lcc2201212$359                   draw
     00000E3A  A$lcc2201212$360                   draw
     00000E3C  A$lcc2201212$361                   draw
     00000E3D  A$lcc2201212$362                   draw
     00000E3E  A$lcc2201212$363                   draw
     00000E3F  A$lcc2201212$364                   draw
     00000E40  A$lcc2201212$365                   draw
     00000E42  A$lcc2201212$366                   draw
     00000E43  A$lcc2201212$367                   draw
     00000E44  A$lcc2201212$369                   draw
     00000E45  A$lcc2201212$370                   draw
     00000E46  A$lcc2201212$371                   draw
     00000E47  A$lcc2201212$372                   draw
ASxxxx Linker V03.00/V05.40 + sdld,  page 25.
Hexadecimal  [32-Bits]

Area                                    Addr        Size        Decimal Bytes (Attributes)
--------------------------------        ----        ----        ------- ----- ------------
_CODE                               00000200    000015FF =        5631. bytes (REL,CON)

      Value  Global                              Global Defined In Module
      -----  --------------------------------   ------------------------
     00000E48  A$lcc2201212$373                   draw
     00000E4A  A$lcc2201212$374                   draw
     00000E4B  A$lcc2201212$375                   draw
     00000E4C  A$lcc2201212$376                   draw
     00000E4E  A$lcc2201212$377                   draw
     00000E4F  A$lcc2201212$378                   draw
     00000E50  A$lcc2201212$379                   draw
     00000E51  A$lcc2201212$380                   draw
     00000E52  A$lcc2201212$381                   draw
     00000E53  A$lcc2201212$382                   draw
     00000E54  A$lcc2201212$383                   draw
     00000E55  A$lcc2201212$384                   draw
     00000E56  A$lcc2201212$385                   draw
     00000E58  A$lcc2201212$386                   draw
     00000E59  A$lcc2201212$387                   draw
     00000E5A  A$lcc2201212$388                   draw
     00000E5B  A$lcc2201212$389                   draw
     00000E5D  A$lcc2201212$390                   draw
     00000E5E  A$lcc2201212$391                   draw
     00000E5F  A$lcc2201212$392                   draw
     00000E60  A$lcc2201212$393                   draw
     00000E61  A$lcc2201212$394                   draw
     00000E63  A$lcc2201212$395                   draw
     00000E64  A$lcc2201212$396                   draw
     00000E65  A$lcc2201212$398                   draw
     00000E67  A$lcc2201212$399                   draw
     00000E68  A$lcc2201212$400                   draw
     00000E6A  A$lcc2201212$401                   draw
     00000E6B  A$lcc2201212$402                   draw
     00000E6C  A$lcc2201212$403                   draw
[...]
ASxxxx Linker V03.00/V05.40 + sdld,  page 70.
Hexadecimal  [32-Bits]

Area                                    Addr        Size        Decimal Bytes (Attributes)
--------------------------------        ----        ----        ------- ----- ------------
_HEADERf                            00000000    00000001 =           1. bytes (ABS,CON)

      Value  Global                              Global Defined In Module
      -----  --------------------------------   ------------------------
ASxxxx Linker V03.00/V05.40 + sdld,  page 71.
Hexadecimal  [32-Bits]

Area                                    Addr        Size        Decimal Bytes (Attributes)
--------------------------------        ----        ----        ------- ----- ------------
_HEADER10                           00000000    00000002 =           2. bytes (ABS,CON)

      Value  Global                              Global Defined In Module
      -----  --------------------------------   ------------------------
ASxxxx Linker V03.00/V05.40 + sdld,  page 72.
Hexadecimal  [32-Bits]

Area                                    Addr        Size        Decimal Bytes (Attributes)
--------------------------------        ----        ----        ------- ----- ------------
_HEADER11                           00000000    000000AB =         171. bytes (ABS,CON)

      Value  Global                              Global Defined In Module
      -----  --------------------------------   ------------------------
     00000150  .reset                             Runtime
     00000150  _reset                             Runtime
     00000157  .code_start                        Runtime
     000001B9  _exit                              Runtime
     000001BD  .wait_vbl_done                     Runtime
     000001BD  _vsync                             Runtime
     000001BD  _wait_vbl_done                     Runtime
     000001CD  .remove_VBL                        Runtime
     000001CD  _remove_VBL                        Runtime
     000001D0  .remove_int                        Runtime
     000001ED  .add_VBL                           Runtime
     000001ED  _add_VBL                           Runtime
     000001F0  .add_int                           Runtime

ASxxxx Linker V03.00/V05.40 + sdld,  page 73.
Hexadecimal  [32-Bits]

Area                                    Addr        Size        Decimal Bytes (Attributes)
--------------------------------        ----        ----        ------- ----- ------------
_HOME                               000017FF    0000012C =         300. bytes (REL,CON)

      Value  Global                              Global Defined In Module
      -----  --------------------------------   ------------------------
     000017FF  .memset_simple                     Runtime
     00001808  .memcpy_simple                     Runtime
     00001825  .display_off                       Runtime
     00001825  _display_off                       Runtime
     0000183D  _set_tile_data                     
     00001842  _set_bkg_data                      
     00001842  _set_win_data                      
     0000184A  _set_sprite_data                   
     0000187A  .padup                             
     0000187A  _waitpadup                         
     0000188A  .jpad                              
     0000188A  _joypad                            
     000018B2  _waitpad                           
     000018B3  .wait_pad                          
     000018BA  ___sdcc_call_hl                    call_hl
     000018BB  _set_bkg_tiles                     
     000018CF  .set_xy_wtt                        SetTileMap
     000018D8  .set_xy_btt                        SetTileMap
     000018E7  .set_xy_tt                         SetTileMap

ASxxxx Linker V03.00/V05.40 + sdld,  page 74.
Hexadecimal  [32-Bits]

Area                                    Addr        Size        Decimal Bytes (Attributes)
--------------------------------        ----        ----        ------- ----- ------------
_INITIALIZER                        0000192B    00000188 =         392. bytes (REL,CON)

      Value  Global                              Global Defined In Module
      -----  --------------------------------   ------------------------
     0000192B  Fspr_Player_down0$__xinit_spr_Pl   spr_Player_down0
     0000193B  Fspr_Player_down0$__xinit_spr_Pl   spr_Player_down0
     0000194B  Fspr_Player_down0$__xinit_spr_Pl   spr_Player_down0
     0000195B  Fspr_Player_down0$__xinit_spr_Pl   spr_Player_down0
     0000196B  Fspr_Player_down1$__xinit_spr_Pl   spr_Player_down1
     0000197B  Fspr_Player_down1$__xinit_spr_Pl   spr_Player_down1
     0000198B  Fspr_Player_down1$__xinit_spr_Pl   spr_Player_down1
     0000199B  Fspr_Player_down1$__xinit_spr_Pl   spr_Player_down1
     000019AB  Fspr_Player_down2$__xinit_spr_Pl   spr_Player_down2
     000019BB  Fspr_Player_down2$__xinit_spr_Pl   spr_Player_down2
     000019CB  Fspr_Player_down2$__xinit_spr_Pl   spr_Player_down2
     000019DB  Fspr_Player_down2$__xinit_spr_Pl   spr_Player_down2
     000019EB  Fspr_Player_up0$__xinit_spr_Play   spr_Player_up0
     000019FB  Fspr_Player_up0$__xinit_spr_Play   spr_Player_up0
     00001A0B  Fspr_Player_up0$__xinit_spr_Play   spr_Player_up0
     00001A1B  Fspr_Player_up0$__xinit_spr_Play   spr_Player_up0
     00001A2B  Fspr_Player_up1$__xinit_spr_Play   spr_Player_up1
     00001A3B  Fspr_Player_up1$__xinit_spr_Play   spr_Player_up1
     00001A4B  Fspr_Player_up1$__xinit_spr_Play   spr_Player_up1
     00001A5B  Fspr_Player_up1$__xinit_spr_Play   spr_Player_up1
     00001A6B  Fspr_Player_up2$__xinit_spr_Play   spr_Player_up2
     00001A7B  Fspr_Player_up2$__xinit_spr_Play   spr_Player_up2
     00001A8B  Fspr_Player_up2$__xinit_spr_Play   spr_Player_up2
     00001A9B  Fspr_Player_up2$__xinit_spr_Play   spr_Player_up2
     00001AAB  Faction$__xinit_MOVE_SPEED$0_0$0   action
     00001AAC  Faction$__xinit_current_directio   action
     00001AAD  Faction$__xinit_last_keys$0_0$0    action
     00001AAE  Fentity$__xinit_next_entity_id$0   entity
     00001AB0  Fgender_selection$__xinit_GENDER   gender_selection
     00001AB1  Fload$__xinit_vram_next_index$0_   load
ASxxxx Linker V03.00/V05.40 + sdld,  page 75.
Hexadecimal  [32-Bits]

Area                                    Addr        Size        Decimal Bytes (Attributes)
--------------------------------        ----        ----        ------- ----- ------------
_GSINIT                             00001AB3    0000000F =          15. bytes (REL,CON)

      Value  Global                              Global Defined In Module
      -----  --------------------------------   ------------------------
     00001AB3  gsinit                             Runtime

ASxxxx Linker V03.00/V05.40 + sdld,  page 76.
Hexadecimal  [32-Bits]

Area                                    Addr        Size        Decimal Bytes (Attributes)
--------------------------------        ----        ----        ------- ----- ------------
_GSFINAL                            00001AC2    00000001 =           1. bytes (REL,CON)

      Value  Global                              Global Defined In Module
      -----  --------------------------------   ------------------------
ASxxxx Linker V03.00/V05.40 + sdld,  page 77.
Hexadecimal  [32-Bits]

Area                                    Addr        Size        Decimal Bytes (Attributes)
--------------------------------        ----        ----        ------- ----- ------------
_DATA                               0000C0A0    00001D2F =        7471. bytes (REL,CON)

      Value  Global                              Global Defined In Module
      -----  --------------------------------   ------------------------
     0000C0A0  __cpu                              Runtime
     0000C0A1  __is_GBA                           Runtime
     0000C0A2  .mode                              Runtime
     0000C0A3  .sys_time                          Runtime
     0000C0A3  _sys_time                          Runtime
     0000C0A5  .int_0x40                          Runtime
     0000C0B1  G$animation$0_0$0                  animation
     0000C0B1  _animation                         animation
     0000D931  G$player$0_0$0                     player
     0000D931  _player                            player
     0000D933  G$player_animations$0_0$0          player
     0000D933  _player_animations                 player
     0000D937  G$position$0_0$0                   position
     0000D937  _position                          position
     0000DC37  G$render$0_0$0                     render
     0000DC37  _render                            render
     0000DDB7  G$scene_manager$0_0$0              scene_manager
     0000DDB7  _scene_manager                     scene_manager
     0000DDB9  G$GenderSelect$0_0$0               gender_select
     0000DDB9  _GenderSelect                      gender_select
     0000DDC1  G$Map_00$0_0$0                     map_00
     0000DDC1  _Map_00                            map_00
     0000DDC9  Lmain.main$game$1_1$179            main
     0000DDCD  ___sdcc_heap_free                  malloc
ASxxxx Linker V03.00/V05.40 + sdld,  page 78.
Hexadecimal  [32-Bits]

Area                                    Addr        Size        Decimal Bytes (Attributes)
--------------------------------        ----        ----        ------- ----- ------------
_INITIALIZED                        0000DDCF    00000188 =         392. bytes (REL,CON)

      Value  Global                              Global Defined In Module
      -----  --------------------------------   ------------------------
     0000DDCF  G$spr_Player_down0_00$0_0$0        spr_Player_down0
     0000DDCF  _spr_Player_down0_00               spr_Player_down0
     0000DDDF  G$spr_Player_down0_10$0_0$0        spr_Player_down0
     0000DDDF  _spr_Player_down0_10               spr_Player_down0
     0000DDEF  G$spr_Player_down0_01$0_0$0        spr_Player_down0
     0000DDEF  _spr_Player_down0_01               spr_Player_down0
     0000DDFF  G$spr_Player_down0_11$0_0$0        spr_Player_down0
     0000DDFF  _spr_Player_down0_11               spr_Player_down0
     0000DE0F  G$spr_Player_down1_00$0_0$0        spr_Player_down1
     0000DE0F  _spr_Player_down1_00               spr_Player_down1
     0000DE1F  G$spr_Player_down1_10$0_0$0        spr_Player_down1
     0000DE1F  _spr_Player_down1_10               spr_Player_down1
     0000DE2F  G$spr_Player_down1_01$0_0$0        spr_Player_down1
     0000DE2F  _spr_Player_down1_01               spr_Player_down1
     0000DE3F  G$spr_Player_down1_11$0_0$0        spr_Player_down1
     0000DE3F  _spr_Player_down1_11               spr_Player_down1
     0000DE4F  G$spr_Player_down2_00$0_0$0        spr_Player_down2
     0000DE4F  _spr_Player_down2_00               spr_Player_down2
     0000DE5F  G$spr_Player_down2_10$0_0$0        spr_Player_down2
     0000DE5F  _spr_Player_down2_10               spr_Player_down2
     0000DE6F  G$spr_Player_down2_01$0_0$0        spr_Player_down2
     0000DE6F  _spr_Player_down2_01               spr_Player_down2
     0000DE7F  G$spr_Player_down2_11$0_0$0        spr_Player_down2
     0000DE7F  _spr_Player_down2_11               spr_Player_down2
     0000DE8F  G$spr_Player_up0_00$0_0$0          spr_Player_up0
     0000DE8F  _spr_Player_up0_00                 spr_Player_up0
     0000DE9F  G$spr_Player_up0_10$0_0$0          spr_Player_up0
     0000DE9F  _spr_Player_up0_10                 spr_Player_up0
     0000DEAF  G$spr_Player_up0_01$0_0$0          spr_Player_up0
     0000DEAF  _spr_Player_up0_01                 spr_Player_up0
     0000DEBF  G$spr_Player_up0_11$0_0$0          spr_Player_up0
     0000DEBF  _spr_Player_up0_11                 spr_Player_up0
     0000DECF  G$spr_Player_up1_00$0_0$0          spr_Player_up1
     0000DECF  _spr_Player_up1_00                 spr_Player_up1
     0000DEDF  G$spr_Player_up1_10$0_0$0          spr_Player_up1
     0000DEDF  _spr_Player_up1_10                 spr_Player_up1
     0000DEEF  G$spr_Player_up1_01$0_0$0          spr_Player_up1
     0000DEEF  _spr_Player_up1_01                 spr_Player_up1
     0000DEFF  G$spr_Player_up1_11$0_0$0          spr_Player_up1
     0000DEFF  _spr_Player_up1_11                 spr_Player_up1
     0000DF0F  G$spr_Player_up2_00$0_0$0          spr_Player_up2
     0000DF0F  _spr_Player_up2_00                 spr_Player_up2
     0000DF1F  G$spr_Player_up2_10$0_0$0          spr_Player_up2
     0000DF1F  _spr_Player_up2_10                 spr_Player_up2
     0000DF2F  G$spr_Player_up2_01$0_0$0          spr_Player_up2
     0000DF2F  _spr_Player_up2_01                 spr_Player_up2
     0000DF3F  G$spr_Player_up2_11$0_0$0          spr_Player_up2
     0000DF3F  _spr_Player_up2_11                 spr_Player_up2
     0000DF4F  G$MOVE_SPEED$0_0$0                 action
     0000DF4F  _MOVE_SPEED                        action
ASxxxx Linker V03.00/V05.40 + sdld,  page 79.
Hexadecimal  [32-Bits]

Area                                    Addr        Size        Decimal Bytes (Attributes)
--------------------------------        ----        ----        ------- ----- ------------
_INITIALIZED                        0000DDCF    00000188 =         392. bytes (REL,CON)

      Value  Global                              Global Defined In Module
      -----  --------------------------------   ------------------------
     0000DF50  G$current_direction$0_0$0          action
     0000DF50  _current_direction                 action
     0000DF51  G$last_keys$0_0$0                  action
     0000DF51  _last_keys                         action
     0000DF52  G$next_entity_id$0_0$0             entity
     0000DF52  _next_entity_id                    entity
     0000DF54  G$GENDER$0_0$0                     gender_selection
     0000DF54  _GENDER                            gender_selection
     0000DF55  G$vram_next_index$0_0$0            load
     0000DF55  _vram_next_index                   load
     0000DF56  __map_tile_offset                  SetTileMap

ASxxxx Linker V03.00/V05.40 + sdld,  page 80.
Hexadecimal  [32-Bits]

Area                                    Addr        Size        Decimal Bytes (Attributes)
--------------------------------        ----        ----        ------- ----- ------------
_HEAP                               0000DF57    000007FF =        2047. bytes (REL,CON)

      Value  Global                              Global Defined In Module
      -----  --------------------------------   ------------------------
     0000DF57  ___sdcc_heap                       

ASxxxx Linker V03.00/V05.40 + sdld,  page 81.
Hexadecimal  [32-Bits]

Area                                    Addr        Size        Decimal Bytes (Attributes)
--------------------------------        ----        ----        ------- ----- ------------
_HEAP_END                           0000E756    00000001 =           1. bytes (REL,CON)

      Value  Global                              Global Defined In Module
      -----  --------------------------------   ------------------------
     0000E756  ___sdcc_heap_end                   

ASxxxx Linker V03.00/V05.40 + sdld,  page 82.
Hexadecimal  [32-Bits]

Area                                    Addr        Size        Decimal Bytes (Attributes)
--------------------------------        ----        ----        ------- ----- ------------
_HRAM                               0000FF80    00000013 =          19. bytes (REL,CON)

      Value  Global                              Global Defined In Module
      -----  --------------------------------   ------------------------
     0000FF80  .refresh_OAM                       Runtime
     0000FF90  __current_bank                     Runtime
     0000FF91  __vbl_done                         Runtime
     0000FF92  __shadow_OAM_base                  Runtime

ASxxxx Linker V03.00/V05.40 + sdld,  page 83.

Files Linked                              [ module(s) ]

C:\Program Files\GBDK\lib/gb/crt0.o       [ Runtime ]
C:\Users\Bau_M\AppData\Local\Temp/lcc220120.o
                                          [ gender_select_tilemap ]
C:\Users\Bau_M\AppData\Local\Temp/lcc220121.o
                                          [ gender_select_tileset ]
C:\Users\Bau_M\AppData\Local\Temp/lcc220122.o
                                          [ template_tilemap ]
C:\Users\Bau_M\AppData\Local\Temp/lcc220123.o
                                          [ template_tileset ]
C:\Users\Bau_M\AppData\Local\Temp/lcc220124.o
                                          [ spr_Player_down0 ]
C:\Users\Bau_M\AppData\Local\Temp/lcc220125.o
                                          [ spr_Player_down1 ]
C:\Users\Bau_M\AppData\Local\Temp/lcc220126.o
                                          [ spr_Player_down2 ]
C:\Users\Bau_M\AppData\Local\Temp/lcc220127.o
                                          [ spr_Player_up0 ]
C:\Users\Bau_M\AppData\Local\Temp/lcc220128.o
                                          [ spr_Player_up1 ]
C:\Users\Bau_M\AppData\Local\Temp/lcc220129.o
                                          [ spr_Player_up2 ]
C:\Users\Bau_M\AppData\Local\Temp/lcc2201210.o
                                          [ action ]
C:\Users\Bau_M\AppData\Local\Temp/lcc2201211.o
                                          [ animation ]
C:\Users\Bau_M\AppData\Local\Temp/lcc2201212.o
                                          [ draw ]
C:\Users\Bau_M\AppData\Local\Temp/lcc2201213.o
                                          [ entity ]
C:\Users\Bau_M\AppData\Local\Temp/lcc2201214.o
                                          [ gender_selection ]
C:\Users\Bau_M\AppData\Local\Temp/lcc2201215.o
                                          [ global_action ]
C:\Users\Bau_M\AppData\Local\Temp/lcc2201216.o
                                          [ load ]
C:\Users\Bau_M\AppData\Local\Temp/lcc2201217.o
                                          [ map_scenes ]
C:\Users\Bau_M\AppData\Local\Temp/lcc2201218.o
                                          [ player ]
C:\Users\Bau_M\AppData\Local\Temp/lcc2201219.o
                                          [ position ]
C:\Users\Bau_M\AppData\Local\Temp/lcc2201220.o
                                          [ render ]
C:\Users\Bau_M\AppData\Local\Temp/lcc2201221.o
                                          [ scene ]
C:\Users\Bau_M\AppData\Local\Temp/lcc2201222.o
                                          [ scene_manager ]
C:\Users\Bau_M\AppData\Local\Temp/lcc2201223.o
                                          [ gender_select ]
C:\Users\Bau_M\AppData\Local\Temp/lcc2201224.o
                                          [ gender_select_init ]
C:\Users\Bau_M\AppData\Local\Temp/lcc2201225.o
                                          [ gender_select_update ]
C:\Users\Bau_M\AppData\Local\Temp/lcc2201226.o
                                          [ map_00 ]
C:\Users\Bau_M\AppData\Local\Temp/lcc2201227.o
                                          [ map_00_init ]
C:\Users\Bau_M\AppData\Local\Temp/lcc2201228.o
                                          [ map_00_update ]
C:\Users\Bau_M\AppData\Local\Temp/lcc2201229.o
                                          [ main ]


Libraries Linked                          [ object file ]

C:\Program Files\GBDK\lib/sm83/sm83.lib   [ free.o ]
C:\Program Files\GBDK\lib/sm83/sm83.lib   [ malloc.o ]
C:\Program Files\GBDK\lib/gb/gb.lib       [ set_data.o ]
C:\Program Files\GBDK\lib/sm83/sm83.lib   [ mul.o ]
C:\Program Files\GBDK\lib/gb/gb.lib       [ pad.o ]
C:\Program Files\GBDK\lib/sm83/sm83.lib   [ __sdcc_call_hl.o ]
C:\Program Files\GBDK\lib/gb/gb.lib       [ sfr.o ]
C:\Program Files\GBDK\lib/gb/gb.lib       [ heap.o ]
C:\Program Files\GBDK\lib/gb/gb.lib       [ set_bk_t.o ]
C:\Program Files\GBDK\lib/gb/gb.lib       [ set_xy_t.o ]

ASxxxx Linker V03.00/V05.40 + sdld,  page 84.

User Base Address Definitions

_DATA=0xC0A0
_CODE=0x0200
_HRAM=0xFF80
ASxxxx Linker V03.00/V05.40 + sdld,  page 85.

User Global Definitions

_shadow_OAM=0xC000
.STACK=0xE000

