ASxxxx Linker V03.00/V05.40 + sdld,  page 1.
Hexadecimal  [32-Bits]

Area                                    Addr        Size        Decimal Bytes (Attributes)
--------------------------------        ----        ----        ------- ----- ------------
.  .ABS.                            00000000    00000000 =           0. bytes (ABS,CON)

      Value  Global                              Global Defined In Module
      -----  --------------------------------   ------------------------
     00000000  .__.ABS.                           SetTileMap
     00000000  _rMBC7_SRAM_ENABLE_1               
     00000000  _rRAMG                             
     00000000  l__BASE                         
     00000000  l__BSS                          
     00000000  l__CABS                         
     00000000  l__CODE_0                       
     00000000  l__DABS                         
     00000000  l__HEADER                       
     00000000  l__LIT                          
     00000000  s__CABS                         
     00000000  s__DABS                         
     00000000  s__HEADER                       
     00000000  s__HEADER0                      
     00000000  s__HEADER1                      
     00000000  s__HEADER10                     
     00000000  s__HEADER11                     
     00000000  s__HEADER2                      
     00000000  s__HEADER3                      
     00000000  s__HEADER4                      
     00000000  s__HEADER5                      
     00000000  s__HEADER6                      
     00000000  s__HEADER7                      
     00000000  s__HEADER8                      
     00000000  s__HEADER9                      
     00000000  s__HEADERa                      
     00000000  s__HEADERb                      
     00000000  s__HEADERc                      
     00000000  s__HEADERd                      
     00000000  s__HEADERe                      
     00000000  s__HEADERf                      
     00000001  l__GSFINAL                      
     00000001  l__HEADER0                      
     00000001  l__HEADER5                      
     00000001  l__HEADERa                      
     00000001  l__HEADERb                      
     00000001  l__HEADERc                      
     00000001  l__HEADERe                      
     00000001  l__HEADERf                      
     00000001  l__HEAP_END                     
     00000002  l__HEADER10                     
     00000002  l__HEADER6                      
     00000002  l__HEADERd                      
     00000003  l__HEADER9                      
     00000005  l__HEADER1                      
     00000006  l__HEADER8                      
     00000007  l__HEADER2                      
     00000008  l__HEADER3                      
     0000000F  l__GSINIT                       
     00000013  l__HRAM                         
ASxxxx Linker V03.00/V05.40 + sdld,  page 2.
Hexadecimal  [32-Bits]

Area                                    Addr        Size        Decimal Bytes (Attributes)
--------------------------------        ----        ----        ------- ----- ------------
.  .ABS.                            00000000    00000000 =           0. bytes (ABS,CON)

      Value  Global                              Global Defined In Module
      -----  --------------------------------   ------------------------
     00000030  l__HEADER7                      
     00000060  l__HEADER4                      
     000000AB  l__HEADER11                     
     0000012C  l__HOME                         
     000001A0  l__DATA                         
     000001DF  l__INITIALIZED                  
     000001DF  l__INITIALIZER                  
     00000200  s__CODE                         
     000007FF  l__HEAP                         
     00002000  _rROMB0                            
     00002C6B  l__CODE                         
     00002E6B  s__HOME                         
     00002F97  s__BASE                         
     00002F97  s__CODE_0                       
     00002F97  s__INITIALIZER                  
     00002F97  s__LIT                          
     00003000  _rROMB1                            
     00003176  s__GSINIT                       
     00003185  s__GSFINAL                      
     00004000  _rMBC7_SRAM_ENABLE_2               
     00004000  _rRAMB                             
     00008000  __VRAM                             
     00008000  __VRAM8000                         
     00008800  __VRAM8800                         
     00009000  __VRAM9000                         
     00009800  __SCRN0                            
     00009C00  __SCRN1                            
     0000A000  __SRAM                             
     0000A000  _rMBC7_LATCH_1                     
     0000A010  _rMBC7_LATCH_2                     
     0000A020  _rMBC7_ACCEL_X_LO                  
     0000A030  _rMBC7_ACCEL_X_HI                  
     0000A040  _rMBC7_ACCEL_Y_LO                  
     0000A050  _rMBC7_ACCEL_Y_HI                  
     0000C000  __RAM                              
     0000C000  _shadow_OAM                     
     0000C0A0  s__DATA                         
     0000C240  s__BSS                          
     0000C240  s__INITIALIZED                  
     0000C41F  s__HEAP                         
     0000CC1E  s__HEAP_END                     
     0000D000  __RAMBANK                          
     0000E000  .STACK                          
     0000FE00  __OAMRAM                           
     0000FF00  _P1_REG                            
     0000FF00  __IO                               
     0000FF01  _SB_REG                            
     0000FF02  _SC_REG                            
     0000FF04  _DIV_REG                           
     0000FF05  _TIMA_REG                          
     0000FF06  _TMA_REG                           
ASxxxx Linker V03.00/V05.40 + sdld,  page 3.
Hexadecimal  [32-Bits]

Area                                    Addr        Size        Decimal Bytes (Attributes)
--------------------------------        ----        ----        ------- ----- ------------
.  .ABS.                            00000000    00000000 =           0. bytes (ABS,CON)

      Value  Global                              Global Defined In Module
      -----  --------------------------------   ------------------------
     0000FF07  _TAC_REG                           
     0000FF0F  _IF_REG                            
     0000FF10  _NR10_REG                          
     0000FF11  _NR11_REG                          
     0000FF12  _NR12_REG                          
     0000FF13  _NR13_REG                          
     0000FF14  _NR14_REG                          
     0000FF16  _NR21_REG                          
     0000FF17  _NR22_REG                          
     0000FF18  _NR23_REG                          
     0000FF19  _NR24_REG                          
     0000FF1A  _NR30_REG                          
     0000FF1B  _NR31_REG                          
     0000FF1C  _NR32_REG                          
     0000FF1D  _NR33_REG                          
     0000FF1E  _NR34_REG                          
     0000FF20  _NR41_REG                          
     0000FF21  _NR42_REG                          
     0000FF22  _NR43_REG                          
     0000FF23  _NR44_REG                          
     0000FF24  _NR50_REG                          
     0000FF25  _NR51_REG                          
     0000FF26  _NR52_REG                          
     0000FF30  _AUD3WAVE                          
     0000FF30  _PCM_SAMPLE                        
     0000FF30  __AUD3WAVERAM                      
     0000FF40  _LCDC_REG                          
     0000FF41  _STAT_REG                          
     0000FF42  _SCY_REG                           
     0000FF43  _SCX_REG                           
     0000FF44  _LY_REG                            
     0000FF45  _LYC_REG                           
     0000FF46  _DMA_REG                           
     0000FF47  _BGP_REG                           
     0000FF48  _OBP0_REG                          
     0000FF49  _OBP1_REG                          
     0000FF4A  _WY_REG                            
     0000FF4B  _WX_REG                            
     0000FF4D  _KEY1_REG                          
     0000FF4F  _VBK_REG                           
     0000FF51  _HDMA1_REG                         
     0000FF52  _HDMA2_REG                         
     0000FF53  _HDMA3_REG                         
     0000FF54  _HDMA4_REG                         
     0000FF55  _HDMA5_REG                         
     0000FF56  _RP_REG                            
     0000FF68  _BCPS_REG                          
     0000FF69  _BCPD_REG                          
     0000FF6A  _OCPS_REG                          
     0000FF6B  _OCPD_REG                          
     0000FF70  _SVBK_REG                          
ASxxxx Linker V03.00/V05.40 + sdld,  page 4.
Hexadecimal  [32-Bits]

Area                                    Addr        Size        Decimal Bytes (Attributes)
--------------------------------        ----        ----        ------- ----- ------------
.  .ABS.                            00000000    00000000 =           0. bytes (ABS,CON)

      Value  Global                              Global Defined In Module
      -----  --------------------------------   ------------------------
     0000FF76  _PCM12_REG                         
     0000FF77  _PCM34_REG                         
     0000FF80  __HRAM                             
     0000FF80  s__HRAM                         
     0000FFFF  _IE_REG                            

ASxxxx Linker V03.00/V05.40 + sdld,  page 5.
Hexadecimal  [32-Bits]

Area                                    Addr        Size        Decimal Bytes (Attributes)
--------------------------------        ----        ----        ------- ----- ------------
_CODE                               00000200    00002C6B =       11371. bytes (REL,CON)

      Value  Global                              Global Defined In Module
      -----  --------------------------------   ------------------------
     00000200  G$chars_tileset$0_0$0              chars
     00000200  _chars_tileset                     chars
     000003F0  G$chars_tilemap$0_0$0              chars
     000003F0  _chars_tilemap                     chars
     0000040E  G$numbers_tileset$0_0$0            numbers
     0000040E  _numbers_tileset                   numbers
     000004AE  G$numbers_tilemap$0_0$0            numbers
     000004AE  _numbers_tilemap                   numbers
     000004B8  G$gender_select_tilemap$0_0$0      gender_select_tilemap
     000004B8  _gender_select_tilemap             gender_select_tilemap
     00000620  G$gender_select_tileset$0_0$0      gender_select_tileset
     00000620  _gender_select_tileset             gender_select_tileset
     00000910  G$inventory_bkg_tileset$0_0$0      inventory_bkg
     00000910  _inventory_bkg_tileset             inventory_bkg
     00000C50  G$inventory_bkg_tilemap$0_0$0      inventory_bkg
     00000C50  _inventory_bkg_tilemap             inventory_bkg
     00000DB8  G$example_tileset$0_0$0            map_example
     00000DB8  _example_tileset                   map_example
     00001268  G$example_tilemap$0_0$0            map_example
     00001268  _example_tilemap                   map_example
     000013D0  G$template_tilemap$0_0$0           template_tilemap
     000013D0  _template_tilemap                  template_tilemap
     00001538  G$template_tileset$0_0$0           template_tileset
     00001538  _template_tileset                  template_tileset
     00001708  G$spr_Branch$0_0$0                 spr_Branch
     00001708  _spr_Branch                        spr_Branch
     00001718  A$lcc394017$70                     action
     00001718  C$action.c$13$0_0$150              action
     00001718  G$move_up$0$0                      action
     00001718  _move_up                           action
     0000171A  A$lcc394017$71                     action
     0000171C  A$lcc394017$72                     action
     0000171D  A$lcc394017$76                     action
     0000171D  C$action.c$15$2_0$151              action
     00001720  A$lcc394017$77                     action
     00001722  A$lcc394017$81                     action
     00001722  C$action.c$16$2_0$151              action
     00001724  A$lcc394017$85                     action
     00001724  C$action.c$18$1_0$150              action
     00001726  A$lcc394017$86                     action
     00001727  A$lcc394017$87                     action
     00001728  A$lcc394017$88                     action
     0000172A  A$lcc394017$89                     action
     0000172B  A$lcc394017$90                     action
     0000172D  A$lcc394017$91                     action
     0000172F  A$lcc394017$92                     action
     00001730  A$lcc394017$93                     action
     00001733  A$lcc394017$94                     action
     00001735  A$lcc394017$95                     action
     00001736  A$lcc394017$96                     action
ASxxxx Linker V03.00/V05.40 + sdld,  page 6.
Hexadecimal  [32-Bits]

Area                                    Addr        Size        Decimal Bytes (Attributes)
--------------------------------        ----        ----        ------- ----- ------------
_CODE                               00000200    00002C6B =       11371. bytes (REL,CON)

      Value  Global                              Global Defined In Module
      -----  --------------------------------   ------------------------
     00001737  A$lcc394017$97                     action
     00001738  A$lcc394017$98                     action
     00001739  A$lcc394017$99                     action
     0000173A  A$lcc394017$100                    action
     0000173B  A$lcc394017$101                    action
     0000173C  A$lcc394017$102                    action
     0000173D  A$lcc394017$103                    action
     0000173E  A$lcc394017$104                    action
     0000173F  A$lcc394017$105                    action
     00001741  A$lcc394017$106                    action
     00001742  A$lcc394017$107                    action
     00001744  A$lcc394017$108                    action
     00001745  A$lcc394017$109                    action
     00001747  A$lcc394017$110                    action
     00001748  A$lcc394017$111                    action
     0000174A  A$lcc394017$112                    action
     0000174B  A$lcc394017$113                    action
     0000174D  A$lcc394017$114                    action
     0000174E  A$lcc394017$115                    action
     00001750  A$lcc394017$116                    action
     00001751  A$lcc394017$117                    action
     00001752  A$lcc394017$118                    action
     00001753  A$lcc394017$119                    action
     00001754  A$lcc394017$120                    action
     00001755  A$lcc394017$121                    action
     00001756  A$lcc394017$122                    action
     00001757  A$lcc394017$123                    action
     00001758  A$lcc394017$124                    action
     00001759  A$lcc394017$125                    action
     0000175A  A$lcc394017$126                    action
     0000175C  A$lcc394017$127                    action
     0000175D  A$lcc394017$128                    action
     0000175E  A$lcc394017$129                    action
     0000175F  A$lcc394017$130                    action
     00001760  A$lcc394017$131                    action
     00001761  A$lcc394017$132                    action
     00001762  A$lcc394017$133                    action
     00001763  A$lcc394017$134                    action
     00001764  A$lcc394017$135                    action
     00001765  A$lcc394017$136                    action
     00001766  A$lcc394017$140                    action
     00001766  C$action.c$19$1_0$150              action
     00001769  A$lcc394017$141                    action
     0000176A  A$lcc394017$142                    action
     0000176B  A$lcc394017$143                    action
     0000176D  A$lcc394017$144                    action
     0000176E  A$lcc394017$145                    action
     0000176F  A$lcc394017$146                    action
     00001770  A$lcc394017$147                    action
     00001771  A$lcc394017$148                    action
     00001772  A$lcc394017$153                    action
ASxxxx Linker V03.00/V05.40 + sdld,  page 7.
Hexadecimal  [32-Bits]

Area                                    Addr        Size        Decimal Bytes (Attributes)
--------------------------------        ----        ----        ------- ----- ------------
_CODE                               00000200    00002C6B =       11371. bytes (REL,CON)

      Value  Global                              Global Defined In Module
      -----  --------------------------------   ------------------------
     00001774  A$lcc394017$158                    action
     00001774  C$action.c$20$1_0$150              action
     00001774  XG$move_up$0$0                     action
     00001775  A$lcc394017$168                    action
     00001775  C$action.c$22$1_0$153              action
     00001775  G$move_down$0$0                    action
     00001775  _move_down                         action
     00001777  A$lcc394017$169                    action
     00001779  A$lcc394017$170                    action
     0000177A  A$lcc394017$174                    action
     0000177A  C$action.c$24$2_0$154              action
     0000177D  A$lcc394017$175                    action
     0000177F  A$lcc394017$179                    action
     0000177F  C$action.c$25$2_0$154              action
     00001781  A$lcc394017$183                    action
     00001781  C$action.c$27$1_0$153              action
     00001783  A$lcc394017$184                    action
     00001784  A$lcc394017$185                    action
     00001785  A$lcc394017$186                    action
     00001787  A$lcc394017$187                    action
     00001788  A$lcc394017$188                    action
     0000178A  A$lcc394017$189                    action
     0000178C  A$lcc394017$190                    action
     0000178D  A$lcc394017$191                    action
     00001790  A$lcc394017$192                    action
     00001792  A$lcc394017$193                    action
     00001793  A$lcc394017$194                    action
     00001794  A$lcc394017$195                    action
     00001795  A$lcc394017$196                    action
     00001796  A$lcc394017$197                    action
     00001797  A$lcc394017$198                    action
     00001798  A$lcc394017$199                    action
     00001799  A$lcc394017$200                    action
     0000179B  A$lcc394017$201                    action
     0000179C  A$lcc394017$202                    action
     0000179D  A$lcc394017$203                    action
     0000179F  A$lcc394017$204                    action
     000017A0  A$lcc394017$205                    action
     000017A1  A$lcc394017$206                    action
     000017A2  A$lcc394017$207                    action
     000017A3  A$lcc394017$208                    action
     000017A4  A$lcc394017$209                    action
     000017A5  A$lcc394017$210                    action
     000017A6  A$lcc394017$211                    action
     000017A7  A$lcc394017$212                    action
     000017A8  A$lcc394017$213                    action
     000017A9  A$lcc394017$217                    action
     000017A9  C$action.c$28$1_0$153              action
     000017AC  A$lcc394017$218                    action
     000017AE  A$lcc394017$219                    action
     000017AF  A$lcc394017$220                    action
ASxxxx Linker V03.00/V05.40 + sdld,  page 8.
Hexadecimal  [32-Bits]

Area                                    Addr        Size        Decimal Bytes (Attributes)
--------------------------------        ----        ----        ------- ----- ------------
_CODE                               00000200    00002C6B =       11371. bytes (REL,CON)

      Value  Global                              Global Defined In Module
      -----  --------------------------------   ------------------------
     000017B1  A$lcc394017$221                    action
     000017B2  A$lcc394017$222                    action
     000017B3  A$lcc394017$223                    action
     000017B4  A$lcc394017$224                    action
     000017B5  A$lcc394017$225                    action
     000017B6  A$lcc394017$230                    action
     000017B8  A$lcc394017$235                    action
     000017B8  C$action.c$29$1_0$153              action
     000017B8  XG$move_down$0$0                   action
     000017B9  A$lcc394017$245                    action
     000017B9  C$action.c$31$1_0$156              action
     000017B9  G$move_left$0$0                    action
     000017B9  _move_left                         action
     000017BB  A$lcc394017$246                    action
     000017BD  A$lcc394017$247                    action
     000017BE  A$lcc394017$251                    action
     000017BE  C$action.c$33$2_0$157              action
     000017C1  A$lcc394017$252                    action
     000017C3  A$lcc394017$256                    action
     000017C3  C$action.c$34$2_0$157              action
     000017C5  A$lcc394017$260                    action
     000017C5  C$action.c$36$1_0$156              action
     000017C7  A$lcc394017$261                    action
     000017C8  A$lcc394017$262                    action
     000017C9  A$lcc394017$263                    action
     000017CB  A$lcc394017$264                    action
     000017CC  A$lcc394017$265                    action
     000017CE  A$lcc394017$266                    action
     000017D0  A$lcc394017$267                    action
     000017D1  A$lcc394017$268                    action
     000017D4  A$lcc394017$269                    action
     000017D6  A$lcc394017$270                    action
     000017D7  A$lcc394017$271                    action
     000017D8  A$lcc394017$272                    action
     000017D9  A$lcc394017$273                    action
     000017DA  A$lcc394017$274                    action
     000017DB  A$lcc394017$275                    action
     000017DC  A$lcc394017$276                    action
     000017DD  A$lcc394017$277                    action
     000017DE  A$lcc394017$278                    action
     000017DF  A$lcc394017$279                    action
     000017E0  A$lcc394017$280                    action
     000017E2  A$lcc394017$281                    action
     000017E3  A$lcc394017$282                    action
     000017E5  A$lcc394017$283                    action
     000017E6  A$lcc394017$284                    action
     000017E8  A$lcc394017$285                    action
     000017E9  A$lcc394017$286                    action
     000017EB  A$lcc394017$287                    action
     000017EC  A$lcc394017$288                    action
     000017EE  A$lcc394017$289                    action
ASxxxx Linker V03.00/V05.40 + sdld,  page 9.
Hexadecimal  [32-Bits]

Area                                    Addr        Size        Decimal Bytes (Attributes)
--------------------------------        ----        ----        ------- ----- ------------
_CODE                               00000200    00002C6B =       11371. bytes (REL,CON)

      Value  Global                              Global Defined In Module
      -----  --------------------------------   ------------------------
     000017EF  A$lcc394017$290                    action
     000017F1  A$lcc394017$291                    action
     000017F2  A$lcc394017$292                    action
     000017F3  A$lcc394017$293                    action
     000017F4  A$lcc394017$294                    action
     000017F5  A$lcc394017$295                    action
     000017F6  A$lcc394017$296                    action
     000017F7  A$lcc394017$297                    action
     000017F8  A$lcc394017$298                    action
     000017F9  A$lcc394017$299                    action
     000017FA  A$lcc394017$300                    action
     000017FB  A$lcc394017$301                    action
     000017FD  A$lcc394017$302                    action
     000017FE  A$lcc394017$303                    action
     000017FF  A$lcc394017$304                    action
     00001800  A$lcc394017$305                    action
     00001801  A$lcc394017$309                    action
     00001801  C$action.c$37$1_0$156              action
     00001802  A$lcc394017$310                    action
     00001803  A$lcc394017$311                    action
     00001804  A$lcc394017$312                    action
     00001805  A$lcc394017$313                    action
     00001806  A$lcc394017$314                    action
     00001807  A$lcc394017$315                    action
     00001808  A$lcc394017$316                    action
     00001809  A$lcc394017$317                    action
     0000180C  A$lcc394017$318                    action
     0000180D  A$lcc394017$319                    action
     0000180F  A$lcc394017$320                    action
     00001810  A$lcc394017$321                    action
     00001811  A$lcc394017$322                    action
     00001812  A$lcc394017$323                    action
     00001813  A$lcc394017$324                    action
     00001814  A$lcc394017$325                    action
     00001815  A$lcc394017$330                    action
     00001817  A$lcc394017$335                    action
     00001817  C$action.c$38$1_0$156              action
     00001817  XG$move_left$0$0                   action
     00001818  A$lcc394017$345                    action
     00001818  C$action.c$40$1_0$159              action
     00001818  G$move_right$0$0                   action
     00001818  _move_right                        action
     0000181A  A$lcc394017$346                    action
     0000181C  A$lcc394017$347                    action
     0000181D  A$lcc394017$351                    action
     0000181D  C$action.c$42$2_0$160              action
     00001820  A$lcc394017$352                    action
     00001822  A$lcc394017$356                    action
     00001822  C$action.c$43$2_0$160              action
     00001824  A$lcc394017$360                    action
     00001824  C$action.c$45$1_0$159              action
ASxxxx Linker V03.00/V05.40 + sdld,  page 10.
Hexadecimal  [32-Bits]

Area                                    Addr        Size        Decimal Bytes (Attributes)
--------------------------------        ----        ----        ------- ----- ------------
_CODE                               00000200    00002C6B =       11371. bytes (REL,CON)

      Value  Global                              Global Defined In Module
      -----  --------------------------------   ------------------------
     00001826  A$lcc394017$361                    action
     00001827  A$lcc394017$362                    action
     00001828  A$lcc394017$363                    action
     0000182A  A$lcc394017$364                    action
     0000182B  A$lcc394017$365                    action
     0000182D  A$lcc394017$366                    action
     0000182F  A$lcc394017$367                    action
     00001830  A$lcc394017$368                    action
     00001833  A$lcc394017$369                    action
     00001835  A$lcc394017$370                    action
     00001836  A$lcc394017$371                    action
     00001837  A$lcc394017$372                    action
     00001838  A$lcc394017$373                    action
     00001839  A$lcc394017$374                    action
     0000183A  A$lcc394017$375                    action
     0000183B  A$lcc394017$376                    action
     0000183C  A$lcc394017$377                    action
     0000183E  A$lcc394017$378                    action
     0000183F  A$lcc394017$379                    action
     00001840  A$lcc394017$380                    action
     00001842  A$lcc394017$381                    action
     00001843  A$lcc394017$382                    action
     00001844  A$lcc394017$383                    action
     00001845  A$lcc394017$384                    action
     00001846  A$lcc394017$385                    action
     00001847  A$lcc394017$386                    action
     00001848  A$lcc394017$387                    action
     00001849  A$lcc394017$388                    action
     0000184A  A$lcc394017$389                    action
     0000184B  A$lcc394017$390                    action
     0000184C  A$lcc394017$394                    action
     0000184C  C$action.c$46$1_0$159              action
     0000184D  A$lcc394017$395                    action
     00001850  A$lcc394017$396                    action
     00001852  A$lcc394017$397                    action
     00001853  A$lcc394017$398                    action
     00001855  A$lcc394017$399                    action
     00001856  A$lcc394017$400                    action
     00001857  A$lcc394017$401                    action
     00001858  A$lcc394017$402                    action
     00001859  A$lcc394017$403                    action
     0000185A  A$lcc394017$404                    action
     0000185B  A$lcc394017$409                    action
     0000185D  A$lcc394017$414                    action
     0000185D  C$action.c$47$1_0$159              action
     0000185D  XG$move_right$0$0                  action
     0000185E  A$lcc394017$424                    action
     0000185E  C$action.c$49$1_0$162              action
     0000185E  G$check_input$0$0                  action
     0000185E  _check_input                       action
     00001860  A$lcc394017$428                    action
ASxxxx Linker V03.00/V05.40 + sdld,  page 11.
Hexadecimal  [32-Bits]

Area                                    Addr        Size        Decimal Bytes (Attributes)
--------------------------------        ----        ----        ------- ----- ------------
_CODE                               00000200    00002C6B =       11371. bytes (REL,CON)

      Value  Global                              Global Defined In Module
      -----  --------------------------------   ------------------------
     00001860  C$action.c$51$1_0$162              action
     00001863  A$lcc394017$429                    action
     00001865  A$lcc394017$430                    action
     00001866  A$lcc394017$434                    action
     00001866  C$action.c$53$2_0$163              action
     00001867  A$lcc394017$435                    action
     00001869  A$lcc394017$436                    action
     0000186B  A$lcc394017$437                    action
     0000186C  A$lcc394017$438                    action
     0000186E  A$lcc394017$439                    action
     00001871  A$lcc394017$440                    action
     00001873  A$lcc394017$441                    action
     00001875  A$lcc394017$445                    action
     00001875  C$action.c$55$3_0$164              action
     00001878  A$lcc394017$446                    action
     00001879  A$lcc394017$447                    action
     0000187C  A$lcc394017$448                    action
     0000187D  A$lcc394017$449                    action
     0000187E  A$lcc394017$450                    action
     0000187F  A$lcc394017$451                    action
     00001880  A$lcc394017$452                    action
     00001881  A$lcc394017$453                    action
     00001882  A$lcc394017$454                    action
     00001885  A$lcc394017$455                    action
     00001887  A$lcc394017$456                    action
     00001888  A$lcc394017$457                    action
     0000188A  A$lcc394017$458                    action
     0000188B  A$lcc394017$459                    action
     0000188C  A$lcc394017$460                    action
     0000188F  A$lcc394017$465                    action
     0000188F  C$action.c$61$1_0$162              action
     00001891  A$lcc394017$466                    action
     00001892  A$lcc394017$467                    action
     00001894  A$lcc394017$468                    action
     00001895  A$lcc394017$472                    action
     00001895  C$action.c$63$1_0$162              action
     00001896  A$lcc394017$473                    action
     00001897  A$lcc394017$474                    action
     00001898  A$lcc394017$475                    action
     00001899  A$lcc394017$476                    action
     0000189B  A$lcc394017$477                    action
     0000189D  A$lcc394017$478                    action
     0000189E  A$lcc394017$479                    action
     000018A0  A$lcc394017$483                    action
     000018A0  C$action.c$65$1_0$162              action
     000018A2  A$lcc394017$484                    action
     000018A3  A$lcc394017$485                    action
     000018A5  A$lcc394017$486                    action
     000018A7  A$lcc394017$487                    action
     000018A8  A$lcc394017$488                    action
     000018AA  A$lcc394017$492                    action
ASxxxx Linker V03.00/V05.40 + sdld,  page 12.
Hexadecimal  [32-Bits]

Area                                    Addr        Size        Decimal Bytes (Attributes)
--------------------------------        ----        ----        ------- ----- ------------
_CODE                               00000200    00002C6B =       11371. bytes (REL,CON)

      Value  Global                              Global Defined In Module
      -----  --------------------------------   ------------------------
     000018AA  C$action.c$67$1_0$162              action
     000018AC  A$lcc394017$493                    action
     000018AD  A$lcc394017$494                    action
     000018AF  A$lcc394017$495                    action
     000018B1  A$lcc394017$496                    action
     000018B2  A$lcc394017$497                    action
     000018B4  A$lcc394017$501                    action
     000018B4  C$action.c$59$2_0$165              action
     000018B7  A$lcc394017$505                    action
     000018B7  C$action.c$61$4_0$167              action
     000018B8  A$lcc394017$506                    action
     000018BA  A$lcc394017$507                    action
     000018BC  A$lcc394017$508                    action
     000018BD  A$lcc394017$509                    action
     000018BF  A$lcc394017$513                    action
     000018BF  C$action.c$62$4_0$167              action
     000018C2  A$lcc394017$514                    action
     000018C4  A$lcc394017$515                    action
     000018C6  A$lcc394017$520                    action
     000018C6  C$action.c$63$5_0$168              action
     000018C7  A$lcc394017$521                    action
     000018C9  A$lcc394017$522                    action
     000018CA  A$lcc394017$523                    action
     000018CC  A$lcc394017$527                    action
     000018CC  C$action.c$64$5_0$168              action
     000018CF  A$lcc394017$528                    action
     000018D1  A$lcc394017$529                    action
     000018D3  A$lcc394017$534                    action
     000018D3  C$action.c$65$6_0$169              action
     000018D4  A$lcc394017$535                    action
     000018D6  A$lcc394017$536                    action
     000018D7  A$lcc394017$537                    action
     000018D9  A$lcc394017$541                    action
     000018D9  C$action.c$66$6_0$169              action
     000018DC  A$lcc394017$542                    action
     000018DE  A$lcc394017$543                    action
     000018E0  A$lcc394017$548                    action
     000018E0  C$action.c$67$7_0$170              action
     000018E1  A$lcc394017$549                    action
     000018E3  A$lcc394017$550                    action
     000018E4  A$lcc394017$551                    action
     000018E6  A$lcc394017$555                    action
     000018E6  C$action.c$68$7_0$170              action
     000018E9  A$lcc394017$556                    action
     000018EB  A$lcc394017$561                    action
     000018EB  C$action.c$72$2_0$171              action
     000018EE  A$lcc394017$562                    action
     000018EF  A$lcc394017$563                    action
     000018F1  A$lcc394017$564                    action
     000018F4  A$lcc394017$565                    action
     000018F6  A$lcc394017$566                    action
ASxxxx Linker V03.00/V05.40 + sdld,  page 13.
Hexadecimal  [32-Bits]

Area                                    Addr        Size        Decimal Bytes (Attributes)
--------------------------------        ----        ----        ------- ----- ------------
_CODE                               00000200    00002C6B =       11371. bytes (REL,CON)

      Value  Global                              Global Defined In Module
      -----  --------------------------------   ------------------------
     000018F8  A$lcc394017$567                    action
     000018FA  A$lcc394017$568                    action
     000018FC  A$lcc394017$569                    action
     000018FE  A$lcc394017$570                    action
     00001900  A$lcc394017$571                    action
     00001902  A$lcc394017$579                    action
     00001902  C$action.c$74$3_0$172              action
     00001902  C$action.c$75$3_0$172              action
     00001905  A$lcc394017$580                    action
     00001908  A$lcc394017$584                    action
     00001908  C$action.c$76$3_0$172              action
     0000190B  A$lcc394017$585                    action
     0000190D  A$lcc394017$586                    action
     0000190E  A$lcc394017$587                    action
     00001911  A$lcc394017$588                    action
     00001912  A$lcc394017$589                    action
     00001914  A$lcc394017$590                    action
     00001915  A$lcc394017$591                    action
     00001916  A$lcc394017$592                    action
     00001917  A$lcc394017$593                    action
     00001918  A$lcc394017$594                    action
     00001919  A$lcc394017$595                    action
     0000191A  A$lcc394017$596                    action
     0000191B  A$lcc394017$597                    action
     0000191C  A$lcc394017$598                    action
     0000191D  A$lcc394017$599                    action
     00001920  A$lcc394017$600                    action
     00001921  A$lcc394017$601                    action
     00001922  A$lcc394017$602                    action
     00001923  A$lcc394017$603                    action
     00001925  A$lcc394017$604                    action
     00001926  A$lcc394017$605                    action
     00001929  A$lcc394017$609                    action
     00001929  C$action.c$77$3_0$172              action
     0000192B  A$lcc394017$617                    action
     0000192B  C$action.c$78$3_0$172              action
     0000192B  C$action.c$79$3_0$172              action
     0000192E  A$lcc394017$618                    action
     00001931  A$lcc394017$622                    action
     00001931  C$action.c$80$3_0$172              action
     00001934  A$lcc394017$623                    action
     00001936  A$lcc394017$624                    action
     00001937  A$lcc394017$625                    action
     0000193A  A$lcc394017$626                    action
     0000193B  A$lcc394017$627                    action
     0000193D  A$lcc394017$628                    action
     0000193E  A$lcc394017$629                    action
     0000193F  A$lcc394017$630                    action
     00001940  A$lcc394017$631                    action
     00001941  A$lcc394017$632                    action
     00001942  A$lcc394017$633                    action
ASxxxx Linker V03.00/V05.40 + sdld,  page 14.
Hexadecimal  [32-Bits]

Area                                    Addr        Size        Decimal Bytes (Attributes)
--------------------------------        ----        ----        ------- ----- ------------
_CODE                               00000200    00002C6B =       11371. bytes (REL,CON)

      Value  Global                              Global Defined In Module
      -----  --------------------------------   ------------------------
     00001943  A$lcc394017$634                    action
     00001944  A$lcc394017$635                    action
     00001945  A$lcc394017$636                    action
     00001946  A$lcc394017$637                    action
     00001947  A$lcc394017$638                    action
     00001948  A$lcc394017$639                    action
     00001949  A$lcc394017$640                    action
     0000194A  A$lcc394017$641                    action
     0000194B  A$lcc394017$642                    action
     0000194E  A$lcc394017$643                    action
     0000194F  A$lcc394017$644                    action
     00001950  A$lcc394017$645                    action
     00001951  A$lcc394017$646                    action
     00001953  A$lcc394017$647                    action
     00001954  A$lcc394017$648                    action
     00001955  A$lcc394017$649                    action
     00001956  A$lcc394017$650                    action
     00001958  A$lcc394017$651                    action
     00001959  A$lcc394017$652                    action
     0000195A  A$lcc394017$653                    action
     0000195B  A$lcc394017$654                    action
     0000195C  A$lcc394017$655                    action
     0000195D  A$lcc394017$656                    action
     0000195E  A$lcc394017$657                    action
     00001961  A$lcc394017$661                    action
     00001961  C$action.c$81$3_0$172              action
     00001963  A$lcc394017$669                    action
     00001963  C$action.c$82$3_0$172              action
     00001963  C$action.c$83$3_0$172              action
     00001966  A$lcc394017$670                    action
     00001969  A$lcc394017$674                    action
     00001969  C$action.c$84$3_0$172              action
     0000196B  A$lcc394017$682                    action
     0000196B  C$action.c$85$3_0$172              action
     0000196B  C$action.c$86$3_0$172              action
     0000196E  A$lcc394017$683                    action
     00001971  A$lcc394017$691                    action
     00001971  C$action.c$90$2_0$171              action
     00001971  C$action.c$93$2_0$173              action
     00001974  A$lcc394017$692                    action
     00001975  A$lcc394017$693                    action
     00001977  A$lcc394017$694                    action
     00001979  A$lcc394017$698                    action
     00001979  C$action.c$95$3_0$174              action
     0000197A  A$lcc394017$699                    action
     0000197C  A$lcc394017$700                    action
     0000197F  A$lcc394017$704                    action
     0000197F  C$action.c$96$3_0$174              action
     00001982  A$lcc394017$705                    action
     00001984  A$lcc394017$706                    action
     00001985  A$lcc394017$707                    action
ASxxxx Linker V03.00/V05.40 + sdld,  page 15.
Hexadecimal  [32-Bits]

Area                                    Addr        Size        Decimal Bytes (Attributes)
--------------------------------        ----        ----        ------- ----- ------------
_CODE                               00000200    00002C6B =       11371. bytes (REL,CON)

      Value  Global                              Global Defined In Module
      -----  --------------------------------   ------------------------
     00001988  A$lcc394017$708                    action
     00001989  A$lcc394017$709                    action
     0000198B  A$lcc394017$710                    action
     0000198C  A$lcc394017$711                    action
     0000198D  A$lcc394017$712                    action
     0000198E  A$lcc394017$713                    action
     0000198F  A$lcc394017$714                    action
     00001990  A$lcc394017$715                    action
     00001991  A$lcc394017$716                    action
     00001992  A$lcc394017$717                    action
     00001993  A$lcc394017$718                    action
     00001994  A$lcc394017$719                    action
     00001995  A$lcc394017$720                    action
     00001996  A$lcc394017$721                    action
     00001998  A$lcc394017$722                    action
     00001999  A$lcc394017$723                    action
     0000199A  A$lcc394017$724                    action
     0000199B  A$lcc394017$725                    action
     0000199D  A$lcc394017$726                    action
     0000199E  A$lcc394017$727                    action
     000019A1  A$lcc394017$728                    action
     000019A2  A$lcc394017$729                    action
     000019A3  A$lcc394017$730                    action
     000019A4  A$lcc394017$731                    action
     000019A5  A$lcc394017$732                    action
     000019A6  A$lcc394017$733                    action
     000019A7  A$lcc394017$734                    action
     000019A9  A$lcc394017$735                    action
     000019AA  A$lcc394017$736                    action
     000019AB  A$lcc394017$737                    action
     000019AC  A$lcc394017$738                    action
     000019AE  A$lcc394017$739                    action
     000019AF  A$lcc394017$740                    action
     000019B0  A$lcc394017$741                    action
     000019B1  A$lcc394017$742                    action
     000019B2  A$lcc394017$743                    action
     000019B3  A$lcc394017$744                    action
     000019B4  A$lcc394017$745                    action
     000019B7  A$lcc394017$750                    action
     000019B7  C$action.c$99$2_0$175              action
     000019BA  A$lcc394017$751                    action
     000019BC  A$lcc394017$752                    action
     000019BE  A$lcc394017$753                    action
     000019BF  A$lcc394017$754                    action
     000019C1  A$lcc394017$758                    action
     000019C1  C$action.c$101$3_0$176             action
     000019C2  A$lcc394017$759                    action
     000019C4  A$lcc394017$760                    action
     000019C7  A$lcc394017$764                    action
     000019C7  C$action.c$102$3_0$176             action
     000019CA  A$lcc394017$765                    action
ASxxxx Linker V03.00/V05.40 + sdld,  page 16.
Hexadecimal  [32-Bits]

Area                                    Addr        Size        Decimal Bytes (Attributes)
--------------------------------        ----        ----        ------- ----- ------------
_CODE                               00000200    00002C6B =       11371. bytes (REL,CON)

      Value  Global                              Global Defined In Module
      -----  --------------------------------   ------------------------
     000019CC  A$lcc394017$766                    action
     000019CD  A$lcc394017$767                    action
     000019D0  A$lcc394017$768                    action
     000019D1  A$lcc394017$769                    action
     000019D3  A$lcc394017$770                    action
     000019D4  A$lcc394017$771                    action
     000019D5  A$lcc394017$772                    action
     000019D6  A$lcc394017$773                    action
     000019D7  A$lcc394017$774                    action
     000019D8  A$lcc394017$775                    action
     000019D9  A$lcc394017$776                    action
     000019DA  A$lcc394017$777                    action
     000019DB  A$lcc394017$778                    action
     000019DC  A$lcc394017$779                    action
     000019DD  A$lcc394017$780                    action
     000019DE  A$lcc394017$781                    action
     000019E0  A$lcc394017$782                    action
     000019E1  A$lcc394017$783                    action
     000019E2  A$lcc394017$784                    action
     000019E3  A$lcc394017$785                    action
     000019E5  A$lcc394017$786                    action
     000019E6  A$lcc394017$787                    action
     000019E9  A$lcc394017$788                    action
     000019EA  A$lcc394017$789                    action
     000019EB  A$lcc394017$790                    action
     000019EC  A$lcc394017$791                    action
     000019ED  A$lcc394017$792                    action
     000019EE  A$lcc394017$793                    action
     000019EF  A$lcc394017$794                    action
     000019F1  A$lcc394017$795                    action
     000019F2  A$lcc394017$796                    action
     000019F3  A$lcc394017$797                    action
     000019F4  A$lcc394017$798                    action
     000019F6  A$lcc394017$799                    action
     000019F7  A$lcc394017$800                    action
     000019F8  A$lcc394017$801                    action
     000019F9  A$lcc394017$802                    action
     000019FA  A$lcc394017$803                    action
     000019FB  A$lcc394017$804                    action
     000019FC  A$lcc394017$805                    action
     000019FF  A$lcc394017$810                    action
     000019FF  C$action.c$105$2_0$177             action
     00001A02  A$lcc394017$811                    action
     00001A04  A$lcc394017$812                    action
     00001A06  A$lcc394017$813                    action
     00001A07  A$lcc394017$814                    action
     00001A09  A$lcc394017$818                    action
     00001A09  C$action.c$106$2_0$177             action
     00001A0A  A$lcc394017$819                    action
     00001A0C  A$lcc394017$820                    action
     00001A0F  A$lcc394017$825                    action
ASxxxx Linker V03.00/V05.40 + sdld,  page 17.
Hexadecimal  [32-Bits]

Area                                    Addr        Size        Decimal Bytes (Attributes)
--------------------------------        ----        ----        ------- ----- ------------
_CODE                               00000200    00002C6B =       11371. bytes (REL,CON)

      Value  Global                              Global Defined In Module
      -----  --------------------------------   ------------------------
     00001A0F  C$action.c$107$2_0$178             action
     00001A12  A$lcc394017$826                    action
     00001A14  A$lcc394017$827                    action
     00001A16  A$lcc394017$828                    action
     00001A17  A$lcc394017$829                    action
     00001A19  A$lcc394017$833                    action
     00001A19  C$action.c$108$2_0$178             action
     00001A1A  A$lcc394017$834                    action
     00001A1C  A$lcc394017$835                    action
     00001A1F  A$lcc394017$840                    action
     00001A1F  C$action.c$110$1_0$162             action
     00001A21  A$lcc394017$841                    action
     00001A22  A$lcc394017$842                    action
     00001A25  A$lcc394017$846                    action
     00001A27  A$lcc394017$851                    action
     00001A27  C$action.c$111$1_0$162             action
     00001A27  XG$check_input$0$0                 action
     00001A28  A$lcc394018$59                     animation
     00001A28  C$animation.c$7$0_0$135            animation
     00001A28  G$init_animation$0$0               animation
     00001A28  _init_animation                    animation
     00001A2A  A$lcc394018$60                     animation
     00001A2C  A$lcc394018$61                     animation
     00001A2D  A$lcc394018$62                     animation
     00001A2E  A$lcc394018$63                     animation
     00001A2F  A$lcc394018$64                     animation
     00001A30  A$lcc394018$65                     animation
     00001A31  A$lcc394018$69                     animation
     00001A31  C$animation.c$12$1_0$135           animation
     00001A33  A$lcc394018$70                     animation
     00001A34  A$lcc394018$71                     animation
     00001A35  A$lcc394018$72                     animation
     00001A36  A$lcc394018$73                     animation
     00001A37  A$lcc394018$74                     animation
     00001A38  A$lcc394018$75                     animation
     00001A39  A$lcc394018$76                     animation
     00001A3B  A$lcc394018$77                     animation
     00001A3D  A$lcc394018$78                     animation
     00001A3E  A$lcc394018$79                     animation
     00001A3F  A$lcc394018$80                     animation
     00001A40  A$lcc394018$81                     animation
     00001A41  A$lcc394018$82                     animation
     00001A42  A$lcc394018$83                     animation
     00001A43  A$lcc394018$87                     animation
     00001A43  C$animation.c$14$1_0$135           animation
     00001A44  A$lcc394018$88                     animation
     00001A45  A$lcc394018$89                     animation
     00001A46  A$lcc394018$90                     animation
     00001A48  A$lcc394018$91                     animation
     00001A49  A$lcc394018$92                     animation
     00001A4A  A$lcc394018$96                     animation
ASxxxx Linker V03.00/V05.40 + sdld,  page 18.
Hexadecimal  [32-Bits]

Area                                    Addr        Size        Decimal Bytes (Attributes)
--------------------------------        ----        ----        ------- ----- ------------
_CODE                               00000200    00002C6B =       11371. bytes (REL,CON)

      Value  Global                              Global Defined In Module
      -----  --------------------------------   ------------------------
     00001A4A  C$animation.c$15$1_0$135           animation
     00001A4B  A$lcc394018$97                     animation
     00001A4C  A$lcc394018$98                     animation
     00001A4D  A$lcc394018$99                     animation
     00001A4E  A$lcc394018$100                    animation
     00001A4F  A$lcc394018$101                    animation
     00001A50  A$lcc394018$102                    animation
     00001A52  A$lcc394018$103                    animation
     00001A53  A$lcc394018$104                    animation
     00001A54  A$lcc394018$105                    animation
     00001A55  A$lcc394018$109                    animation
     00001A55  C$animation.c$16$1_0$135           animation
     00001A58  A$lcc394018$110                    animation
     00001A59  A$lcc394018$111                    animation
     00001A5B  A$lcc394018$115                    animation
     00001A5B  C$animation.c$17$1_0$135           animation
     00001A5C  A$lcc394018$116                    animation
     00001A5D  A$lcc394018$117                    animation
     00001A5E  A$lcc394018$118                    animation
     00001A5F  A$lcc394018$119                    animation
     00001A61  A$lcc394018$123                    animation
     00001A61  C$animation.c$18$1_0$135           animation
     00001A64  A$lcc394018$124                    animation
     00001A65  A$lcc394018$125                    animation
     00001A66  A$lcc394018$126                    animation
     00001A68  A$lcc394018$127                    animation
     00001A69  A$lcc394018$128                    animation
     00001A6A  A$lcc394018$129                    animation
     00001A6B  A$lcc394018$133                    animation
     00001A6B  C$animation.c$21$1_0$135           animation
     00001A6C  A$lcc394018$134                    animation
     00001A6D  A$lcc394018$135                    animation
     00001A6E  A$lcc394018$136                    animation
     00001A6F  A$lcc394018$137                    animation
     00001A71  A$lcc394018$138                    animation
     00001A72  A$lcc394018$139                    animation
     00001A73  A$lcc394018$140                    animation
     00001A74  A$lcc394018$141                    animation
     00001A75  A$lcc394018$142                    animation
     00001A78  A$lcc394018$143                    animation
     00001A79  A$lcc394018$144                    animation
     00001A7A  A$lcc394018$145                    animation
     00001A7B  A$lcc394018$146                    animation
     00001A7D  A$lcc394018$147                    animation
     00001A7E  A$lcc394018$148                    animation
     00001A7F  A$lcc394018$149                    animation
     00001A80  A$lcc394018$150                    animation
     00001A82  A$lcc394018$151                    animation
     00001A83  A$lcc394018$152                    animation
     00001A86  A$lcc394018$153                    animation
     00001A87  A$lcc394018$154                    animation
ASxxxx Linker V03.00/V05.40 + sdld,  page 19.
Hexadecimal  [32-Bits]

Area                                    Addr        Size        Decimal Bytes (Attributes)
--------------------------------        ----        ----        ------- ----- ------------
_CODE                               00000200    00002C6B =       11371. bytes (REL,CON)

      Value  Global                              Global Defined In Module
      -----  --------------------------------   ------------------------
     00001A88  A$lcc394018$155                    animation
     00001A89  A$lcc394018$156                    animation
     00001A8A  A$lcc394018$160                    animation
     00001A8A  C$animation.c$24$2_0$135           animation
     00001A8C  A$lcc394018$162                    animation
     00001A8D  A$lcc394018$163                    animation
     00001A8E  A$lcc394018$164                    animation
     00001A8F  A$lcc394018$165                    animation
     00001A90  A$lcc394018$166                    animation
     00001A92  A$lcc394018$167                    animation
     00001A93  A$lcc394018$168                    animation
     00001A95  A$lcc394018$173                    animation
     00001A95  C$animation.c$32$2_0$138           animation
     00001A97  A$lcc394018$174                    animation
     00001A98  A$lcc394018$175                    animation
     00001A99  A$lcc394018$176                    animation
     00001A9A  A$lcc394018$177                    animation
     00001A9D  A$lcc394018$178                    animation
     00001A9E  A$lcc394018$179                    animation
     00001A9F  A$lcc394018$180                    animation
     00001AA0  A$lcc394018$181                    animation
     00001AA1  A$lcc394018$182                    animation
     00001AA2  A$lcc394018$183                    animation
     00001AA4  A$lcc394018$187                    animation
     00001AA4  C$animation.c$33$2_0$138           animation
     00001AA6  A$lcc394018$188                    animation
     00001AA7  A$lcc394018$189                    animation
     00001AA8  A$lcc394018$194                    animation
     00001AA8  C$animation.c$34$2_0$135           animation
     00001AAA  A$lcc394018$195                    animation
     00001AAB  A$lcc394018$196                    animation
     00001AAD  A$lcc394018$197                    animation
     00001AAE  A$lcc394018$207                    animation
     00001AAE  C$animation.c$36$2_0$140           animation
     00001AAE  G$update_animation$0$0             animation
     00001AAE  _update_animation                  animation
     00001AAF  A$lcc394018$208                    animation
     00001AB0  A$lcc394018$209                    animation
     00001AB1  A$lcc394018$210                    animation
     00001AB2  A$lcc394018$214                    animation
     00001AB2  C$animation.c$38$1_0$140           animation
     00001AB5  A$lcc394018$215                    animation
     00001AB6  A$lcc394018$216                    animation
     00001AB7  A$lcc394018$217                    animation
     00001AB8  A$lcc394018$218                    animation
     00001AB9  A$lcc394018$219                    animation
     00001ABA  A$lcc394018$220                    animation
     00001ABB  A$lcc394018$221                    animation
     00001ABC  A$lcc394018$222                    animation
     00001ABD  A$lcc394018$223                    animation
     00001ABF  A$lcc394018$224                    animation
ASxxxx Linker V03.00/V05.40 + sdld,  page 20.
Hexadecimal  [32-Bits]

Area                                    Addr        Size        Decimal Bytes (Attributes)
--------------------------------        ----        ----        ------- ----- ------------
_CODE                               00000200    00002C6B =       11371. bytes (REL,CON)

      Value  Global                              Global Defined In Module
      -----  --------------------------------   ------------------------
     00001AC0  A$lcc394018$225                    animation
     00001AC1  A$lcc394018$229                    animation
     00001AC1  C$animation.c$40$1_0$140           animation
     00001AC4  A$lcc394018$230                    animation
     00001AC5  A$lcc394018$231                    animation
     00001AC6  A$lcc394018$232                    animation
     00001AC7  A$lcc394018$233                    animation
     00001AC8  A$lcc394018$234                    animation
     00001AC9  A$lcc394018$235                    animation
     00001ACB  A$lcc394018$236                    animation
     00001ACC  A$lcc394018$237                    animation
     00001ACD  A$lcc394018$241                    animation
     00001ACD  C$animation.c$41$2_0$141           animation
     00001ACE  A$lcc394018$242                    animation
     00001ACF  A$lcc394018$243                    animation
     00001AD0  A$lcc394018$244                    animation
     00001AD1  A$lcc394018$245                    animation
     00001AD2  A$lcc394018$246                    animation
     00001AD3  A$lcc394018$247                    animation
     00001AD5  A$lcc394018$248                    animation
     00001AD6  A$lcc394018$249                    animation
     00001AD8  A$lcc394018$250                    animation
     00001AD9  A$lcc394018$251                    animation
     00001ADA  A$lcc394018$252                    animation
     00001ADC  A$lcc394018$256                    animation
     00001ADC  C$animation.c$43$3_0$142           animation
     00001ADD  A$lcc394018$257                    animation
     00001ADE  A$lcc394018$261                    animation
     00001ADE  C$animation.c$44$3_0$142           animation
     00001ADF  A$lcc394018$262                    animation
     00001AE0  A$lcc394018$263                    animation
     00001AE1  A$lcc394018$264                    animation
     00001AE2  A$lcc394018$265                    animation
     00001AE3  A$lcc394018$266                    animation
     00001AE4  A$lcc394018$270                    animation
     00001AE4  C$animation.c$45$4_0$143           animation
     00001AE5  A$lcc394018$271                    animation
     00001AE6  A$lcc394018$272                    animation
     00001AE7  A$lcc394018$273                    animation
     00001AE8  A$lcc394018$274                    animation
     00001AE9  A$lcc394018$275                    animation
     00001AEB  A$lcc394018$279                    animation
     00001AEB  C$animation.c$46$4_0$143           animation
     00001AED  A$lcc394018$284                    animation
     00001AEE  A$lcc394018$285                    animation
     00001AEF  A$lcc394018$290                    animation
     00001AEF  C$animation.c$48$2_0$140           animation
     00001AEF  XG$update_animation$0$0            animation
     00001AF0  A$lcc394018$300                    animation
     00001AF0  C$animation.c$50$2_0$145           animation
     00001AF0  G$set_animation$0$0                animation
ASxxxx Linker V03.00/V05.40 + sdld,  page 21.
Hexadecimal  [32-Bits]

Area                                    Addr        Size        Decimal Bytes (Attributes)
--------------------------------        ----        ----        ------- ----- ------------
_CODE                               00000200    00002C6B =       11371. bytes (REL,CON)

      Value  Global                              Global Defined In Module
      -----  --------------------------------   ------------------------
     00001AF0  _set_animation                     animation
     00001AF1  A$lcc394018$301                    animation
     00001AF2  A$lcc394018$302                    animation
     00001AF3  A$lcc394018$306                    animation
     00001AF3  C$animation.c$52$2_0$146           animation
     00001AF4  A$lcc394018$307                    animation
     00001AF6  A$lcc394018$308                    animation
     00001AF7  A$lcc394018$309                    animation
     00001AF8  A$lcc394018$310                    animation
     00001AFA  A$lcc394018$311                    animation
     00001AFB  A$lcc394018$312                    animation
     00001AFC  A$lcc394018$313                    animation
     00001AFD  A$lcc394018$314                    animation
     00001AFE  A$lcc394018$321                    animation
     00001AFE  C$animation.c$53$2_0$146           animation
     00001AFE  C$animation.c$55$1_0$145           animation
     00001AFF  A$lcc394018$322                    animation
     00001B00  A$lcc394018$326                    animation
     00001B00  C$animation.c$56$1_1$147           animation
     00001B01  A$lcc394018$327                    animation
     00001B02  A$lcc394018$328                    animation
     00001B03  A$lcc394018$329                    animation
     00001B04  A$lcc394018$330                    animation
     00001B06  A$lcc394018$331                    animation
     00001B07  A$lcc394018$335                    animation
     00001B07  C$animation.c$57$1_1$147           animation
     00001B08  A$lcc394018$336                    animation
     00001B09  A$lcc394018$337                    animation
     00001B0A  A$lcc394018$338                    animation
     00001B0B  A$lcc394018$339                    animation
     00001B0C  A$lcc394018$340                    animation
     00001B0D  A$lcc394018$344                    animation
     00001B0D  C$animation.c$58$1_1$147           animation
     00001B10  A$lcc394018$345                    animation
     00001B11  A$lcc394018$346                    animation
     00001B13  A$lcc394018$354                    animation
     00001B13  C$animation.c$59$1_1$145           animation
     00001B13  XG$set_animation$0$0               animation
     00001B14  A$lcc394020$52                     char_to_tile
     00001B14  C$char_to_tile.c$3$0_0$3           char_to_tile
     00001B14  G$char_to_tile$0$0                 char_to_tile
     00001B14  _char_to_tile                      char_to_tile
     00001B16  A$lcc394020$53                     char_to_tile
     00001B18  A$lcc394020$54                     char_to_tile
     00001B19  A$lcc394020$58                     char_to_tile
     00001B19  C$char_to_tile.c$4$2_0$3           char_to_tile
     00001B1B  A$lcc394020$59                     char_to_tile
     00001B1D  A$lcc394020$60                     char_to_tile
     00001B1E  A$lcc394020$61                     char_to_tile
     00001B20  A$lcc394020$62                     char_to_tile
     00001B21  A$lcc394020$63                     char_to_tile
ASxxxx Linker V03.00/V05.40 + sdld,  page 22.
Hexadecimal  [32-Bits]

Area                                    Addr        Size        Decimal Bytes (Attributes)
--------------------------------        ----        ----        ------- ----- ------------
_CODE                               00000200    00002C6B =       11371. bytes (REL,CON)

      Value  Global                              Global Defined In Module
      -----  --------------------------------   ------------------------
     00001B23  A$lcc394020$64                     char_to_tile
     00001B24  A$lcc394020$65                     char_to_tile
     00001B26  A$lcc394020$66                     char_to_tile
     00001B27  A$lcc394020$67                     char_to_tile
     00001B29  A$lcc394020$68                     char_to_tile
     00001B2A  A$lcc394020$69                     char_to_tile
     00001B2C  A$lcc394020$70                     char_to_tile
     00001B2D  A$lcc394020$71                     char_to_tile
     00001B2F  A$lcc394020$72                     char_to_tile
     00001B30  A$lcc394020$73                     char_to_tile
     00001B32  A$lcc394020$74                     char_to_tile
     00001B33  A$lcc394020$75                     char_to_tile
     00001B35  A$lcc394020$76                     char_to_tile
     00001B36  A$lcc394020$77                     char_to_tile
     00001B38  A$lcc394020$78                     char_to_tile
     00001B39  A$lcc394020$79                     char_to_tile
     00001B3B  A$lcc394020$80                     char_to_tile
     00001B3C  A$lcc394020$81                     char_to_tile
     00001B3E  A$lcc394020$82                     char_to_tile
     00001B3F  A$lcc394020$83                     char_to_tile
     00001B41  A$lcc394020$84                     char_to_tile
     00001B42  A$lcc394020$85                     char_to_tile
     00001B44  A$lcc394020$86                     char_to_tile
     00001B45  A$lcc394020$87                     char_to_tile
     00001B47  A$lcc394020$88                     char_to_tile
     00001B48  A$lcc394020$89                     char_to_tile
     00001B4A  A$lcc394020$90                     char_to_tile
     00001B4B  A$lcc394020$91                     char_to_tile
     00001B4D  A$lcc394020$92                     char_to_tile
     00001B4E  A$lcc394020$93                     char_to_tile
     00001B50  A$lcc394020$94                     char_to_tile
     00001B51  A$lcc394020$95                     char_to_tile
     00001B53  A$lcc394020$96                     char_to_tile
     00001B54  A$lcc394020$97                     char_to_tile
     00001B56  A$lcc394020$98                     char_to_tile
     00001B57  A$lcc394020$99                     char_to_tile
     00001B59  A$lcc394020$100                    char_to_tile
     00001B5A  A$lcc394020$101                    char_to_tile
     00001B5C  A$lcc394020$102                    char_to_tile
     00001B5D  A$lcc394020$103                    char_to_tile
     00001B5F  A$lcc394020$104                    char_to_tile
     00001B60  A$lcc394020$105                    char_to_tile
     00001B62  A$lcc394020$106                    char_to_tile
     00001B63  A$lcc394020$107                    char_to_tile
     00001B65  A$lcc394020$108                    char_to_tile
     00001B66  A$lcc394020$109                    char_to_tile
     00001B68  A$lcc394020$110                    char_to_tile
     00001B69  A$lcc394020$111                    char_to_tile
     00001B6B  A$lcc394020$112                    char_to_tile
     00001B6C  A$lcc394020$113                    char_to_tile
     00001B6E  A$lcc394020$114                    char_to_tile
ASxxxx Linker V03.00/V05.40 + sdld,  page 23.
Hexadecimal  [32-Bits]

Area                                    Addr        Size        Decimal Bytes (Attributes)
--------------------------------        ----        ----        ------- ----- ------------
_CODE                               00000200    00002C6B =       11371. bytes (REL,CON)

      Value  Global                              Global Defined In Module
      -----  --------------------------------   ------------------------
     00001B6F  A$lcc394020$115                    char_to_tile
     00001B71  A$lcc394020$116                    char_to_tile
     00001B72  A$lcc394020$117                    char_to_tile
     00001B74  A$lcc394020$118                    char_to_tile
     00001B75  A$lcc394020$122                    char_to_tile
     00001B75  C$char_to_tile.c$5$3_0$4           char_to_tile
     00001B76  A$lcc394020$123                    char_to_tile
     00001B77  A$lcc394020$124                    char_to_tile
     00001B78  A$lcc394020$125                    char_to_tile
     00001B79  A$lcc394020$126                    char_to_tile
     00001B7C  A$lcc394020$128                    char_to_tile
     00001B7D  A$lcc394020$129                    char_to_tile
     00001B7F  A$lcc394020$130                    char_to_tile
     00001B81  A$lcc394020$134                    char_to_tile
     00001B81  C$char_to_tile.c$6$4_0$6           char_to_tile
     00001B84  A$lcc394020$135                    char_to_tile
     00001B85  A$lcc394020$136                    char_to_tile
     00001B86  A$lcc394020$137                    char_to_tile
     00001B87  A$lcc394020$138                    char_to_tile
     00001B89  A$lcc394020$139                    char_to_tile
     00001B8A  A$lcc394020$140                    char_to_tile
     00001B8B  A$lcc394020$141                    char_to_tile
     00001B8D  A$lcc394020$145                    char_to_tile
     00001B8D  C$char_to_tile.c$7$5_0$7           char_to_tile
     00001B8F  A$lcc394020$146                    char_to_tile
     00001B90  A$lcc394020$147                    char_to_tile
     00001B92  A$lcc394020$148                    char_to_tile
     00001B93  A$lcc394020$149                    char_to_tile
     00001B95  A$lcc394020$154                    char_to_tile
     00001B95  C$char_to_tile.c$5$2_0$4           char_to_tile
     00001B96  A$lcc394020$155                    char_to_tile
     00001B98  A$lcc394020$156                    char_to_tile
     00001B99  A$lcc394020$157                    char_to_tile
     00001B9A  A$lcc394020$158                    char_to_tile
     00001B9B  A$lcc394020$159                    char_to_tile
     00001B9D  A$lcc394020$164                    char_to_tile
     00001B9D  C$char_to_tile.c$11$1_0$3          char_to_tile
     00001BA0  A$lcc394020$169                    char_to_tile
     00001BA2  A$lcc394020$174                    char_to_tile
     00001BA2  C$char_to_tile.c$12$1_0$3          char_to_tile
     00001BA2  XG$char_to_tile$0$0                char_to_tile
     00001BA3  A$lcc394021$52                     draw
     00001BA3  C$draw.c$6$0_0$136                 draw
     00001BA3  G$draw_actor$0$0                   draw
     00001BA3  _draw_actor                        draw
     00001BA5  A$lcc394021$53                     draw
     00001BA7  A$lcc394021$54                     draw
     00001BA8  A$lcc394021$58                     draw
     00001BA8  C$draw.c$8$1_0$136                 draw
     00001BAB  A$lcc394021$59                     draw
     00001BAC  A$lcc394021$60                     draw
ASxxxx Linker V03.00/V05.40 + sdld,  page 24.
Hexadecimal  [32-Bits]

Area                                    Addr        Size        Decimal Bytes (Attributes)
--------------------------------        ----        ----        ------- ----- ------------
_CODE                               00000200    00002C6B =       11371. bytes (REL,CON)

      Value  Global                              Global Defined In Module
      -----  --------------------------------   ------------------------
     00001BAE  A$lcc394021$61                     draw
     00001BAF  A$lcc394021$62                     draw
     00001BB0  A$lcc394021$63                     draw
     00001BB1  A$lcc394021$64                     draw
     00001BB2  A$lcc394021$65                     draw
     00001BB4  A$lcc394021$66                     draw
     00001BB5  A$lcc394021$70                     draw
     00001BB5  C$draw.c$9$1_0$136                 draw
     00001BB8  A$lcc394021$71                     draw
     00001BBA  A$lcc394021$72                     draw
     00001BBB  A$lcc394021$73                     draw
     00001BBD  A$lcc394021$74                     draw
     00001BBE  A$lcc394021$75                     draw
     00001BBF  A$lcc394021$76                     draw
     00001BC0  A$lcc394021$77                     draw
     00001BC1  A$lcc394021$78                     draw
     00001BC3  A$lcc394021$79                     draw
     00001BC4  A$lcc394021$83                     draw
     00001BC4  C$draw.c$11$1_0$136                draw
     00001BC7  A$lcc394021$84                     draw
     00001BC9  A$lcc394021$85                     draw
     00001BCA  A$lcc394021$86                     draw
     00001BCC  A$lcc394021$87                     draw
     00001BCD  A$lcc394021$88                     draw
     00001BCE  A$lcc394021$89                     draw
     00001BCF  A$lcc394021$90                     draw
     00001BD0  A$lcc394021$91                     draw
     00001BD1  A$lcc394021$92                     draw
     00001BD2  A$lcc394021$93                     draw
     00001BD3  A$lcc394021$94                     draw
     00001BD4  A$lcc394021$95                     draw
     00001BD5  A$lcc394021$96                     draw
     00001BD6  A$lcc394021$97                     draw
     00001BD7  A$lcc394021$98                     draw
     00001BD8  A$lcc394021$102                    draw
     00001BD8  C$draw.c$12$1_0$136                draw
     00001BDB  A$lcc394021$103                    draw
     00001BDC  A$lcc394021$104                    draw
     00001BDD  A$lcc394021$105                    draw
     00001BDE  A$lcc394021$106                    draw
     00001BDF  A$lcc394021$107                    draw
     00001BE0  A$lcc394021$108                    draw
     00001BE1  A$lcc394021$109                    draw
     00001BE2  A$lcc394021$110                    draw
     00001BE3  A$lcc394021$111                    draw
     00001BE5  A$lcc394021$112                    draw
     00001BE6  A$lcc394021$113                    draw
     00001BE7  A$lcc394021$117                    draw
     00001BE7  C$draw.c$14$1_0$136                draw
     00001BEA  A$lcc394021$118                    draw
     00001BEB  A$lcc394021$119                    draw
ASxxxx Linker V03.00/V05.40 + sdld,  page 25.
Hexadecimal  [32-Bits]

Area                                    Addr        Size        Decimal Bytes (Attributes)
--------------------------------        ----        ----        ------- ----- ------------
_CODE                               00000200    00002C6B =       11371. bytes (REL,CON)

      Value  Global                              Global Defined In Module
      -----  --------------------------------   ------------------------
     00001BEC  A$lcc394021$120                    draw
     00001BEE  A$lcc394021$121                    draw
     00001BEF  A$lcc394021$125                    draw
     00001BEF  C$draw.c$15$1_0$136                draw
     00001BF0  A$lcc394021$126                    draw
     00001BF1  A$lcc394021$127                    draw
     00001BF2  A$lcc394021$128                    draw
     00001BF3  A$lcc394021$129                    draw
     00001BF4  A$lcc394021$130                    draw
     00001BF5  A$lcc394021$131                    draw
[...]
     00003017  Fspr_Player_down0$__xinit_spr_Pl   spr_Player_down0
     00003027  Fspr_Player_down1$__xinit_spr_Pl   spr_Player_down1
     00003037  Fspr_Player_down1$__xinit_spr_Pl   spr_Player_down1
     00003047  Fspr_Player_down1$__xinit_spr_Pl   spr_Player_down1
     00003057  Fspr_Player_down1$__xinit_spr_Pl   spr_Player_down1
     00003067  Fspr_Player_down2$__xinit_spr_Pl   spr_Player_down2
     00003077  Fspr_Player_down2$__xinit_spr_Pl   spr_Player_down2
     00003087  Fspr_Player_down2$__xinit_spr_Pl   spr_Player_down2
     00003097  Fspr_Player_down2$__xinit_spr_Pl   spr_Player_down2
     000030A7  Fspr_Player_up0$__xinit_spr_Play   spr_Player_up0
     000030B7  Fspr_Player_up0$__xinit_spr_Play   spr_Player_up0
     000030C7  Fspr_Player_up0$__xinit_spr_Play   spr_Player_up0
     000030D7  Fspr_Player_up0$__xinit_spr_Play   spr_Player_up0
     000030E7  Fspr_Player_up1$__xinit_spr_Play   spr_Player_up1
     000030F7  Fspr_Player_up1$__xinit_spr_Play   spr_Player_up1
     00003107  Fspr_Player_up1$__xinit_spr_Play   spr_Player_up1
     00003117  Fspr_Player_up1$__xinit_spr_Play   spr_Player_up1
     00003127  Fspr_Player_up2$__xinit_spr_Play   spr_Player_up2
     00003137  Fspr_Player_up2$__xinit_spr_Play   spr_Player_up2
     00003147  Fspr_Player_up2$__xinit_spr_Play   spr_Player_up2
     00003157  Fspr_Player_up2$__xinit_spr_Play   spr_Player_up2
     00003167  Faction$__xinit_MOVE_SPEED$0_0$0   action
     00003168  Faction$__xinit_current_directio   action
     00003169  Faction$__xinit_last_keys$0_0$0    action
     0000316A  Fcan_move$__xinit_can_move$0_0$0   can_move
     0000316E  Fentity$__xinit_next_entity_id$0   entity
     0000316F  Fgender_selection$__xinit_GENDER   gender_selection
     00003170  Finventory$__xinit_inventory_act   inventory
     00003171  Finventory_input$__xinit_prev_ke   inventory_input
     00003172  Fload$__xinit_vram_next_index$0_   load
     00003173  Fmoney$__xinit_money$0_0$0         money
ASxxxx Linker V03.00/V05.40 + sdld,  page 100.
Hexadecimal  [32-Bits]

Area                                    Addr        Size        Decimal Bytes (Attributes)
--------------------------------        ----        ----        ------- ----- ------------
_GSINIT                             00003176    0000000F =          15. bytes (REL,CON)

      Value  Global                              Global Defined In Module
      -----  --------------------------------   ------------------------
     00003176  gsinit                             Runtime

ASxxxx Linker V03.00/V05.40 + sdld,  page 101.
Hexadecimal  [32-Bits]

Area                                    Addr        Size        Decimal Bytes (Attributes)
--------------------------------        ----        ----        ------- ----- ------------
_GSFINAL                            00003185    00000001 =           1. bytes (REL,CON)

      Value  Global                              Global Defined In Module
      -----  --------------------------------   ------------------------
ASxxxx Linker V03.00/V05.40 + sdld,  page 102.
Hexadecimal  [32-Bits]

Area                                    Addr        Size        Decimal Bytes (Attributes)
--------------------------------        ----        ----        ------- ----- ------------
_DATA                               0000C0A0    000001A0 =         416. bytes (REL,CON)

      Value  Global                              Global Defined In Module
      -----  --------------------------------   ------------------------
     0000C0A0  __cpu                              Runtime
     0000C0A1  __is_GBA                           Runtime
     0000C0A2  .mode                              Runtime
     0000C0A3  .sys_time                          Runtime
     0000C0A3  _sys_time                          Runtime
     0000C0A5  .int_0x40                          Runtime
     0000C0B1  G$animation$0_0$0                  animation
     0000C0B1  _animation                         animation
     0000C1A6  G$names$0_0$0                      name
     0000C1A6  _names                             name
     0000C1D8  G$player$0_0$0                     player
     0000C1D8  _player                            player
     0000C1D9  G$player_animations$0_0$0          player
     0000C1D9  _player_animations                 player
     0000C1DD  G$player_y_cache$0_0$0             player
     0000C1DD  _player_y_cache                    player
     0000C1DE  G$position$0_0$0                   position
     0000C1DE  _position                          position
     0000C1FC  G$render$0_0$0                     render
     0000C1FC  _render                            render
     0000C20B  G$npc_1$0_0$0                      scene
     0000C20B  _npc_1                             scene
     0000C20C  G$npc_2$0_0$0                      scene
     0000C20C  _npc_2                             scene
     0000C20D  G$option_actor$0_0$0               scene
     0000C20D  _option_actor                      scene
     0000C20E  G$scene_manager$0_0$0              scene_manager
     0000C20E  _scene_manager                     scene_manager
     0000C210  G$GenderSelect$0_0$0               gender_select
     0000C210  _GenderSelect                      gender_select
     0000C218  G$InventoryScene$0_0$0             inventory_scene
     0000C218  _InventoryScene                    inventory_scene
     0000C220  G$CurrentMapData$0_0$0             map_data
     0000C220  _CurrentMapData                    map_data
     0000C232  G$Map_00$0_0$0                     map_00
     0000C232  _Map_00                            map_00
     0000C23A  Lmain.main$game$1_1$182            main
     0000C23E  ___sdcc_heap_free                  malloc

ASxxxx Linker V03.00/V05.40 + sdld,  page 103.
Hexadecimal  [32-Bits]

Area                                    Addr        Size        Decimal Bytes (Attributes)
--------------------------------        ----        ----        ------- ----- ------------
_INITIALIZED                        0000C240    000001DF =         479. bytes (REL,CON)

      Value  Global                              Global Defined In Module
      -----  --------------------------------   ------------------------
     0000C240  G$spr_InventoryArrow_idle$0_0$0    spr_InventoryArrow_idle
     0000C240  _spr_InventoryArrow_idle           spr_InventoryArrow_idle
     0000C250  G$spr_example_NPC_00$0_0$0         example_npc
     0000C250  _spr_example_NPC_00                example_npc
     0000C260  G$spr_example_NPC_01$0_0$0         example_npc
     0000C260  _spr_example_NPC_01                example_npc
     0000C270  G$spr_example_NPC_10$0_0$0         example_npc
     0000C270  _spr_example_NPC_10                example_npc
     0000C280  G$spr_example_NPC_11$0_0$0         example_npc
     0000C280  _spr_example_NPC_11                example_npc
     0000C290  G$spr_Player_down0_00$0_0$0        spr_Player_down0
     0000C290  _spr_Player_down0_00               spr_Player_down0
     0000C2A0  G$spr_Player_down0_10$0_0$0        spr_Player_down0
     0000C2A0  _spr_Player_down0_10               spr_Player_down0
     0000C2B0  G$spr_Player_down0_01$0_0$0        spr_Player_down0
     0000C2B0  _spr_Player_down0_01               spr_Player_down0
     0000C2C0  G$spr_Player_down0_11$0_0$0        spr_Player_down0
     0000C2C0  _spr_Player_down0_11               spr_Player_down0
     0000C2D0  G$spr_Player_down1_00$0_0$0        spr_Player_down1
     0000C2D0  _spr_Player_down1_00               spr_Player_down1
     0000C2E0  G$spr_Player_down1_10$0_0$0        spr_Player_down1
     0000C2E0  _spr_Player_down1_10               spr_Player_down1
     0000C2F0  G$spr_Player_down1_01$0_0$0        spr_Player_down1
     0000C2F0  _spr_Player_down1_01               spr_Player_down1
     0000C300  G$spr_Player_down1_11$0_0$0        spr_Player_down1
     0000C300  _spr_Player_down1_11               spr_Player_down1
     0000C310  G$spr_Player_down2_00$0_0$0        spr_Player_down2
     0000C310  _spr_Player_down2_00               spr_Player_down2
     0000C320  G$spr_Player_down2_10$0_0$0        spr_Player_down2
     0000C320  _spr_Player_down2_10               spr_Player_down2
     0000C330  G$spr_Player_down2_01$0_0$0        spr_Player_down2
     0000C330  _spr_Player_down2_01               spr_Player_down2
     0000C340  G$spr_Player_down2_11$0_0$0        spr_Player_down2
     0000C340  _spr_Player_down2_11               spr_Player_down2
     0000C350  G$spr_Player_up0_00$0_0$0          spr_Player_up0
     0000C350  _spr_Player_up0_00                 spr_Player_up0
     0000C360  G$spr_Player_up0_10$0_0$0          spr_Player_up0
     0000C360  _spr_Player_up0_10                 spr_Player_up0
     0000C370  G$spr_Player_up0_01$0_0$0          spr_Player_up0
     0000C370  _spr_Player_up0_01                 spr_Player_up0
     0000C380  G$spr_Player_up0_11$0_0$0          spr_Player_up0
     0000C380  _spr_Player_up0_11                 spr_Player_up0
     0000C390  G$spr_Player_up1_00$0_0$0          spr_Player_up1
     0000C390  _spr_Player_up1_00                 spr_Player_up1
     0000C3A0  G$spr_Player_up1_10$0_0$0          spr_Player_up1
     0000C3A0  _spr_Player_up1_10                 spr_Player_up1
     0000C3B0  G$spr_Player_up1_01$0_0$0          spr_Player_up1
     0000C3B0  _spr_Player_up1_01                 spr_Player_up1
     0000C3C0  G$spr_Player_up1_11$0_0$0          spr_Player_up1
     0000C3C0  _spr_Player_up1_11                 spr_Player_up1
ASxxxx Linker V03.00/V05.40 + sdld,  page 104.
Hexadecimal  [32-Bits]

Area                                    Addr        Size        Decimal Bytes (Attributes)
--------------------------------        ----        ----        ------- ----- ------------
_INITIALIZED                        0000C240    000001DF =         479. bytes (REL,CON)

      Value  Global                              Global Defined In Module
      -----  --------------------------------   ------------------------
     0000C3D0  G$spr_Player_up2_00$0_0$0          spr_Player_up2
     0000C3D0  _spr_Player_up2_00                 spr_Player_up2
     0000C3E0  G$spr_Player_up2_10$0_0$0          spr_Player_up2
     0000C3E0  _spr_Player_up2_10                 spr_Player_up2
     0000C3F0  G$spr_Player_up2_01$0_0$0          spr_Player_up2
     0000C3F0  _spr_Player_up2_01                 spr_Player_up2
     0000C400  G$spr_Player_up2_11$0_0$0          spr_Player_up2
     0000C400  _spr_Player_up2_11                 spr_Player_up2
     0000C410  G$MOVE_SPEED$0_0$0                 action
     0000C410  _MOVE_SPEED                        action
     0000C411  G$current_direction$0_0$0          action
     0000C411  _current_direction                 action
     0000C412  G$last_keys$0_0$0                  action
     0000C412  _last_keys                         action
     0000C413  G$can_move$0_0$0                   can_move
     0000C413  _can_move                          can_move
     0000C417  G$next_entity_id$0_0$0             entity
     0000C417  _next_entity_id                    entity
     0000C418  G$GENDER$0_0$0                     gender_selection
     0000C418  _GENDER                            gender_selection
     0000C419  G$inventory_active$0_0$0           inventory
     0000C419  _inventory_active                  inventory
     0000C41A  G$prev_keys$0_0$0                  inventory_input
     0000C41A  _prev_keys                         inventory_input
     0000C41B  G$vram_next_index$0_0$0            load
     0000C41B  _vram_next_index                   load
     0000C41C  G$money$0_0$0                      money
     0000C41C  _money                             money
     0000C41E  __map_tile_offset                  SetTileMap

ASxxxx Linker V03.00/V05.40 + sdld,  page 105.
Hexadecimal  [32-Bits]

Area                                    Addr        Size        Decimal Bytes (Attributes)
--------------------------------        ----        ----        ------- ----- ------------
_HEAP                               0000C41F    000007FF =        2047. bytes (REL,CON)

      Value  Global                              Global Defined In Module
      -----  --------------------------------   ------------------------
     0000C41F  ___sdcc_heap                       

ASxxxx Linker V03.00/V05.40 + sdld,  page 106.
Hexadecimal  [32-Bits]

Area                                    Addr        Size        Decimal Bytes (Attributes)
--------------------------------        ----        ----        ------- ----- ------------
_HEAP_END                           0000CC1E    00000001 =           1. bytes (REL,CON)

      Value  Global                              Global Defined In Module
      -----  --------------------------------   ------------------------
     0000CC1E  ___sdcc_heap_end                   

ASxxxx Linker V03.00/V05.40 + sdld,  page 107.
Hexadecimal  [32-Bits]

Area                                    Addr        Size        Decimal Bytes (Attributes)
--------------------------------        ----        ----        ------- ----- ------------
_HRAM                               0000FF80    00000013 =          19. bytes (REL,CON)

      Value  Global                              Global Defined In Module
      -----  --------------------------------   ------------------------
     0000FF80  .refresh_OAM                       Runtime
     0000FF90  __current_bank                     Runtime
     0000FF91  __vbl_done                         Runtime
     0000FF92  __shadow_OAM_base                  Runtime

ASxxxx Linker V03.00/V05.40 + sdld,  page 108.

Files Linked                              [ module(s) ]

C:\Program Files\GBDK\lib/gb/crt0.o       [ Runtime ]
C:\Users\Bau_M\AppData\Local\Temp/lcc39400.o
                                          [ chars ]
C:\Users\Bau_M\AppData\Local\Temp/lcc39401.o
                                          [ numbers ]
C:\Users\Bau_M\AppData\Local\Temp/lcc39402.o
                                          [ gender_select_tilemap ]
C:\Users\Bau_M\AppData\Local\Temp/lcc39403.o
                                          [ gender_select_tileset ]
C:\Users\Bau_M\AppData\Local\Temp/lcc39404.o
                                          [ inventory_bkg ]
C:\Users\Bau_M\AppData\Local\Temp/lcc39405.o
                                          [ map_example ]
C:\Users\Bau_M\AppData\Local\Temp/lcc39406.o
                                          [ template_tilemap ]
C:\Users\Bau_M\AppData\Local\Temp/lcc39407.o
                                          [ template_tileset ]
C:\Users\Bau_M\AppData\Local\Temp/lcc39408.o
                                          [ spr_InventoryArrow_idle ]
C:\Users\Bau_M\AppData\Local\Temp/lcc39409.o
                                          [ spr_Branch ]
C:\Users\Bau_M\AppData\Local\Temp/lcc394010.o
                                          [ example_npc ]
C:\Users\Bau_M\AppData\Local\Temp/lcc394011.o
                                          [ spr_Player_down0 ]
C:\Users\Bau_M\AppData\Local\Temp/lcc394012.o
                                          [ spr_Player_down1 ]
C:\Users\Bau_M\AppData\Local\Temp/lcc394013.o
                                          [ spr_Player_down2 ]
C:\Users\Bau_M\AppData\Local\Temp/lcc394014.o
                                          [ spr_Player_up0 ]
C:\Users\Bau_M\AppData\Local\Temp/lcc394015.o
                                          [ spr_Player_up1 ]
C:\Users\Bau_M\AppData\Local\Temp/lcc394016.o
                                          [ spr_Player_up2 ]
C:\Users\Bau_M\AppData\Local\Temp/lcc394017.o
                                          [ action ]
C:\Users\Bau_M\AppData\Local\Temp/lcc394018.o
                                          [ animation ]
C:\Users\Bau_M\AppData\Local\Temp/lcc394019.o
                                          [ can_move ]
C:\Users\Bau_M\AppData\Local\Temp/lcc394020.o
                                          [ char_to_tile ]
C:\Users\Bau_M\AppData\Local\Temp/lcc394021.o
                                          [ draw ]
C:\Users\Bau_M\AppData\Local\Temp/lcc394022.o
                                          [ entity ]
C:\Users\Bau_M\AppData\Local\Temp/lcc394023.o
                                          [ gender_selection ]
C:\Users\Bau_M\AppData\Local\Temp/lcc394024.o
                                          [ global_action ]
C:\Users\Bau_M\AppData\Local\Temp/lcc394025.o
                                          [ inventory ]
C:\Users\Bau_M\AppData\Local\Temp/lcc394026.o
                                          [ inventory_input ]
C:\Users\Bau_M\AppData\Local\Temp/lcc394027.o
                                          [ load ]
C:\Users\Bau_M\AppData\Local\Temp/lcc394028.o
                                          [ map_scenes ]
C:\Users\Bau_M\AppData\Local\Temp/lcc394029.o
                                          [ money ]
C:\Users\Bau_M\AppData\Local\Temp/lcc394030.o
                                          [ name ]
C:\Users\Bau_M\AppData\Local\Temp/lcc394031.o
                                          [ player ]
C:\Users\Bau_M\AppData\Local\Temp/lcc394032.o
                                          [ position ]
C:\Users\Bau_M\AppData\Local\Temp/lcc394033.o
                                          [ render ]
C:\Users\Bau_M\AppData\Local\Temp/lcc394034.o
                                          [ scene ]
C:\Users\Bau_M\AppData\Local\Temp/lcc394035.o
                                          [ scene_manager ]
C:\Users\Bau_M\AppData\Local\Temp/lcc394036.o
                                          [ gender_select ]
C:\Users\Bau_M\AppData\Local\Temp/lcc394037.o
                                          [ gender_select_init ]
C:\Users\Bau_M\AppData\Local\Temp/lcc394038.o
                                          [ gender_select_update ]
C:\Users\Bau_M\AppData\Local\Temp/lcc394039.o
                                          [ inventory_scene ]
C:\Users\Bau_M\AppData\Local\Temp/lcc394040.o
                                          [ inventory_scene_init ]
C:\Users\Bau_M\AppData\Local\Temp/lcc394041.o
                                          [ inventory_scene_update ]
C:\Users\Bau_M\AppData\Local\Temp/lcc394042.o
                                          [ clean_text ]
C:\Users\Bau_M\AppData\Local\Temp/lcc394043.o
                                          [ map_collision ]
C:\Users\Bau_M\AppData\Local\Temp/lcc394044.o
                                          [ map_data ]
C:\Users\Bau_M\AppData\Local\Temp/lcc394045.o
                                          [ map_00 ]
C:\Users\Bau_M\AppData\Local\Temp/lcc394046.o
                                          [ map_00_collision ]
C:\Users\Bau_M\AppData\Local\Temp/lcc394047.o
                                          [ map_00_init ]
C:\Users\Bau_M\AppData\Local\Temp/lcc394048.o
                                          [ map_00_init_npc ]
C:\Users\Bau_M\AppData\Local\Temp/lcc394049.o
                                          [ map_00_update ]
C:\Users\Bau_M\AppData\Local\Temp/lcc394050.o
                                          [ main ]


Libraries Linked                          [ object file ]

C:\Program Files\GBDK\lib/sm83/sm83.lib   [ div.o ]
C:\Program Files\GBDK\lib/sm83/sm83.lib   [ free.o ]
C:\Program Files\GBDK\lib/sm83/sm83.lib   [ malloc.o ]
C:\Program Files\GBDK\lib/gb/gb.lib       [ set_data.o ]
C:\Program Files\GBDK\lib/sm83/sm83.lib   [ mul.o ]
C:\Program Files\GBDK\lib/gb/gb.lib       [ pad.o ]
C:\Program Files\GBDK\lib/sm83/sm83.lib   [ __sdcc_call_hl.o ]
C:\Program Files\GBDK\lib/gb/gb.lib       [ sfr.o ]
C:\Program Files\GBDK\lib/gb/gb.lib       [ heap.o ]
C:\Program Files\GBDK\lib/gb/gb.lib       [ set_bk_t.o ]
C:\Program Files\GBDK\lib/gb/gb.lib       [ set_xy_t.o ]

ASxxxx Linker V03.00/V05.40 + sdld,  page 109.

User Base Address Definitions

_DATA=0xC0A0
_CODE=0x0200
_HRAM=0xFF80
ASxxxx Linker V03.00/V05.40 + sdld,  page 110.

User Global Definitions

_shadow_OAM=0xC000
.STACK=0xE000

