ASxxxx Linker V03.00/V05.40 + sdld,  page 1.
Hexadecimal  [32-Bits]

Area                                    Addr        Size        Decimal Bytes (Attributes)
--------------------------------        ----        ----        ------- ----- ------------
.  .ABS.                            00000000    00000000 =           0. bytes (ABS,CON)

      Value  Global                              Global Defined In Module
      -----  --------------------------------   ------------------------
     00000000  .__.ABS.                           SetTileMap
     00000000  _rMBC7_SRAM_ENABLE_1               
     00000000  _rRAMG                             
     00000000  l__BASE                         
     00000000  l__BSS                          
     00000000  l__CABS                         
     00000000  l__CODE_0                       
     00000000  l__DABS                         
     00000000  l__HEADER                       
     00000000  l__LIT                          
     00000000  s__CABS                         
     00000000  s__DABS                         
     00000000  s__HEADER                       
     00000000  s__HEADER0                      
     00000000  s__HEADER1                      
     00000000  s__HEADER10                     
     00000000  s__HEADER11                     
     00000000  s__HEADER2                      
     00000000  s__HEADER3                      
     00000000  s__HEADER4                      
     00000000  s__HEADER5                      
     00000000  s__HEADER6                      
     00000000  s__HEADER7                      
     00000000  s__HEADER8                      
     00000000  s__HEADER9                      
     00000000  s__HEADERa                      
     00000000  s__HEADERb                      
     00000000  s__HEADERc                      
     00000000  s__HEADERd                      
     00000000  s__HEADERe                      
     00000000  s__HEADERf                      
     00000001  l__GSFINAL                      
     00000001  l__HEADER0                      
     00000001  l__HEADER5                      
     00000001  l__HEADERa                      
     00000001  l__HEADERb                      
     00000001  l__HEADERc                      
     00000001  l__HEADERe                      
     00000001  l__HEADERf                      
     00000001  l__HEAP_END                     
     00000002  l__HEADER10                     
     00000002  l__HEADER6                      
     00000002  l__HEADERd                      
     00000003  l__HEADER9                      
     00000005  l__HEADER1                      
     00000006  l__HEADER8                      
     00000007  l__HEADER2                      
     00000008  l__HEADER3                      
     0000000F  l__GSINIT                       
     00000013  l__HRAM                         
ASxxxx Linker V03.00/V05.40 + sdld,  page 2.
Hexadecimal  [32-Bits]

Area                                    Addr        Size        Decimal Bytes (Attributes)
--------------------------------        ----        ----        ------- ----- ------------
.  .ABS.                            00000000    00000000 =           0. bytes (ABS,CON)

      Value  Global                              Global Defined In Module
      -----  --------------------------------   ------------------------
     00000030  l__HEADER7                      
     00000060  l__HEADER4                      
     000000AB  l__HEADER11                     
     0000012C  l__HOME                         
     000001B7  l__DATA                         
     000001E5  l__INITIALIZED                  
     000001E5  l__INITIALIZER                  
     00000200  s__CODE                         
     000007FF  l__HEAP                         
     00002000  _rROMB0                            
     00003000  _rROMB1                            
     0000319C  l__CODE                         
     0000339C  s__HOME                         
     000034C8  s__BASE                         
     000034C8  s__CODE_0                       
     000034C8  s__INITIALIZER                  
     000034C8  s__LIT                          
     000036AD  s__GSINIT                       
     000036BC  s__GSFINAL                      
     00004000  _rMBC7_SRAM_ENABLE_2               
     00004000  _rRAMB                             
     00008000  __VRAM                             
     00008000  __VRAM8000                         
     00008800  __VRAM8800                         
     00009000  __VRAM9000                         
     00009800  __SCRN0                            
     00009C00  __SCRN1                            
     0000A000  __SRAM                             
     0000A000  _rMBC7_LATCH_1                     
     0000A010  _rMBC7_LATCH_2                     
     0000A020  _rMBC7_ACCEL_X_LO                  
     0000A030  _rMBC7_ACCEL_X_HI                  
     0000A040  _rMBC7_ACCEL_Y_LO                  
     0000A050  _rMBC7_ACCEL_Y_HI                  
     0000C000  __RAM                              
     0000C000  _shadow_OAM                     
     0000C0A0  s__DATA                         
     0000C257  s__BSS                          
     0000C257  s__INITIALIZED                  
     0000C43C  s__HEAP                         
     0000CC3B  s__HEAP_END                     
     0000D000  __RAMBANK                          
     0000E000  .STACK                          
     0000FE00  __OAMRAM                           
     0000FF00  _P1_REG                            
     0000FF00  __IO                               
     0000FF01  _SB_REG                            
     0000FF02  _SC_REG                            
     0000FF04  _DIV_REG                           
     0000FF05  _TIMA_REG                          
     0000FF06  _TMA_REG                           
ASxxxx Linker V03.00/V05.40 + sdld,  page 3.
Hexadecimal  [32-Bits]

Area                                    Addr        Size        Decimal Bytes (Attributes)
--------------------------------        ----        ----        ------- ----- ------------
.  .ABS.                            00000000    00000000 =           0. bytes (ABS,CON)

      Value  Global                              Global Defined In Module
      -----  --------------------------------   ------------------------
     0000FF07  _TAC_REG                           
     0000FF0F  _IF_REG                            
     0000FF10  _NR10_REG                          
     0000FF11  _NR11_REG                          
     0000FF12  _NR12_REG                          
     0000FF13  _NR13_REG                          
     0000FF14  _NR14_REG                          
     0000FF16  _NR21_REG                          
     0000FF17  _NR22_REG                          
     0000FF18  _NR23_REG                          
     0000FF19  _NR24_REG                          
     0000FF1A  _NR30_REG                          
     0000FF1B  _NR31_REG                          
     0000FF1C  _NR32_REG                          
     0000FF1D  _NR33_REG                          
     0000FF1E  _NR34_REG                          
     0000FF20  _NR41_REG                          
     0000FF21  _NR42_REG                          
     0000FF22  _NR43_REG                          
     0000FF23  _NR44_REG                          
     0000FF24  _NR50_REG                          
     0000FF25  _NR51_REG                          
     0000FF26  _NR52_REG                          
     0000FF30  _AUD3WAVE                          
     0000FF30  _PCM_SAMPLE                        
     0000FF30  __AUD3WAVERAM                      
     0000FF40  _LCDC_REG                          
     0000FF41  _STAT_REG                          
     0000FF42  _SCY_REG                           
     0000FF43  _SCX_REG                           
     0000FF44  _LY_REG                            
     0000FF45  _LYC_REG                           
     0000FF46  _DMA_REG                           
     0000FF47  _BGP_REG                           
     0000FF48  _OBP0_REG                          
     0000FF49  _OBP1_REG                          
     0000FF4A  _WY_REG                            
     0000FF4B  _WX_REG                            
     0000FF4D  _KEY1_REG                          
     0000FF4F  _VBK_REG                           
     0000FF51  _HDMA1_REG                         
     0000FF52  _HDMA2_REG                         
     0000FF53  _HDMA3_REG                         
     0000FF54  _HDMA4_REG                         
     0000FF55  _HDMA5_REG                         
     0000FF56  _RP_REG                            
     0000FF68  _BCPS_REG                          
     0000FF69  _BCPD_REG                          
     0000FF6A  _OCPS_REG                          
     0000FF6B  _OCPD_REG                          
     0000FF70  _SVBK_REG                          
ASxxxx Linker V03.00/V05.40 + sdld,  page 4.
Hexadecimal  [32-Bits]

Area                                    Addr        Size        Decimal Bytes (Attributes)
--------------------------------        ----        ----        ------- ----- ------------
.  .ABS.                            00000000    00000000 =           0. bytes (ABS,CON)

      Value  Global                              Global Defined In Module
      -----  --------------------------------   ------------------------
     0000FF76  _PCM12_REG                         
     0000FF77  _PCM34_REG                         
     0000FF80  __HRAM                             
     0000FF80  s__HRAM                         
     0000FFFF  _IE_REG                            

ASxxxx Linker V03.00/V05.40 + sdld,  page 5.
Hexadecimal  [32-Bits]

Area                                    Addr        Size        Decimal Bytes (Attributes)
--------------------------------        ----        ----        ------- ----- ------------
_CODE                               00000200    0000319C =       12700. bytes (REL,CON)

      Value  Global                              Global Defined In Module
      -----  --------------------------------   ------------------------
     00000200  G$chars_tileset$0_0$0              chars
     00000200  _chars_tileset                     chars
     000003F0  G$chars_tilemap$0_0$0              chars
     000003F0  _chars_tilemap                     chars
     0000040E  G$numbers_tileset$0_0$0            numbers
     0000040E  _numbers_tileset                   numbers
     000004AE  G$numbers_tilemap$0_0$0            numbers
     000004AE  _numbers_tilemap                   numbers
     000004B8  G$gender_select_tilemap$0_0$0      gender_select_tilemap
     000004B8  _gender_select_tilemap             gender_select_tilemap
     00000620  G$gender_select_tileset$0_0$0      gender_select_tileset
     00000620  _gender_select_tileset             gender_select_tileset
     00000910  G$inventory_bkg_tileset$0_0$0      inventory_bkg
     00000910  _inventory_bkg_tileset             inventory_bkg
     00000C50  G$inventory_bkg_tilemap$0_0$0      inventory_bkg
     00000C50  _inventory_bkg_tilemap             inventory_bkg
     00000DB8  G$bkg_main_menu_tileset$0_0$0      bkg_MainMenu
     00000DB8  _bkg_main_menu_tileset             bkg_MainMenu
     00001078  G$bkg_main_menu_tilemap$0_0$0      bkg_MainMenu
     00001078  _bkg_main_menu_tilemap             bkg_MainMenu
     000011E0  G$example_tileset$0_0$0            map_example
     000011E0  _example_tileset                   map_example
     00001690  G$example_tilemap$0_0$0            map_example
     00001690  _example_tilemap                   map_example
     000017F8  G$template_tilemap$0_0$0           template_tilemap
     000017F8  _template_tilemap                  template_tilemap
     00001960  G$template_tileset$0_0$0           template_tileset
     00001960  _template_tileset                  template_tileset
     00001B30  G$spr_Branch$0_0$0                 spr_Branch
     00001B30  _spr_Branch                        spr_Branch
     00001B40  A$lcc1766418$66                    action
     00001B40  C$action.c$12$0_0$150              action
     00001B40  G$move_up$0$0                      action
     00001B40  _move_up                           action
     00001B42  A$lcc1766418$67                    action
     00001B44  A$lcc1766418$68                    action
     00001B45  A$lcc1766418$72                    action
     00001B45  C$action.c$14$2_0$151              action
     00001B48  A$lcc1766418$73                    action
     00001B4A  A$lcc1766418$77                    action
     00001B4A  C$action.c$15$2_0$151              action
     00001B4C  A$lcc1766418$81                    action
     00001B4C  C$action.c$17$1_0$150              action
     00001B4E  A$lcc1766418$82                    action
     00001B4F  A$lcc1766418$83                    action
     00001B50  A$lcc1766418$84                    action
     00001B52  A$lcc1766418$85                    action
     00001B53  A$lcc1766418$86                    action
     00001B55  A$lcc1766418$87                    action
     00001B57  A$lcc1766418$88                    action
ASxxxx Linker V03.00/V05.40 + sdld,  page 6.
Hexadecimal  [32-Bits]

Area                                    Addr        Size        Decimal Bytes (Attributes)
--------------------------------        ----        ----        ------- ----- ------------
_CODE                               00000200    0000319C =       12700. bytes (REL,CON)

      Value  Global                              Global Defined In Module
      -----  --------------------------------   ------------------------
     00001B58  A$lcc1766418$89                    action
     00001B5B  A$lcc1766418$90                    action
     00001B5D  A$lcc1766418$91                    action
     00001B5E  A$lcc1766418$92                    action
     00001B5F  A$lcc1766418$93                    action
     00001B60  A$lcc1766418$94                    action
     00001B61  A$lcc1766418$95                    action
     00001B62  A$lcc1766418$96                    action
     00001B63  A$lcc1766418$97                    action
     00001B64  A$lcc1766418$98                    action
     00001B65  A$lcc1766418$99                    action
     00001B66  A$lcc1766418$100                   action
     00001B67  A$lcc1766418$101                   action
     00001B69  A$lcc1766418$102                   action
     00001B6A  A$lcc1766418$103                   action
     00001B6C  A$lcc1766418$104                   action
     00001B6D  A$lcc1766418$105                   action
     00001B6F  A$lcc1766418$106                   action
     00001B70  A$lcc1766418$107                   action
     00001B72  A$lcc1766418$108                   action
     00001B73  A$lcc1766418$109                   action
     00001B75  A$lcc1766418$110                   action
     00001B76  A$lcc1766418$111                   action
     00001B78  A$lcc1766418$112                   action
     00001B79  A$lcc1766418$113                   action
     00001B7A  A$lcc1766418$114                   action
     00001B7B  A$lcc1766418$115                   action
     00001B7C  A$lcc1766418$116                   action
     00001B7D  A$lcc1766418$117                   action
     00001B7E  A$lcc1766418$118                   action
     00001B7F  A$lcc1766418$119                   action
     00001B80  A$lcc1766418$120                   action
     00001B81  A$lcc1766418$121                   action
     00001B82  A$lcc1766418$122                   action
     00001B84  A$lcc1766418$123                   action
     00001B85  A$lcc1766418$124                   action
     00001B86  A$lcc1766418$125                   action
     00001B87  A$lcc1766418$126                   action
     00001B88  A$lcc1766418$127                   action
     00001B89  A$lcc1766418$128                   action
     00001B8A  A$lcc1766418$129                   action
     00001B8B  A$lcc1766418$130                   action
     00001B8C  A$lcc1766418$131                   action
     00001B8D  A$lcc1766418$132                   action
     00001B8E  A$lcc1766418$136                   action
     00001B8E  C$action.c$18$1_0$150              action
     00001B91  A$lcc1766418$137                   action
     00001B92  A$lcc1766418$138                   action
     00001B93  A$lcc1766418$139                   action
     00001B95  A$lcc1766418$140                   action
     00001B96  A$lcc1766418$141                   action
ASxxxx Linker V03.00/V05.40 + sdld,  page 7.
Hexadecimal  [32-Bits]

Area                                    Addr        Size        Decimal Bytes (Attributes)
--------------------------------        ----        ----        ------- ----- ------------
_CODE                               00000200    0000319C =       12700. bytes (REL,CON)

      Value  Global                              Global Defined In Module
      -----  --------------------------------   ------------------------
     00001B97  A$lcc1766418$142                   action
     00001B98  A$lcc1766418$143                   action
     00001B99  A$lcc1766418$144                   action
     00001B9A  A$lcc1766418$149                   action
     00001B9C  A$lcc1766418$154                   action
     00001B9C  C$action.c$19$1_0$150              action
     00001B9C  XG$move_up$0$0                     action
     00001B9D  A$lcc1766418$164                   action
     00001B9D  C$action.c$21$1_0$153              action
     00001B9D  G$move_down$0$0                    action
     00001B9D  _move_down                         action
     00001B9F  A$lcc1766418$165                   action
     00001BA1  A$lcc1766418$166                   action
     00001BA2  A$lcc1766418$170                   action
     00001BA2  C$action.c$23$2_0$154              action
     00001BA5  A$lcc1766418$171                   action
     00001BA7  A$lcc1766418$175                   action
     00001BA7  C$action.c$24$2_0$154              action
     00001BA9  A$lcc1766418$179                   action
     00001BA9  C$action.c$26$1_0$153              action
     00001BAB  A$lcc1766418$180                   action
     00001BAC  A$lcc1766418$181                   action
     00001BAD  A$lcc1766418$182                   action
     00001BAF  A$lcc1766418$183                   action
     00001BB0  A$lcc1766418$184                   action
     00001BB2  A$lcc1766418$185                   action
     00001BB4  A$lcc1766418$186                   action
     00001BB5  A$lcc1766418$187                   action
     00001BB8  A$lcc1766418$188                   action
     00001BBA  A$lcc1766418$189                   action
     00001BBB  A$lcc1766418$190                   action
     00001BBC  A$lcc1766418$191                   action
     00001BBD  A$lcc1766418$192                   action
     00001BBE  A$lcc1766418$193                   action
     00001BBF  A$lcc1766418$194                   action
     00001BC0  A$lcc1766418$195                   action
     00001BC1  A$lcc1766418$196                   action
     00001BC3  A$lcc1766418$197                   action
     00001BC4  A$lcc1766418$198                   action
     00001BC5  A$lcc1766418$199                   action
     00001BC7  A$lcc1766418$200                   action
     00001BC8  A$lcc1766418$201                   action
     00001BC9  A$lcc1766418$202                   action
     00001BCA  A$lcc1766418$203                   action
     00001BCB  A$lcc1766418$204                   action
     00001BCC  A$lcc1766418$205                   action
     00001BCD  A$lcc1766418$206                   action
     00001BCE  A$lcc1766418$207                   action
     00001BCF  A$lcc1766418$208                   action
     00001BD0  A$lcc1766418$209                   action
     00001BD1  A$lcc1766418$213                   action
ASxxxx Linker V03.00/V05.40 + sdld,  page 8.
Hexadecimal  [32-Bits]

Area                                    Addr        Size        Decimal Bytes (Attributes)
--------------------------------        ----        ----        ------- ----- ------------
_CODE                               00000200    0000319C =       12700. bytes (REL,CON)

      Value  Global                              Global Defined In Module
      -----  --------------------------------   ------------------------
     00001BD1  C$action.c$27$1_0$153              action
     00001BD4  A$lcc1766418$214                   action
     00001BD6  A$lcc1766418$215                   action
     00001BD7  A$lcc1766418$216                   action
     00001BD9  A$lcc1766418$217                   action
     00001BDA  A$lcc1766418$218                   action
     00001BDB  A$lcc1766418$219                   action
     00001BDC  A$lcc1766418$220                   action
     00001BDD  A$lcc1766418$221                   action
     00001BDE  A$lcc1766418$226                   action
     00001BE0  A$lcc1766418$231                   action
     00001BE0  C$action.c$28$1_0$153              action
     00001BE0  XG$move_down$0$0                   action
     00001BE1  A$lcc1766418$241                   action
     00001BE1  C$action.c$30$1_0$156              action
     00001BE1  G$move_left$0$0                    action
     00001BE1  _move_left                         action
     00001BE3  A$lcc1766418$242                   action
     00001BE5  A$lcc1766418$243                   action
     00001BE6  A$lcc1766418$247                   action
     00001BE6  C$action.c$32$2_0$157              action
     00001BE9  A$lcc1766418$248                   action
     00001BEB  A$lcc1766418$252                   action
     00001BEB  C$action.c$33$2_0$157              action
     00001BED  A$lcc1766418$256                   action
     00001BED  C$action.c$35$1_0$156              action
     00001BEF  A$lcc1766418$257                   action
     00001BF0  A$lcc1766418$258                   action
     00001BF1  A$lcc1766418$259                   action
     00001BF3  A$lcc1766418$260                   action
     00001BF4  A$lcc1766418$261                   action
     00001BF6  A$lcc1766418$262                   action
     00001BF8  A$lcc1766418$263                   action
     00001BF9  A$lcc1766418$264                   action
     00001BFC  A$lcc1766418$265                   action
     00001BFE  A$lcc1766418$266                   action
     00001BFF  A$lcc1766418$267                   action
     00001C00  A$lcc1766418$268                   action
     00001C01  A$lcc1766418$269                   action
     00001C02  A$lcc1766418$270                   action
     00001C03  A$lcc1766418$271                   action
     00001C04  A$lcc1766418$272                   action
     00001C05  A$lcc1766418$273                   action
     00001C06  A$lcc1766418$274                   action
     00001C07  A$lcc1766418$275                   action
     00001C08  A$lcc1766418$276                   action
     00001C0A  A$lcc1766418$277                   action
     00001C0B  A$lcc1766418$278                   action
     00001C0D  A$lcc1766418$279                   action
     00001C0E  A$lcc1766418$280                   action
     00001C10  A$lcc1766418$281                   action
ASxxxx Linker V03.00/V05.40 + sdld,  page 9.
Hexadecimal  [32-Bits]

Area                                    Addr        Size        Decimal Bytes (Attributes)
--------------------------------        ----        ----        ------- ----- ------------
_CODE                               00000200    0000319C =       12700. bytes (REL,CON)

      Value  Global                              Global Defined In Module
      -----  --------------------------------   ------------------------
     00001C11  A$lcc1766418$282                   action
     00001C13  A$lcc1766418$283                   action
     00001C14  A$lcc1766418$284                   action
     00001C16  A$lcc1766418$285                   action
     00001C17  A$lcc1766418$286                   action
     00001C19  A$lcc1766418$287                   action
     00001C1A  A$lcc1766418$288                   action
     00001C1B  A$lcc1766418$289                   action
     00001C1C  A$lcc1766418$290                   action
     00001C1D  A$lcc1766418$291                   action
     00001C1E  A$lcc1766418$292                   action
     00001C1F  A$lcc1766418$293                   action
     00001C20  A$lcc1766418$294                   action
     00001C21  A$lcc1766418$295                   action
     00001C22  A$lcc1766418$296                   action
     00001C23  A$lcc1766418$297                   action
     00001C25  A$lcc1766418$298                   action
     00001C26  A$lcc1766418$299                   action
     00001C27  A$lcc1766418$300                   action
     00001C28  A$lcc1766418$301                   action
     00001C29  A$lcc1766418$305                   action
     00001C29  C$action.c$36$1_0$156              action
     00001C2A  A$lcc1766418$306                   action
     00001C2B  A$lcc1766418$307                   action
     00001C2C  A$lcc1766418$308                   action
     00001C2D  A$lcc1766418$309                   action
     00001C2E  A$lcc1766418$310                   action
     00001C2F  A$lcc1766418$311                   action
     00001C30  A$lcc1766418$312                   action
     00001C31  A$lcc1766418$313                   action
     00001C34  A$lcc1766418$314                   action
     00001C35  A$lcc1766418$315                   action
     00001C37  A$lcc1766418$316                   action
     00001C38  A$lcc1766418$317                   action
     00001C39  A$lcc1766418$318                   action
     00001C3A  A$lcc1766418$319                   action
     00001C3B  A$lcc1766418$320                   action
     00001C3C  A$lcc1766418$321                   action
     00001C3D  A$lcc1766418$326                   action
     00001C3F  A$lcc1766418$331                   action
     00001C3F  C$action.c$37$1_0$156              action
     00001C3F  XG$move_left$0$0                   action
     00001C40  A$lcc1766418$341                   action
     00001C40  C$action.c$39$1_0$159              action
     00001C40  G$move_right$0$0                   action
     00001C40  _move_right                        action
     00001C42  A$lcc1766418$342                   action
     00001C44  A$lcc1766418$343                   action
     00001C45  A$lcc1766418$347                   action
     00001C45  C$action.c$41$2_0$160              action
     00001C48  A$lcc1766418$348                   action
ASxxxx Linker V03.00/V05.40 + sdld,  page 10.
Hexadecimal  [32-Bits]

Area                                    Addr        Size        Decimal Bytes (Attributes)
--------------------------------        ----        ----        ------- ----- ------------
_CODE                               00000200    0000319C =       12700. bytes (REL,CON)

      Value  Global                              Global Defined In Module
      -----  --------------------------------   ------------------------
     00001C4A  A$lcc1766418$352                   action
     00001C4A  C$action.c$42$2_0$160              action
     00001C4C  A$lcc1766418$356                   action
     00001C4C  C$action.c$44$1_0$159              action
     00001C4E  A$lcc1766418$357                   action
     00001C4F  A$lcc1766418$358                   action
     00001C50  A$lcc1766418$359                   action
     00001C52  A$lcc1766418$360                   action
     00001C53  A$lcc1766418$361                   action
     00001C55  A$lcc1766418$362                   action
     00001C57  A$lcc1766418$363                   action
     00001C58  A$lcc1766418$364                   action
     00001C5B  A$lcc1766418$365                   action
     00001C5D  A$lcc1766418$366                   action
     00001C5E  A$lcc1766418$367                   action
     00001C5F  A$lcc1766418$368                   action
     00001C60  A$lcc1766418$369                   action
     00001C61  A$lcc1766418$370                   action
     00001C62  A$lcc1766418$371                   action
     00001C63  A$lcc1766418$372                   action
     00001C64  A$lcc1766418$373                   action
     00001C66  A$lcc1766418$374                   action
     00001C67  A$lcc1766418$375                   action
     00001C68  A$lcc1766418$376                   action
     00001C6A  A$lcc1766418$377                   action
     00001C6B  A$lcc1766418$378                   action
     00001C6C  A$lcc1766418$379                   action
     00001C6D  A$lcc1766418$380                   action
     00001C6E  A$lcc1766418$381                   action
     00001C6F  A$lcc1766418$382                   action
     00001C70  A$lcc1766418$383                   action
     00001C71  A$lcc1766418$384                   action
     00001C72  A$lcc1766418$385                   action
     00001C73  A$lcc1766418$386                   action
     00001C74  A$lcc1766418$390                   action
     00001C74  C$action.c$45$1_0$159              action
     00001C75  A$lcc1766418$391                   action
     00001C78  A$lcc1766418$392                   action
     00001C7A  A$lcc1766418$393                   action
     00001C7B  A$lcc1766418$394                   action
     00001C7D  A$lcc1766418$395                   action
     00001C7E  A$lcc1766418$396                   action
     00001C7F  A$lcc1766418$397                   action
     00001C80  A$lcc1766418$398                   action
     00001C81  A$lcc1766418$399                   action
     00001C82  A$lcc1766418$400                   action
     00001C83  A$lcc1766418$405                   action
     00001C85  A$lcc1766418$410                   action
     00001C85  C$action.c$46$1_0$159              action
     00001C85  XG$move_right$0$0                  action
     00001C86  A$lcc1766418$420                   action
ASxxxx Linker V03.00/V05.40 + sdld,  page 11.
Hexadecimal  [32-Bits]

Area                                    Addr        Size        Decimal Bytes (Attributes)
--------------------------------        ----        ----        ------- ----- ------------
_CODE                               00000200    0000319C =       12700. bytes (REL,CON)

      Value  Global                              Global Defined In Module
      -----  --------------------------------   ------------------------
     00001C86  C$action.c$48$1_0$162              action
     00001C86  G$check_input$0$0                  action
     00001C86  _check_input                       action
     00001C87  A$lcc1766418$424                   action
     00001C87  C$action.c$50$1_0$162              action
     00001C8A  A$lcc1766418$425                   action
     00001C8D  A$lcc1766418$426                   action
     00001C8E  A$lcc1766418$430                   action
     00001C8E  C$action.c$52$2_0$163              action
     00001C90  A$lcc1766418$431                   action
     00001C92  A$lcc1766418$432                   action
     00001C95  A$lcc1766418$433                   action
     00001C97  A$lcc1766418$434                   action
     00001C99  A$lcc1766418$438                   action
     00001C99  C$action.c$54$3_0$164              action
     00001C9C  A$lcc1766418$439                   action
     00001C9F  A$lcc1766418$440                   action
     00001CA0  A$lcc1766418$441                   action
     00001CA1  A$lcc1766418$442                   action
     00001CA2  A$lcc1766418$443                   action
     00001CA3  A$lcc1766418$444                   action
     00001CA4  A$lcc1766418$445                   action
     00001CA5  A$lcc1766418$446                   action
     00001CA6  A$lcc1766418$447                   action
     00001CA9  A$lcc1766418$448                   action
     00001CAB  A$lcc1766418$449                   action
     00001CAC  A$lcc1766418$450                   action
     00001CAE  A$lcc1766418$451                   action
     00001CAF  A$lcc1766418$452                   action
     00001CB0  A$lcc1766418$453                   action
     00001CB3  A$lcc1766418$458                   action
     00001CB3  C$action.c$58$2_0$165              action
     00001CB6  A$lcc1766418$459                   action
     00001CB7  A$lcc1766418$460                   action
     00001CB9  A$lcc1766418$464                   action
     00001CBC  A$lcc1766418$468                   action
     00001CBC  C$action.c$60$4_0$167              action
     00001CBE  A$lcc1766418$469                   action
     00001CC0  A$lcc1766418$473                   action
     00001CC0  C$action.c$61$4_0$167              action
     00001CC3  A$lcc1766418$474                   action
     00001CC5  A$lcc1766418$475                   action
     00001CC7  A$lcc1766418$480                   action
     00001CC7  C$action.c$62$5_0$168              action
     00001CC9  A$lcc1766418$481                   action
     00001CCB  A$lcc1766418$485                   action
     00001CCB  C$action.c$63$5_0$168              action
     00001CCE  A$lcc1766418$486                   action
     00001CD0  A$lcc1766418$487                   action
     00001CD2  A$lcc1766418$492                   action
     00001CD2  C$action.c$64$6_0$169              action
ASxxxx Linker V03.00/V05.40 + sdld,  page 12.
Hexadecimal  [32-Bits]

Area                                    Addr        Size        Decimal Bytes (Attributes)
--------------------------------        ----        ----        ------- ----- ------------
_CODE                               00000200    0000319C =       12700. bytes (REL,CON)

      Value  Global                              Global Defined In Module
      -----  --------------------------------   ------------------------
     00001CD4  A$lcc1766418$493                   action
     00001CD6  A$lcc1766418$497                   action
     00001CD6  C$action.c$65$6_0$169              action
     00001CD9  A$lcc1766418$498                   action
     00001CDB  A$lcc1766418$499                   action
     00001CDD  A$lcc1766418$504                   action
     00001CDD  C$action.c$66$7_0$170              action
     00001CDE  A$lcc1766418$505                   action
     00001CE0  A$lcc1766418$509                   action
     00001CE0  C$action.c$67$7_0$170              action
     00001CE3  A$lcc1766418$510                   action
     00001CE5  A$lcc1766418$515                   action
     00001CE5  C$action.c$71$2_0$171              action
     00001CE8  A$lcc1766418$516                   action
     00001CE9  A$lcc1766418$517                   action
     00001CEB  A$lcc1766418$518                   action
     00001CEE  A$lcc1766418$519                   action
     00001CF0  A$lcc1766418$520                   action
     00001CF2  A$lcc1766418$521                   action
     00001CF4  A$lcc1766418$522                   action
     00001CF6  A$lcc1766418$523                   action
     00001CF8  A$lcc1766418$524                   action
     00001CFA  A$lcc1766418$525                   action
     00001CFC  A$lcc1766418$533                   action
     00001CFC  C$action.c$73$3_0$172              action
     00001CFC  C$action.c$74$3_0$172              action
     00001CFF  A$lcc1766418$534                   action
     00001D02  A$lcc1766418$538                   action
     00001D02  C$action.c$75$3_0$172              action
     00001D05  A$lcc1766418$539                   action
     00001D07  A$lcc1766418$540                   action
     00001D08  A$lcc1766418$541                   action
     00001D0B  A$lcc1766418$542                   action
     00001D0C  A$lcc1766418$543                   action
     00001D0E  A$lcc1766418$544                   action
     00001D0F  A$lcc1766418$545                   action
     00001D10  A$lcc1766418$546                   action
     00001D11  A$lcc1766418$547                   action
     00001D12  A$lcc1766418$548                   action
     00001D13  A$lcc1766418$549                   action
     00001D14  A$lcc1766418$550                   action
     00001D15  A$lcc1766418$551                   action
     00001D16  A$lcc1766418$552                   action
     00001D17  A$lcc1766418$553                   action
     00001D1A  A$lcc1766418$554                   action
     00001D1B  A$lcc1766418$555                   action
     00001D1C  A$lcc1766418$556                   action
     00001D1D  A$lcc1766418$557                   action
     00001D1F  A$lcc1766418$558                   action
     00001D20  A$lcc1766418$559                   action
     00001D23  A$lcc1766418$563                   action
ASxxxx Linker V03.00/V05.40 + sdld,  page 13.
Hexadecimal  [32-Bits]

Area                                    Addr        Size        Decimal Bytes (Attributes)
--------------------------------        ----        ----        ------- ----- ------------
_CODE                               00000200    0000319C =       12700. bytes (REL,CON)

      Value  Global                              Global Defined In Module
      -----  --------------------------------   ------------------------
     00001D23  C$action.c$76$3_0$172              action
     00001D25  A$lcc1766418$571                   action
     00001D25  C$action.c$77$3_0$172              action
     00001D25  C$action.c$78$3_0$172              action
     00001D28  A$lcc1766418$572                   action
     00001D2B  A$lcc1766418$576                   action
     00001D2B  C$action.c$79$3_0$172              action
     00001D2E  A$lcc1766418$577                   action
     00001D30  A$lcc1766418$578                   action
     00001D31  A$lcc1766418$579                   action
     00001D34  A$lcc1766418$580                   action
     00001D35  A$lcc1766418$581                   action
     00001D37  A$lcc1766418$582                   action
     00001D38  A$lcc1766418$583                   action
     00001D39  A$lcc1766418$584                   action
     00001D3A  A$lcc1766418$585                   action
     00001D3B  A$lcc1766418$586                   action
     00001D3C  A$lcc1766418$587                   action
     00001D3D  A$lcc1766418$588                   action
     00001D3E  A$lcc1766418$589                   action
     00001D3F  A$lcc1766418$590                   action
     00001D40  A$lcc1766418$591                   action
     00001D43  A$lcc1766418$592                   action
     00001D44  A$lcc1766418$593                   action
     00001D45  A$lcc1766418$594                   action
     00001D46  A$lcc1766418$595                   action
     00001D48  A$lcc1766418$596                   action
     00001D49  A$lcc1766418$597                   action
     00001D4C  A$lcc1766418$601                   action
     00001D4C  C$action.c$80$3_0$172              action
     00001D4E  A$lcc1766418$609                   action
     00001D4E  C$action.c$81$3_0$172              action
     00001D4E  C$action.c$82$3_0$172              action
     00001D51  A$lcc1766418$610                   action
     00001D54  A$lcc1766418$614                   action
     00001D54  C$action.c$83$3_0$172              action
     00001D56  A$lcc1766418$622                   action
     00001D56  C$action.c$84$3_0$172              action
     00001D56  C$action.c$85$3_0$172              action
     00001D59  A$lcc1766418$623                   action
     00001D5C  A$lcc1766418$631                   action
     00001D5C  C$action.c$89$2_0$171              action
     00001D5C  C$action.c$92$2_0$173              action
     00001D5F  A$lcc1766418$632                   action
     00001D60  A$lcc1766418$633                   action
     00001D62  A$lcc1766418$634                   action
     00001D65  A$lcc1766418$635                   action
     00001D67  A$lcc1766418$636                   action
     00001D69  A$lcc1766418$640                   action
     00001D69  C$action.c$94$3_0$174              action
     00001D6A  A$lcc1766418$641                   action
ASxxxx Linker V03.00/V05.40 + sdld,  page 14.
Hexadecimal  [32-Bits]

Area                                    Addr        Size        Decimal Bytes (Attributes)
--------------------------------        ----        ----        ------- ----- ------------
_CODE                               00000200    0000319C =       12700. bytes (REL,CON)

      Value  Global                              Global Defined In Module
      -----  --------------------------------   ------------------------
     00001D6D  A$lcc1766418$645                   action
     00001D6D  C$action.c$95$3_0$174              action
     00001D70  A$lcc1766418$646                   action
     00001D72  A$lcc1766418$647                   action
     00001D73  A$lcc1766418$648                   action
     00001D76  A$lcc1766418$649                   action
     00001D77  A$lcc1766418$650                   action
     00001D79  A$lcc1766418$651                   action
     00001D7A  A$lcc1766418$652                   action
     00001D7B  A$lcc1766418$653                   action
     00001D7C  A$lcc1766418$654                   action
     00001D7D  A$lcc1766418$655                   action
     00001D7E  A$lcc1766418$656                   action
     00001D7F  A$lcc1766418$657                   action
     00001D80  A$lcc1766418$658                   action
     00001D81  A$lcc1766418$659                   action
     00001D82  A$lcc1766418$660                   action
     00001D85  A$lcc1766418$661                   action
     00001D86  A$lcc1766418$662                   action
     00001D87  A$lcc1766418$663                   action
     00001D88  A$lcc1766418$664                   action
     00001D8A  A$lcc1766418$665                   action
     00001D8B  A$lcc1766418$666                   action
     00001D8E  A$lcc1766418$671                   action
     00001D8E  C$action.c$98$2_0$175              action
     00001D91  A$lcc1766418$672                   action
     00001D93  A$lcc1766418$673                   action
     00001D95  A$lcc1766418$674                   action
     00001D98  A$lcc1766418$675                   action
     00001D9A  A$lcc1766418$676                   action
     00001D9C  A$lcc1766418$680                   action
     00001D9C  C$action.c$100$3_0$176             action
     00001D9D  A$lcc1766418$681                   action
     00001DA0  A$lcc1766418$685                   action
     00001DA0  C$action.c$101$3_0$176             action
     00001DA3  A$lcc1766418$686                   action
     00001DA5  A$lcc1766418$687                   action
     00001DA6  A$lcc1766418$688                   action
     00001DA9  A$lcc1766418$689                   action
     00001DAA  A$lcc1766418$690                   action
     00001DAC  A$lcc1766418$691                   action
     00001DAD  A$lcc1766418$692                   action
     00001DAE  A$lcc1766418$693                   action
     00001DAF  A$lcc1766418$694                   action
     00001DB0  A$lcc1766418$695                   action
     00001DB1  A$lcc1766418$696                   action
     00001DB2  A$lcc1766418$697                   action
     00001DB3  A$lcc1766418$698                   action
     00001DB4  A$lcc1766418$699                   action
     00001DB5  A$lcc1766418$700                   action
     00001DB8  A$lcc1766418$701                   action
ASxxxx Linker V03.00/V05.40 + sdld,  page 15.
Hexadecimal  [32-Bits]

Area                                    Addr        Size        Decimal Bytes (Attributes)
--------------------------------        ----        ----        ------- ----- ------------
_CODE                               00000200    0000319C =       12700. bytes (REL,CON)

      Value  Global                              Global Defined In Module
      -----  --------------------------------   ------------------------
     00001DB9  A$lcc1766418$702                   action
     00001DBA  A$lcc1766418$703                   action
     00001DBB  A$lcc1766418$704                   action
     00001DBD  A$lcc1766418$705                   action
     00001DBE  A$lcc1766418$706                   action
     00001DC1  A$lcc1766418$711                   action
     00001DC1  C$action.c$52$1_0$162              action
     00001DC4  A$lcc1766418$712                   action
     00001DC5  A$lcc1766418$716                   action
     00001DC5  C$action.c$104$2_0$177             action
     00001DC8  A$lcc1766418$717                   action
     00001DCA  A$lcc1766418$718                   action
     00001DCC  A$lcc1766418$719                   action
     00001DCE  A$lcc1766418$720                   action
     00001DD0  A$lcc1766418$724                   action
     00001DD0  C$action.c$105$2_0$177             action
     00001DD1  A$lcc1766418$725                   action
     00001DD4  A$lcc1766418$730                   action
     00001DD4  C$action.c$106$2_0$178             action
     00001DD7  A$lcc1766418$731                   action
     00001DD9  A$lcc1766418$732                   action
     00001DDB  A$lcc1766418$733                   action
     00001DDD  A$lcc1766418$734                   action
     00001DDF  A$lcc1766418$738                   action
     00001DDF  C$action.c$107$2_0$178             action
     00001DE0  A$lcc1766418$739                   action
     00001DE3  A$lcc1766418$744                   action
     00001DE3  C$action.c$109$1_0$162             action
     00001DE6  A$lcc1766418$745                   action
     00001DE9  A$lcc1766418$749                   action
     00001DEA  A$lcc1766418$754                   action
     00001DEA  C$action.c$110$1_0$162             action
     00001DEA  XG$check_input$0$0                 action
     00001DEB  A$lcc1766419$59                    animation
     00001DEB  C$animation.c$7$0_0$135            animation
     00001DEB  G$init_animation$0$0               animation
     00001DEB  _init_animation                    animation
     00001DED  A$lcc1766419$60                    animation
     00001DEF  A$lcc1766419$61                    animation
     00001DF0  A$lcc1766419$62                    animation
     00001DF1  A$lcc1766419$63                    animation
     00001DF2  A$lcc1766419$64                    animation
     00001DF3  A$lcc1766419$65                    animation
     00001DF4  A$lcc1766419$69                    animation
     00001DF4  C$animation.c$12$1_0$135           animation
     00001DF6  A$lcc1766419$70                    animation
     00001DF7  A$lcc1766419$71                    animation
     00001DF8  A$lcc1766419$72                    animation
     00001DF9  A$lcc1766419$73                    animation
     00001DFA  A$lcc1766419$74                    animation
     00001DFB  A$lcc1766419$75                    animation
ASxxxx Linker V03.00/V05.40 + sdld,  page 16.
Hexadecimal  [32-Bits]

Area                                    Addr        Size        Decimal Bytes (Attributes)
--------------------------------        ----        ----        ------- ----- ------------
_CODE                               00000200    0000319C =       12700. bytes (REL,CON)

      Value  Global                              Global Defined In Module
      -----  --------------------------------   ------------------------
     00001DFC  A$lcc1766419$76                    animation
     00001DFE  A$lcc1766419$77                    animation
     00001E00  A$lcc1766419$78                    animation
     00001E01  A$lcc1766419$79                    animation
     00001E02  A$lcc1766419$80                    animation
     00001E03  A$lcc1766419$81                    animation
     00001E04  A$lcc1766419$82                    animation
     00001E05  A$lcc1766419$83                    animation
     00001E06  A$lcc1766419$87                    animation
     00001E06  C$animation.c$14$1_0$135           animation
     00001E07  A$lcc1766419$88                    animation
     00001E08  A$lcc1766419$89                    animation
     00001E09  A$lcc1766419$90                    animation
     00001E0B  A$lcc1766419$91                    animation
     00001E0C  A$lcc1766419$92                    animation
     00001E0D  A$lcc1766419$96                    animation
     00001E0D  C$animation.c$15$1_0$135           animation
     00001E0E  A$lcc1766419$97                    animation
     00001E0F  A$lcc1766419$98                    animation
     00001E10  A$lcc1766419$99                    animation
     00001E11  A$lcc1766419$100                   animation
     00001E12  A$lcc1766419$101                   animation
     00001E13  A$lcc1766419$102                   animation
     00001E15  A$lcc1766419$103                   animation
     00001E16  A$lcc1766419$104                   animation
     00001E17  A$lcc1766419$105                   animation
     00001E18  A$lcc1766419$109                   animation
     00001E18  C$animation.c$16$1_0$135           animation
     00001E1B  A$lcc1766419$110                   animation
     00001E1C  A$lcc1766419$111                   animation
     00001E1E  A$lcc1766419$115                   animation
     00001E1E  C$animation.c$17$1_0$135           animation
     00001E1F  A$lcc1766419$116                   animation
     00001E20  A$lcc1766419$117                   animation
     00001E21  A$lcc1766419$118                   animation
     00001E22  A$lcc1766419$119                   animation
     00001E24  A$lcc1766419$123                   animation
     00001E24  C$animation.c$18$1_0$135           animation
     00001E27  A$lcc1766419$124                   animation
     00001E28  A$lcc1766419$125                   animation
     00001E29  A$lcc1766419$126                   animation
     00001E2B  A$lcc1766419$127                   animation
     00001E2C  A$lcc1766419$128                   animation
     00001E2D  A$lcc1766419$129                   animation
     00001E2E  A$lcc1766419$133                   animation
     00001E2E  C$animation.c$21$1_0$135           animation
     00001E2F  A$lcc1766419$134                   animation
     00001E30  A$lcc1766419$135                   animation
     00001E31  A$lcc1766419$136                   animation
     00001E32  A$lcc1766419$137                   animation
     00001E34  A$lcc1766419$138                   animation
ASxxxx Linker V03.00/V05.40 + sdld,  page 17.
Hexadecimal  [32-Bits]

Area                                    Addr        Size        Decimal Bytes (Attributes)
--------------------------------        ----        ----        ------- ----- ------------
_CODE                               00000200    0000319C =       12700. bytes (REL,CON)

      Value  Global                              Global Defined In Module
      -----  --------------------------------   ------------------------
     00001E35  A$lcc1766419$139                   animation
     00001E36  A$lcc1766419$140                   animation
     00001E37  A$lcc1766419$141                   animation
     00001E38  A$lcc1766419$142                   animation
     00001E3B  A$lcc1766419$143                   animation
     00001E3C  A$lcc1766419$144                   animation
     00001E3D  A$lcc1766419$145                   animation
     00001E3E  A$lcc1766419$146                   animation
     00001E40  A$lcc1766419$147                   animation
     00001E41  A$lcc1766419$148                   animation
     00001E42  A$lcc1766419$149                   animation
     00001E43  A$lcc1766419$150                   animation
     00001E45  A$lcc1766419$151                   animation
     00001E46  A$lcc1766419$152                   animation
     00001E49  A$lcc1766419$153                   animation
     00001E4A  A$lcc1766419$154                   animation
     00001E4B  A$lcc1766419$155                   animation
     00001E4C  A$lcc1766419$156                   animation
     00001E4D  A$lcc1766419$160                   animation
     00001E4D  C$animation.c$24$2_0$135           animation
     00001E4F  A$lcc1766419$162                   animation
     00001E50  A$lcc1766419$163                   animation
     00001E51  A$lcc1766419$164                   animation
     00001E52  A$lcc1766419$165                   animation
     00001E53  A$lcc1766419$166                   animation
     00001E55  A$lcc1766419$167                   animation
     00001E56  A$lcc1766419$168                   animation
     00001E58  A$lcc1766419$173                   animation
     00001E58  C$animation.c$32$2_0$138           animation
     00001E5A  A$lcc1766419$174                   animation
     00001E5B  A$lcc1766419$175                   animation
     00001E5C  A$lcc1766419$176                   animation
     00001E5D  A$lcc1766419$177                   animation
     00001E60  A$lcc1766419$178                   animation
     00001E61  A$lcc1766419$179                   animation
     00001E62  A$lcc1766419$180                   animation
     00001E63  A$lcc1766419$181                   animation
     00001E64  A$lcc1766419$182                   animation
     00001E65  A$lcc1766419$183                   animation
     00001E67  A$lcc1766419$187                   animation
     00001E67  C$animation.c$33$2_0$138           animation
     00001E69  A$lcc1766419$188                   animation
     00001E6A  A$lcc1766419$189                   animation
     00001E6B  A$lcc1766419$194                   animation
     00001E6B  C$animation.c$34$2_0$135           animation
     00001E6D  A$lcc1766419$195                   animation
     00001E6E  A$lcc1766419$196                   animation
     00001E70  A$lcc1766419$197                   animation
     00001E71  A$lcc1766419$207                   animation
     00001E71  C$animation.c$36$2_0$140           animation
     00001E71  G$update_animation$0$0             animation
ASxxxx Linker V03.00/V05.40 + sdld,  page 18.
Hexadecimal  [32-Bits]

Area                                    Addr        Size        Decimal Bytes (Attributes)
--------------------------------        ----        ----        ------- ----- ------------
_CODE                               00000200    0000319C =       12700. bytes (REL,CON)

      Value  Global                              Global Defined In Module
      -----  --------------------------------   ------------------------
     00001E71  _update_animation                  animation
     00001E72  A$lcc1766419$208                   animation
     00001E73  A$lcc1766419$209                   animation
     00001E74  A$lcc1766419$210                   animation
     00001E75  A$lcc1766419$214                   animation
     00001E75  C$animation.c$38$1_0$140           animation
     00001E78  A$lcc1766419$215                   animation
     00001E79  A$lcc1766419$216                   animation
     00001E7A  A$lcc1766419$217                   animation
     00001E7B  A$lcc1766419$218                   animation
     00001E7C  A$lcc1766419$219                   animation
     00001E7D  A$lcc1766419$220                   animation
     00001E7E  A$lcc1766419$221                   animation
     00001E7F  A$lcc1766419$222                   animation
     00001E80  A$lcc1766419$223                   animation
     00001E82  A$lcc1766419$224                   animation
     00001E83  A$lcc1766419$225                   animation
     00001E84  A$lcc1766419$229                   animation
     00001E84  C$animation.c$40$1_0$140           animation
     00001E87  A$lcc1766419$230                   animation
     00001E88  A$lcc1766419$231                   animation
     00001E89  A$lcc1766419$232                   animation
     00001E8A  A$lcc1766419$233                   animation
     00001E8B  A$lcc1766419$234                   animation
     00001E8C  A$lcc1766419$235                   animation
     00001E8E  A$lcc1766419$236                   animation
     00001E8F  A$lcc1766419$237                   animation
     00001E90  A$lcc1766419$241                   animation
     00001E90  C$animation.c$41$2_0$141           animation
     00001E91  A$lcc1766419$242                   animation
     00001E92  A$lcc1766419$243                   animation
     00001E93  A$lcc1766419$244                   animation
     00001E94  A$lcc1766419$245                   animation
     00001E95  A$lcc1766419$246                   animation
     00001E96  A$lcc1766419$247                   animation
     00001E98  A$lcc1766419$248                   animation
     00001E99  A$lcc1766419$249                   animation
     00001E9B  A$lcc1766419$250                   animation
     00001E9C  A$lcc1766419$251                   animation
     00001E9D  A$lcc1766419$252                   animation
     00001E9F  A$lcc1766419$256                   animation
     00001E9F  C$animation.c$43$3_0$142           animation
     00001EA0  A$lcc1766419$257                   animation
     00001EA1  A$lcc1766419$261                   animation
     00001EA1  C$animation.c$44$3_0$142           animation
     00001EA2  A$lcc1766419$262                   animation
     00001EA3  A$lcc1766419$263                   animation
     00001EA4  A$lcc1766419$264                   animation
     00001EA5  A$lcc1766419$265                   animation
     00001EA6  A$lcc1766419$266                   animation
     00001EA7  A$lcc1766419$270                   animation
ASxxxx Linker V03.00/V05.40 + sdld,  page 19.
Hexadecimal  [32-Bits]

Area                                    Addr        Size        Decimal Bytes (Attributes)
--------------------------------        ----        ----        ------- ----- ------------
_CODE                               00000200    0000319C =       12700. bytes (REL,CON)

      Value  Global                              Global Defined In Module
      -----  --------------------------------   ------------------------
     00001EA7  C$animation.c$45$4_0$143           animation
     00001EA8  A$lcc1766419$271                   animation
     00001EA9  A$lcc1766419$272                   animation
     00001EAA  A$lcc1766419$273                   animation
     00001EAB  A$lcc1766419$274                   animation
     00001EAC  A$lcc1766419$275                   animation
     00001EAE  A$lcc1766419$279                   animation
     00001EAE  C$animation.c$46$4_0$143           animation
     00001EB0  A$lcc1766419$284                   animation
     00001EB1  A$lcc1766419$285                   animation
     00001EB2  A$lcc1766419$290                   animation
     00001EB2  C$animation.c$48$2_0$140           animation
     00001EB2  XG$update_animation$0$0            animation
     00001EB3  A$lcc1766419$300                   animation
     00001EB3  C$animation.c$50$2_0$145           animation
     00001EB3  G$set_animation$0$0                animation
     00001EB3  _set_animation                     animation
     00001EB4  A$lcc1766419$301                   animation
     00001EB5  A$lcc1766419$302                   animation
     00001EB6  A$lcc1766419$306                   animation
     00001EB6  C$animation.c$52$2_0$146           animation
     00001EB7  A$lcc1766419$307                   animation
     00001EB9  A$lcc1766419$308                   animation
     00001EBA  A$lcc1766419$309                   animation
     00001EBB  A$lcc1766419$310                   animation
     00001EBD  A$lcc1766419$311                   animation
     00001EBE  A$lcc1766419$312                   animation
     00001EBF  A$lcc1766419$313                   animation
     00001EC0  A$lcc1766419$314                   animation
     00001EC1  A$lcc1766419$321                   animation
     00001EC1  C$animation.c$53$2_0$146           animation
     00001EC1  C$animation.c$55$1_0$145           animation
     00001EC2  A$lcc1766419$322                   animation
     00001EC3  A$lcc1766419$326                   animation
     00001EC3  C$animation.c$56$1_1$147           animation
     00001EC4  A$lcc1766419$327                   animation
     00001EC5  A$lcc1766419$328                   animation
     00001EC6  A$lcc1766419$329                   animation
     00001EC7  A$lcc1766419$330                   animation
     00001EC9  A$lcc1766419$331                   animation
     00001ECA  A$lcc1766419$335                   animation
     00001ECA  C$animation.c$57$1_1$147           animation
     00001ECB  A$lcc1766419$336                   animation
     00001ECC  A$lcc1766419$337                   animation
     00001ECD  A$lcc1766419$338                   animation
     00001ECE  A$lcc1766419$339                   animation
     00001ECF  A$lcc1766419$340                   animation
     00001ED0  A$lcc1766419$344                   animation
     00001ED0  C$animation.c$58$1_1$147           animation
     00001ED3  A$lcc1766419$345                   animation
     00001ED4  A$lcc1766419$346                   animation
ASxxxx Linker V03.00/V05.40 + sdld,  page 20.
Hexadecimal  [32-Bits]

Area                                    Addr        Size        Decimal Bytes (Attributes)
--------------------------------        ----        ----        ------- ----- ------------
_CODE                               00000200    0000319C =       12700. bytes (REL,CON)

      Value  Global                              Global Defined In Module
      -----  --------------------------------   ------------------------
     00001ED6  A$lcc1766419$354                   animation
     00001ED6  C$animation.c$59$1_1$145           animation
     00001ED6  XG$set_animation$0$0               animation
     00001ED7  A$lcc1766421$52                    char_to_tile
     00001ED7  C$char_to_tile.c$3$0_0$3           char_to_tile
     00001ED7  G$char_to_tile$0$0                 char_to_tile
     00001ED7  _char_to_tile                      char_to_tile
     00001ED9  A$lcc1766421$53                    char_to_tile
     00001EDB  A$lcc1766421$54                    char_to_tile
     00001EDC  A$lcc1766421$58                    char_to_tile
     00001EDC  C$char_to_tile.c$4$2_0$3           char_to_tile
     00001EDE  A$lcc1766421$59                    char_to_tile
     00001EE0  A$lcc1766421$60                    char_to_tile
     00001EE1  A$lcc1766421$61                    char_to_tile
     00001EE3  A$lcc1766421$62                    char_to_tile
     00001EE4  A$lcc1766421$63                    char_to_tile
     00001EE6  A$lcc1766421$64                    char_to_tile
     00001EE7  A$lcc1766421$65                    char_to_tile
     00001EE9  A$lcc1766421$66                    char_to_tile
     00001EEA  A$lcc1766421$67                    char_to_tile
     00001EEC  A$lcc1766421$68                    char_to_tile
     00001EED  A$lcc1766421$69                    char_to_tile
     00001EEF  A$lcc1766421$70                    char_to_tile
     00001EF0  A$lcc1766421$71                    char_to_tile
     00001EF2  A$lcc1766421$72                    char_to_tile
     00001EF3  A$lcc1766421$73                    char_to_tile
     00001EF5  A$lcc1766421$74                    char_to_tile
     00001EF6  A$lcc1766421$75                    char_to_tile
     00001EF8  A$lcc1766421$76                    char_to_tile
     00001EF9  A$lcc1766421$77                    char_to_tile
     00001EFB  A$lcc1766421$78                    char_to_tile
     00001EFC  A$lcc1766421$79                    char_to_tile
     00001EFE  A$lcc1766421$80                    char_to_tile
     00001EFF  A$lcc1766421$81                    char_to_tile
     00001F01  A$lcc1766421$82                    char_to_tile
     00001F02  A$lcc1766421$83                    char_to_tile
     00001F04  A$lcc1766421$84                    char_to_tile
     00001F05  A$lcc1766421$85                    char_to_tile
     00001F07  A$lcc1766421$86                    char_to_tile
     00001F08  A$lcc1766421$87                    char_to_tile
     00001F0A  A$lcc1766421$88                    char_to_tile
     00001F0B  A$lcc1766421$89                    char_to_tile
     00001F0D  A$lcc1766421$90                    char_to_tile
     00001F0E  A$lcc1766421$91                    char_to_tile
     00001F10  A$lcc1766421$92                    char_to_tile
     00001F11  A$lcc1766421$93                    char_to_tile
     00001F13  A$lcc1766421$94                    char_to_tile
     00001F14  A$lcc1766421$95                    char_to_tile
     00001F16  A$lcc1766421$96                    char_to_tile
     00001F17  A$lcc1766421$97                    char_to_tile
     00001F19  A$lcc1766421$98                    char_to_tile
ASxxxx Linker V03.00/V05.40 + sdld,  page 21.
Hexadecimal  [32-Bits]

Area                                    Addr        Size        Decimal Bytes (Attributes)
--------------------------------        ----        ----        ------- ----- ------------
_CODE                               00000200    0000319C =       12700. bytes (REL,CON)

      Value  Global                              Global Defined In Module
      -----  --------------------------------   ------------------------
     00001F1A  A$lcc1766421$99                    char_to_tile
     00001F1C  A$lcc1766421$100                   char_to_tile
     00001F1D  A$lcc1766421$101                   char_to_tile
     00001F1F  A$lcc1766421$102                   char_to_tile
     00001F20  A$lcc1766421$103                   char_to_tile
     00001F22  A$lcc1766421$104                   char_to_tile
     00001F23  A$lcc1766421$105                   char_to_tile
     00001F25  A$lcc1766421$106                   char_to_tile
     00001F26  A$lcc1766421$107                   char_to_tile
     00001F28  A$lcc1766421$108                   char_to_tile
     00001F29  A$lcc1766421$109                   char_to_tile
     00001F2B  A$lcc1766421$110                   char_to_tile
     00001F2C  A$lcc1766421$111                   char_to_tile
     00001F2E  A$lcc1766421$112                   char_to_tile
     00001F2F  A$lcc1766421$113                   char_to_tile
     00001F31  A$lcc1766421$114                   char_to_tile
     00001F32  A$lcc1766421$115                   char_to_tile
     00001F34  A$lcc1766421$116                   char_to_tile
     00001F35  A$lcc1766421$117                   char_to_tile
     00001F37  A$lcc1766421$118                   char_to_tile
     00001F38  A$lcc1766421$122                   char_to_tile
     00001F38  C$char_to_tile.c$5$3_0$4           char_to_tile
     00001F39  A$lcc1766421$123                   char_to_tile
     00001F3A  A$lcc1766421$124                   char_to_tile
     00001F3B  A$lcc1766421$125                   char_to_tile
     00001F3C  A$lcc1766421$126                   char_to_tile
     00001F3F  A$lcc1766421$128                   char_to_tile
     00001F40  A$lcc1766421$129                   char_to_tile
     00001F42  A$lcc1766421$130                   char_to_tile
     00001F44  A$lcc1766421$134                   char_to_tile
     00001F44  C$char_to_tile.c$6$4_0$6           char_to_tile
     00001F47  A$lcc1766421$135                   char_to_tile
     00001F48  A$lcc1766421$136                   char_to_tile
     00001F49  A$lcc1766421$137                   char_to_tile
     00001F4A  A$lcc1766421$138                   char_to_tile
     00001F4C  A$lcc1766421$139                   char_to_tile
     00001F4D  A$lcc1766421$140                   char_to_tile
     00001F4E  A$lcc1766421$141                   char_to_tile
     00001F50  A$lcc1766421$145                   char_to_tile
     00001F50  C$char_to_tile.c$7$5_0$7           char_to_tile
     00001F52  A$lcc1766421$146                   char_to_tile
     00001F53  A$lcc1766421$147                   char_to_tile
     00001F55  A$lcc1766421$148                   char_to_tile
     00001F56  A$lcc1766421$149                   char_to_tile
     00001F58  A$lcc1766421$154                   char_to_tile
     00001F58  C$char_to_tile.c$5$2_0$4           char_to_tile
     00001F59  A$lcc1766421$155                   char_to_tile
     00001F5B  A$lcc1766421$156                   char_to_tile
     00001F5C  A$lcc1766421$157                   char_to_tile
     00001F5D  A$lcc1766421$158                   char_to_tile
     00001F5E  A$lcc1766421$159                   char_to_tile
ASxxxx Linker V03.00/V05.40 + sdld,  page 22.
Hexadecimal  [32-Bits]

Area                                    Addr        Size        Decimal Bytes (Attributes)
--------------------------------        ----        ----        ------- ----- ------------
_CODE                               00000200    0000319C =       12700. bytes (REL,CON)

      Value  Global                              Global Defined In Module
      -----  --------------------------------   ------------------------
     00001F60  A$lcc1766421$164                   char_to_tile
     00001F60  C$char_to_tile.c$11$1_0$3          char_to_tile
     00001F63  A$lcc1766421$169                   char_to_tile
     00001F65  A$lcc1766421$174                   char_to_tile
     00001F65  C$char_to_tile.c$12$1_0$3          char_to_tile
     00001F65  XG$char_to_tile$0$0                char_to_tile
     00001F66  A$lcc1766422$52                    draw
     00001F66  C$draw.c$6$0_0$136                 draw
     00001F66  G$draw_actor$0$0                   draw
     00001F66  _draw_actor                        draw
     00001F68  A$lcc1766422$53                    draw
     00001F6A  A$lcc1766422$54                    draw
     00001F6B  A$lcc1766422$58                    draw
     00001F6B  C$draw.c$8$1_0$136                 draw
     00001F6E  A$lcc1766422$59                    draw
     00001F6F  A$lcc1766422$60                    draw
     00001F71  A$lcc1766422$61                    draw
     00001F72  A$lcc1766422$62                    draw
     00001F73  A$lcc1766422$63                    draw
     00001F74  A$lcc1766422$64                    draw
     00001F75  A$lcc1766422$65                    draw
     00001F77  A$lcc1766422$66                    draw
     00001F78  A$lcc1766422$70                    draw
     00001F78  C$draw.c$9$1_0$136                 draw
     00001F7B  A$lcc1766422$71                    draw
     00001F7D  A$lcc1766422$72                    draw
     00001F7E  A$lcc1766422$73                    draw
     00001F80  A$lcc1766422$74                    draw
     00001F81  A$lcc1766422$75                    draw
     00001F82  A$lcc1766422$76                    draw
     00001F83  A$lcc1766422$77                    draw
     00001F84  A$lcc1766422$78                    draw
     00001F86  A$lcc1766422$79                    draw
     00001F87  A$lcc1766422$83                    draw
     00001F87  C$draw.c$11$1_0$136                draw
     00001F8A  A$lcc1766422$84                    draw
     00001F8C  A$lcc1766422$85                    draw
     00001F8D  A$lcc1766422$86                    draw
     00001F8F  A$lcc1766422$87                    draw
     00001F90  A$lcc1766422$88                    draw
     00001F91  A$lcc1766422$89                    draw
     00001F92  A$lcc1766422$90                    draw
     00001F93  A$lcc1766422$91                    draw
     00001F94  A$lcc1766422$92                    draw
     00001F95  A$lcc1766422$93                    draw
     00001F96  A$lcc1766422$94                    draw
     00001F97  A$lcc1766422$95                    draw
     00001F98  A$lcc1766422$96                    draw
     00001F99  A$lcc1766422$97                    draw
     00001F9A  A$lcc1766422$98                    draw
     00001F9B  A$lcc1766422$102                   draw
ASxxxx Linker V03.00/V05.40 + sdld,  page 23.
Hexadecimal  [32-Bits]

Area                                    Addr        Size        Decimal Bytes (Attributes)
--------------------------------        ----        ----        ------- ----- ------------
_CODE                               00000200    0000319C =       12700. bytes (REL,CON)

      Value  Global                              Global Defined In Module
      -----  --------------------------------   ------------------------
     00001F9B  C$draw.c$12$1_0$136                draw
     00001F9E  A$lcc1766422$103                   draw
     00001F9F  A$lcc1766422$104                   draw
     00001FA0  A$lcc1766422$105                   draw
     00001FA1  A$lcc1766422$106                   draw
     00001FA2  A$lcc1766422$107                   draw
     00001FA3  A$lcc1766422$108                   draw
     00001FA4  A$lcc1766422$109                   draw
     00001FA5  A$lcc1766422$110                   draw
     00001FA6  A$lcc1766422$111                   draw
     00001FA8  A$lcc1766422$112                   draw
     00001FA9  A$lcc1766422$113                   draw
     00001FAA  A$lcc1766422$117                   draw
     00001FAA  C$draw.c$14$1_0$136                draw
     00001FAD  A$lcc1766422$118                   draw
     00001FAE  A$lcc1766422$119                   draw
     00001FAF  A$lcc1766422$120                   draw
     00001FB1  A$lcc1766422$121                   draw
     00001FB2  A$lcc1766422$125                   draw
     00001FB2  C$draw.c$15$1_0$136                draw
     00001FB3  A$lcc1766422$126                   draw
     00001FB4  A$lcc1766422$127                   draw
     00001FB5  A$lcc1766422$128                   draw
     00001FB6  A$lcc1766422$129                   draw
     00001FB7  A$lcc1766422$130                   draw
     00001FB8  A$lcc1766422$131                   draw
     00001FBB  A$lcc1766422$132                   draw
     00001FBC  A$lcc1766422$133                   draw
     00001FBD  A$lcc1766422$134                   draw
     00001FBE  A$lcc1766422$135                   draw
     00001FC0  A$lcc1766422$139                   draw
     00001FC0  C$draw.c$17$1_0$136                draw
     00001FC1  A$lcc1766422$140                   draw
     00001FC2  A$lcc1766422$141                   draw
     00001FC3  A$lcc1766422$142                   draw
     00001FC4  A$lcc1766422$143                   draw
     00001FC5  A$lcc1766422$147                   draw
     00001FC5  C$draw.c$18$1_0$136                draw
     00001FC7  A$lcc1766422$148                   draw
     00001FC8  A$lcc1766422$149                   draw
     00001FC9  A$lcc1766422$150                   draw
     00001FCA  A$lcc1766422$151                   draw
     00001FCB  A$lcc1766422$152                   draw
     00001FCC  A$lcc1766422$153                   draw
     00001FCD  A$lcc1766422$154                   draw
     00001FCE  A$lcc1766422$155                   draw
     00001FCF  A$lcc1766422$156                   draw
     00001FD0  A$lcc1766422$157                   draw
     00001FD1  A$lcc1766422$158                   draw
     00001FD2  A$lcc1766422$159                   draw
     00001FD3  A$lcc1766422$160                   draw
ASxxxx Linker V03.00/V05.40 + sdld,  page 24.
Hexadecimal  [32-Bits]

Area                                    Addr        Size        Decimal Bytes (Attributes)
--------------------------------        ----        ----        ------- ----- ------------
_CODE                               00000200    0000319C =       12700. bytes (REL,CON)

      Value  Global                              Global Defined In Module
      -----  --------------------------------   ------------------------
     00001FD4  A$lcc1766422$161                   draw
     00001FD5  A$lcc1766422$165                   draw
     00001FD5  C$draw.c$20$2_0$137                draw
     00001FD7  A$lcc1766422$166                   draw
     00001FD8  A$lcc1766422$173                   draw
     00001FD8  C$draw.c$21$2_0$137                draw
     00001FD8  C$draw.c$24$2_0$136                draw
     00001FDB  A$lcc1766422$174                   draw
     00001FDD  A$lcc1766422$176                   draw
     00001FDE  A$lcc1766422$177                   draw
     00001FE0  A$lcc1766422$178                   draw
     00001FE1  A$lcc1766422$179                   draw
     00001FE3  A$lcc1766422$181                   draw
     00001FE4  A$lcc1766422$182                   draw
     00001FE5  A$lcc1766422$183                   draw
     00001FE6  A$lcc1766422$184                   draw
     00001FE7  A$lcc1766422$185                   draw
     00001FE8  A$lcc1766422$186                   draw
     00001FEA  A$lcc1766422$187                   draw
     00001FED  A$lcc1766422$188                   draw
     00001FEE  A$lcc1766422$189                   draw
     00001FEF  A$lcc1766422$190                   draw
     00001FF0  A$lcc1766422$191                   draw
     00001FF1  A$lcc1766422$193                   draw
     00001FF2  A$lcc1766422$194                   draw
     00001FF3  A$lcc1766422$195                   draw
     00001FF4  A$lcc1766422$196                   draw
     00001FF5  A$lcc1766422$197                   draw
     00001FF6  A$lcc1766422$198                   draw
     00001FF7  A$lcc1766422$199                   draw
     00001FFA  A$lcc1766422$200                   draw
     00001FFB  A$lcc1766422$201                   draw
     00001FFC  A$lcc1766422$202                   draw
     00001FFD  A$lcc1766422$203                   draw
     00001FFE  A$lcc1766422$204                   draw
     00001FFF  A$lcc1766422$208                   draw
     00001FFF  C$draw.c$24$2_0$138                draw
     00002000  A$lcc1766422$209                   draw
     00002002  A$lcc1766422$214                   draw
     00002002  C$draw.c$28$2_0$139                draw
     00002004  A$lcc1766422$215                   draw
     00002005  A$lcc1766422$216                   draw
     00002006  A$lcc1766422$217                   draw
     00002008  A$lcc1766422$219                   draw
     0000200A  A$lcc1766422$220                   draw
     0000200B  A$lcc1766422$222                   draw
     0000200C  A$lcc1766422$223                   draw
     0000200D  A$lcc1766422$224                   draw
     0000200E  A$lcc1766422$225                   draw
     0000200F  A$lcc1766422$226                   draw
     00002010  A$lcc1766422$227                   draw
ASxxxx Linker V03.00/V05.40 + sdld,  page 25.
Hexadecimal  [32-Bits]

Area                                    Addr        Size        Decimal Bytes (Attributes)
--------------------------------        ----        ----        ------- ----- ------------
_CODE                               00000200    0000319C =       12700. bytes (REL,CON)

      Value  Global                              Global Defined In Module
      -----  --------------------------------   ------------------------
     00002013  A$lcc1766422$228                   draw
     00002014  A$lcc1766422$229                   draw
     00002015  A$lcc1766422$230                   draw
     00002016  A$lcc1766422$232                   draw
     00002018  A$lcc1766422$233                   draw
     00002019  A$lcc1766422$234                   draw
     0000201A  A$lcc1766422$235                   draw
     0000201B  A$lcc1766422$236                   draw
     0000201C  A$lcc1766422$237                   draw
     0000201D  A$lcc1766422$241                   draw
     0000201D  C$draw.c$30$2_0$139                draw
     00002020  A$lcc1766422$246                   draw
[...]
     000036A2  Finventory$__xinit_inventory_act   inventory
     000036A3  Fload$__xinit_vram_next_index$0_   load
     000036A4  Fmoney$__xinit_money$0_0$0         money
     000036A6  Fmain_menu$__xinit_timer$0_0$0     main_menu
     000036A8  Fmain_menu$__xinit_rate$0_0$0      main_menu
     000036A9  Fmain_menu$__xinit_show_text$0_0   main_menu
     000036AA  Fmain_menu$__xinit_seed$0_0$0      main_menu

ASxxxx Linker V03.00/V05.40 + sdld,  page 104.
Hexadecimal  [32-Bits]

Area                                    Addr        Size        Decimal Bytes (Attributes)
--------------------------------        ----        ----        ------- ----- ------------
_GSINIT                             000036AD    0000000F =          15. bytes (REL,CON)

      Value  Global                              Global Defined In Module
      -----  --------------------------------   ------------------------
     000036AD  gsinit                             Runtime

ASxxxx Linker V03.00/V05.40 + sdld,  page 105.
Hexadecimal  [32-Bits]

Area                                    Addr        Size        Decimal Bytes (Attributes)
--------------------------------        ----        ----        ------- ----- ------------
_GSFINAL                            000036BC    00000001 =           1. bytes (REL,CON)

      Value  Global                              Global Defined In Module
      -----  --------------------------------   ------------------------
ASxxxx Linker V03.00/V05.40 + sdld,  page 106.
Hexadecimal  [32-Bits]

Area                                    Addr        Size        Decimal Bytes (Attributes)
--------------------------------        ----        ----        ------- ----- ------------
_DATA                               0000C0A0    000001B7 =         439. bytes (REL,CON)

      Value  Global                              Global Defined In Module
      -----  --------------------------------   ------------------------
     0000C0A0  __cpu                              Runtime
     0000C0A1  __is_GBA                           Runtime
     0000C0A2  .mode                              Runtime
     0000C0A3  .sys_time                          Runtime
     0000C0A3  _sys_time                          Runtime
     0000C0A5  .int_0x40                          Runtime
     0000C0B1  G$animation$0_0$0                  animation
     0000C0B1  _animation                         animation
     0000C1A6  G$names$0_0$0                      name
     0000C1A6  _names                             name
     0000C1D8  G$npc_1$0_0$0                      npcs
     0000C1D8  _npc_1                             npcs
     0000C1D9  G$npc_2$0_0$0                      npcs
     0000C1D9  _npc_2                             npcs
     0000C1DA  G$option_actor$0_0$0               npcs
     0000C1DA  _option_actor                      npcs
     0000C1DB  G$humor_stats$0_0$0                npcs
     0000C1DB  _humor_stats                       npcs
     0000C1EA  G$player$0_0$0                     player
     0000C1EA  _player                            player
     0000C1EB  G$player_animations$0_0$0          player
     0000C1EB  _player_animations                 player
     0000C1EF  G$player_y_cache$0_0$0             player
     0000C1EF  _player_y_cache                    player
     0000C1F0  G$position$0_0$0                   position
     0000C1F0  _position                          position
     0000C20E  G$render$0_0$0                     render
     0000C20E  _render                            render
     0000C21D  G$scene_manager$0_0$0              scene_manager
     0000C21D  _scene_manager                     scene_manager
     0000C21F  G$GenderSelect$0_0$0               gender_select
     0000C21F  _GenderSelect                      gender_select
     0000C227  G$InventoryScene$0_0$0             inventory_scene
     0000C227  _InventoryScene                    inventory_scene
     0000C22F  G$MainMenu$0_0$0                   main_menu
     0000C22F  _MainMenu                          main_menu
     0000C237  G$CurrentMapData$0_0$0             map_data
     0000C237  _CurrentMapData                    map_data
     0000C249  G$Map_00$0_0$0                     map_00
     0000C249  _Map_00                            map_00
     0000C251  Lmain.main$game$1_1$176            main
     0000C255  ___sdcc_heap_free                  malloc
ASxxxx Linker V03.00/V05.40 + sdld,  page 107.
Hexadecimal  [32-Bits]

Area                                    Addr        Size        Decimal Bytes (Attributes)
--------------------------------        ----        ----        ------- ----- ------------
_INITIALIZED                        0000C257    000001E5 =         485. bytes (REL,CON)

      Value  Global                              Global Defined In Module
      -----  --------------------------------   ------------------------
     0000C257  G$spr_InventoryArrow_idle$0_0$0    spr_InventoryArrow_idle
     0000C257  _spr_InventoryArrow_idle           spr_InventoryArrow_idle
     0000C267  G$spr_example_NPC_00$0_0$0         example_npc
     0000C267  _spr_example_NPC_00                example_npc
     0000C277  G$spr_example_NPC_01$0_0$0         example_npc
     0000C277  _spr_example_NPC_01                example_npc
     0000C287  G$spr_example_NPC_10$0_0$0         example_npc
     0000C287  _spr_example_NPC_10                example_npc
     0000C297  G$spr_example_NPC_11$0_0$0         example_npc
     0000C297  _spr_example_NPC_11                example_npc
     0000C2A7  G$spr_Player_down0_00$0_0$0        spr_Player_down0
     0000C2A7  _spr_Player_down0_00               spr_Player_down0
     0000C2B7  G$spr_Player_down0_10$0_0$0        spr_Player_down0
     0000C2B7  _spr_Player_down0_10               spr_Player_down0
     0000C2C7  G$spr_Player_down0_01$0_0$0        spr_Player_down0
     0000C2C7  _spr_Player_down0_01               spr_Player_down0
     0000C2D7  G$spr_Player_down0_11$0_0$0        spr_Player_down0
     0000C2D7  _spr_Player_down0_11               spr_Player_down0
     0000C2E7  G$spr_Player_down1_00$0_0$0        spr_Player_down1
     0000C2E7  _spr_Player_down1_00               spr_Player_down1
     0000C2F7  G$spr_Player_down1_10$0_0$0        spr_Player_down1
     0000C2F7  _spr_Player_down1_10               spr_Player_down1
     0000C307  G$spr_Player_down1_01$0_0$0        spr_Player_down1
     0000C307  _spr_Player_down1_01               spr_Player_down1
     0000C317  G$spr_Player_down1_11$0_0$0        spr_Player_down1
     0000C317  _spr_Player_down1_11               spr_Player_down1
     0000C327  G$spr_Player_down2_00$0_0$0        spr_Player_down2
     0000C327  _spr_Player_down2_00               spr_Player_down2
     0000C337  G$spr_Player_down2_10$0_0$0        spr_Player_down2
     0000C337  _spr_Player_down2_10               spr_Player_down2
     0000C347  G$spr_Player_down2_01$0_0$0        spr_Player_down2
     0000C347  _spr_Player_down2_01               spr_Player_down2
     0000C357  G$spr_Player_down2_11$0_0$0        spr_Player_down2
     0000C357  _spr_Player_down2_11               spr_Player_down2
     0000C367  G$spr_Player_up0_00$0_0$0          spr_Player_up0
     0000C367  _spr_Player_up0_00                 spr_Player_up0
     0000C377  G$spr_Player_up0_10$0_0$0          spr_Player_up0
     0000C377  _spr_Player_up0_10                 spr_Player_up0
     0000C387  G$spr_Player_up0_01$0_0$0          spr_Player_up0
     0000C387  _spr_Player_up0_01                 spr_Player_up0
     0000C397  G$spr_Player_up0_11$0_0$0          spr_Player_up0
     0000C397  _spr_Player_up0_11                 spr_Player_up0
     0000C3A7  G$spr_Player_up1_00$0_0$0          spr_Player_up1
     0000C3A7  _spr_Player_up1_00                 spr_Player_up1
     0000C3B7  G$spr_Player_up1_10$0_0$0          spr_Player_up1
     0000C3B7  _spr_Player_up1_10                 spr_Player_up1
     0000C3C7  G$spr_Player_up1_01$0_0$0          spr_Player_up1
     0000C3C7  _spr_Player_up1_01                 spr_Player_up1
     0000C3D7  G$spr_Player_up1_11$0_0$0          spr_Player_up1
     0000C3D7  _spr_Player_up1_11                 spr_Player_up1
ASxxxx Linker V03.00/V05.40 + sdld,  page 108.
Hexadecimal  [32-Bits]

Area                                    Addr        Size        Decimal Bytes (Attributes)
--------------------------------        ----        ----        ------- ----- ------------
_INITIALIZED                        0000C257    000001E5 =         485. bytes (REL,CON)

      Value  Global                              Global Defined In Module
      -----  --------------------------------   ------------------------
     0000C3E7  G$spr_Player_up2_00$0_0$0          spr_Player_up2
     0000C3E7  _spr_Player_up2_00                 spr_Player_up2
     0000C3F7  G$spr_Player_up2_10$0_0$0          spr_Player_up2
     0000C3F7  _spr_Player_up2_10                 spr_Player_up2
     0000C407  G$spr_Player_up2_01$0_0$0          spr_Player_up2
     0000C407  _spr_Player_up2_01                 spr_Player_up2
     0000C417  G$spr_Player_up2_11$0_0$0          spr_Player_up2
     0000C417  _spr_Player_up2_11                 spr_Player_up2
     0000C427  G$MOVE_SPEED$0_0$0                 action
     0000C427  _MOVE_SPEED                        action
     0000C428  G$current_direction$0_0$0          action
     0000C428  _current_direction                 action
     0000C429  G$can_move$0_0$0                   can_move
     0000C429  _can_move                          can_move
     0000C42D  G$next_entity_id$0_0$0             entity
     0000C42D  _next_entity_id                    entity
     0000C42E  G$GENDER$0_0$0                     gender_selection
     0000C42E  _GENDER                            gender_selection
     0000C42F  G$keys$0_0$0                       input
     0000C42F  _keys                              input
     0000C430  G$prev_keys$0_0$0                  input
     0000C430  _prev_keys                         input
     0000C431  G$inventory_active$0_0$0           inventory
     0000C431  _inventory_active                  inventory
     0000C432  G$vram_next_index$0_0$0            load
     0000C432  _vram_next_index                   load
     0000C433  G$money$0_0$0                      money
     0000C433  _money                             money
     0000C435  G$timer$0_0$0                      main_menu
     0000C435  _timer                             main_menu
     0000C437  G$rate$0_0$0                       main_menu
     0000C437  _rate                              main_menu
     0000C438  G$show_text$0_0$0                  main_menu
     0000C438  _show_text                         main_menu
     0000C439  G$seed$0_0$0                       main_menu
     0000C439  _seed                              main_menu
     0000C43B  __map_tile_offset                  SetTileMap
ASxxxx Linker V03.00/V05.40 + sdld,  page 109.
Hexadecimal  [32-Bits]

Area                                    Addr        Size        Decimal Bytes (Attributes)
--------------------------------        ----        ----        ------- ----- ------------
_HEAP                               0000C43C    000007FF =        2047. bytes (REL,CON)

      Value  Global                              Global Defined In Module
      -----  --------------------------------   ------------------------
     0000C43C  ___sdcc_heap                       

ASxxxx Linker V03.00/V05.40 + sdld,  page 110.
Hexadecimal  [32-Bits]

Area                                    Addr        Size        Decimal Bytes (Attributes)
--------------------------------        ----        ----        ------- ----- ------------
_HEAP_END                           0000CC3B    00000001 =           1. bytes (REL,CON)

      Value  Global                              Global Defined In Module
      -----  --------------------------------   ------------------------
     0000CC3B  ___sdcc_heap_end                   

ASxxxx Linker V03.00/V05.40 + sdld,  page 111.
Hexadecimal  [32-Bits]

Area                                    Addr        Size        Decimal Bytes (Attributes)
--------------------------------        ----        ----        ------- ----- ------------
_HRAM                               0000FF80    00000013 =          19. bytes (REL,CON)

      Value  Global                              Global Defined In Module
      -----  --------------------------------   ------------------------
     0000FF80  .refresh_OAM                       Runtime
     0000FF90  __current_bank                     Runtime
     0000FF91  __vbl_done                         Runtime
     0000FF92  __shadow_OAM_base                  Runtime

ASxxxx Linker V03.00/V05.40 + sdld,  page 112.

Files Linked                              [ module(s) ]

C:\Program Files\GBDK\lib/gb/crt0.o       [ Runtime ]
C:\Users\Bau_M\AppData\Local\Temp/lcc176640.o
                                          [ chars ]
C:\Users\Bau_M\AppData\Local\Temp/lcc176641.o
                                          [ numbers ]
C:\Users\Bau_M\AppData\Local\Temp/lcc176642.o
                                          [ gender_select_tilemap ]
C:\Users\Bau_M\AppData\Local\Temp/lcc176643.o
                                          [ gender_select_tileset ]
C:\Users\Bau_M\AppData\Local\Temp/lcc176644.o
                                          [ inventory_bkg ]
C:\Users\Bau_M\AppData\Local\Temp/lcc176645.o
                                          [ bkg_MainMenu ]
C:\Users\Bau_M\AppData\Local\Temp/lcc176646.o
                                          [ map_example ]
C:\Users\Bau_M\AppData\Local\Temp/lcc176647.o
                                          [ template_tilemap ]
C:\Users\Bau_M\AppData\Local\Temp/lcc176648.o
                                          [ template_tileset ]
C:\Users\Bau_M\AppData\Local\Temp/lcc176649.o
                                          [ spr_InventoryArrow_idle ]
C:\Users\Bau_M\AppData\Local\Temp/lcc1766410.o
                                          [ spr_Branch ]
C:\Users\Bau_M\AppData\Local\Temp/lcc1766411.o
                                          [ example_npc ]
C:\Users\Bau_M\AppData\Local\Temp/lcc1766412.o
                                          [ spr_Player_down0 ]
C:\Users\Bau_M\AppData\Local\Temp/lcc1766413.o
                                          [ spr_Player_down1 ]
C:\Users\Bau_M\AppData\Local\Temp/lcc1766414.o
                                          [ spr_Player_down2 ]
C:\Users\Bau_M\AppData\Local\Temp/lcc1766415.o
                                          [ spr_Player_up0 ]
C:\Users\Bau_M\AppData\Local\Temp/lcc1766416.o
                                          [ spr_Player_up1 ]
C:\Users\Bau_M\AppData\Local\Temp/lcc1766417.o
                                          [ spr_Player_up2 ]
C:\Users\Bau_M\AppData\Local\Temp/lcc1766418.o
                                          [ action ]
C:\Users\Bau_M\AppData\Local\Temp/lcc1766419.o
                                          [ animation ]
C:\Users\Bau_M\AppData\Local\Temp/lcc1766420.o
                                          [ can_move ]
C:\Users\Bau_M\AppData\Local\Temp/lcc1766421.o
                                          [ char_to_tile ]
C:\Users\Bau_M\AppData\Local\Temp/lcc1766422.o
                                          [ draw ]
C:\Users\Bau_M\AppData\Local\Temp/lcc1766423.o
                                          [ entity ]
C:\Users\Bau_M\AppData\Local\Temp/lcc1766424.o
                                          [ gender_selection ]
C:\Users\Bau_M\AppData\Local\Temp/lcc1766425.o
                                          [ global_action ]
C:\Users\Bau_M\AppData\Local\Temp/lcc1766426.o
                                          [ input ]
C:\Users\Bau_M\AppData\Local\Temp/lcc1766427.o
                                          [ inventory ]
C:\Users\Bau_M\AppData\Local\Temp/lcc1766428.o
                                          [ inventory_input ]
C:\Users\Bau_M\AppData\Local\Temp/lcc1766429.o
                                          [ load ]
C:\Users\Bau_M\AppData\Local\Temp/lcc1766430.o
                                          [ map_scenes ]
C:\Users\Bau_M\AppData\Local\Temp/lcc1766431.o
                                          [ money ]
C:\Users\Bau_M\AppData\Local\Temp/lcc1766432.o
                                          [ name ]
C:\Users\Bau_M\AppData\Local\Temp/lcc1766433.o
                                          [ npcs ]
C:\Users\Bau_M\AppData\Local\Temp/lcc1766434.o
                                          [ player ]
C:\Users\Bau_M\AppData\Local\Temp/lcc1766435.o
                                          [ position ]
C:\Users\Bau_M\AppData\Local\Temp/lcc1766436.o
                                          [ render ]
C:\Users\Bau_M\AppData\Local\Temp/lcc1766437.o
                                          [ scene ]
C:\Users\Bau_M\AppData\Local\Temp/lcc1766438.o
                                          [ scene_manager ]
C:\Users\Bau_M\AppData\Local\Temp/lcc1766439.o
                                          [ gender_select ]
C:\Users\Bau_M\AppData\Local\Temp/lcc1766440.o
                                          [ gender_select_init ]
C:\Users\Bau_M\AppData\Local\Temp/lcc1766441.o
                                          [ gender_select_update ]
C:\Users\Bau_M\AppData\Local\Temp/lcc1766442.o
                                          [ inventory_scene ]
C:\Users\Bau_M\AppData\Local\Temp/lcc1766443.o
                                          [ inventory_scene_init ]
C:\Users\Bau_M\AppData\Local\Temp/lcc1766444.o
                                          [ inventory_scene_update ]
C:\Users\Bau_M\AppData\Local\Temp/lcc1766445.o
                                          [ main_menu ]
C:\Users\Bau_M\AppData\Local\Temp/lcc1766446.o
                                          [ main_menu_init ]
C:\Users\Bau_M\AppData\Local\Temp/lcc1766447.o
                                          [ main_menu_init_stats ]
C:\Users\Bau_M\AppData\Local\Temp/lcc1766448.o
                                          [ main_menu_input ]
C:\Users\Bau_M\AppData\Local\Temp/lcc1766449.o
                                          [ main_menu_update ]
C:\Users\Bau_M\AppData\Local\Temp/lcc1766450.o
                                          [ clean_text ]
C:\Users\Bau_M\AppData\Local\Temp/lcc1766451.o
                                          [ map_collision ]
C:\Users\Bau_M\AppData\Local\Temp/lcc1766452.o
                                          [ map_data ]
C:\Users\Bau_M\AppData\Local\Temp/lcc1766453.o
                                          [ map_00 ]
C:\Users\Bau_M\AppData\Local\Temp/lcc1766454.o
                                          [ map_00_collision ]
C:\Users\Bau_M\AppData\Local\Temp/lcc1766455.o
                                          [ map_00_init ]
C:\Users\Bau_M\AppData\Local\Temp/lcc1766456.o
                                          [ map_00_init_npc ]
C:\Users\Bau_M\AppData\Local\Temp/lcc1766457.o
                                          [ map_00_update ]
C:\Users\Bau_M\AppData\Local\Temp/lcc1766458.o
                                          [ main ]


Libraries Linked                          [ object file ]

C:\Program Files\GBDK\lib/gb/gb.lib       [ sfr.o ]
C:\Program Files\GBDK\lib/sm83/sm83.lib   [ div.o ]
C:\Program Files\GBDK\lib/sm83/sm83.lib   [ free.o ]
C:\Program Files\GBDK\lib/sm83/sm83.lib   [ malloc.o ]
C:\Program Files\GBDK\lib/gb/gb.lib       [ set_data.o ]
C:\Program Files\GBDK\lib/sm83/sm83.lib   [ mul.o ]
C:\Program Files\GBDK\lib/gb/gb.lib       [ pad.o ]
C:\Program Files\GBDK\lib/sm83/sm83.lib   [ __sdcc_call_hl.o ]
C:\Program Files\GBDK\lib/gb/gb.lib       [ heap.o ]
C:\Program Files\GBDK\lib/gb/gb.lib       [ set_bk_t.o ]
C:\Program Files\GBDK\lib/gb/gb.lib       [ set_xy_t.o ]

ASxxxx Linker V03.00/V05.40 + sdld,  page 113.

User Base Address Definitions

_DATA=0xC0A0
_CODE=0x0200
_HRAM=0xFF80
ASxxxx Linker V03.00/V05.40 + sdld,  page 114.

User Global Definitions

_shadow_OAM=0xC000
.STACK=0xE000

