ASxxxx Linker V03.00/V05.40 + sdld,  page 1.
Hexadecimal  [32-Bits]

Area                                    Addr        Size        Decimal Bytes (Attributes)
--------------------------------        ----        ----        ------- ----- ------------
.  .ABS.                            00000000    00000000 =           0. bytes (ABS,CON)

      Value  Global                              Global Defined In Module
      -----  --------------------------------   ------------------------
     00000000  .__.ABS.                           SetTileMap
     00000000  _rMBC7_SRAM_ENABLE_1               
     00000000  _rRAMG                             
     00000000  l__BASE                         
     00000000  l__BSS                          
     00000000  l__CABS                         
     00000000  l__CODE_0                       
     00000000  l__DABS                         
     00000000  l__HEADER                       
     00000000  l__LIT                          
     00000000  s__CABS                         
     00000000  s__DABS                         
     00000000  s__HEADER                       
     00000000  s__HEADER0                      
     00000000  s__HEADER1                      
     00000000  s__HEADER10                     
     00000000  s__HEADER11                     
     00000000  s__HEADER2                      
     00000000  s__HEADER3                      
     00000000  s__HEADER4                      
     00000000  s__HEADER5                      
     00000000  s__HEADER6                      
     00000000  s__HEADER7                      
     00000000  s__HEADER8                      
     00000000  s__HEADER9                      
     00000000  s__HEADERa                      
     00000000  s__HEADERb                      
     00000000  s__HEADERc                      
     00000000  s__HEADERd                      
     00000000  s__HEADERe                      
     00000000  s__HEADERf                      
     00000001  l__GSFINAL                      
     00000001  l__HEADER0                      
     00000001  l__HEADER5                      
     00000001  l__HEADERa                      
     00000001  l__HEADERb                      
     00000001  l__HEADERc                      
     00000001  l__HEADERe                      
     00000001  l__HEADERf                      
     00000001  l__HEAP_END                     
     00000002  l__HEADER10                     
     00000002  l__HEADER6                      
     00000002  l__HEADERd                      
     00000003  l__HEADER9                      
     00000005  l__HEADER1                      
     00000006  l__HEADER8                      
     00000007  l__HEADER2                      
     00000008  l__HEADER3                      
     0000000F  l__GSINIT                       
     00000013  l__HRAM                         
ASxxxx Linker V03.00/V05.40 + sdld,  page 2.
Hexadecimal  [32-Bits]

Area                                    Addr        Size        Decimal Bytes (Attributes)
--------------------------------        ----        ----        ------- ----- ------------
.  .ABS.                            00000000    00000000 =           0. bytes (ABS,CON)

      Value  Global                              Global Defined In Module
      -----  --------------------------------   ------------------------
     00000030  l__HEADER7                      
     00000060  l__HEADER4                      
     000000AB  l__HEADER11                     
     0000012C  l__HOME                         
     00000200  s__CODE                         
     00000229  l__INITIALIZED                  
     00000229  l__INITIALIZER                  
     000002CA  l__DATA                         
     00000619  l__CODE_2                       
     000007FF  l__HEAP                         
     00001220  l__CODE_1                       
     00002000  _rROMB0                            
     00002CF1  l__CODE                         
     00002EF1  s__HOME                         
     00003000  _rROMB1                            
     0000301D  s__BASE                         
     0000301D  s__CODE_0                       
     0000301D  s__INITIALIZER                  
     0000301D  s__LIT                          
     00003246  s__GSINIT                       
     00003255  s__GSFINAL                      
     00004000  _rMBC7_SRAM_ENABLE_2               
     00004000  _rRAMB                             
     00008000  __VRAM                             
     00008000  __VRAM8000                         
     00008800  __VRAM8800                         
     00009000  __VRAM9000                         
     00009800  __SCRN0                            
     00009C00  __SCRN1                            
     0000A000  __SRAM                             
     0000A000  _rMBC7_LATCH_1                     
     0000A010  _rMBC7_LATCH_2                     
     0000A020  _rMBC7_ACCEL_X_LO                  
     0000A030  _rMBC7_ACCEL_X_HI                  
     0000A040  _rMBC7_ACCEL_Y_LO                  
     0000A050  _rMBC7_ACCEL_Y_HI                  
     0000C000  __RAM                              
     0000C000  _shadow_OAM                     
     0000C0A0  s__DATA                         
     0000C36A  s__BSS                          
     0000C36A  s__INITIALIZED                  
     0000C593  s__HEAP                         
     0000CD92  s__HEAP_END                     
     0000D000  __RAMBANK                          
     0000E000  .STACK                          
     0000FE00  __OAMRAM                           
     0000FF00  _P1_REG                            
     0000FF00  __IO                               
     0000FF01  _SB_REG                            
     0000FF02  _SC_REG                            
     0000FF04  _DIV_REG                           
ASxxxx Linker V03.00/V05.40 + sdld,  page 3.
Hexadecimal  [32-Bits]

Area                                    Addr        Size        Decimal Bytes (Attributes)
--------------------------------        ----        ----        ------- ----- ------------
.  .ABS.                            00000000    00000000 =           0. bytes (ABS,CON)

      Value  Global                              Global Defined In Module
      -----  --------------------------------   ------------------------
     0000FF05  _TIMA_REG                          
     0000FF06  _TMA_REG                           
     0000FF07  _TAC_REG                           
     0000FF0F  _IF_REG                            
     0000FF10  _NR10_REG                          
     0000FF11  _NR11_REG                          
     0000FF12  _NR12_REG                          
     0000FF13  _NR13_REG                          
     0000FF14  _NR14_REG                          
     0000FF16  _NR21_REG                          
     0000FF17  _NR22_REG                          
     0000FF18  _NR23_REG                          
     0000FF19  _NR24_REG                          
     0000FF1A  _NR30_REG                          
     0000FF1B  _NR31_REG                          
     0000FF1C  _NR32_REG                          
     0000FF1D  _NR33_REG                          
     0000FF1E  _NR34_REG                          
     0000FF20  _NR41_REG                          
     0000FF21  _NR42_REG                          
     0000FF22  _NR43_REG                          
     0000FF23  _NR44_REG                          
     0000FF24  _NR50_REG                          
     0000FF25  _NR51_REG                          
     0000FF26  _NR52_REG                          
     0000FF30  _AUD3WAVE                          
     0000FF30  _PCM_SAMPLE                        
     0000FF30  __AUD3WAVERAM                      
     0000FF40  _LCDC_REG                          
     0000FF41  _STAT_REG                          
     0000FF42  _SCY_REG                           
     0000FF43  _SCX_REG                           
     0000FF44  _LY_REG                            
     0000FF45  _LYC_REG                           
     0000FF46  _DMA_REG                           
     0000FF47  _BGP_REG                           
     0000FF48  _OBP0_REG                          
     0000FF49  _OBP1_REG                          
     0000FF4A  _WY_REG                            
     0000FF4B  _WX_REG                            
     0000FF4D  _KEY1_REG                          
     0000FF4F  _VBK_REG                           
     0000FF51  _HDMA1_REG                         
     0000FF52  _HDMA2_REG                         
     0000FF53  _HDMA3_REG                         
     0000FF54  _HDMA4_REG                         
     0000FF55  _HDMA5_REG                         
     0000FF56  _RP_REG                            
     0000FF68  _BCPS_REG                          
     0000FF69  _BCPD_REG                          
     0000FF6A  _OCPS_REG                          
ASxxxx Linker V03.00/V05.40 + sdld,  page 4.
Hexadecimal  [32-Bits]

Area                                    Addr        Size        Decimal Bytes (Attributes)
--------------------------------        ----        ----        ------- ----- ------------
.  .ABS.                            00000000    00000000 =           0. bytes (ABS,CON)

      Value  Global                              Global Defined In Module
      -----  --------------------------------   ------------------------
     0000FF6B  _OCPD_REG                          
     0000FF70  _SVBK_REG                          
     0000FF76  _PCM12_REG                         
     0000FF77  _PCM34_REG                         
     0000FF80  __HRAM                             
     0000FF80  s__HRAM                         
     0000FFFF  _IE_REG                            
     00014000  s__CODE_1                       
     00024000  s__CODE_2                       

ASxxxx Linker V03.00/V05.40 + sdld,  page 5.
Hexadecimal  [32-Bits]

Area                                    Addr        Size        Decimal Bytes (Attributes)
--------------------------------        ----        ----        ------- ----- ------------
_CODE                               00000200    00002CF1 =       11505. bytes (REL,CON)

      Value  Global                              Global Defined In Module
      -----  --------------------------------   ------------------------
     00000200  G$chars_tileset$0_0$0              chars
     00000200  _chars_tileset                     chars
     00000400  G$chars_tilemap$0_0$0              chars
     00000400  _chars_tilemap                     chars
     0000041F  G$numbers_tileset$0_0$0            numbers
     0000041F  _numbers_tileset                   numbers
     000004BF  G$numbers_tilemap$0_0$0            numbers
     000004BF  _numbers_tilemap                   numbers
     000004C9  G$gender_select_tilemap$0_0$0      gender_select_tilemap
     000004C9  _gender_select_tilemap             gender_select_tilemap
     00000631  G$gender_select_tileset$0_0$0      gender_select_tileset
     00000631  _gender_select_tileset             gender_select_tileset
     00000921  G$bkg_leaves_example_tileset$0_0   bkg_leaves_example
     00000921  _bkg_leaves_example_tileset        bkg_leaves_example
     00000D41  G$bkg_leaves_example_tilemap$0_0   bkg_leaves_example
     00000D41  _bkg_leaves_example_tilemap        bkg_leaves_example
     00000EA9  A$lcc188208$58                     npc_icons
     00000EA9  C$npc_icons.c$27$0_0$127           npc_icons
     00000EA9  C$npc_icons.c$28$1_0$127           npc_icons
     00000EA9  G$InitNPCIcons$0$0                 npc_icons
     00000EA9  _InitNPCIcons                      npc_icons
     00000EAC  A$lcc188208$59                     npc_icons
     00000EAD  A$lcc188208$60                     npc_icons
     00000EB0  A$lcc188208$61                     npc_icons
     00000EB1  A$lcc188208$62                     npc_icons
     00000EB4  A$lcc188208$63                     npc_icons
     00000EB6  A$lcc188208$71                     npc_icons
     00000EB6  C$npc_icons.c$29$1_0$127           npc_icons
     00000EB6  XG$InitNPCIcons$0$0                npc_icons
     00000EB7  G$npc_icons_tileset$0_0$0          npc_icons
     00000EB7  _npc_icons_tileset                 npc_icons
     00000F17  G$npc_icons_tilemap$0_0$0          npc_icons
     00000F17  _npc_icons_tilemap                 npc_icons
     00000F1D  G$spr_Branch$0_0$0                 spr_Branch
     00000F1D  _spr_Branch                        spr_Branch
     00000F2D  A$lcc1882022$59                    action
     00000F2D  C$action.c$11$0_0$169              action
     00000F2D  G$move_up$0$0                      action
     00000F2D  _move_up                           action
     00000F2F  A$lcc1882022$60                    action
     00000F31  A$lcc1882022$61                    action
     00000F32  A$lcc1882022$65                    action
     00000F32  C$action.c$13$2_0$170              action
     00000F35  A$lcc1882022$66                    action
     00000F37  A$lcc1882022$70                    action
     00000F37  C$action.c$14$2_0$170              action
     00000F39  A$lcc1882022$74                    action
     00000F39  C$action.c$16$1_0$169              action
     00000F3B  A$lcc1882022$75                    action
     00000F3C  A$lcc1882022$76                    action
ASxxxx Linker V03.00/V05.40 + sdld,  page 6.
Hexadecimal  [32-Bits]

Area                                    Addr        Size        Decimal Bytes (Attributes)
--------------------------------        ----        ----        ------- ----- ------------
_CODE                               00000200    00002CF1 =       11505. bytes (REL,CON)

      Value  Global                              Global Defined In Module
      -----  --------------------------------   ------------------------
     00000F3D  A$lcc1882022$77                    action
     00000F3F  A$lcc1882022$78                    action
     00000F40  A$lcc1882022$79                    action
     00000F42  A$lcc1882022$80                    action
     00000F44  A$lcc1882022$81                    action
     00000F45  A$lcc1882022$82                    action
     00000F46  A$lcc1882022$83                    action
     00000F47  A$lcc1882022$84                    action
     00000F48  A$lcc1882022$85                    action
     00000F49  A$lcc1882022$86                    action
     00000F4A  A$lcc1882022$87                    action
     00000F4D  A$lcc1882022$88                    action
     00000F4E  A$lcc1882022$89                    action
     00000F4F  A$lcc1882022$90                    action
     00000F50  A$lcc1882022$91                    action
     00000F51  A$lcc1882022$92                    action
     00000F53  A$lcc1882022$93                    action
     00000F54  A$lcc1882022$94                    action
     00000F55  A$lcc1882022$95                    action
     00000F56  A$lcc1882022$96                    action
     00000F57  A$lcc1882022$97                    action
     00000F58  A$lcc1882022$98                    action
     00000F59  A$lcc1882022$99                    action
     00000F5A  A$lcc1882022$100                   action
     00000F5C  A$lcc1882022$101                   action
     00000F5D  A$lcc1882022$102                   action
     00000F5E  A$lcc1882022$103                   action
     00000F5F  A$lcc1882022$104                   action
     00000F60  A$lcc1882022$105                   action
     00000F61  A$lcc1882022$106                   action
     00000F62  A$lcc1882022$107                   action
     00000F63  A$lcc1882022$108                   action
     00000F64  A$lcc1882022$109                   action
     00000F65  A$lcc1882022$110                   action
     00000F66  A$lcc1882022$111                   action
     00000F67  A$lcc1882022$112                   action
     00000F68  A$lcc1882022$113                   action
     00000F69  A$lcc1882022$114                   action
     00000F6A  A$lcc1882022$115                   action
     00000F6C  A$lcc1882022$116                   action
     00000F6D  A$lcc1882022$117                   action
     00000F6E  A$lcc1882022$118                   action
     00000F6F  A$lcc1882022$119                   action
     00000F70  A$lcc1882022$120                   action
     00000F71  A$lcc1882022$124                   action
     00000F71  C$action.c$17$1_0$169              action
     00000F72  A$lcc1882022$125                   action
     00000F73  A$lcc1882022$126                   action
     00000F76  A$lcc1882022$127                   action
     00000F77  A$lcc1882022$128                   action
     00000F79  A$lcc1882022$129                   action
ASxxxx Linker V03.00/V05.40 + sdld,  page 7.
Hexadecimal  [32-Bits]

Area                                    Addr        Size        Decimal Bytes (Attributes)
--------------------------------        ----        ----        ------- ----- ------------
_CODE                               00000200    00002CF1 =       11505. bytes (REL,CON)

      Value  Global                              Global Defined In Module
      -----  --------------------------------   ------------------------
     00000F7A  A$lcc1882022$130                   action
     00000F7B  A$lcc1882022$131                   action
     00000F7C  A$lcc1882022$132                   action
     00000F7E  A$lcc1882022$133                   action
     00000F7F  A$lcc1882022$134                   action
     00000F80  A$lcc1882022$139                   action
     00000F82  A$lcc1882022$144                   action
     00000F82  C$action.c$18$1_0$169              action
     00000F82  XG$move_up$0$0                     action
     00000F83  A$lcc1882022$154                   action
     00000F83  C$action.c$20$1_0$172              action
     00000F83  G$move_down$0$0                    action
     00000F83  _move_down                         action
     00000F85  A$lcc1882022$155                   action
     00000F87  A$lcc1882022$156                   action
     00000F88  A$lcc1882022$160                   action
     00000F88  C$action.c$22$2_0$173              action
     00000F8B  A$lcc1882022$161                   action
     00000F8D  A$lcc1882022$165                   action
     00000F8D  C$action.c$23$2_0$173              action
     00000F8F  A$lcc1882022$169                   action
     00000F8F  C$action.c$25$1_0$172              action
     00000F91  A$lcc1882022$170                   action
     00000F92  A$lcc1882022$171                   action
     00000F93  A$lcc1882022$172                   action
     00000F95  A$lcc1882022$173                   action
     00000F96  A$lcc1882022$174                   action
     00000F98  A$lcc1882022$175                   action
     00000F9A  A$lcc1882022$176                   action
     00000F9B  A$lcc1882022$177                   action
     00000F9C  A$lcc1882022$178                   action
     00000F9D  A$lcc1882022$179                   action
     00000F9E  A$lcc1882022$180                   action
     00000F9F  A$lcc1882022$181                   action
     00000FA0  A$lcc1882022$182                   action
     00000FA3  A$lcc1882022$183                   action
     00000FA4  A$lcc1882022$184                   action
     00000FA5  A$lcc1882022$185                   action
     00000FA6  A$lcc1882022$186                   action
     00000FA7  A$lcc1882022$187                   action
     00000FA9  A$lcc1882022$188                   action
     00000FAA  A$lcc1882022$189                   action
     00000FAB  A$lcc1882022$190                   action
     00000FAC  A$lcc1882022$191                   action
     00000FAD  A$lcc1882022$192                   action
     00000FAE  A$lcc1882022$193                   action
     00000FAF  A$lcc1882022$194                   action
     00000FB0  A$lcc1882022$195                   action
     00000FB2  A$lcc1882022$196                   action
     00000FB3  A$lcc1882022$197                   action
     00000FB4  A$lcc1882022$198                   action
ASxxxx Linker V03.00/V05.40 + sdld,  page 8.
Hexadecimal  [32-Bits]

Area                                    Addr        Size        Decimal Bytes (Attributes)
--------------------------------        ----        ----        ------- ----- ------------
_CODE                               00000200    00002CF1 =       11505. bytes (REL,CON)

      Value  Global                              Global Defined In Module
      -----  --------------------------------   ------------------------
     00000FB5  A$lcc1882022$199                   action
     00000FB6  A$lcc1882022$200                   action
     00000FB7  A$lcc1882022$201                   action
     00000FB8  A$lcc1882022$202                   action
     00000FB9  A$lcc1882022$203                   action
     00000FBA  A$lcc1882022$204                   action
     00000FBB  A$lcc1882022$205                   action
     00000FBC  A$lcc1882022$206                   action
     00000FBD  A$lcc1882022$207                   action
     00000FBE  A$lcc1882022$208                   action
     00000FBF  A$lcc1882022$209                   action
     00000FC0  A$lcc1882022$210                   action
     00000FC1  A$lcc1882022$211                   action
     00000FC2  A$lcc1882022$212                   action
     00000FC3  A$lcc1882022$216                   action
     00000FC3  C$action.c$26$1_0$172              action
     00000FC6  A$lcc1882022$217                   action
     00000FC8  A$lcc1882022$218                   action
     00000FC9  A$lcc1882022$219                   action
     00000FCB  A$lcc1882022$220                   action
     00000FCC  A$lcc1882022$221                   action
     00000FCD  A$lcc1882022$222                   action
     00000FCE  A$lcc1882022$223                   action
     00000FCF  A$lcc1882022$224                   action
     00000FD0  A$lcc1882022$229                   action
     00000FD2  A$lcc1882022$234                   action
     00000FD2  C$action.c$27$1_0$172              action
     00000FD2  XG$move_down$0$0                   action
     00000FD3  A$lcc1882022$244                   action
     00000FD3  C$action.c$29$1_0$175              action
     00000FD3  G$move_left$0$0                    action
     00000FD3  _move_left                         action
     00000FD5  A$lcc1882022$245                   action
     00000FD7  A$lcc1882022$246                   action
     00000FD8  A$lcc1882022$250                   action
     00000FD8  C$action.c$31$2_0$176              action
     00000FDB  A$lcc1882022$251                   action
     00000FDD  A$lcc1882022$255                   action
     00000FDD  C$action.c$32$2_0$176              action
     00000FDF  A$lcc1882022$259                   action
     00000FDF  C$action.c$34$1_0$175              action
     00000FE1  A$lcc1882022$260                   action
     00000FE2  A$lcc1882022$261                   action
     00000FE3  A$lcc1882022$262                   action
     00000FE5  A$lcc1882022$263                   action
     00000FE6  A$lcc1882022$264                   action
     00000FE8  A$lcc1882022$265                   action
     00000FEA  A$lcc1882022$266                   action
     00000FEB  A$lcc1882022$267                   action
     00000FEC  A$lcc1882022$268                   action
     00000FED  A$lcc1882022$269                   action
ASxxxx Linker V03.00/V05.40 + sdld,  page 9.
Hexadecimal  [32-Bits]

Area                                    Addr        Size        Decimal Bytes (Attributes)
--------------------------------        ----        ----        ------- ----- ------------
_CODE                               00000200    00002CF1 =       11505. bytes (REL,CON)

      Value  Global                              Global Defined In Module
      -----  --------------------------------   ------------------------
     00000FEE  A$lcc1882022$270                   action
     00000FEF  A$lcc1882022$271                   action
     00000FF0  A$lcc1882022$272                   action
     00000FF3  A$lcc1882022$273                   action
     00000FF4  A$lcc1882022$274                   action
     00000FF5  A$lcc1882022$275                   action
     00000FF6  A$lcc1882022$276                   action
     00000FF7  A$lcc1882022$277                   action
     00000FF9  A$lcc1882022$278                   action
     00000FFA  A$lcc1882022$279                   action
     00000FFB  A$lcc1882022$280                   action
     00000FFC  A$lcc1882022$281                   action
     00000FFD  A$lcc1882022$282                   action
     00000FFE  A$lcc1882022$283                   action
     00000FFF  A$lcc1882022$284                   action
     00001000  A$lcc1882022$285                   action
     00001002  A$lcc1882022$286                   action
     00001003  A$lcc1882022$287                   action
     00001004  A$lcc1882022$288                   action
     00001005  A$lcc1882022$289                   action
     00001006  A$lcc1882022$290                   action
     00001007  A$lcc1882022$291                   action
     00001008  A$lcc1882022$292                   action
     00001009  A$lcc1882022$293                   action
     0000100A  A$lcc1882022$294                   action
     0000100B  A$lcc1882022$295                   action
     0000100C  A$lcc1882022$296                   action
     0000100D  A$lcc1882022$297                   action
     0000100E  A$lcc1882022$298                   action
     0000100F  A$lcc1882022$299                   action
     00001010  A$lcc1882022$300                   action
     00001012  A$lcc1882022$301                   action
     00001013  A$lcc1882022$302                   action
     00001014  A$lcc1882022$303                   action
     00001015  A$lcc1882022$304                   action
     00001016  A$lcc1882022$305                   action
     00001017  A$lcc1882022$309                   action
     00001017  C$action.c$35$1_0$175              action
     00001018  A$lcc1882022$310                   action
     00001019  A$lcc1882022$311                   action
     0000101C  A$lcc1882022$312                   action
     0000101D  A$lcc1882022$313                   action
     0000101F  A$lcc1882022$314                   action
     00001020  A$lcc1882022$315                   action
     00001021  A$lcc1882022$316                   action
     00001022  A$lcc1882022$317                   action
     00001024  A$lcc1882022$318                   action
     00001025  A$lcc1882022$319                   action
     00001026  A$lcc1882022$324                   action
     00001028  A$lcc1882022$329                   action
     00001028  C$action.c$36$1_0$175              action
ASxxxx Linker V03.00/V05.40 + sdld,  page 10.
Hexadecimal  [32-Bits]

Area                                    Addr        Size        Decimal Bytes (Attributes)
--------------------------------        ----        ----        ------- ----- ------------
_CODE                               00000200    00002CF1 =       11505. bytes (REL,CON)

      Value  Global                              Global Defined In Module
      -----  --------------------------------   ------------------------
     00001028  XG$move_left$0$0                   action
     00001029  A$lcc1882022$339                   action
     00001029  C$action.c$38$1_0$178              action
     00001029  G$move_right$0$0                   action
     00001029  _move_right                        action
     0000102B  A$lcc1882022$340                   action
     0000102D  A$lcc1882022$341                   action
     0000102E  A$lcc1882022$345                   action
     0000102E  C$action.c$40$2_0$179              action
     00001031  A$lcc1882022$346                   action
     00001033  A$lcc1882022$350                   action
     00001033  C$action.c$41$2_0$179              action
     00001035  A$lcc1882022$354                   action
     00001035  C$action.c$43$1_0$178              action
     00001037  A$lcc1882022$355                   action
     00001038  A$lcc1882022$356                   action
     00001039  A$lcc1882022$357                   action
     0000103B  A$lcc1882022$358                   action
     0000103C  A$lcc1882022$359                   action
     0000103E  A$lcc1882022$360                   action
     00001040  A$lcc1882022$361                   action
     00001041  A$lcc1882022$362                   action
     00001042  A$lcc1882022$363                   action
     00001043  A$lcc1882022$364                   action
     00001044  A$lcc1882022$365                   action
     00001045  A$lcc1882022$366                   action
     00001046  A$lcc1882022$367                   action
     00001049  A$lcc1882022$368                   action
     0000104A  A$lcc1882022$369                   action
     0000104B  A$lcc1882022$370                   action
     0000104C  A$lcc1882022$371                   action
     0000104D  A$lcc1882022$372                   action
     0000104F  A$lcc1882022$373                   action
     00001050  A$lcc1882022$374                   action
     00001051  A$lcc1882022$375                   action
     00001052  A$lcc1882022$376                   action
     00001053  A$lcc1882022$377                   action
     00001054  A$lcc1882022$378                   action
     00001055  A$lcc1882022$379                   action
     00001056  A$lcc1882022$380                   action
     00001058  A$lcc1882022$381                   action
     00001059  A$lcc1882022$382                   action
     0000105A  A$lcc1882022$383                   action
     0000105B  A$lcc1882022$384                   action
     0000105C  A$lcc1882022$385                   action
     0000105D  A$lcc1882022$386                   action
     0000105E  A$lcc1882022$387                   action
     0000105F  A$lcc1882022$388                   action
     00001060  A$lcc1882022$389                   action
     00001061  A$lcc1882022$390                   action
     00001062  A$lcc1882022$391                   action
ASxxxx Linker V03.00/V05.40 + sdld,  page 11.
Hexadecimal  [32-Bits]

Area                                    Addr        Size        Decimal Bytes (Attributes)
--------------------------------        ----        ----        ------- ----- ------------
_CODE                               00000200    00002CF1 =       11505. bytes (REL,CON)

      Value  Global                              Global Defined In Module
      -----  --------------------------------   ------------------------
     00001063  A$lcc1882022$392                   action
     00001064  A$lcc1882022$393                   action
     00001065  A$lcc1882022$394                   action
     00001066  A$lcc1882022$395                   action
     00001067  A$lcc1882022$396                   action
     00001068  A$lcc1882022$397                   action
     00001069  A$lcc1882022$401                   action
     00001069  C$action.c$44$1_0$178              action
     0000106A  A$lcc1882022$402                   action
     0000106D  A$lcc1882022$403                   action
     0000106F  A$lcc1882022$404                   action
     00001070  A$lcc1882022$405                   action
     00001072  A$lcc1882022$406                   action
     00001073  A$lcc1882022$407                   action
     00001074  A$lcc1882022$408                   action
     00001075  A$lcc1882022$409                   action
     00001076  A$lcc1882022$410                   action
     00001077  A$lcc1882022$411                   action
     00001078  A$lcc1882022$416                   action
     0000107A  A$lcc1882022$421                   action
     0000107A  C$action.c$45$1_0$178              action
     0000107A  XG$move_right$0$0                  action
     0000107B  A$lcc1882023$59                    animation
     0000107B  C$animation.c$7$0_0$137            animation
     0000107B  G$init_animation$0$0               animation
     0000107B  _init_animation                    animation
     0000107D  A$lcc1882023$60                    animation
     0000107F  A$lcc1882023$61                    animation
     00001080  A$lcc1882023$62                    animation
     00001081  A$lcc1882023$63                    animation
     00001082  A$lcc1882023$64                    animation
     00001083  A$lcc1882023$65                    animation
     00001084  A$lcc1882023$69                    animation
     00001084  C$animation.c$12$1_0$137           animation
     00001086  A$lcc1882023$70                    animation
     00001087  A$lcc1882023$71                    animation
     00001088  A$lcc1882023$72                    animation
     00001089  A$lcc1882023$73                    animation
     0000108A  A$lcc1882023$74                    animation
     0000108B  A$lcc1882023$75                    animation
     0000108C  A$lcc1882023$76                    animation
     0000108E  A$lcc1882023$77                    animation
     00001090  A$lcc1882023$78                    animation
     00001091  A$lcc1882023$79                    animation
     00001092  A$lcc1882023$80                    animation
     00001093  A$lcc1882023$81                    animation
     00001094  A$lcc1882023$82                    animation
     00001095  A$lcc1882023$83                    animation
     00001096  A$lcc1882023$87                    animation
     00001096  C$animation.c$14$1_0$137           animation
     00001097  A$lcc1882023$88                    animation
ASxxxx Linker V03.00/V05.40 + sdld,  page 12.
Hexadecimal  [32-Bits]

Area                                    Addr        Size        Decimal Bytes (Attributes)
--------------------------------        ----        ----        ------- ----- ------------
_CODE                               00000200    00002CF1 =       11505. bytes (REL,CON)

      Value  Global                              Global Defined In Module
      -----  --------------------------------   ------------------------
     00001098  A$lcc1882023$89                    animation
     00001099  A$lcc1882023$90                    animation
     0000109B  A$lcc1882023$91                    animation
     0000109C  A$lcc1882023$92                    animation
     0000109D  A$lcc1882023$96                    animation
     0000109D  C$animation.c$15$1_0$137           animation
     0000109E  A$lcc1882023$97                    animation
     0000109F  A$lcc1882023$98                    animation
     000010A0  A$lcc1882023$99                    animation
     000010A1  A$lcc1882023$100                   animation
     000010A2  A$lcc1882023$101                   animation
     000010A3  A$lcc1882023$102                   animation
     000010A5  A$lcc1882023$103                   animation
     000010A6  A$lcc1882023$104                   animation
     000010A7  A$lcc1882023$105                   animation
     000010A8  A$lcc1882023$109                   animation
     000010A8  C$animation.c$16$1_0$137           animation
     000010AB  A$lcc1882023$110                   animation
     000010AC  A$lcc1882023$111                   animation
     000010AE  A$lcc1882023$115                   animation
     000010AE  C$animation.c$17$1_0$137           animation
     000010AF  A$lcc1882023$116                   animation
     000010B0  A$lcc1882023$117                   animation
     000010B1  A$lcc1882023$118                   animation
     000010B2  A$lcc1882023$119                   animation
     000010B4  A$lcc1882023$123                   animation
     000010B4  C$animation.c$18$1_0$137           animation
     000010B7  A$lcc1882023$124                   animation
     000010B8  A$lcc1882023$125                   animation
     000010B9  A$lcc1882023$126                   animation
     000010BB  A$lcc1882023$127                   animation
     000010BC  A$lcc1882023$128                   animation
     000010BD  A$lcc1882023$129                   animation
     000010BE  A$lcc1882023$133                   animation
     000010BE  C$animation.c$21$1_0$137           animation
     000010BF  A$lcc1882023$134                   animation
     000010C0  A$lcc1882023$135                   animation
     000010C1  A$lcc1882023$136                   animation
     000010C2  A$lcc1882023$137                   animation
     000010C4  A$lcc1882023$138                   animation
     000010C5  A$lcc1882023$139                   animation
     000010C6  A$lcc1882023$140                   animation
     000010C7  A$lcc1882023$141                   animation
     000010C8  A$lcc1882023$142                   animation
     000010CB  A$lcc1882023$143                   animation
     000010CC  A$lcc1882023$144                   animation
     000010CD  A$lcc1882023$145                   animation
     000010CE  A$lcc1882023$146                   animation
     000010D0  A$lcc1882023$147                   animation
     000010D1  A$lcc1882023$148                   animation
     000010D2  A$lcc1882023$149                   animation
ASxxxx Linker V03.00/V05.40 + sdld,  page 13.
Hexadecimal  [32-Bits]

Area                                    Addr        Size        Decimal Bytes (Attributes)
--------------------------------        ----        ----        ------- ----- ------------
_CODE                               00000200    00002CF1 =       11505. bytes (REL,CON)

      Value  Global                              Global Defined In Module
      -----  --------------------------------   ------------------------
     000010D3  A$lcc1882023$150                   animation
     000010D5  A$lcc1882023$151                   animation
     000010D6  A$lcc1882023$152                   animation
     000010D9  A$lcc1882023$153                   animation
     000010DA  A$lcc1882023$154                   animation
     000010DB  A$lcc1882023$155                   animation
     000010DC  A$lcc1882023$156                   animation
     000010DD  A$lcc1882023$160                   animation
     000010DD  C$animation.c$24$2_0$137           animation
     000010DF  A$lcc1882023$162                   animation
     000010E0  A$lcc1882023$163                   animation
     000010E1  A$lcc1882023$164                   animation
     000010E2  A$lcc1882023$165                   animation
     000010E3  A$lcc1882023$166                   animation
     000010E5  A$lcc1882023$167                   animation
     000010E6  A$lcc1882023$168                   animation
     000010E8  A$lcc1882023$173                   animation
     000010E8  C$animation.c$32$2_0$140           animation
     000010EA  A$lcc1882023$174                   animation
     000010EB  A$lcc1882023$175                   animation
     000010EC  A$lcc1882023$176                   animation
     000010ED  A$lcc1882023$177                   animation
     000010F0  A$lcc1882023$178                   animation
     000010F1  A$lcc1882023$179                   animation
     000010F2  A$lcc1882023$180                   animation
     000010F3  A$lcc1882023$181                   animation
     000010F4  A$lcc1882023$182                   animation
     000010F5  A$lcc1882023$183                   animation
     000010F7  A$lcc1882023$187                   animation
     000010F7  C$animation.c$33$2_0$140           animation
     000010F9  A$lcc1882023$188                   animation
     000010FA  A$lcc1882023$189                   animation
     000010FB  A$lcc1882023$194                   animation
     000010FB  C$animation.c$34$2_0$137           animation
     000010FD  A$lcc1882023$195                   animation
     000010FE  A$lcc1882023$196                   animation
     00001100  A$lcc1882023$197                   animation
     00001101  A$lcc1882023$207                   animation
     00001101  C$animation.c$36$2_0$142           animation
     00001101  G$update_animation$0$0             animation
     00001101  _update_animation                  animation
     00001102  A$lcc1882023$208                   animation
     00001103  A$lcc1882023$209                   animation
     00001104  A$lcc1882023$210                   animation
     00001105  A$lcc1882023$214                   animation
     00001105  C$animation.c$38$1_0$142           animation
     00001108  A$lcc1882023$215                   animation
     00001109  A$lcc1882023$216                   animation
     0000110A  A$lcc1882023$217                   animation
     0000110B  A$lcc1882023$218                   animation
     0000110C  A$lcc1882023$219                   animation
ASxxxx Linker V03.00/V05.40 + sdld,  page 14.
Hexadecimal  [32-Bits]

Area                                    Addr        Size        Decimal Bytes (Attributes)
--------------------------------        ----        ----        ------- ----- ------------
_CODE                               00000200    00002CF1 =       11505. bytes (REL,CON)

      Value  Global                              Global Defined In Module
      -----  --------------------------------   ------------------------
     0000110D  A$lcc1882023$220                   animation
     0000110E  A$lcc1882023$221                   animation
     0000110F  A$lcc1882023$222                   animation
     00001110  A$lcc1882023$223                   animation
     00001112  A$lcc1882023$224                   animation
     00001113  A$lcc1882023$225                   animation
     00001114  A$lcc1882023$229                   animation
     00001114  C$animation.c$40$1_0$142           animation
     00001117  A$lcc1882023$230                   animation
     00001118  A$lcc1882023$231                   animation
     00001119  A$lcc1882023$232                   animation
     0000111A  A$lcc1882023$233                   animation
     0000111B  A$lcc1882023$234                   animation
     0000111C  A$lcc1882023$235                   animation
     0000111E  A$lcc1882023$236                   animation
     0000111F  A$lcc1882023$237                   animation
     00001120  A$lcc1882023$241                   animation
     00001120  C$animation.c$41$2_0$143           animation
     00001121  A$lcc1882023$242                   animation
     00001122  A$lcc1882023$243                   animation
     00001123  A$lcc1882023$244                   animation
     00001124  A$lcc1882023$245                   animation
     00001125  A$lcc1882023$246                   animation
     00001126  A$lcc1882023$247                   animation
     00001128  A$lcc1882023$248                   animation
     00001129  A$lcc1882023$249                   animation
     0000112B  A$lcc1882023$250                   animation
     0000112C  A$lcc1882023$251                   animation
     0000112D  A$lcc1882023$252                   animation
     0000112F  A$lcc1882023$256                   animation
     0000112F  C$animation.c$43$3_0$144           animation
     00001130  A$lcc1882023$257                   animation
     00001131  A$lcc1882023$261                   animation
     00001131  C$animation.c$44$3_0$144           animation
     00001132  A$lcc1882023$262                   animation
     00001133  A$lcc1882023$263                   animation
     00001134  A$lcc1882023$264                   animation
     00001135  A$lcc1882023$265                   animation
     00001136  A$lcc1882023$266                   animation
     00001137  A$lcc1882023$270                   animation
     00001137  C$animation.c$45$4_0$145           animation
     00001138  A$lcc1882023$271                   animation
     00001139  A$lcc1882023$272                   animation
     0000113A  A$lcc1882023$273                   animation
     0000113B  A$lcc1882023$274                   animation
     0000113C  A$lcc1882023$275                   animation
     0000113E  A$lcc1882023$279                   animation
     0000113E  C$animation.c$46$4_0$145           animation
     00001140  A$lcc1882023$284                   animation
     00001141  A$lcc1882023$285                   animation
     00001142  A$lcc1882023$290                   animation
ASxxxx Linker V03.00/V05.40 + sdld,  page 15.
Hexadecimal  [32-Bits]

Area                                    Addr        Size        Decimal Bytes (Attributes)
--------------------------------        ----        ----        ------- ----- ------------
_CODE                               00000200    00002CF1 =       11505. bytes (REL,CON)

      Value  Global                              Global Defined In Module
      -----  --------------------------------   ------------------------
     00001142  C$animation.c$48$2_0$142           animation
     00001142  XG$update_animation$0$0            animation
     00001143  A$lcc1882023$300                   animation
     00001143  C$animation.c$50$2_0$147           animation
     00001143  G$set_animation$0$0                animation
     00001143  _set_animation                     animation
     00001144  A$lcc1882023$301                   animation
     00001145  A$lcc1882023$302                   animation
     00001146  A$lcc1882023$306                   animation
     00001146  C$animation.c$52$2_0$148           animation
     00001147  A$lcc1882023$307                   animation
     00001149  A$lcc1882023$308                   animation
     0000114A  A$lcc1882023$309                   animation
     0000114B  A$lcc1882023$310                   animation
     0000114D  A$lcc1882023$311                   animation
     0000114E  A$lcc1882023$312                   animation
     0000114F  A$lcc1882023$313                   animation
     00001150  A$lcc1882023$314                   animation
     00001151  A$lcc1882023$321                   animation
     00001151  C$animation.c$53$2_0$148           animation
     00001151  C$animation.c$55$1_0$147           animation
     00001152  A$lcc1882023$322                   animation
     00001153  A$lcc1882023$326                   animation
     00001153  C$animation.c$56$1_1$149           animation
     00001154  A$lcc1882023$327                   animation
     00001155  A$lcc1882023$328                   animation
     00001156  A$lcc1882023$329                   animation
     00001157  A$lcc1882023$330                   animation
     00001159  A$lcc1882023$331                   animation
     0000115A  A$lcc1882023$335                   animation
     0000115A  C$animation.c$57$1_1$149           animation
     0000115B  A$lcc1882023$336                   animation
     0000115C  A$lcc1882023$337                   animation
     0000115D  A$lcc1882023$338                   animation
     0000115E  A$lcc1882023$339                   animation
     0000115F  A$lcc1882023$340                   animation
     00001160  A$lcc1882023$344                   animation
     00001160  C$animation.c$58$1_1$149           animation
     00001163  A$lcc1882023$345                   animation
     00001164  A$lcc1882023$346                   animation
     00001166  A$lcc1882023$354                   animation
     00001166  C$animation.c$59$1_1$147           animation
     00001166  XG$set_animation$0$0               animation
     00001167  A$lcc1882025$52                    char_to_tile
     00001167  C$char_to_tile.c$3$0_0$3           char_to_tile
     00001167  G$char_to_tile$0$0                 char_to_tile
     00001167  _char_to_tile                      char_to_tile
     00001169  A$lcc1882025$53                    char_to_tile
     0000116B  A$lcc1882025$54                    char_to_tile
     0000116C  A$lcc1882025$58                    char_to_tile
     0000116C  C$char_to_tile.c$4$2_0$3           char_to_tile
ASxxxx Linker V03.00/V05.40 + sdld,  page 16.
Hexadecimal  [32-Bits]

Area                                    Addr        Size        Decimal Bytes (Attributes)
--------------------------------        ----        ----        ------- ----- ------------
_CODE                               00000200    00002CF1 =       11505. bytes (REL,CON)

      Value  Global                              Global Defined In Module
      -----  --------------------------------   ------------------------
     0000116E  A$lcc1882025$59                    char_to_tile
     00001170  A$lcc1882025$60                    char_to_tile
     00001171  A$lcc1882025$61                    char_to_tile
     00001173  A$lcc1882025$62                    char_to_tile
     00001174  A$lcc1882025$63                    char_to_tile
     00001176  A$lcc1882025$64                    char_to_tile
     00001177  A$lcc1882025$65                    char_to_tile
     00001179  A$lcc1882025$66                    char_to_tile
     0000117A  A$lcc1882025$67                    char_to_tile
     0000117C  A$lcc1882025$68                    char_to_tile
     0000117D  A$lcc1882025$69                    char_to_tile
     0000117F  A$lcc1882025$70                    char_to_tile
     00001180  A$lcc1882025$71                    char_to_tile
     00001182  A$lcc1882025$72                    char_to_tile
     00001183  A$lcc1882025$73                    char_to_tile
     00001185  A$lcc1882025$74                    char_to_tile
     00001186  A$lcc1882025$75                    char_to_tile
     00001188  A$lcc1882025$76                    char_to_tile
     00001189  A$lcc1882025$77                    char_to_tile
     0000118B  A$lcc1882025$78                    char_to_tile
     0000118C  A$lcc1882025$79                    char_to_tile
     0000118E  A$lcc1882025$80                    char_to_tile
     0000118F  A$lcc1882025$81                    char_to_tile
     00001191  A$lcc1882025$82                    char_to_tile
     00001192  A$lcc1882025$83                    char_to_tile
     00001194  A$lcc1882025$84                    char_to_tile
     00001195  A$lcc1882025$85                    char_to_tile
     00001197  A$lcc1882025$86                    char_to_tile
     00001198  A$lcc1882025$87                    char_to_tile
     0000119A  A$lcc1882025$88                    char_to_tile
     0000119B  A$lcc1882025$89                    char_to_tile
     0000119D  A$lcc1882025$90                    char_to_tile
     0000119E  A$lcc1882025$91                    char_to_tile
     000011A0  A$lcc1882025$92                    char_to_tile
     000011A1  A$lcc1882025$93                    char_to_tile
     000011A3  A$lcc1882025$94                    char_to_tile
     000011A4  A$lcc1882025$95                    char_to_tile
     000011A6  A$lcc1882025$96                    char_to_tile
     000011A7  A$lcc1882025$97                    char_to_tile
     000011A9  A$lcc1882025$98                    char_to_tile
     000011AA  A$lcc1882025$99                    char_to_tile
     000011AC  A$lcc1882025$100                   char_to_tile
     000011AD  A$lcc1882025$101                   char_to_tile
     000011AF  A$lcc1882025$102                   char_to_tile
     000011B0  A$lcc1882025$103                   char_to_tile
     000011B2  A$lcc1882025$104                   char_to_tile
     000011B3  A$lcc1882025$105                   char_to_tile
     000011B5  A$lcc1882025$106                   char_to_tile
     000011B6  A$lcc1882025$107                   char_to_tile
     000011B8  A$lcc1882025$108                   char_to_tile
     000011B9  A$lcc1882025$109                   char_to_tile
ASxxxx Linker V03.00/V05.40 + sdld,  page 17.
Hexadecimal  [32-Bits]

Area                                    Addr        Size        Decimal Bytes (Attributes)
--------------------------------        ----        ----        ------- ----- ------------
_CODE                               00000200    00002CF1 =       11505. bytes (REL,CON)

      Value  Global                              Global Defined In Module
      -----  --------------------------------   ------------------------
     000011BB  A$lcc1882025$110                   char_to_tile
     000011BC  A$lcc1882025$111                   char_to_tile
     000011BE  A$lcc1882025$112                   char_to_tile
     000011BF  A$lcc1882025$113                   char_to_tile
     000011C1  A$lcc1882025$114                   char_to_tile
     000011C2  A$lcc1882025$115                   char_to_tile
     000011C4  A$lcc1882025$116                   char_to_tile
     000011C5  A$lcc1882025$117                   char_to_tile
     000011C7  A$lcc1882025$118                   char_to_tile
     000011C8  A$lcc1882025$119                   char_to_tile
     000011CA  A$lcc1882025$120                   char_to_tile
     000011CB  A$lcc1882025$124                   char_to_tile
     000011CB  C$char_to_tile.c$5$3_0$4           char_to_tile
     000011CC  A$lcc1882025$125                   char_to_tile
     000011CD  A$lcc1882025$126                   char_to_tile
     000011CE  A$lcc1882025$127                   char_to_tile
     000011CF  A$lcc1882025$128                   char_to_tile
     000011D2  A$lcc1882025$130                   char_to_tile
     000011D3  A$lcc1882025$131                   char_to_tile
     000011D5  A$lcc1882025$132                   char_to_tile
     000011D7  A$lcc1882025$136                   char_to_tile
     000011D7  C$char_to_tile.c$6$4_0$6           char_to_tile
     000011DA  A$lcc1882025$137                   char_to_tile
     000011DB  A$lcc1882025$138                   char_to_tile
     000011DC  A$lcc1882025$139                   char_to_tile
     000011DD  A$lcc1882025$140                   char_to_tile
     000011DF  A$lcc1882025$141                   char_to_tile
     000011E0  A$lcc1882025$142                   char_to_tile
     000011E1  A$lcc1882025$143                   char_to_tile
     000011E3  A$lcc1882025$147                   char_to_tile
     000011E3  C$char_to_tile.c$7$5_0$7           char_to_tile
     000011E5  A$lcc1882025$148                   char_to_tile
     000011E6  A$lcc1882025$149                   char_to_tile
     000011E8  A$lcc1882025$150                   char_to_tile
     000011E9  A$lcc1882025$151                   char_to_tile
     000011EB  A$lcc1882025$156                   char_to_tile
     000011EB  C$char_to_tile.c$5$2_0$4           char_to_tile
     000011EC  A$lcc1882025$157                   char_to_tile
     000011EE  A$lcc1882025$158                   char_to_tile
     000011EF  A$lcc1882025$159                   char_to_tile
     000011F0  A$lcc1882025$160                   char_to_tile
     000011F1  A$lcc1882025$161                   char_to_tile
     000011F3  A$lcc1882025$166                   char_to_tile
     000011F3  C$char_to_tile.c$11$1_0$3          char_to_tile
     000011F6  A$lcc1882025$171                   char_to_tile
     000011F8  A$lcc1882025$176                   char_to_tile
     000011F8  C$char_to_tile.c$12$1_0$3          char_to_tile
     000011F8  XG$char_to_tile$0$0                char_to_tile
     000011F9  A$lcc1882026$52                    collision
     000011F9  C$collision.c$3$0_0$3              collision
     000011F9  G$check_collision$0$0              collision
ASxxxx Linker V03.00/V05.40 + sdld,  page 18.
Hexadecimal  [32-Bits]

Area                                    Addr        Size        Decimal Bytes (Attributes)
--------------------------------        ----        ----        ------- ----- ------------
_CODE                               00000200    00002CF1 =       11505. bytes (REL,CON)

      Value  Global                              Global Defined In Module
      -----  --------------------------------   ------------------------
     000011F9  _check_collision                   collision
     000011FB  A$lcc1882026$53                    collision
     000011FC  A$lcc1882026$54                    collision
     000011FE  A$lcc1882026$55                    collision
     000011FF  A$lcc1882026$59                    collision
     000011FF  C$collision.c$8$1_0$3              collision
     00001201  A$lcc1882026$60                    collision
     00001202  A$lcc1882026$61                    collision
     00001204  A$lcc1882026$62                    collision
     00001205  A$lcc1882026$63                    collision
     00001207  A$lcc1882026$64                    collision
     00001209  A$lcc1882026$65                    collision
     0000120A  A$lcc1882026$66                    collision
     0000120C  A$lcc1882026$67                    collision
     0000120D  A$lcc1882026$68                    collision
     0000120E  A$lcc1882026$69                    collision
     0000120F  A$lcc1882026$70                    collision
     00001210  A$lcc1882026$71                    collision
     00001211  A$lcc1882026$72                    collision
     00001212  A$lcc1882026$73                    collision
     00001213  A$lcc1882026$74                    collision
     00001214  A$lcc1882026$75                    collision
     00001215  A$lcc1882026$76                    collision
     00001216  A$lcc1882026$77                    collision
     00001217  A$lcc1882026$78                    collision
     00001219  A$lcc1882026$79                    collision
     0000121A  A$lcc1882026$80                    collision
     0000121B  A$lcc1882026$81                    collision
     0000121C  A$lcc1882026$82                    collision
     0000121E  A$lcc1882026$83                    collision
     0000121F  A$lcc1882026$84                    collision
     00001221  A$lcc1882026$85                    collision
     00001222  A$lcc1882026$86                    collision
     00001223  A$lcc1882026$87                    collision
     00001224  A$lcc1882026$88                    collision
     00001225  A$lcc1882026$89                    collision
     00001226  A$lcc1882026$90                    collision
     00001228  A$lcc1882026$94                    collision
     00001228  C$collision.c$9$1_0$3              collision
     00001229  A$lcc1882026$95                    collision
     0000122A  A$lcc1882026$96                    collision
     0000122B  A$lcc1882026$97                    collision
     0000122C  A$lcc1882026$98                    collision
     0000122D  A$lcc1882026$99                    collision
     0000122F  A$lcc1882026$100                   collision
     00001230  A$lcc1882026$101                   collision
     00001231  A$lcc1882026$102                   collision
     00001232  A$lcc1882026$103                   collision
     00001233  A$lcc1882026$104                   collision
     00001235  A$lcc1882026$108                   collision
     00001235  C$collision.c$10$1_0$3             collision
ASxxxx Linker V03.00/V05.40 + sdld,  page 19.
Hexadecimal  [32-Bits]

Area                                    Addr        Size        Decimal Bytes (Attributes)
--------------------------------        ----        ----        ------- ----- ------------
_CODE                               00000200    00002CF1 =       11505. bytes (REL,CON)

      Value  Global                              Global Defined In Module
      -----  --------------------------------   ------------------------
     00001237  A$lcc1882026$109                   collision
     00001238  A$lcc1882026$110                   collision
     0000123A  A$lcc1882026$111                   collision
     0000123B  A$lcc1882026$112                   collision
     0000123C  A$lcc1882026$113                   collision
     0000123D  A$lcc1882026$114                   collision
     0000123E  A$lcc1882026$115                   collision
     0000123F  A$lcc1882026$116                   collision
     00001240  A$lcc1882026$117                   collision
     00001241  A$lcc1882026$118                   collision
     00001242  A$lcc1882026$119                   collision
     00001243  A$lcc1882026$120                   collision
     00001244  A$lcc1882026$121                   collision
     00001245  A$lcc1882026$122                   collision
     00001247  A$lcc1882026$123                   collision
     00001248  A$lcc1882026$124                   collision
     00001249  A$lcc1882026$125                   collision
     0000124A  A$lcc1882026$126                   collision
     0000124C  A$lcc1882026$127                   collision
     0000124D  A$lcc1882026$128                   collision
     0000124E  A$lcc1882026$129                   collision
     0000124F  A$lcc1882026$130                   collision
     00001250  A$lcc1882026$131                   collision
     00001252  A$lcc1882026$132                   collision
     00001253  A$lcc1882026$133                   collision
     00001254  A$lcc1882026$134                   collision
     00001255  A$lcc1882026$135                   collision
     00001256  A$lcc1882026$136                   collision
     00001257  A$lcc1882026$137                   collision
     00001259  A$lcc1882026$141                   collision
     00001259  C$collision.c$11$1_0$3             collision
     0000125A  A$lcc1882026$142                   collision
     0000125B  A$lcc1882026$143                   collision
     0000125C  A$lcc1882026$144                   collision
     0000125D  A$lcc1882026$145                   collision
     0000125E  A$lcc1882026$146                   collision
     00001260  A$lcc1882026$147                   collision
     00001261  A$lcc1882026$148                   collision
     00001262  A$lcc1882026$149                   collision
     00001263  A$lcc1882026$150                   collision
     00001264  A$lcc1882026$151                   collision
     00001266  A$lcc1882026$153                   collision
     00001267  A$lcc1882026$154                   collision
     00001269  A$lcc1882026$156                   collision
     0000126B  A$lcc1882026$161                   collision
     0000126B  C$collision.c$12$1_0$3             collision
     0000126D  A$lcc1882026$162                   collision
     0000126E  A$lcc1882026$163                   collision
     00001270  A$lcc1882026$164                   collision
     00001271  A$lcc1882027$53                    draw
     00001271  C$draw.c$7$0_0$139                 draw
ASxxxx Linker V03.00/V05.40 + sdld,  page 20.
Hexadecimal  [32-Bits]

Area                                    Addr        Size        Decimal Bytes (Attributes)
--------------------------------        ----        ----        ------- ----- ------------
_CODE                               00000200    00002CF1 =       11505. bytes (REL,CON)

      Value  Global                              Global Defined In Module
      -----  --------------------------------   ------------------------
     00001271  G$draw_actor$0$0                   draw
     00001271  _draw_actor                        draw
     00001273  A$lcc1882027$54                    draw
     00001275  A$lcc1882027$55                    draw
     00001276  A$lcc1882027$59                    draw
     00001276  C$draw.c$9$1_0$139                 draw
     00001279  A$lcc1882027$60                    draw
     0000127A  A$lcc1882027$61                    draw
     0000127C  A$lcc1882027$62                    draw
     0000127D  A$lcc1882027$63                    draw
     0000127E  A$lcc1882027$64                    draw
     0000127F  A$lcc1882027$65                    draw
     00001280  A$lcc1882027$66                    draw
     00001282  A$lcc1882027$67                    draw
     00001283  A$lcc1882027$71                    draw
     00001283  C$draw.c$10$1_0$139                draw
     00001286  A$lcc1882027$72                    draw
     00001288  A$lcc1882027$73                    draw
     00001289  A$lcc1882027$74                    draw
     0000128B  A$lcc1882027$75                    draw
     0000128C  A$lcc1882027$76                    draw
     0000128D  A$lcc1882027$77                    draw
     0000128E  A$lcc1882027$78                    draw
     0000128F  A$lcc1882027$79                    draw
     00001291  A$lcc1882027$80                    draw
     00001292  A$lcc1882027$84                    draw
     00001292  C$draw.c$12$1_0$139                draw
     00001295  A$lcc1882027$85                    draw
     00001297  A$lcc1882027$86                    draw
     00001298  A$lcc1882027$87                    draw
     0000129A  A$lcc1882027$88                    draw
     0000129B  A$lcc1882027$89                    draw
     0000129C  A$lcc1882027$90                    draw
     0000129D  A$lcc1882027$91                    draw
     0000129E  A$lcc1882027$92                    draw
     0000129F  A$lcc1882027$93                    draw
     000012A0  A$lcc1882027$94                    draw
     000012A1  A$lcc1882027$95                    draw
     000012A2  A$lcc1882027$96                    draw
     000012A3  A$lcc1882027$97                    draw
     000012A4  A$lcc1882027$98                    draw
     000012A5  A$lcc1882027$99                    draw
     000012A6  A$lcc1882027$103                   draw
     000012A6  C$draw.c$13$1_0$139                draw
     000012A9  A$lcc1882027$104                   draw
     000012AA  A$lcc1882027$105                   draw
     000012AB  A$lcc1882027$106                   draw
     000012AC  A$lcc1882027$107                   draw
     000012AD  A$lcc1882027$108                   draw
     000012AE  A$lcc1882027$109                   draw
     000012AF  A$lcc1882027$110                   draw
ASxxxx Linker V03.00/V05.40 + sdld,  page 21.
Hexadecimal  [32-Bits]

Area                                    Addr        Size        Decimal Bytes (Attributes)
--------------------------------        ----        ----        ------- ----- ------------
_CODE                               00000200    00002CF1 =       11505. bytes (REL,CON)

      Value  Global                              Global Defined In Module
      -----  --------------------------------   ------------------------
     000012B0  A$lcc1882027$111                   draw
     000012B1  A$lcc1882027$112                   draw
     000012B3  A$lcc1882027$113                   draw
     000012B4  A$lcc1882027$114                   draw
     000012B5  A$lcc1882027$118                   draw
     000012B5  C$draw.c$15$1_0$139                draw
     000012B8  A$lcc1882027$119                   draw
     000012B9  A$lcc1882027$120                   draw
     000012BA  A$lcc1882027$121                   draw
     000012BC  A$lcc1882027$122                   draw
     000012BD  A$lcc1882027$126                   draw
     000012BD  C$draw.c$16$1_0$139                draw
     000012BE  A$lcc1882027$127                   draw
     000012BF  A$lcc1882027$128                   draw
     000012C0  A$lcc1882027$129                   draw
     000012C1  A$lcc1882027$130                   draw
     000012C2  A$lcc1882027$131                   draw
     000012C3  A$lcc1882027$132                   draw
     000012C6  A$lcc1882027$133                   draw
     000012C7  A$lcc1882027$134                   draw
     000012C8  A$lcc1882027$135                   draw
     000012C9  A$lcc1882027$136                   draw
     000012CB  A$lcc1882027$140                   draw
     000012CB  C$draw.c$18$1_0$139                draw
     000012CC  A$lcc1882027$141                   draw
     000012CD  A$lcc1882027$142                   draw
     000012CE  A$lcc1882027$143                   draw
     000012CF  A$lcc1882027$144                   draw
     000012D0  A$lcc1882027$148                   draw
     000012D0  C$draw.c$19$1_0$139                draw
     000012D2  A$lcc1882027$149                   draw
     000012D3  A$lcc1882027$150                   draw
     000012D4  A$lcc1882027$151                   draw
     000012D5  A$lcc1882027$152                   draw
     000012D6  A$lcc1882027$153                   draw
     000012D7  A$lcc1882027$154                   draw
     000012D8  A$lcc1882027$155                   draw
     000012D9  A$lcc1882027$156                   draw
     000012DA  A$lcc1882027$157                   draw
     000012DB  A$lcc1882027$158                   draw
     000012DC  A$lcc1882027$159                   draw
     000012DD  A$lcc1882027$160                   draw
     000012DE  A$lcc1882027$161                   draw
     000012DF  A$lcc1882027$162                   draw
     000012E0  A$lcc1882027$166                   draw
     000012E0  C$draw.c$21$2_0$140                draw
     000012E2  A$lcc1882027$167                   draw
     000012E3  A$lcc1882027$174                   draw
     000012E3  C$draw.c$22$2_0$140                draw
     000012E3  C$draw.c$25$2_0$139                draw
     000012E6  A$lcc1882027$175                   draw
ASxxxx Linker V03.00/V05.40 + sdld,  page 22.
Hexadecimal  [32-Bits]

Area                                    Addr        Size        Decimal Bytes (Attributes)
--------------------------------        ----        ----        ------- ----- ------------
_CODE                               00000200    00002CF1 =       11505. bytes (REL,CON)

      Value  Global                              Global Defined In Module
      -----  --------------------------------   ------------------------
     000012E8  A$lcc1882027$177                   draw
     000012E9  A$lcc1882027$178                   draw
     000012EB  A$lcc1882027$179                   draw
     000012EC  A$lcc1882027$180                   draw
     000012EE  A$lcc1882027$182                   draw
     000012EF  A$lcc1882027$183                   draw
     000012F0  A$lcc1882027$184                   draw
     000012F1  A$lcc1882027$185                   draw
     000012F2  A$lcc1882027$186                   draw
     000012F3  A$lcc1882027$187                   draw
     000012F5  A$lcc1882027$188                   draw
     000012F8  A$lcc1882027$189                   draw
     000012F9  A$lcc1882027$190                   draw
     000012FA  A$lcc1882027$191                   draw
     000012FB  A$lcc1882027$192                   draw
     000012FC  A$lcc1882027$194                   draw
     000012FD  A$lcc1882027$195                   draw
     000012FE  A$lcc1882027$196                   draw
     000012FF  A$lcc1882027$197                   draw
     00001300  A$lcc1882027$198                   draw
     00001301  A$lcc1882027$199                   draw
     00001302  A$lcc1882027$200                   draw
     00001305  A$lcc1882027$201                   draw
     00001306  A$lcc1882027$202                   draw
     00001307  A$lcc1882027$203                   draw
     00001308  A$lcc1882027$204                   draw
     00001309  A$lcc1882027$205                   draw
     0000130A  A$lcc1882027$209                   draw
     0000130A  C$draw.c$25$2_0$141                draw
     0000130B  A$lcc1882027$210                   draw
     0000130D  A$lcc1882027$215                   draw
     0000130D  C$draw.c$29$2_0$142                draw
     0000130F  A$lcc1882027$216                   draw
     00001310  A$lcc1882027$217                   draw
     00001311  A$lcc1882027$218                   draw
     00001313  A$lcc1882027$220                   draw
     00001315  A$lcc1882027$221                   draw
     00001316  A$lcc1882027$223                   draw
     00001317  A$lcc1882027$224                   draw
     00001318  A$lcc1882027$225                   draw
     00001319  A$lcc1882027$226                   draw
     0000131A  A$lcc1882027$227                   draw
     0000131B  A$lcc1882027$228                   draw
     0000131E  A$lcc1882027$229                   draw
     0000131F  A$lcc1882027$230                   draw
     00001320  A$lcc1882027$231                   draw
     00001321  A$lcc1882027$233                   draw
     00001323  A$lcc1882027$234                   draw
     00001324  A$lcc1882027$235                   draw
     00001325  A$lcc1882027$236                   draw
     00001326  A$lcc1882027$237                   draw
ASxxxx Linker V03.00/V05.40 + sdld,  page 23.
Hexadecimal  [32-Bits]

Area                                    Addr        Size        Decimal Bytes (Attributes)
--------------------------------        ----        ----        ------- ----- ------------
_CODE                               00000200    00002CF1 =       11505. bytes (REL,CON)

      Value  Global                              Global Defined In Module
      -----  --------------------------------   ------------------------
     00001327  A$lcc1882027$238                   draw
     00001328  A$lcc1882027$242                   draw
     00001328  C$draw.c$31$2_0$142                draw
     0000132B  A$lcc1882027$247                   draw
     0000132B  C$draw.c$33$3_0$144                draw
     0000132D  A$lcc1882027$248                   draw
     0000132E  A$lcc1882027$249                   draw
     00001330  A$lcc1882027$250                   draw
     00001332  A$lcc1882027$254                   draw
     00001335  A$lcc1882027$255                   draw
     00001337  A$lcc1882027$256                   draw
     00001338  A$lcc1882027$257                   draw
     0000133A  A$lcc1882027$258                   draw
     0000133B  A$lcc1882027$259                   draw
     0000133C  A$lcc1882027$260                   draw
     0000133D  A$lcc1882027$261                   draw
     0000133E  A$lcc1882027$262                   draw
     0000133F  A$lcc1882027$266                   draw
     0000133F  C$draw.c$31$2_0$139                draw
     00001341  A$lcc1882027$267                   draw
     00001342  A$lcc1882027$271                   draw
     00001342  C$draw.c$35$5_0$146                draw
     00001344  A$lcc1882027$272                   draw
     00001346  A$lcc1882027$275                   draw
     00001347  A$lcc1882027$276                   draw
     00001348  A$lcc1882027$277                   draw
     00001349  A$lcc1882027$278                   draw
     0000134A  A$lcc1882027$279                   draw
     0000134B  A$lcc1882027$280                   draw
     0000134E  A$lcc1882027$281                   draw
     0000134F  A$lcc1882027$282                   draw
     00001350  A$lcc1882027$283                   draw
     00001351  A$lcc1882027$285                   draw
     00001353  A$lcc1882027$286                   draw
     00001354  A$lcc1882027$287                   draw
     00001355  A$lcc1882027$288                   draw
     00001356  A$lcc1882027$290                   draw
     00001357  A$lcc1882027$291                   draw
     00001358  A$lcc1882027$292                   draw
     00001359  A$lcc1882027$293                   draw
     0000135B  A$lcc1882027$294                   draw
     0000135C  A$lcc1882027$295                   draw
     0000135E  A$lcc1882027$297                   draw
     0000135F  A$lcc1882027$298                   draw
     00001362  A$lcc1882027$299                   draw
     00001363  A$lcc1882027$300                   draw
     00001364  A$lcc1882027$301                   draw
     00001365  A$lcc1882027$302                   draw
     00001366  A$lcc1882027$303                   draw
     00001367  A$lcc1882027$304                   draw
     00001368  A$lcc1882027$305                   draw
ASxxxx Linker V03.00/V05.40 + sdld,  page 24.
Hexadecimal  [32-Bits]

Area                                    Addr        Size        Decimal Bytes (Attributes)
--------------------------------        ----        ----        ------- ----- ------------
_CODE                               00000200    00002CF1 =       11505. bytes (REL,CON)

      Value  Global                              Global Defined In Module
      -----  --------------------------------   ------------------------
     00001369  A$lcc1882027$307                   draw
     0000136A  A$lcc1882027$308                   draw
     0000136B  A$lcc1882027$309                   draw
     0000136C  A$lcc1882027$310                   draw
     0000136E  A$lcc1882027$311                   draw
     0000136F  A$lcc1882027$312                   draw
     00001370  A$lcc1882027$316                   draw
     00001370  C$draw.c$38$5_0$146                draw
     00001373  A$lcc1882027$320                   draw
     00001374  A$lcc1882027$321                   draw
     00001375  A$lcc1882027$322                   draw
     00001376  A$lcc1882027$323                   draw
     00001377  A$lcc1882027$324                   draw
     00001378  A$lcc1882027$325                   draw
     0000137B  A$lcc1882027$326                   draw
     0000137C  A$lcc1882027$327                   draw
     0000137D  A$lcc1882027$328                   draw
     0000137E  A$lcc1882027$330                   draw
     00001380  A$lcc1882027$331                   draw
     00001381  A$lcc1882027$332                   draw
     00001382  A$lcc1882027$333                   draw
     00001383  A$lcc1882027$334                   draw
     00001384  A$lcc1882027$335                   draw
     00001385  A$lcc1882027$337                   draw
     00001386  A$lcc1882027$338                   draw
     00001388  A$lcc1882027$339                   draw
     00001389  A$lcc1882027$340                   draw
     0000138B  A$lcc1882027$342                   draw
     0000138C  A$lcc1882027$343                   draw
     0000138D  A$lcc1882027$344                   draw
     0000138E  A$lcc1882027$345                   draw
     0000138F  A$lcc1882027$346                   draw
     00001390  A$lcc1882027$347                   draw
     00001393  A$lcc1882027$348                   draw
     00001394  A$lcc1882027$350                   draw
     00001395  A$lcc1882027$351                   draw
     00001397  A$lcc1882027$352                   draw
     00001398  A$lcc1882027$353                   draw
     00001399  A$lcc1882027$354                   draw
     0000139A  A$lcc1882027$355                   draw
     0000139B  A$lcc1882027$359                   draw
     0000139B  C$draw.c$43$3_0$144                draw
     0000139D  A$lcc1882027$364                   draw
     0000139D  C$draw.c$46$4_0$149                draw
     0000139F  A$lcc1882027$365                   draw
     000013A0  A$lcc1882027$366                   draw
     000013A2  A$lcc1882027$367                   draw
     000013A4  A$lcc1882027$369                   draw
     000013A6  A$lcc1882027$370                   draw
     000013A7  A$lcc1882027$372                   draw
     000013A8  A$lcc1882027$373                   draw
ASxxxx Linker V03.00/V05.40 + sdld,  page 25.
Hexadecimal  [32-Bits]

Area                                    Addr        Size        Decimal Bytes (Attributes)
--------------------------------        ----        ----        ------- ----- ------------
_CODE                               00000200    00002CF1 =       11505. bytes (REL,CON)

      Value  Global                              Global Defined In Module
      -----  --------------------------------   ------------------------
     000013A9  A$lcc1882027$374                   draw
     000013AA  A$lcc1882027$375                   draw
     000013AB  A$lcc1882027$376                   draw
     000013AC  A$lcc1882027$377                   draw
     000013AF  A$lcc1882027$378                   draw
     000013B0  A$lcc1882027$379                   draw
     000013B1  A$lcc1882027$380                   draw
[...]
     00024552  A$lcc1882074$670                   mg_leaves_update
     00024553  A$lcc1882074$671                   mg_leaves_update
     00024555  A$lcc1882074$675                   mg_leaves_update
     00024555  C$mg_leaves_update.c$92$6_1$193    mg_leaves_update
     00024556  A$lcc1882074$676                   mg_leaves_update
     00024557  A$lcc1882074$677                   mg_leaves_update
     00024558  A$lcc1882074$678                   mg_leaves_update
     00024559  A$lcc1882074$679                   mg_leaves_update
     0002455B  A$lcc1882074$684                   mg_leaves_update
     0002455B  C$mg_leaves_update.c$94$6_1$194    mg_leaves_update
     0002455D  A$lcc1882074$685                   mg_leaves_update
     0002455E  A$lcc1882074$686                   mg_leaves_update
     00024560  A$lcc1882074$687                   mg_leaves_update
     00024561  A$lcc1882074$688                   mg_leaves_update
     00024563  A$lcc1882074$692                   mg_leaves_update
     00024563  C$mg_leaves_update.c$95$6_1$194    mg_leaves_update
ASxxxx Linker V03.00/V05.40 + sdld,  page 158.
Hexadecimal  [32-Bits]

Area                                    Addr        Size        Decimal Bytes (Attributes)
--------------------------------        ----        ----        ------- ----- ------------
_CODE_2                             00024000    00000619 =        1561. bytes (REL,CON)

      Value  Global                              Global Defined In Module
      -----  --------------------------------   ------------------------
     00024564  A$lcc1882074$693                   mg_leaves_update
     00024565  A$lcc1882074$694                   mg_leaves_update
     00024566  A$lcc1882074$695                   mg_leaves_update
     00024567  A$lcc1882074$696                   mg_leaves_update
     00024569  A$lcc1882074$697                   mg_leaves_update
     0002456B  A$lcc1882074$702                   mg_leaves_update
     0002456B  C$mg_leaves_update.c$99$5_1$195    mg_leaves_update
     0002456D  A$lcc1882074$703                   mg_leaves_update
     0002456E  A$lcc1882074$704                   mg_leaves_update
     0002456F  A$lcc1882074$705                   mg_leaves_update
     00024570  A$lcc1882074$706                   mg_leaves_update
     00024572  A$lcc1882074$711                   mg_leaves_update
     00024572  C$mg_leaves_update.c$82$2_0$187    mg_leaves_update
     00024574  A$lcc1882074$712                   mg_leaves_update
     00024575  A$lcc1882074$713                   mg_leaves_update
     00024578  A$lcc1882074$718                   mg_leaves_update
     0002457A  A$lcc1882074$723                   mg_leaves_update
     0002457A  C$mg_leaves_update.c$102$2_0$187   mg_leaves_update
     0002457A  XG$check_actor_collision$0$0       mg_leaves_update
     0002457B  A$lcc1882074$733                   mg_leaves_update
     0002457B  C$mg_leaves_update.c$104$2_0$197   mg_leaves_update
     0002457B  G$Mg_Leaves_Update$0$0             mg_leaves_update
     0002457B  _Mg_Leaves_Update                  mg_leaves_update
     0002457D  A$lcc1882074$737                   mg_leaves_update
     0002457D  C$mg_leaves_update.c$107$2_0$198   mg_leaves_update
     00024580  A$lcc1882074$738                   mg_leaves_update
     00024582  A$lcc1882074$739                   mg_leaves_update
     00024584  A$lcc1882074$743                   mg_leaves_update
     00024584  C$mg_leaves_update.c$108$2_0$198   mg_leaves_update
     00024587  A$lcc1882074$744                   mg_leaves_update
     00024589  A$lcc1882074$745                   mg_leaves_update
     0002458B  A$lcc1882074$750                   mg_leaves_update
     0002458B  C$mg_leaves_update.c$110$2_0$198   mg_leaves_update
     0002458C  A$lcc1882074$751                   mg_leaves_update
     0002458F  A$lcc1882074$756                   mg_leaves_update
     0002458F  C$mg_leaves_update.c$112$1_0$197   mg_leaves_update
     00024591  A$lcc1882074$757                   mg_leaves_update
     00024593  A$lcc1882074$758                   mg_leaves_update
     00024596  A$lcc1882074$762                   mg_leaves_update
     00024596  C$mg_leaves_update.c$114$1_0$197   mg_leaves_update
     00024599  A$lcc1882074$766                   mg_leaves_update
     00024599  C$mg_leaves_update.c$115$1_0$197   mg_leaves_update
     0002459C  A$lcc1882074$770                   mg_leaves_update
     0002459C  C$mg_leaves_update.c$117$1_0$197   mg_leaves_update
     0002459F  A$lcc1882074$771                   mg_leaves_update
     000245A2  A$lcc1882074$775                   mg_leaves_update
     000245A2  C$mg_leaves_update.c$119$2_0$199   mg_leaves_update
     000245A5  A$lcc1882074$776                   mg_leaves_update
     000245A8  A$lcc1882074$777                   mg_leaves_update
     000245A9  A$lcc1882074$778                   mg_leaves_update
     000245AB  A$lcc1882074$782                   mg_leaves_update
ASxxxx Linker V03.00/V05.40 + sdld,  page 159.
Hexadecimal  [32-Bits]

Area                                    Addr        Size        Decimal Bytes (Attributes)
--------------------------------        ----        ----        ------- ----- ------------
_CODE_2                             00024000    00000619 =        1561. bytes (REL,CON)

      Value  Global                              Global Defined In Module
      -----  --------------------------------   ------------------------
     000245AB  C$mg_leaves_update.c$121$3_0$200   mg_leaves_update
     000245AE  A$lcc1882074$783                   mg_leaves_update
     000245B1  A$lcc1882074$787                   mg_leaves_update
     000245B1  C$mg_leaves_update.c$123$3_1$201   mg_leaves_update
     000245B4  A$lcc1882074$791                   mg_leaves_update
     000245B4  C$mg_leaves_update.c$124$1_0$197   mg_leaves_update
     000245B6  A$lcc1882074$792                   mg_leaves_update
     000245B7  A$lcc1882074$793                   mg_leaves_update
     000245B9  A$lcc1882074$794                   mg_leaves_update
     000245BC  A$lcc1882074$795                   mg_leaves_update
     000245BD  A$lcc1882074$796                   mg_leaves_update
     000245BF  A$lcc1882074$797                   mg_leaves_update
     000245C2  A$lcc1882074$798                   mg_leaves_update
     000245C3  A$lcc1882074$799                   mg_leaves_update
     000245C5  A$lcc1882074$800                   mg_leaves_update
     000245C7  A$lcc1882074$804                   mg_leaves_update
     000245C7  C$mg_leaves_update.c$125$1_0$197   mg_leaves_update
     000245C8  A$lcc1882074$805                   mg_leaves_update
     000245C9  A$lcc1882074$806                   mg_leaves_update
     000245CB  A$lcc1882074$807                   mg_leaves_update
     000245CC  A$lcc1882074$808                   mg_leaves_update
     000245CF  A$lcc1882074$809                   mg_leaves_update
     000245D0  A$lcc1882074$810                   mg_leaves_update
     000245D2  A$lcc1882074$811                   mg_leaves_update
     000245D5  A$lcc1882074$812                   mg_leaves_update
     000245D6  A$lcc1882074$813                   mg_leaves_update
     000245D8  A$lcc1882074$814                   mg_leaves_update
     000245DA  A$lcc1882074$818                   mg_leaves_update
     000245DA  C$mg_leaves_update.c$126$1_0$197   mg_leaves_update
     000245DB  A$lcc1882074$819                   mg_leaves_update
     000245DD  A$lcc1882074$820                   mg_leaves_update
     000245DE  A$lcc1882074$821                   mg_leaves_update
     000245E1  A$lcc1882074$822                   mg_leaves_update
     000245E2  A$lcc1882074$823                   mg_leaves_update
     000245E4  A$lcc1882074$824                   mg_leaves_update
     000245E6  A$lcc1882074$825                   mg_leaves_update
     000245E7  A$lcc1882074$829                   mg_leaves_update
     000245E7  C$mg_leaves_update.c$128$3_1$201   mg_leaves_update
     000245E9  A$lcc1882074$830                   mg_leaves_update
     000245EA  A$lcc1882074$831                   mg_leaves_update
     000245EB  A$lcc1882074$832                   mg_leaves_update
     000245ED  A$lcc1882074$833                   mg_leaves_update
     000245EF  A$lcc1882074$834                   mg_leaves_update
     000245F2  A$lcc1882074$838                   mg_leaves_update
     000245F2  C$mg_leaves_update.c$129$3_1$201   mg_leaves_update
     000245F4  A$lcc1882074$839                   mg_leaves_update
     000245F5  A$lcc1882074$840                   mg_leaves_update
     000245F6  A$lcc1882074$841                   mg_leaves_update
     000245F7  A$lcc1882074$842                   mg_leaves_update
     000245F9  A$lcc1882074$843                   mg_leaves_update
     000245FB  A$lcc1882074$844                   mg_leaves_update
ASxxxx Linker V03.00/V05.40 + sdld,  page 160.
Hexadecimal  [32-Bits]

Area                                    Addr        Size        Decimal Bytes (Attributes)
--------------------------------        ----        ----        ------- ----- ------------
_CODE_2                             00024000    00000619 =        1561. bytes (REL,CON)

      Value  Global                              Global Defined In Module
      -----  --------------------------------   ------------------------
     000245FE  A$lcc1882074$848                   mg_leaves_update
     000245FE  C$mg_leaves_update.c$130$3_1$201   mg_leaves_update
     00024600  A$lcc1882074$849                   mg_leaves_update
     00024601  A$lcc1882074$850                   mg_leaves_update
     00024602  A$lcc1882074$851                   mg_leaves_update
     00024603  A$lcc1882074$852                   mg_leaves_update
     00024605  A$lcc1882074$853                   mg_leaves_update
     00024607  A$lcc1882074$854                   mg_leaves_update
     0002460A  A$lcc1882074$858                   mg_leaves_update
     0002460A  C$mg_leaves_update.c$131$3_1$201   mg_leaves_update
     0002460C  A$lcc1882074$859                   mg_leaves_update
     0002460D  A$lcc1882074$860                   mg_leaves_update
     0002460E  A$lcc1882074$861                   mg_leaves_update
     0002460F  A$lcc1882074$862                   mg_leaves_update
     00024611  A$lcc1882074$863                   mg_leaves_update
     00024613  A$lcc1882074$864                   mg_leaves_update
     00024616  A$lcc1882074$872                   mg_leaves_update
     00024616  C$mg_leaves_update.c$134$1_0$197   mg_leaves_update
     00024618  A$lcc1882074$877                   mg_leaves_update
     00024618  C$mg_leaves_update.c$135$1_0$197   mg_leaves_update
     00024618  XG$Mg_Leaves_Update$0$0            mg_leaves_update

ASxxxx Linker V03.00/V05.40 + sdld,  page 161.

Files Linked                              [ module(s) ]

C:\Program Files\GBDK\lib/gb/crt0.o       [ Runtime ]
C:\Users\Bau_M\AppData\Local\Temp/lcc188200.o
                                          [ chars ]
C:\Users\Bau_M\AppData\Local\Temp/lcc188201.o
                                          [ numbers ]
C:\Users\Bau_M\AppData\Local\Temp/lcc188202.o
                                          [ gender_select_tilemap ]
C:\Users\Bau_M\AppData\Local\Temp/lcc188203.o
                                          [ gender_select_tileset ]
C:\Users\Bau_M\AppData\Local\Temp/lcc188204.o
                                          [ inventory_bkg ]
C:\Users\Bau_M\AppData\Local\Temp/lcc188205.o
                                          [ bkg_MainMenu ]
C:\Users\Bau_M\AppData\Local\Temp/lcc188206.o
                                          [ map_example ]
C:\Users\Bau_M\AppData\Local\Temp/lcc188207.o
                                          [ bkg_leaves_example ]
C:\Users\Bau_M\AppData\Local\Temp/lcc188208.o
                                          [ npc_icons ]
C:\Users\Bau_M\AppData\Local\Temp/lcc188209.o
                                          [ template_tileset ]
C:\Users\Bau_M\AppData\Local\Temp/lcc1882010.o
                                          [ spr_InventoryArrow_idle ]
C:\Users\Bau_M\AppData\Local\Temp/lcc1882011.o
                                          [ spr_Branch ]
C:\Users\Bau_M\AppData\Local\Temp/lcc1882012.o
                                          [ broom ]
C:\Users\Bau_M\AppData\Local\Temp/lcc1882013.o
                                          [ spr_garbage ]
C:\Users\Bau_M\AppData\Local\Temp/lcc1882014.o
                                          [ leaf ]
C:\Users\Bau_M\AppData\Local\Temp/lcc1882015.o
                                          [ example_npc ]
C:\Users\Bau_M\AppData\Local\Temp/lcc1882016.o
                                          [ spr_Player_down0 ]
C:\Users\Bau_M\AppData\Local\Temp/lcc1882017.o
                                          [ spr_Player_down1 ]
C:\Users\Bau_M\AppData\Local\Temp/lcc1882018.o
                                          [ spr_Player_down2 ]
C:\Users\Bau_M\AppData\Local\Temp/lcc1882019.o
                                          [ spr_Player_up0 ]
C:\Users\Bau_M\AppData\Local\Temp/lcc1882020.o
                                          [ spr_Player_up1 ]
C:\Users\Bau_M\AppData\Local\Temp/lcc1882021.o
                                          [ spr_Player_up2 ]
C:\Users\Bau_M\AppData\Local\Temp/lcc1882022.o
                                          [ action ]
C:\Users\Bau_M\AppData\Local\Temp/lcc1882023.o
                                          [ animation ]
C:\Users\Bau_M\AppData\Local\Temp/lcc1882024.o
                                          [ can_move ]
C:\Users\Bau_M\AppData\Local\Temp/lcc1882025.o
                                          [ char_to_tile ]
C:\Users\Bau_M\AppData\Local\Temp/lcc1882026.o
                                          [ collision ]
C:\Users\Bau_M\AppData\Local\Temp/lcc1882027.o
                                          [ draw ]
C:\Users\Bau_M\AppData\Local\Temp/lcc1882028.o
                                          [ entity ]
C:\Users\Bau_M\AppData\Local\Temp/lcc1882029.o
                                          [ extra_actors ]
C:\Users\Bau_M\AppData\Local\Temp/lcc1882030.o
                                          [ gender_selection ]
C:\Users\Bau_M\AppData\Local\Temp/lcc1882031.o
                                          [ input ]
C:\Users\Bau_M\AppData\Local\Temp/lcc1882032.o
                                          [ inventory ]
C:\Users\Bau_M\AppData\Local\Temp/lcc1882033.o
                                          [ inventory_input ]
C:\Users\Bau_M\AppData\Local\Temp/lcc1882034.o
                                          [ load ]
C:\Users\Bau_M\AppData\Local\Temp/lcc1882035.o
                                          [ map_scenes ]
C:\Users\Bau_M\AppData\Local\Temp/lcc1882036.o
                                          [ money ]
C:\Users\Bau_M\AppData\Local\Temp/lcc1882037.o
                                          [ name ]
C:\Users\Bau_M\AppData\Local\Temp/lcc1882038.o
                                          [ npcs ]
C:\Users\Bau_M\AppData\Local\Temp/lcc1882039.o
                                          [ npc_lines ]
C:\Users\Bau_M\AppData\Local\Temp/lcc1882040.o
                                          [ player ]
C:\Users\Bau_M\AppData\Local\Temp/lcc1882041.o
                                          [ position ]
C:\Users\Bau_M\AppData\Local\Temp/lcc1882042.o
                                          [ random ]
C:\Users\Bau_M\AppData\Local\Temp/lcc1882043.o
                                          [ render ]
C:\Users\Bau_M\AppData\Local\Temp/lcc1882044.o
                                          [ scene ]
C:\Users\Bau_M\AppData\Local\Temp/lcc1882045.o
                                          [ scene_manager ]
C:\Users\Bau_M\AppData\Local\Temp/lcc1882046.o
                                          [ speed ]
C:\Users\Bau_M\AppData\Local\Temp/lcc1882047.o
                                          [ gender_select ]
C:\Users\Bau_M\AppData\Local\Temp/lcc1882048.o
                                          [ gender_select_init ]
C:\Users\Bau_M\AppData\Local\Temp/lcc1882049.o
                                          [ gender_select_update ]
C:\Users\Bau_M\AppData\Local\Temp/lcc1882050.o
                                          [ inventory_scene ]
C:\Users\Bau_M\AppData\Local\Temp/lcc1882051.o
                                          [ inventory_scene_init ]
C:\Users\Bau_M\AppData\Local\Temp/lcc1882052.o
                                          [ inventory_scene_update ]
C:\Users\Bau_M\AppData\Local\Temp/lcc1882053.o
                                          [ main_menu ]
C:\Users\Bau_M\AppData\Local\Temp/lcc1882054.o
                                          [ main_menu_init ]
C:\Users\Bau_M\AppData\Local\Temp/lcc1882055.o
                                          [ main_menu_init_stats ]
C:\Users\Bau_M\AppData\Local\Temp/lcc1882056.o
                                          [ main_menu_input ]
C:\Users\Bau_M\AppData\Local\Temp/lcc1882057.o
                                          [ main_menu_update ]
C:\Users\Bau_M\AppData\Local\Temp/lcc1882058.o
                                          [ clean_text ]
C:\Users\Bau_M\AppData\Local\Temp/lcc1882059.o
                                          [ map_collision ]
C:\Users\Bau_M\AppData\Local\Temp/lcc1882060.o
                                          [ map_data ]
C:\Users\Bau_M\AppData\Local\Temp/lcc1882061.o
                                          [ map_player_movement ]
C:\Users\Bau_M\AppData\Local\Temp/lcc1882062.o
                                          [ map_00 ]
C:\Users\Bau_M\AppData\Local\Temp/lcc1882063.o
                                          [ map_00_collision ]
C:\Users\Bau_M\AppData\Local\Temp/lcc1882064.o
                                          [ map_00_init ]
C:\Users\Bau_M\AppData\Local\Temp/lcc1882065.o
                                          [ map_00_init_dialogues ]
C:\Users\Bau_M\AppData\Local\Temp/lcc1882066.o
                                          [ map_00_init_npc ]
C:\Users\Bau_M\AppData\Local\Temp/lcc1882067.o
                                          [ map_00_update ]
C:\Users\Bau_M\AppData\Local\Temp/lcc1882068.o
                                          [ mg_player_movement ]
C:\Users\Bau_M\AppData\Local\Temp/lcc1882069.o
                                          [ mini_games ]
C:\Users\Bau_M\AppData\Local\Temp/lcc1882070.o
                                          [ mg_leaves ]
C:\Users\Bau_M\AppData\Local\Temp/lcc1882071.o
                                          [ mg_leaves_init ]
C:\Users\Bau_M\AppData\Local\Temp/lcc1882072.o
                                          [ mg_leaves_load_bkg ]
C:\Users\Bau_M\AppData\Local\Temp/lcc1882073.o
                                          [ mg_leaves_player_init ]
C:\Users\Bau_M\AppData\Local\Temp/lcc1882074.o
                                          [ mg_leaves_update ]
C:\Users\Bau_M\AppData\Local\Temp/lcc1882075.o
                                          [ main ]


Libraries Linked                          [ object file ]

C:\Program Files\GBDK\lib/gb/gb.lib       [ sfr.o ]
C:\Program Files\GBDK\lib/sm83/sm83.lib   [ div.o ]
C:\Program Files\GBDK\lib/sm83/sm83.lib   [ free.o ]
C:\Program Files\GBDK\lib/sm83/sm83.lib   [ malloc.o ]
C:\Program Files\GBDK\lib/gb/gb.lib       [ set_data.o ]
C:\Program Files\GBDK\lib/gb/gb.lib       [ set_tile.o ]
C:\Program Files\GBDK\lib/sm83/sm83.lib   [ mul.o ]
C:\Program Files\GBDK\lib/gb/gb.lib       [ pad.o ]
C:\Program Files\GBDK\lib/sm83/sm83.lib   [ memcpy.o ]
C:\Program Files\GBDK\lib/sm83/sm83.lib   [ __sdcc_call_hl.o ]
C:\Program Files\GBDK\lib/gb/gb.lib       [ heap.o ]
C:\Program Files\GBDK\lib/gb/gb.lib       [ set_bk_t.o ]
C:\Program Files\GBDK\lib/gb/gb.lib       [ set_xy_t.o ]

ASxxxx Linker V03.00/V05.40 + sdld,  page 162.

User Base Address Definitions

_DATA=0xC0A0
_CODE=0x0200
_HRAM=0xFF80
ASxxxx Linker V03.00/V05.40 + sdld,  page 163.

User Global Definitions

_shadow_OAM=0xC000
.STACK=0xE000

