ASxxxx Linker V03.00/V05.40 + sdld,  page 1.
Hexadecimal  [32-Bits]

Area                       Addr        Size        Decimal Bytes (Attributes)
--------------------       ----        ----        ------- ----- ------------
.  .ABS.               00000000    00000000 =           0. bytes (ABS,CON)

        Value  Global            Value  Global            Value  Global    
        -----  ------            -----  ------            -----  ------    
     00000000  .__.ABS.  |    00000000  _rMBC7_SR |    00000000  _rRAMG   
     00000000  l__BASE   |    00000000  l__BSS    |    00000000  l__CABS  
     00000000  l__CODE_0 |    00000000  l__DABS   |    00000000  l__HEADER
     00000000  l__LIT    |    00000000  s__CABS   |    00000000  s__DABS  
     00000000  s__HEADER |    00000000  s__HEADER |    00000000  s__HEADER
     00000000  s__HEADER |    00000000  s__HEADER |    00000000  s__HEADER
     00000000  s__HEADER |    00000000  s__HEADER |    00000000  s__HEADER
     00000000  s__HEADER |    00000000  s__HEADER |    00000000  s__HEADER
     00000000  s__HEADER |    00000000  s__HEADER |    00000000  s__HEADER
     00000000  s__HEADER |    00000000  s__HEADER |    00000000  s__HEADER
     00000000  s__HEADER |    00000001  l__GSFINA |    00000001  l__HEADER
     00000001  l__HEADER |    00000001  l__HEADER |    00000001  l__HEADER
     00000001  l__HEADER |    00000001  l__HEADER |    00000001  l__HEADER
     00000001  l__HEAP_E |    00000002  l__HEADER |    00000002  l__HEADER
     00000002  l__HEADER |    00000003  l__HEADER |    00000005  l__HEADER
     00000006  l__HEADER |    00000007  l__HEADER |    00000008  l__HEADER
     0000000F  l__GSINIT |    00000013  l__HRAM   |    00000030  l__HEADER
     00000060  l__HEADER |    000000AB  l__HEADER |    0000012C  l__HOME  
     00000200  s__CODE   |    00000401  l__DATA   |    00000697  l__INITIA
     00000697  l__INITIA |    000007FF  l__HEAP   |    00001560  l__CODE_4
     00001B90  l__CODE_1 |    00001F33  l__CODE_2 |    00002000  _rROMB0  
     00002C7F  l__CODE   |    00002E7F  s__HOME   |    00002FAB  s__BASE  
     00002FAB  s__CODE_0 |    00002FAB  s__INITIA |    00002FAB  s__LIT   
     00003000  _rROMB1   |    00003642  s__GSINIT |    00003651  s__GSFINA
     00003B73  l__CODE_3 |    00004000  _rMBC7_SR |    00004000  _rRAMB   
     00008000  __VRAM    |    00008000  __VRAM800 |    00008800  __VRAM880
     00009000  __VRAM900 |    00009800  __SCRN0   |    00009C00  __SCRN1  
     0000A000  __SRAM    |    0000A000  _rMBC7_LA |    0000A010  _rMBC7_LA
     0000A020  _rMBC7_AC |    0000A030  _rMBC7_AC |    0000A040  _rMBC7_AC
     0000A050  _rMBC7_AC |    0000C000  __RAM     |    0000C000  _shadow_O
     0000C0A0  s__DATA   |    0000C4A1  s__BSS    |    0000C4A1  s__INITIA
     0000CB38  s__HEAP   |    0000D000  __RAMBANK |    0000D337  s__HEAP_E
     0000E000  .STACK    |    0000FE00  __OAMRAM  |    0000FF00  _P1_REG  
     0000FF00  __IO      |    0000FF01  _SB_REG   |    0000FF02  _SC_REG  
     0000FF04  _DIV_REG  |    0000FF05  _TIMA_REG |    0000FF06  _TMA_REG 
     0000FF07  _TAC_REG  |    0000FF0F  _IF_REG   |    0000FF10  _NR10_REG
     0000FF11  _NR11_REG |    0000FF12  _NR12_REG |    0000FF13  _NR13_REG
     0000FF14  _NR14_REG |    0000FF16  _NR21_REG |    0000FF17  _NR22_REG
     0000FF18  _NR23_REG |    0000FF19  _NR24_REG |    0000FF1A  _NR30_REG
     0000FF1B  _NR31_REG |    0000FF1C  _NR32_REG |    0000FF1D  _NR33_REG
     0000FF1E  _NR34_REG |    0000FF20  _NR41_REG |    0000FF21  _NR42_REG
     0000FF22  _NR43_REG |    0000FF23  _NR44_REG |    0000FF24  _NR50_REG
     0000FF25  _NR51_REG |    0000FF26  _NR52_REG |    0000FF30  _AUD3WAVE
     0000FF30  _PCM_SAMP |    0000FF30  __AUD3WAV |    0000FF40  _LCDC_REG
     0000FF41  _STAT_REG |    0000FF42  _SCY_REG  |    0000FF43  _SCX_REG 
     0000FF44  _LY_REG   |    0000FF45  _LYC_REG  |    0000FF46  _DMA_REG 
     0000FF47  _BGP_REG  |    0000FF48  _OBP0_REG |    0000FF49  _OBP1_REG
     0000FF4A  _WY_REG   |    0000FF4B  _WX_REG   |    0000FF4D  _KEY1_REG
     0000FF4F  _VBK_REG  |    0000FF51  _HDMA1_RE |    0000FF52  _HDMA2_RE
     0000FF53  _HDMA3_RE |    0000FF54  _HDMA4_RE |    0000FF55  _HDMA5_RE
ASxxxx Linker V03.00/V05.40 + sdld,  page 2.
Hexadecimal  [32-Bits]

Area                       Addr        Size        Decimal Bytes (Attributes)
--------------------       ----        ----        ------- ----- ------------
.  .ABS.               00000000    00000000 =           0. bytes (ABS,CON)

        Value  Global            Value  Global            Value  Global    
        -----  ------            -----  ------            -----  ------    
     0000FF56  _RP_REG   |    0000FF68  _BCPS_REG |    0000FF69  _BCPD_REG
     0000FF6A  _OCPS_REG |    0000FF6B  _OCPD_REG |    0000FF70  _SVBK_REG
     0000FF76  _PCM12_RE |    0000FF77  _PCM34_RE |    0000FF80  __HRAM   
     0000FF80  s__HRAM   |    0000FFFF  _IE_REG   |    00014000  s__CODE_1
     00024000  s__CODE_2 |    00034000  s__CODE_3 |    00044000  s__CODE_4
ASxxxx Linker V03.00/V05.40 + sdld,  page 3.
Hexadecimal  [32-Bits]

Area                       Addr        Size        Decimal Bytes (Attributes)
--------------------       ----        ----        ------- ----- ------------
_CODE                  00000200    00002C7F =       11391. bytes (REL,CON)

        Value  Global            Value  Global            Value  Global    
        -----  ------            -----  ------            -----  ------    
     00000200  _numbers_ |    000002A0  _numbers_ |    000002AA  _init_but
     000002B8  _buttons_ |    000002E8  _buttons_ |    000002EB  _chars_ti
     000004EB  _chars_ti |    0000050A  _InitNPCI |    00000518  _npc_icon
     00000578  _npc_icon |    0000057E  _text_fra |    000006DE  _text_fra
     000006F7  _TextFram |    00000902  _spr_Bran |    00000912  _load_num
     0000092F  _main     |    000009D2  _Mg_Playe |    00000A88  _Mg_Instr
     00000BB5  _Mg_Leave |    00000BD4  _Mg_Leave |    00000BF2  _Mg_SetTi
     00000C2C  _Mg_Timer |    00000C50  _Mg_Timer |    00000C74  _Mg_Timer
     00000C79  _Mg_LoadS |    00000CBD  _Mg_LoadS |    00000D11  _Mg_Splas
     00000D9E  _Mg_Compl |    00000DF7  _Map_Coll |    0000104A  _clean   
     000010B1  _empty_ti |    000010B2  _Map_Play |    00001206  _Map_Auto
     00001217  _MainMenu |    00001237  _MainMenu |    000012A9  _MainMenu
     000012AA  _MainMenu |    000012AB  _MainMenu |    000012D0  _MainMenu
     0000137E  _GenderSe |    00001393  _GenderSe |    000013CD  _GenderSe
     000013CE  _Story_In |    000014D4  _Story_Up |    000015A9  _Story_Cr
     000015BD  _Inventor |    00001665  _Inventor |    000016CE  _Inventor
     000016D7  _Inventor |    000016EB  _my_rand  |    00001718  _Scene_De
     0000172F  _create_e |    00001742  _reset_en |    00001748  _check_co
     000017C0  _inventor |    0000191C  _top_limi |    0000191D  _bottom_l
     0000191E  _left_lim |    0000191F  _right_li |    00001920  _VERTICAL
     00001921  _HORIZONT |    00001922  _init_NPC |    00001935  _Scene_Dr
     00001AA5  _SceneMan |    00001B07  _SceneMan |    00001B16  _SceneMan
     00001BFD  _Intermit |    00001C4B  _render_r |    00001C5D  _draw_act
     00001E0C  _draw_ext |    000020A3  _scene_ma |    0000229D  _move_up 
     000022F3  _move_dow |    00002343  _move_lef |    00002399  _move_rig
     000023EB  _init_arr |    00002490  _initiali |    000024C4  _init_ani
     0000254A  _update_a |    0000258C  _set_anim |    000025B0  _char_to_
     00002642  _add_mone |    00002680  _load_act |    000026E7  _load_ext
     00002743  _reset_ex |    00002749  _reset_re |    0000276A  _create_p
     00002783  _init_pla |    00002A37  _cache_pl |    00002A9E  _free    
     00002BAE  __divsuch |    00002BB4  __modsuch |    00002BBD  __divusch
     00002BC6  __modusch |    00002BD2  __divscha |    00002BD7  __modscha
     00002BDE  __divsint |    00002BE7  __modsint |    00002BF3  __divucha
     00002BF8  __moducha |    00002BFF  __divuint |    00002C08  __moduint
     00002C14  .div8     |    00002C14  .mod8     |    00002C1C  .div16   
     00002C1C  .mod16    |    00002C52  .divu8    |    00002C52  .modu8   
     00002C55  .divu16   |    00002C55  .modu16   |    00002C95  ___sdcc_h
     00002CB7  _malloc   |    00002DC7  _set_vram |    00002DD0  _set_win_
     00002DD9  _set_bkg_ |    00002E08  __mulsuch |    00002E0B  __mulusch
     00002E14  __mulscha |    00002E1C  __mulint  |    00002E3B  __mulucha
     00002E4D  ___memcpy |    00002E4D  _memcpy  
ASxxxx Linker V03.00/V05.40 + sdld,  page 4.
Hexadecimal  [32-Bits]

Area                       Addr        Size        Decimal Bytes (Attributes)
--------------------       ----        ----        ------- ----- ------------
_HEADER0               00000000    00000001 =           1. bytes (ABS,CON)

        Value  Global            Value  Global            Value  Global    
        -----  ------            -----  ------            -----  ------    
     00000020  .call_hl 
ASxxxx Linker V03.00/V05.40 + sdld,  page 5.
Hexadecimal  [32-Bits]

Area                       Addr        Size        Decimal Bytes (Attributes)
--------------------       ----        ----        ------- ----- ------------
_HEADER1               00000000    00000005 =           5. bytes (ABS,CON)

        Value  Global            Value  Global            Value  Global    
        -----  ------            -----  ------            -----  ------    
     00000028  .MemsetSm
ASxxxx Linker V03.00/V05.40 + sdld,  page 6.
Hexadecimal  [32-Bits]

Area                       Addr        Size        Decimal Bytes (Attributes)
--------------------       ----        ----        ------- ----- ------------
_HEADER2               00000000    00000007 =           7. bytes (ABS,CON)

        Value  Global            Value  Global            Value  Global    
        -----  ------            -----  ------            -----  ------    
     00000030  .MemcpySm
ASxxxx Linker V03.00/V05.40 + sdld,  page 7.
Hexadecimal  [32-Bits]

Area                       Addr        Size        Decimal Bytes (Attributes)
--------------------       ----        ----        ------- ----- ------------
_HEADER3               00000000    00000008 =           8. bytes (ABS,CON)

        Value  Global            Value  Global            Value  Global    
        -----  ------            -----  ------            -----  ------    
ASxxxx Linker V03.00/V05.40 + sdld,  page 8.
Hexadecimal  [32-Bits]

Area                       Addr        Size        Decimal Bytes (Attributes)
--------------------       ----        ----        ------- ----- ------------
_HEADER4               00000000    00000060 =          96. bytes (ABS,CON)

        Value  Global            Value  Global            Value  Global    
        -----  ------            -----  ------            -----  ------    
     00000080  .int      |    0000008F  _wait_int |    0000009C  __standar
     000000AB  _refresh_ |    000000CC  _set_inte
ASxxxx Linker V03.00/V05.40 + sdld,  page 9.
Hexadecimal  [32-Bits]

Area                       Addr        Size        Decimal Bytes (Attributes)
--------------------       ----        ----        ------- ----- ------------
_HEADER5               00000000    00000001 =           1. bytes (ABS,CON)

        Value  Global            Value  Global            Value  Global    
        -----  ------            -----  ------            -----  ------    
ASxxxx Linker V03.00/V05.40 + sdld,  page 10.
Hexadecimal  [32-Bits]

Area                       Addr        Size        Decimal Bytes (Attributes)
--------------------       ----        ----        ------- ----- ------------
_HEADER6               00000000    00000002 =           2. bytes (ABS,CON)

        Value  Global            Value  Global            Value  Global    
        -----  ------            -----  ------            -----  ------    
ASxxxx Linker V03.00/V05.40 + sdld,  page 11.
Hexadecimal  [32-Bits]

Area                       Addr        Size        Decimal Bytes (Attributes)
--------------------       ----        ----        ------- ----- ------------
_HEADER7               00000000    00000030 =          48. bytes (ABS,CON)

        Value  Global            Value  Global            Value  Global    
        -----  ------            -----  ------            -----  ------    
ASxxxx Linker V03.00/V05.40 + sdld,  page 12.
Hexadecimal  [32-Bits]

Area                       Addr        Size        Decimal Bytes (Attributes)
--------------------       ----        ----        ------- ----- ------------
_HEADER8               00000000    00000006 =           6. bytes (ABS,CON)

        Value  Global            Value  Global            Value  Global    
        -----  ------            -----  ------            -----  ------    
ASxxxx Linker V03.00/V05.40 + sdld,  page 13.
Hexadecimal  [32-Bits]

Area                       Addr        Size        Decimal Bytes (Attributes)
--------------------       ----        ----        ------- ----- ------------
_HEADER9               00000000    00000003 =           3. bytes (ABS,CON)

        Value  Global            Value  Global            Value  Global    
        -----  ------            -----  ------            -----  ------    
ASxxxx Linker V03.00/V05.40 + sdld,  page 14.
Hexadecimal  [32-Bits]

Area                       Addr        Size        Decimal Bytes (Attributes)
--------------------       ----        ----        ------- ----- ------------
_HEADERa               00000000    00000001 =           1. bytes (ABS,CON)

        Value  Global            Value  Global            Value  Global    
        -----  ------            -----  ------            -----  ------    
ASxxxx Linker V03.00/V05.40 + sdld,  page 15.
Hexadecimal  [32-Bits]

Area                       Addr        Size        Decimal Bytes (Attributes)
--------------------       ----        ----        ------- ----- ------------
_HEADERb               00000000    00000001 =           1. bytes (ABS,CON)

        Value  Global            Value  Global            Value  Global    
        -----  ------            -----  ------            -----  ------    
ASxxxx Linker V03.00/V05.40 + sdld,  page 16.
Hexadecimal  [32-Bits]

Area                       Addr        Size        Decimal Bytes (Attributes)
--------------------       ----        ----        ------- ----- ------------
_HEADERc               00000000    00000001 =           1. bytes (ABS,CON)

        Value  Global            Value  Global            Value  Global    
        -----  ------            -----  ------            -----  ------    
ASxxxx Linker V03.00/V05.40 + sdld,  page 17.
Hexadecimal  [32-Bits]

Area                       Addr        Size        Decimal Bytes (Attributes)
--------------------       ----        ----        ------- ----- ------------
_HEADERd               00000000    00000002 =           2. bytes (ABS,CON)

        Value  Global            Value  Global            Value  Global    
        -----  ------            -----  ------            -----  ------    
ASxxxx Linker V03.00/V05.40 + sdld,  page 18.
Hexadecimal  [32-Bits]

Area                       Addr        Size        Decimal Bytes (Attributes)
--------------------       ----        ----        ------- ----- ------------
_HEADERe               00000000    00000001 =           1. bytes (ABS,CON)

        Value  Global            Value  Global            Value  Global    
        -----  ------            -----  ------            -----  ------    
ASxxxx Linker V03.00/V05.40 + sdld,  page 19.
Hexadecimal  [32-Bits]

Area                       Addr        Size        Decimal Bytes (Attributes)
--------------------       ----        ----        ------- ----- ------------
_HEADERf               00000000    00000001 =           1. bytes (ABS,CON)

        Value  Global            Value  Global            Value  Global    
        -----  ------            -----  ------            -----  ------    
ASxxxx Linker V03.00/V05.40 + sdld,  page 20.
Hexadecimal  [32-Bits]

Area                       Addr        Size        Decimal Bytes (Attributes)
--------------------       ----        ----        ------- ----- ------------
_HEADER10              00000000    00000002 =           2. bytes (ABS,CON)

        Value  Global            Value  Global            Value  Global    
        -----  ------            -----  ------            -----  ------    
ASxxxx Linker V03.00/V05.40 + sdld,  page 21.
Hexadecimal  [32-Bits]

Area                       Addr        Size        Decimal Bytes (Attributes)
--------------------       ----        ----        ------- ----- ------------
_HEADER11              00000000    000000AB =         171. bytes (ABS,CON)

        Value  Global            Value  Global            Value  Global    
        -----  ------            -----  ------            -----  ------    
     00000150  .reset    |    00000150  _reset    |    00000157  .code_sta
     000001B9  _exit     |    000001BD  .wait_vbl |    000001BD  _vsync   
     000001BD  _wait_vbl |    000001CD  .remove_V |    000001CD  _remove_V
     000001D0  .remove_i |    000001ED  .add_VBL  |    000001ED  _add_VBL 
     000001F0  .add_int 
ASxxxx Linker V03.00/V05.40 + sdld,  page 22.
Hexadecimal  [32-Bits]

Area                       Addr        Size        Decimal Bytes (Attributes)
--------------------       ----        ----        ------- ----- ------------
_HOME                  00002E7F    0000012C =         300. bytes (REL,CON)

        Value  Global            Value  Global            Value  Global    
        -----  ------            -----  ------            -----  ------    
     00002E7F  .memset_s |    00002E88  .memcpy_s |    00002EA5  .display_
     00002EA5  _display_ |    00002EBD  _set_tile |    00002EC2  _set_bkg_
     00002EC2  _set_win_ |    00002ECA  _set_spri |    00002EFA  .padup   
     00002EFA  _waitpadu |    00002F0A  .jpad     |    00002F0A  _joypad  
     00002F32  _waitpad  |    00002F33  .wait_pad |    00002F3A  ___sdcc_c
     00002F3B  _set_bkg_ |    00002F4F  .set_xy_w |    00002F58  .set_xy_b
     00002F67  .set_xy_t
ASxxxx Linker V03.00/V05.40 + sdld,  page 23.
Hexadecimal  [32-Bits]

Area                       Addr        Size        Decimal Bytes (Attributes)
--------------------       ----        ----        ------- ----- ------------
_INITIALIZER           00002FAB    00000697 =        1687. bytes (REL,CON)

        Value  Global            Value  Global            Value  Global    
        -----  ------            -----  ------            -----  ------    
ASxxxx Linker V03.00/V05.40 + sdld,  page 24.
Hexadecimal  [32-Bits]

Area                       Addr        Size        Decimal Bytes (Attributes)
--------------------       ----        ----        ------- ----- ------------
_GSINIT                00003642    0000000F =          15. bytes (REL,CON)

        Value  Global            Value  Global            Value  Global    
        -----  ------            -----  ------            -----  ------    
     00003642  gsinit   
ASxxxx Linker V03.00/V05.40 + sdld,  page 25.
Hexadecimal  [32-Bits]

Area                       Addr        Size        Decimal Bytes (Attributes)
--------------------       ----        ----        ------- ----- ------------
_GSFINAL               00003651    00000001 =           1. bytes (REL,CON)

        Value  Global            Value  Global            Value  Global    
        -----  ------            -----  ------            -----  ------    
ASxxxx Linker V03.00/V05.40 + sdld,  page 26.
Hexadecimal  [32-Bits]

Area                       Addr        Size        Decimal Bytes (Attributes)
--------------------       ----        ----        ------- ----- ------------
_DATA                  0000C0A0    00000401 =        1025. bytes (REL,CON)

        Value  Global            Value  Global            Value  Global    
        -----  ------            -----  ------            -----  ------    
     0000C0A0  __cpu     |    0000C0A1  __is_GBA  |    0000C0A2  .mode    
     0000C0A3  .sys_time |    0000C0A3  _sys_time |    0000C0A5  .int_0x40
     0000C0B5  _Mg_Leave |    0000C0BE  _actor_id |    0000C0C3  _actor_x 
     0000C0C8  _actor_y  |    0000C0CD  _fixed_y  |    0000C0D7  _actor_ac
     0000C0DC  _actor_ti |    0000C0E1  _actor_sp |    0000C0EB  _actor_sp
     0000C0F0  _actor_st |    0000C0F5  _mg_leave |    0000C0F8  _availabl
     0000C0FD  _Map_20   |    0000C106  _Map_23   |    0000C10F  _Map_00  
     0000C118  _Map_01   |    0000C121  _Map_33   |    0000C12A  _Map_10  
     0000C133  _Map_21   |    0000C13C  _Map_11   |    0000C145  _Map_12  
     0000C14E  _Map_13   |    0000C157  _Map_32   |    0000C160  _Map_30  
     0000C169  _Map_03   |    0000C172  _Map_22   |    0000C17B  _CurrentM
     0000C191  _Map_02   |    0000C19A  _Map_31   |    0000C1A3  _MainMenu
     0000C1AC  _GenderSe |    0000C1B5  _Story    |    0000C1BE  _story_li
     0000C206  _Inventor |    0000C20F  _CurrentN |    0000C213  _npc_1   
     0000C214  _npc_2    |    0000C215  _option_a |    0000C216  _humor_st
     0000C21F  _relation |    0000C228  _dialogue |    0000C231  _scene_ma
     0000C235  _render   |    0000C24A  _names    |    0000C290  _position
     0000C2BA  _cache    |    0000C2EB  _actual_t |    0000C2EF  _inventor
     0000C2F7  _animatio |    0000C44E  _extra_ac |    0000C48A  _speed   
     0000C498  _player   |    0000C499  _mg_playe |    0000C49A  _player_a
     0000C49E  _player_y |    0000C49F  ___sdcc_h
ASxxxx Linker V03.00/V05.40 + sdld,  page 27.
Hexadecimal  [32-Bits]

Area                       Addr        Size        Decimal Bytes (Attributes)
--------------------       ----        ----        ------- ----- ------------
_INITIALIZED           0000C4A1    00000697 =        1687. bytes (REL,CON)

        Value  Global            Value  Global            Value  Global    
        -----  ------            -----  ------            -----  ------    
     0000C4A1  _spr_Chic |    0000C4E1  _spr_Viej |    0000C4F1  _spr_Viej
     0000C501  _spr_Viej |    0000C511  _spr_Viej |    0000C521  _spr_exam
     0000C531  _spr_exam |    0000C541  _spr_exam |    0000C551  _spr_exam
     0000C561  _spr_Firu |    0000C5A1  _spr_Viej |    0000C5E1  _spr_Viej
     0000C621  _spr_Viej |    0000C661  _spr_Viej |    0000C6A1  _spr_Pend
     0000C6E1  _spr_Mart |    0000C6F1  _spr_Mart |    0000C701  _spr_Mart
     0000C711  _spr_Mart |    0000C721  _spr_Mart |    0000C731  _spr_Mart
     0000C741  _spr_Mart |    0000C751  _spr_Mart |    0000C761  _spr_Mart
     0000C771  _spr_Mart |    0000C781  _spr_Mart |    0000C791  _spr_Mart
     0000C7A1  _spr_Viej |    0000C7E1  _spr_Pige |    0000C7F1  _spr_Inve
     0000C801  _spr_Glas |    0000C811  _spr_Mart |    0000C851  _spr_Mart
     0000C891  _spr_Mart |    0000C8D1  _spr_Mart |    0000C911  _spr_Play
     0000C921  _spr_Play |    0000C931  _spr_Play |    0000C941  _spr_Play
     0000C951  _spr_Play |    0000C961  _spr_Play |    0000C971  _spr_Play
     0000C981  _spr_Play |    0000C991  _spr_Play |    0000C9A1  _spr_Play
     0000C9B1  _spr_Play |    0000C9C1  _spr_Play |    0000C9D1  _spr_Play
     0000C9E1  _spr_Play |    0000C9F1  _spr_Play |    0000CA01  _spr_Play
     0000CA11  _spr_Play |    0000CA21  _spr_Play |    0000CA31  _spr_Play
     0000CA41  _spr_Play |    0000CA51  _spr_Play |    0000CA61  _spr_Play
     0000CA71  _spr_Play |    0000CA81  _spr_Play |    0000CA91  _spr_leaf
     0000CAA1  _spr_leaf |    0000CAB1  _spr_acor |    0000CAC1  _spr_leaf
     0000CAD1  _spr_broo |    0000CAE1  _spr_broo |    0000CAF1  _spr_garb
     0000CB01  _SWEEPING |    0000CB02  _score    |    0000CB03  _score_ca
     0000CB04  _next_spa |    0000CB05  _errors   |    0000CB06  _sweeped 
     0000CB07  _mgt_curr |    0000CB09  _mgt_targ |    0000CB0B  _mgt_runn
     0000CB0C  _mgt_alar |    0000CB0D  _mgl_curr |    0000CB0E  _mgl_targ
     0000CB0F  _mgl_acti |    0000CB10  _mgl_init |    0000CB11  _npc_appe
     0000CB12  _temp_rel |    0000CB13  _auto_cle |    0000CB14  _auto_cle
     0000CB15  _timer    |    0000CB17  _rate     |    0000CB18  _show_tex
     0000CB19  _story_li |    0000CB1A  _story_li |    0000CB1B  _story_li
     0000CB1C  _actual_s |    0000CB1D  _actual_l |    0000CB1E  _ended   
     0000CB1F  _seed     |    0000CB21  _next_ent |    0000CB22  _minigame
     0000CB23  _current_ |    0000CB24  _prev_sce |    0000CB25  _is_trans
     0000CB26  _can_move |    0000CB2A  _current_ |    0000CB2B  _inventor
     0000CB2C  _active_i |    0000CB2D  _selected |    0000CB2E  _closing 
     0000CB2F  _extra_ac |    0000CB30  _money    |    0000CB32  _keys    
     0000CB33  _prev_key |    0000CB34  _vram_nex |    0000CB35  _vram_ext
     0000CB36  _GENDER   |    0000CB37  __map_til
ASxxxx Linker V03.00/V05.40 + sdld,  page 28.
Hexadecimal  [32-Bits]

Area                       Addr        Size        Decimal Bytes (Attributes)
--------------------       ----        ----        ------- ----- ------------
_HEAP                  0000CB38    000007FF =        2047. bytes (REL,CON)

        Value  Global            Value  Global            Value  Global    
        -----  ------            -----  ------            -----  ------    
     0000CB38  ___sdcc_h
ASxxxx Linker V03.00/V05.40 + sdld,  page 29.
Hexadecimal  [32-Bits]

Area                       Addr        Size        Decimal Bytes (Attributes)
--------------------       ----        ----        ------- ----- ------------
_HEAP_END              0000D337    00000001 =           1. bytes (REL,CON)

        Value  Global            Value  Global            Value  Global    
        -----  ------            -----  ------            -----  ------    
     0000D337  ___sdcc_h
ASxxxx Linker V03.00/V05.40 + sdld,  page 30.
Hexadecimal  [32-Bits]

Area                       Addr        Size        Decimal Bytes (Attributes)
--------------------       ----        ----        ------- ----- ------------
_HRAM                  0000FF80    00000013 =          19. bytes (REL,CON)

        Value  Global            Value  Global            Value  Global    
        -----  ------            -----  ------            -----  ------    
     0000FF80  .refresh_ |    0000FF90  __current |    0000FF91  __vbl_don
     0000FF92  __shadow_
ASxxxx Linker V03.00/V05.40 + sdld,  page 31.
Hexadecimal  [32-Bits]

Area                       Addr        Size        Decimal Bytes (Attributes)
--------------------       ----        ----        ------- ----- ------------
_CODE_3                00034000    00003B73 =       15219. bytes (REL,CON)

        Value  Global            Value  Global            Value  Global    
        -----  ------            -----  ------            -----  ------    
     00034000  _map_2_0_ |    000341E0  _map_2_0_ |    00034348  _map_2_3_
     00034528  _map_2_3_ |    00034690  _map_2_1_ |    00034C60  _map_2_1_
     00034DC8  _map_2_2_ |    00035438  _map_2_2_ |    000355A0  _bkg_main
     00035860  _bkg_main |    000359C8  _gender_s |    00035B30  _gender_s
     00035E20  _inventor |    00036160  _inventor |    000362C8  _bkg_leav
     000366E8  _bkg_leav |    00036850  _template |    00036A20  _template
     00036B88  _Map_20_C |    00036BA2  _Map_20_U |    00036BC8  _map_20_c
     00036D30  _Map_20_I |    00036D9E  _Map_23_I |    00036DA7  _dialogue
     00036EEB  _map_23_c |    00037053  _Map_23_U |    00037082  _Map_23_C
     000370A3  _Map_23_C |    000370BD  _Map_23_I |    00037146  _Map_23_I
     0003727A  _Map_21_U |    000372A0  _Map_21_I |    0003730E  _Map_21_C
     0003732C  _map_21_c |    00037494  _map_22_c |    000375FC  _Map_22_C
     00037622  _Map_22_I |    00037745  _Map_22_I |    0003775F  _dialogue
     000378A3  _dialogue |    000379E7  _Map_22_D |    00037A26  _Map_22_C
     00037A51  _Map_22_I |    00037B08  _Map_22_U
ASxxxx Linker V03.00/V05.40 + sdld,  page 32.
Hexadecimal  [32-Bits]

Area                       Addr        Size        Decimal Bytes (Attributes)
--------------------       ----        ----        ------- ----- ------------
_CODE_1                00014000    00001B90 =        7056. bytes (REL,CON)

        Value  Global            Value  Global            Value  Global    
        -----  ------            -----  ------            -----  ------    
     00014000  _map_0_0_ |    000141E0  _map_0_0_ |    00014348  _map_0_1_
     00014528  _map_0_1_ |    00014690  _map_0_3_ |    00014870  _map_0_3_
     000149D8  _map_0_2_ |    00014BB8  _map_0_2_ |    00014D20  _example_
     000151D0  _example_ |    00015338  _map_00_c |    000154A0  _Map_00_C
     000154BA  _Map_00_U |    000154E0  _Map_00_I |    0001554E  _map_01_c
     000156B6  _Map_01_C |    000156D0  _Map_01_U |    000156F6  _Map_01_I
     00015764  _Map_03_C |    0001577E  _Map_03_I |    000157EC  _Map_03_U
     00015812  _map_03_c |    0001597A  _Map_02_C |    00015994  _map_02_c
     00015AFC  _Map_02_U |    00015B22  _Map_02_I
ASxxxx Linker V03.00/V05.40 + sdld,  page 33.
Hexadecimal  [32-Bits]

Area                       Addr        Size        Decimal Bytes (Attributes)
--------------------       ----        ----        ------- ----- ------------
_CODE_4                00044000    00001560 =        5472. bytes (REL,CON)

        Value  Global            Value  Global            Value  Global    
        -----  ------            -----  ------            -----  ------    
     00044000  _map_3_3_ |    000441E0  _map_3_3_ |    00044348  _map_3_2_
     00044528  _map_3_2_ |    00044690  _map_3_0_ |    00044870  _map_3_0_
     000449D8  _map_3_1_ |    00044BB8  _map_3_1_ |    00044D20  _Map_33_U
     00044D46  _map_33_c |    00044EAE  _Map_33_C |    00044EC2  _Map_33_I
     00044F30  _Map_32_U |    00044F56  _map_32_c |    000450BE  _Map_32_I
     0004512C  _Map_32_C |    00045140  _Map_30_C |    00045154  _Map_30_U
     0004517A  _Map_30_I |    000451E8  _map_30_c |    00045350  _Map_31_U
     00045376  _Map_31_C |    0004538A  _map_31_c |    000454F2  _Map_31_I
ASxxxx Linker V03.00/V05.40 + sdld,  page 34.
Hexadecimal  [32-Bits]

Area                       Addr        Size        Decimal Bytes (Attributes)
--------------------       ----        ----        ------- ----- ------------
_CODE_2                00024000    00001F33 =        7987. bytes (REL,CON)

        Value  Global            Value  Global            Value  Global    
        -----  ------            -----  ------            -----  ------    
     00024000  _map_1_0_ |    000241E0  _map_1_0_ |    00024348  _map_1_1_
     00024528  _map_1_1_ |    00024690  _map_1_2_ |    00024870  _map_1_2_
     000249D8  _map_1_3_ |    00024BB8  _map_1_3_ |    00024D20  _Mg_Leave
     00024F96  _Mg_Leave |    00025052  _is_being |    000250CD  _spawn   
     00025188  _check_ac |    00025293  _check_ac |    0002544D  _SetCoins
     00025494  _Mg_Leave |    000256DB  _Map_10_C |    000256F5  _Map_10_U
     0002571B  _Map_10_I |    00025789  _map_10_c |    000258F1  _Map_11_C
     0002590B  _Map_11_I |    00025979  _map_11_c |    00025AE1  _Map_11_U
     00025B07  _Map_12_C |    00025B21  _Map_12_U |    00025B47  _map_12_c
     00025CAF  _Map_12_I |    00025D1D  _Map_13_U |    00025D43  _Map_13_I
     00025DB1  _map_13_c |    00025F19  _Map_13_C
ASxxxx Linker V03.00/V05.40 + sdld,  page 35.

Files Linked                              [ module(s) ]

/usr/share/gbdk-2020//lib/gb/crt0.o       [ Runtime ]
/tmp/lcc174710.o                          [ numbers ]
/tmp/lcc174711.o                          [ buttons ]
/tmp/lcc174712.o                          [ chars ]
/tmp/lcc174713.o                          [ map_2_0 ]
/tmp/lcc174714.o                          [ map_2_3 ]
/tmp/lcc174715.o                          [ map_0_0 ]
/tmp/lcc174716.o                          [ map_0_1 ]
/tmp/lcc174717.o                          [ map_3_3 ]
/tmp/lcc174718.o                          [ map_1_0 ]
/tmp/lcc174719.o                          [ map_2_1 ]
/tmp/lcc1747110.o                         [ map_1_1 ]
/tmp/lcc1747111.o                         [ map_1_2 ]
/tmp/lcc1747112.o                         [ map_1_3 ]
/tmp/lcc1747113.o                         [ map_3_2 ]
/tmp/lcc1747114.o                         [ map_3_0 ]
/tmp/lcc1747115.o                         [ map_0_3 ]
/tmp/lcc1747116.o                         [ map_2_2 ]
/tmp/lcc1747117.o                         [ map_0_2 ]
/tmp/lcc1747118.o                         [ map_3_1 ]
/tmp/lcc1747119.o                         [ bkg_MainMenu ]
/tmp/lcc1747120.o                         [ gender_select_tilemap ]
/tmp/lcc1747121.o                         [ gender_select_tileset ]
/tmp/lcc1747122.o                         [ npc_icons ]
/tmp/lcc1747123.o                         [ inventory_bkg ]
/tmp/lcc1747124.o                         [ bkg_leaves_example ]
/tmp/lcc1747125.o                         [ template_tileset ]
/tmp/lcc1747126.o                         [ map_example ]
/tmp/lcc1747127.o                         [ spr_ChicaLibro0 ]
/tmp/lcc1747128.o                         [ spr_ViejoDiario0 ]
/tmp/lcc1747129.o                         [ example_npc ]
/tmp/lcc1747130.o                         [ spr_Firulais0 ]
/tmp/lcc1747131.o                         [ spr_ViejaEscoba1 ]
/tmp/lcc1747132.o                         [ spr_ViejaEscoba0 ]
/tmp/lcc1747133.o                         [ spr_ViejoSuper1 ]
/tmp/lcc1747134.o                         [ spr_ViejoSuper0 ]
/tmp/lcc1747135.o                         [ spr_PendejoTarea ]
/tmp/lcc1747136.o                         [ martin_npc_0 ]
/tmp/lcc1747137.o                         [ martin_npc_2 ]
/tmp/lcc1747138.o                         [ martin_npc_1 ]
/tmp/lcc1747139.o                         [ spr_ViejaAnteojos0 ]
/tmp/lcc1747140.o                         [ spr_Pigeon0 ]
/tmp/lcc1747141.o                         [ text_frame ]
/tmp/lcc1747142.o                         [ text_frame_init ]
/tmp/lcc1747143.o                         [ spr_InventoryArrow_idle ]
/tmp/lcc1747144.o                         [ spr_Branch ]
/tmp/lcc1747145.o                         [ spr_Glasses ]
/tmp/lcc1747146.o                         [ spr_Martin_down0 ]
/tmp/lcc1747147.o                         [ spr_Player_up2 ]
/tmp/lcc1747148.o                         [ spr_Player_up0 ]
/tmp/lcc1747149.o                         [ spr_Player_up1 ]
/tmp/lcc1747150.o                         [ spr_Player_down2 ]
/tmp/lcc1747151.o                         [ spr_Player_down0 ]
/tmp/lcc1747152.o                         [ spr_Player_down1 ]
/tmp/lcc1747153.o                         [ spr_leaf_a ]
/tmp/lcc1747154.o                         [ spr_leaf_b ]
/tmp/lcc1747155.o                         [ spr_acorn ]
/tmp/lcc1747156.o                         [ leaf ]
/tmp/lcc1747157.o                         [ broom ]
/tmp/lcc1747158.o                         [ spr_garbage ]
/tmp/lcc1747159.o                         [ test_song ]
/tmp/lcc1747160.o                         [ main ]
/tmp/lcc1747161.o                         [ mg_player_movement ]
/tmp/lcc1747162.o                         [ mg_instruction_set ]
/tmp/lcc1747163.o                         [ mg_leaves ]
/tmp/lcc1747164.o                         [ mg_leaves_init ]
/tmp/lcc1747165.o                         [ mg_leaves_player_init ]
/tmp/lcc1747166.o                         [ mg_leaves_update ]
/tmp/lcc1747167.o                         [ mg_leaves_load_bkg ]
/tmp/lcc1747168.o                         [ mini_games ]
/tmp/lcc1747169.o                         [ mg_timer ]
/tmp/lcc1747170.o                         [ mg_load_screen ]
/tmp/lcc1747171.o                         [ mg_mission_complete ]
/tmp/lcc1747172.o                         [ map_20_create ]
/tmp/lcc1747173.o                         [ map_20 ]
/tmp/lcc1747174.o                         [ map_20_update ]
/tmp/lcc1747175.o                         [ map_20_collision ]
/tmp/lcc1747176.o                         [ map_20_init ]
/tmp/lcc1747177.o                         [ map_23 ]
/tmp/lcc1747178.o                         [ map_23_dialogues ]
/tmp/lcc1747179.o                         [ map_23_collision ]
/tmp/lcc1747180.o                         [ map_23_update ]
/tmp/lcc1747181.o                         [ map_23_input ]
/tmp/lcc1747182.o                         [ map_23_create ]
/tmp/lcc1747183.o                         [ map_23_init ]
/tmp/lcc1747184.o                         [ map_23_init_npc ]
/tmp/lcc1747185.o                         [ map_00_collision ]
/tmp/lcc1747186.o                         [ map_00_create ]
/tmp/lcc1747187.o                         [ map_00_update ]
/tmp/lcc1747188.o                         [ map_00 ]
/tmp/lcc1747189.o                         [ map_00_init ]
/tmp/lcc1747190.o                         [ map_collision ]
/tmp/lcc1747191.o                         [ map_01_collision ]
/tmp/lcc1747192.o                         [ map_01_create ]
/tmp/lcc1747193.o                         [ map_01_update ]
/tmp/lcc1747194.o                         [ map_01 ]
/tmp/lcc1747195.o                         [ map_01_init ]
/tmp/lcc1747196.o                         [ map_33_update ]
/tmp/lcc1747197.o                         [ map_33 ]
/tmp/lcc1747198.o                         [ map_33_collision ]
/tmp/lcc1747199.o                         [ map_33_create ]
/tmp/lcc17471100.o                        [ map_33_init ]
/tmp/lcc17471101.o                        [ map_10_create ]
/tmp/lcc17471102.o                        [ map_10_update ]
/tmp/lcc17471103.o                        [ map_10_init ]
/tmp/lcc17471104.o                        [ map_10 ]
/tmp/lcc17471105.o                        [ map_10_collision ]
/tmp/lcc17471106.o                        [ map_21 ]
/tmp/lcc17471107.o                        [ map_21_update ]
/tmp/lcc17471108.o                        [ map_21_init ]
/tmp/lcc17471109.o                        [ map_21_create ]
/tmp/lcc17471110.o                        [ map_21_collision ]
/tmp/lcc17471111.o                        [ map_11_create ]
/tmp/lcc17471112.o                        [ map_11_init ]
/tmp/lcc17471113.o                        [ map_11 ]
/tmp/lcc17471114.o                        [ map_11_collision ]
/tmp/lcc17471115.o                        [ map_11_update ]
/tmp/lcc17471116.o                        [ clean_text ]
/tmp/lcc17471117.o                        [ map_12_create ]
/tmp/lcc17471118.o                        [ map_12_update ]
/tmp/lcc17471119.o                        [ map_12 ]
/tmp/lcc17471120.o                        [ map_12_collision ]
/tmp/lcc17471121.o                        [ map_12_init ]
/tmp/lcc17471122.o                        [ map_13 ]
/tmp/lcc17471123.o                        [ map_13_update ]
/tmp/lcc17471124.o                        [ map_13_init ]
/tmp/lcc17471125.o                        [ map_13_collision ]
/tmp/lcc17471126.o                        [ map_13_create ]
/tmp/lcc17471127.o                        [ map_32_update ]
/tmp/lcc17471128.o                        [ map_32 ]
/tmp/lcc17471129.o                        [ map_32_collision ]
/tmp/lcc17471130.o                        [ map_32_init ]
/tmp/lcc17471131.o                        [ map_32_create ]
/tmp/lcc17471132.o                        [ map_player_movement ]
/tmp/lcc17471133.o                        [ map_30_create ]
/tmp/lcc17471134.o                        [ map_30_update ]
/tmp/lcc17471135.o                        [ map_30_init ]
/tmp/lcc17471136.o                        [ map_30 ]
/tmp/lcc17471137.o                        [ map_30_collision ]
/tmp/lcc17471138.o                        [ map_03_create ]
/tmp/lcc17471139.o                        [ map_03_init ]
/tmp/lcc17471140.o                        [ map_03 ]
/tmp/lcc17471141.o                        [ map_03_update ]
/tmp/lcc17471142.o                        [ map_03_collision ]
/tmp/lcc17471143.o                        [ map_22_collision ]
/tmp/lcc17471144.o                        [ map_22 ]
/tmp/lcc17471145.o                        [ map_22_input ]
/tmp/lcc17471146.o                        [ map_22_init_npc ]
/tmp/lcc17471147.o                        [ map_22_dialogues ]
/tmp/lcc17471148.o                        [ map_22_destroy ]
/tmp/lcc17471149.o                        [ map_22_create ]
/tmp/lcc17471150.o                        [ map_22_init ]
/tmp/lcc17471151.o                        [ map_22_update ]
/tmp/lcc17471152.o                        [ auto_clean ]
/tmp/lcc17471153.o                        [ map_data ]
/tmp/lcc17471154.o                        [ map_02 ]
/tmp/lcc17471155.o                        [ map_02_create ]
/tmp/lcc17471156.o                        [ map_02_collision ]
/tmp/lcc17471157.o                        [ map_02_update ]
/tmp/lcc17471158.o                        [ map_02_init ]
/tmp/lcc17471159.o                        [ map_31_update ]
/tmp/lcc17471160.o                        [ map_31_create ]
/tmp/lcc17471161.o                        [ map_31_collision ]
/tmp/lcc17471162.o                        [ map_31 ]
/tmp/lcc17471163.o                        [ map_31_init ]
/tmp/lcc17471164.o                        [ main_menu ]
/tmp/lcc17471165.o                        [ main_menu_input ]
/tmp/lcc17471166.o                        [ main_menu_destroy ]
/tmp/lcc17471167.o                        [ main_menu_init_stats ]
/tmp/lcc17471168.o                        [ main_menu_init ]
/tmp/lcc17471169.o                        [ main_menu_update ]
/tmp/lcc17471170.o                        [ gender_select ]
/tmp/lcc17471171.o                        [ gender_select_init ]
/tmp/lcc17471172.o                        [ gender_select_update ]
/tmp/lcc17471173.o                        [ story_init ]
/tmp/lcc17471174.o                        [ story_update ]
/tmp/lcc17471175.o                        [ story ]
/tmp/lcc17471176.o                        [ inventory_scene_init ]
/tmp/lcc17471177.o                        [ inventory_scene_update ]
/tmp/lcc17471178.o                        [ inventory_scene ]
/tmp/lcc17471179.o                        [ random ]
/tmp/lcc17471180.o                        [ scene ]
/tmp/lcc17471181.o                        [ entity ]
/tmp/lcc17471182.o                        [ npc_lines ]
/tmp/lcc17471183.o                        [ collision ]
/tmp/lcc17471184.o                        [ inventory_input ]
/tmp/lcc17471185.o                        [ minigames ]
/tmp/lcc17471186.o                        [ all_scenes ]
/tmp/lcc17471187.o                        [ npcs ]
/tmp/lcc17471188.o                        [ scene_manager ]
/tmp/lcc17471189.o                        [ intermitent_text ]
/tmp/lcc17471190.o                        [ can_move ]
/tmp/lcc17471191.o                        [ render ]
/tmp/lcc17471192.o                        [ name ]
/tmp/lcc17471193.o                        [ draw ]
/tmp/lcc17471194.o                        [ map_scenes ]
/tmp/lcc17471195.o                        [ action ]
/tmp/lcc17471196.o                        [ position ]
/tmp/lcc17471197.o                        [ inventory ]
/tmp/lcc17471198.o                        [ animation ]
/tmp/lcc17471199.o                        [ char_to_tile ]
/tmp/lcc17471200.o                        [ extra_actors ]
/tmp/lcc17471201.o                        [ money ]
/tmp/lcc17471202.o                        [ input ]
/tmp/lcc17471203.o                        [ load ]
/tmp/lcc17471204.o                        [ speed ]
/tmp/lcc17471205.o                        [ gender_selection ]
/tmp/lcc17471206.o                        [ player ]


Libraries Linked                          [ object file ]

/usr/share/gbdk-2020//lib/sm83/sm83.lib   [ free.o ]
/usr/share/gbdk-2020//lib/gb/gb.lib       [ sfr.o ]
/usr/share/gbdk-2020//lib/sm83/sm83.lib   [ div.o ]
/usr/share/gbdk-2020//lib/sm83/sm83.lib   [ malloc.o ]
/usr/share/gbdk-2020//lib/gb/gb.lib       [ set_data.o ]
/usr/share/gbdk-2020//lib/gb/gb.lib       [ set_tile.o ]
/usr/share/gbdk-2020//lib/sm83/sm83.lib   [ mul.o ]
/usr/share/gbdk-2020//lib/gb/gb.lib       [ pad.o ]
/usr/share/gbdk-2020//lib/sm83/sm83.lib   [ memcpy.o ]
/usr/share/gbdk-2020//lib/sm83/sm83.lib   [ __sdcc_call_hl.o ]
/usr/share/gbdk-2020//lib/gb/gb.lib       [ heap.o ]
/usr/share/gbdk-2020//lib/gb/gb.lib       [ set_bk_t.o ]
/usr/share/gbdk-2020//lib/gb/gb.lib       [ set_xy_t.o ]

ASxxxx Linker V03.00/V05.40 + sdld,  page 36.

User Base Address Definitions

_DATA=0xC0A0
_CODE=0x0200
_HRAM=0xFF80
ASxxxx Linker V03.00/V05.40 + sdld,  page 37.

User Global Definitions

_shadow_OAM=0xC000
.STACK=0xE000

