ASxxxx Linker V03.00/V05.40 + sdld,  page 1.
Hexadecimal  [32-Bits]

Area                                    Addr        Size        Decimal Bytes (Attributes)
--------------------------------        ----        ----        ------- ----- ------------
.  .ABS.                            00000000    00000000 =           0. bytes (ABS,CON)

      Value  Global                              Global Defined In Module
      -----  --------------------------------   ------------------------
     00000000  .__.ABS.                           SetTileMap
     00000000  _rMBC7_SRAM_ENABLE_1               
     00000000  _rRAMG                             
     00000000  l__BASE                         
     00000000  l__BSS                          
     00000000  l__CABS                         
     00000000  l__CODE_0                       
     00000000  l__DABS                         
     00000000  l__HEADER                       
     00000000  l__LIT                          
     00000000  s__CABS                         
     00000000  s__DABS                         
     00000000  s__HEADER                       
     00000000  s__HEADER0                      
     00000000  s__HEADER1                      
     00000000  s__HEADER10                     
     00000000  s__HEADER11                     
     00000000  s__HEADER2                      
     00000000  s__HEADER3                      
     00000000  s__HEADER4                      
     00000000  s__HEADER5                      
     00000000  s__HEADER6                      
     00000000  s__HEADER7                      
     00000000  s__HEADER8                      
     00000000  s__HEADER9                      
     00000000  s__HEADERa                      
     00000000  s__HEADERb                      
     00000000  s__HEADERc                      
     00000000  s__HEADERd                      
     00000000  s__HEADERe                      
     00000000  s__HEADERf                      
     00000001  l__GSFINAL                      
     00000001  l__HEADER0                      
     00000001  l__HEADER5                      
     00000001  l__HEADERa                      
     00000001  l__HEADERb                      
     00000001  l__HEADERc                      
     00000001  l__HEADERe                      
     00000001  l__HEADERf                      
     00000001  l__HEAP_END                     
     00000002  l__HEADER10                     
     00000002  l__HEADER6                      
     00000002  l__HEADERd                      
     00000003  l__HEADER9                      
     00000005  l__HEADER1                      
     00000006  l__HEADER8                      
     00000007  l__HEADER2                      
     00000008  l__HEADER3                      
     0000000F  l__GSINIT                       
     00000013  l__HRAM                         
ASxxxx Linker V03.00/V05.40 + sdld,  page 2.
Hexadecimal  [32-Bits]

Area                                    Addr        Size        Decimal Bytes (Attributes)
--------------------------------        ----        ----        ------- ----- ------------
.  .ABS.                            00000000    00000000 =           0. bytes (ABS,CON)

      Value  Global                              Global Defined In Module
      -----  --------------------------------   ------------------------
     00000030  l__HEADER7                      
     00000060  l__HEADER4                      
     000000AB  l__HEADER11                     
     0000012C  l__HOME                         
     00000200  s__CODE                         
     00000239  l__INITIALIZED                  
     00000239  l__INITIALIZER                  
     00000319  l__DATA                         
     000007FF  l__HEAP                         
     00000DE1  l__CODE_2                       
     00001220  l__CODE_1                       
     00002000  _rROMB0                            
     00002A48  l__CODE                         
     00002C48  s__HOME                         
     00002D74  s__BASE                         
     00002D74  s__CODE_0                       
     00002D74  s__INITIALIZER                  
     00002D74  s__LIT                          
     00002FAD  s__GSINIT                       
     00002FBC  s__GSFINAL                      
     00003000  _rROMB1                            
     00004000  _rMBC7_SRAM_ENABLE_2               
     00004000  _rRAMB                             
     00008000  __VRAM                             
     00008000  __VRAM8000                         
     00008800  __VRAM8800                         
     00009000  __VRAM9000                         
     00009800  __SCRN0                            
     00009C00  __SCRN1                            
     0000A000  __SRAM                             
     0000A000  _rMBC7_LATCH_1                     
     0000A010  _rMBC7_LATCH_2                     
     0000A020  _rMBC7_ACCEL_X_LO                  
     0000A030  _rMBC7_ACCEL_X_HI                  
     0000A040  _rMBC7_ACCEL_Y_LO                  
     0000A050  _rMBC7_ACCEL_Y_HI                  
     0000C000  __RAM                              
     0000C000  _shadow_OAM                     
     0000C0A0  s__DATA                         
     0000C3B9  s__BSS                          
     0000C3B9  s__INITIALIZED                  
     0000C5F2  s__HEAP                         
     0000CDF1  s__HEAP_END                     
     0000D000  __RAMBANK                          
     0000E000  .STACK                          
     0000FE00  __OAMRAM                           
     0000FF00  _P1_REG                            
     0000FF00  __IO                               
     0000FF01  _SB_REG                            
     0000FF02  _SC_REG                            
     0000FF04  _DIV_REG                           
ASxxxx Linker V03.00/V05.40 + sdld,  page 3.
Hexadecimal  [32-Bits]

Area                                    Addr        Size        Decimal Bytes (Attributes)
--------------------------------        ----        ----        ------- ----- ------------
.  .ABS.                            00000000    00000000 =           0. bytes (ABS,CON)

      Value  Global                              Global Defined In Module
      -----  --------------------------------   ------------------------
     0000FF05  _TIMA_REG                          
     0000FF06  _TMA_REG                           
     0000FF07  _TAC_REG                           
     0000FF0F  _IF_REG                            
     0000FF10  _NR10_REG                          
     0000FF11  _NR11_REG                          
     0000FF12  _NR12_REG                          
     0000FF13  _NR13_REG                          
     0000FF14  _NR14_REG                          
     0000FF16  _NR21_REG                          
     0000FF17  _NR22_REG                          
     0000FF18  _NR23_REG                          
     0000FF19  _NR24_REG                          
     0000FF1A  _NR30_REG                          
     0000FF1B  _NR31_REG                          
     0000FF1C  _NR32_REG                          
     0000FF1D  _NR33_REG                          
     0000FF1E  _NR34_REG                          
     0000FF20  _NR41_REG                          
     0000FF21  _NR42_REG                          
     0000FF22  _NR43_REG                          
     0000FF23  _NR44_REG                          
     0000FF24  _NR50_REG                          
     0000FF25  _NR51_REG                          
     0000FF26  _NR52_REG                          
     0000FF30  _AUD3WAVE                          
     0000FF30  _PCM_SAMPLE                        
     0000FF30  __AUD3WAVERAM                      
     0000FF40  _LCDC_REG                          
     0000FF41  _STAT_REG                          
     0000FF42  _SCY_REG                           
     0000FF43  _SCX_REG                           
     0000FF44  _LY_REG                            
     0000FF45  _LYC_REG                           
     0000FF46  _DMA_REG                           
     0000FF47  _BGP_REG                           
     0000FF48  _OBP0_REG                          
     0000FF49  _OBP1_REG                          
     0000FF4A  _WY_REG                            
     0000FF4B  _WX_REG                            
     0000FF4D  _KEY1_REG                          
     0000FF4F  _VBK_REG                           
     0000FF51  _HDMA1_REG                         
     0000FF52  _HDMA2_REG                         
     0000FF53  _HDMA3_REG                         
     0000FF54  _HDMA4_REG                         
     0000FF55  _HDMA5_REG                         
     0000FF56  _RP_REG                            
     0000FF68  _BCPS_REG                          
     0000FF69  _BCPD_REG                          
     0000FF6A  _OCPS_REG                          
ASxxxx Linker V03.00/V05.40 + sdld,  page 4.
Hexadecimal  [32-Bits]

Area                                    Addr        Size        Decimal Bytes (Attributes)
--------------------------------        ----        ----        ------- ----- ------------
.  .ABS.                            00000000    00000000 =           0. bytes (ABS,CON)

      Value  Global                              Global Defined In Module
      -----  --------------------------------   ------------------------
     0000FF6B  _OCPD_REG                          
     0000FF70  _SVBK_REG                          
     0000FF76  _PCM12_REG                         
     0000FF77  _PCM34_REG                         
     0000FF80  __HRAM                             
     0000FF80  s__HRAM                         
     0000FFFF  _IE_REG                            
     00014000  s__CODE_1                       
     00024000  s__CODE_2                       

ASxxxx Linker V03.00/V05.40 + sdld,  page 5.
Hexadecimal  [32-Bits]

Area                                    Addr        Size        Decimal Bytes (Attributes)
--------------------------------        ----        ----        ------- ----- ------------
_CODE                               00000200    00002A48 =       10824. bytes (REL,CON)

      Value  Global                              Global Defined In Module
      -----  --------------------------------   ------------------------
     00000200  G$chars_tileset$0_0$0              chars
     00000200  _chars_tileset                     chars
     00000400  G$chars_tilemap$0_0$0              chars
     00000400  _chars_tilemap                     chars
     0000041F  G$numbers_tileset$0_0$0            numbers
     0000041F  _numbers_tileset                   numbers
     000004BF  G$numbers_tilemap$0_0$0            numbers
     000004BF  _numbers_tilemap                   numbers
     000004C9  G$gender_select_tilemap$0_0$0      gender_select_tilemap
     000004C9  _gender_select_tilemap             gender_select_tilemap
     00000631  G$gender_select_tileset$0_0$0      gender_select_tileset
     00000631  _gender_select_tileset             gender_select_tileset
     00000921  A$lcc214568$58                     npc_icons
     00000921  C$npc_icons.c$27$0_0$127           npc_icons
     00000921  C$npc_icons.c$28$1_0$127           npc_icons
     00000921  G$InitNPCIcons$0$0                 npc_icons
     00000921  _InitNPCIcons                      npc_icons
     00000924  A$lcc214568$59                     npc_icons
     00000925  A$lcc214568$60                     npc_icons
     00000928  A$lcc214568$61                     npc_icons
     00000929  A$lcc214568$62                     npc_icons
     0000092C  A$lcc214568$63                     npc_icons
     0000092E  A$lcc214568$71                     npc_icons
     0000092E  C$npc_icons.c$29$1_0$127           npc_icons
     0000092E  XG$InitNPCIcons$0$0                npc_icons
     0000092F  G$npc_icons_tileset$0_0$0          npc_icons
     0000092F  _npc_icons_tileset                 npc_icons
     0000098F  G$npc_icons_tilemap$0_0$0          npc_icons
     0000098F  _npc_icons_tilemap                 npc_icons
     00000995  G$spr_Branch$0_0$0                 spr_Branch
     00000995  _spr_Branch                        spr_Branch
     000009A5  A$lcc2145622$59                    action
     000009A5  C$action.c$11$0_0$171              action
     000009A5  G$move_up$0$0                      action
     000009A5  _move_up                           action
     000009A7  A$lcc2145622$60                    action
     000009A9  A$lcc2145622$61                    action
     000009AA  A$lcc2145622$65                    action
     000009AA  C$action.c$13$2_0$172              action
     000009AD  A$lcc2145622$66                    action
     000009AF  A$lcc2145622$70                    action
     000009AF  C$action.c$14$2_0$172              action
     000009B1  A$lcc2145622$74                    action
     000009B1  C$action.c$16$1_0$171              action
     000009B3  A$lcc2145622$75                    action
     000009B4  A$lcc2145622$76                    action
     000009B5  A$lcc2145622$77                    action
     000009B7  A$lcc2145622$78                    action
     000009B8  A$lcc2145622$79                    action
     000009BA  A$lcc2145622$80                    action
ASxxxx Linker V03.00/V05.40 + sdld,  page 6.
Hexadecimal  [32-Bits]

Area                                    Addr        Size        Decimal Bytes (Attributes)
--------------------------------        ----        ----        ------- ----- ------------
_CODE                               00000200    00002A48 =       10824. bytes (REL,CON)

      Value  Global                              Global Defined In Module
      -----  --------------------------------   ------------------------
     000009BC  A$lcc2145622$81                    action
     000009BD  A$lcc2145622$82                    action
     000009BE  A$lcc2145622$83                    action
     000009BF  A$lcc2145622$84                    action
     000009C0  A$lcc2145622$85                    action
     000009C1  A$lcc2145622$86                    action
     000009C2  A$lcc2145622$87                    action
     000009C5  A$lcc2145622$88                    action
     000009C6  A$lcc2145622$89                    action
     000009C7  A$lcc2145622$90                    action
     000009C8  A$lcc2145622$91                    action
     000009C9  A$lcc2145622$92                    action
     000009CB  A$lcc2145622$93                    action
     000009CC  A$lcc2145622$94                    action
     000009CD  A$lcc2145622$95                    action
     000009CE  A$lcc2145622$96                    action
     000009CF  A$lcc2145622$97                    action
     000009D0  A$lcc2145622$98                    action
     000009D1  A$lcc2145622$99                    action
     000009D2  A$lcc2145622$100                   action
     000009D4  A$lcc2145622$101                   action
     000009D5  A$lcc2145622$102                   action
     000009D6  A$lcc2145622$103                   action
     000009D7  A$lcc2145622$104                   action
     000009D8  A$lcc2145622$105                   action
     000009D9  A$lcc2145622$106                   action
     000009DA  A$lcc2145622$107                   action
     000009DB  A$lcc2145622$108                   action
     000009DC  A$lcc2145622$109                   action
     000009DD  A$lcc2145622$110                   action
     000009DE  A$lcc2145622$111                   action
     000009DF  A$lcc2145622$112                   action
     000009E0  A$lcc2145622$113                   action
     000009E1  A$lcc2145622$114                   action
     000009E2  A$lcc2145622$115                   action
     000009E4  A$lcc2145622$116                   action
     000009E5  A$lcc2145622$117                   action
     000009E6  A$lcc2145622$118                   action
     000009E7  A$lcc2145622$119                   action
     000009E8  A$lcc2145622$120                   action
     000009E9  A$lcc2145622$124                   action
     000009E9  C$action.c$17$1_0$171              action
     000009EA  A$lcc2145622$125                   action
     000009EB  A$lcc2145622$126                   action
     000009EE  A$lcc2145622$127                   action
     000009EF  A$lcc2145622$128                   action
     000009F1  A$lcc2145622$129                   action
     000009F2  A$lcc2145622$130                   action
     000009F3  A$lcc2145622$131                   action
     000009F4  A$lcc2145622$132                   action
     000009F6  A$lcc2145622$133                   action
ASxxxx Linker V03.00/V05.40 + sdld,  page 7.
Hexadecimal  [32-Bits]

Area                                    Addr        Size        Decimal Bytes (Attributes)
--------------------------------        ----        ----        ------- ----- ------------
_CODE                               00000200    00002A48 =       10824. bytes (REL,CON)

      Value  Global                              Global Defined In Module
      -----  --------------------------------   ------------------------
     000009F7  A$lcc2145622$134                   action
     000009F8  A$lcc2145622$139                   action
     000009FA  A$lcc2145622$144                   action
     000009FA  C$action.c$18$1_0$171              action
     000009FA  XG$move_up$0$0                     action
     000009FB  A$lcc2145622$154                   action
     000009FB  C$action.c$20$1_0$174              action
     000009FB  G$move_down$0$0                    action
     000009FB  _move_down                         action
     000009FD  A$lcc2145622$155                   action
     000009FF  A$lcc2145622$156                   action
     00000A00  A$lcc2145622$160                   action
     00000A00  C$action.c$22$2_0$175              action
     00000A03  A$lcc2145622$161                   action
     00000A05  A$lcc2145622$165                   action
     00000A05  C$action.c$23$2_0$175              action
     00000A07  A$lcc2145622$169                   action
     00000A07  C$action.c$25$1_0$174              action
     00000A09  A$lcc2145622$170                   action
     00000A0A  A$lcc2145622$171                   action
     00000A0B  A$lcc2145622$172                   action
     00000A0D  A$lcc2145622$173                   action
     00000A0E  A$lcc2145622$174                   action
     00000A10  A$lcc2145622$175                   action
     00000A12  A$lcc2145622$176                   action
     00000A13  A$lcc2145622$177                   action
     00000A14  A$lcc2145622$178                   action
     00000A15  A$lcc2145622$179                   action
     00000A16  A$lcc2145622$180                   action
     00000A17  A$lcc2145622$181                   action
     00000A18  A$lcc2145622$182                   action
     00000A1B  A$lcc2145622$183                   action
     00000A1C  A$lcc2145622$184                   action
     00000A1D  A$lcc2145622$185                   action
     00000A1E  A$lcc2145622$186                   action
     00000A1F  A$lcc2145622$187                   action
     00000A21  A$lcc2145622$188                   action
     00000A22  A$lcc2145622$189                   action
     00000A23  A$lcc2145622$190                   action
     00000A24  A$lcc2145622$191                   action
     00000A25  A$lcc2145622$192                   action
     00000A26  A$lcc2145622$193                   action
     00000A27  A$lcc2145622$194                   action
     00000A28  A$lcc2145622$195                   action
     00000A2A  A$lcc2145622$196                   action
     00000A2B  A$lcc2145622$197                   action
     00000A2C  A$lcc2145622$198                   action
     00000A2D  A$lcc2145622$199                   action
     00000A2E  A$lcc2145622$200                   action
     00000A2F  A$lcc2145622$201                   action
     00000A30  A$lcc2145622$202                   action
ASxxxx Linker V03.00/V05.40 + sdld,  page 8.
Hexadecimal  [32-Bits]

Area                                    Addr        Size        Decimal Bytes (Attributes)
--------------------------------        ----        ----        ------- ----- ------------
_CODE                               00000200    00002A48 =       10824. bytes (REL,CON)

      Value  Global                              Global Defined In Module
      -----  --------------------------------   ------------------------
     00000A31  A$lcc2145622$203                   action
     00000A32  A$lcc2145622$204                   action
     00000A33  A$lcc2145622$205                   action
     00000A34  A$lcc2145622$206                   action
     00000A35  A$lcc2145622$207                   action
     00000A36  A$lcc2145622$208                   action
     00000A37  A$lcc2145622$209                   action
     00000A38  A$lcc2145622$210                   action
     00000A39  A$lcc2145622$211                   action
     00000A3A  A$lcc2145622$212                   action
     00000A3B  A$lcc2145622$216                   action
     00000A3B  C$action.c$26$1_0$174              action
     00000A3E  A$lcc2145622$217                   action
     00000A40  A$lcc2145622$218                   action
     00000A41  A$lcc2145622$219                   action
     00000A43  A$lcc2145622$220                   action
     00000A44  A$lcc2145622$221                   action
     00000A45  A$lcc2145622$222                   action
     00000A46  A$lcc2145622$223                   action
     00000A47  A$lcc2145622$224                   action
     00000A48  A$lcc2145622$229                   action
     00000A4A  A$lcc2145622$234                   action
     00000A4A  C$action.c$27$1_0$174              action
     00000A4A  XG$move_down$0$0                   action
     00000A4B  A$lcc2145622$244                   action
     00000A4B  C$action.c$29$1_0$177              action
     00000A4B  G$move_left$0$0                    action
     00000A4B  _move_left                         action
     00000A4D  A$lcc2145622$245                   action
     00000A4F  A$lcc2145622$246                   action
     00000A50  A$lcc2145622$250                   action
     00000A50  C$action.c$31$2_0$178              action
     00000A53  A$lcc2145622$251                   action
     00000A55  A$lcc2145622$255                   action
     00000A55  C$action.c$32$2_0$178              action
     00000A57  A$lcc2145622$259                   action
     00000A57  C$action.c$34$1_0$177              action
     00000A59  A$lcc2145622$260                   action
     00000A5A  A$lcc2145622$261                   action
     00000A5B  A$lcc2145622$262                   action
     00000A5D  A$lcc2145622$263                   action
     00000A5E  A$lcc2145622$264                   action
     00000A60  A$lcc2145622$265                   action
     00000A62  A$lcc2145622$266                   action
     00000A63  A$lcc2145622$267                   action
     00000A64  A$lcc2145622$268                   action
     00000A65  A$lcc2145622$269                   action
     00000A66  A$lcc2145622$270                   action
     00000A67  A$lcc2145622$271                   action
     00000A68  A$lcc2145622$272                   action
     00000A6B  A$lcc2145622$273                   action
ASxxxx Linker V03.00/V05.40 + sdld,  page 9.
Hexadecimal  [32-Bits]

Area                                    Addr        Size        Decimal Bytes (Attributes)
--------------------------------        ----        ----        ------- ----- ------------
_CODE                               00000200    00002A48 =       10824. bytes (REL,CON)

      Value  Global                              Global Defined In Module
      -----  --------------------------------   ------------------------
     00000A6C  A$lcc2145622$274                   action
     00000A6D  A$lcc2145622$275                   action
     00000A6E  A$lcc2145622$276                   action
     00000A6F  A$lcc2145622$277                   action
     00000A71  A$lcc2145622$278                   action
     00000A72  A$lcc2145622$279                   action
     00000A73  A$lcc2145622$280                   action
     00000A74  A$lcc2145622$281                   action
     00000A75  A$lcc2145622$282                   action
     00000A76  A$lcc2145622$283                   action
     00000A77  A$lcc2145622$284                   action
     00000A78  A$lcc2145622$285                   action
     00000A7A  A$lcc2145622$286                   action
     00000A7B  A$lcc2145622$287                   action
     00000A7C  A$lcc2145622$288                   action
     00000A7D  A$lcc2145622$289                   action
     00000A7E  A$lcc2145622$290                   action
     00000A7F  A$lcc2145622$291                   action
     00000A80  A$lcc2145622$292                   action
     00000A81  A$lcc2145622$293                   action
     00000A82  A$lcc2145622$294                   action
     00000A83  A$lcc2145622$295                   action
     00000A84  A$lcc2145622$296                   action
     00000A85  A$lcc2145622$297                   action
     00000A86  A$lcc2145622$298                   action
     00000A87  A$lcc2145622$299                   action
     00000A88  A$lcc2145622$300                   action
     00000A8A  A$lcc2145622$301                   action
     00000A8B  A$lcc2145622$302                   action
     00000A8C  A$lcc2145622$303                   action
     00000A8D  A$lcc2145622$304                   action
     00000A8E  A$lcc2145622$305                   action
     00000A8F  A$lcc2145622$309                   action
     00000A8F  C$action.c$35$1_0$177              action
     00000A90  A$lcc2145622$310                   action
     00000A91  A$lcc2145622$311                   action
     00000A94  A$lcc2145622$312                   action
     00000A95  A$lcc2145622$313                   action
     00000A97  A$lcc2145622$314                   action
     00000A98  A$lcc2145622$315                   action
     00000A99  A$lcc2145622$316                   action
     00000A9A  A$lcc2145622$317                   action
     00000A9C  A$lcc2145622$318                   action
     00000A9D  A$lcc2145622$319                   action
     00000A9E  A$lcc2145622$324                   action
     00000AA0  A$lcc2145622$329                   action
     00000AA0  C$action.c$36$1_0$177              action
     00000AA0  XG$move_left$0$0                   action
     00000AA1  A$lcc2145622$339                   action
     00000AA1  C$action.c$38$1_0$180              action
     00000AA1  G$move_right$0$0                   action
ASxxxx Linker V03.00/V05.40 + sdld,  page 10.
Hexadecimal  [32-Bits]

Area                                    Addr        Size        Decimal Bytes (Attributes)
--------------------------------        ----        ----        ------- ----- ------------
_CODE                               00000200    00002A48 =       10824. bytes (REL,CON)

      Value  Global                              Global Defined In Module
      -----  --------------------------------   ------------------------
     00000AA1  _move_right                        action
     00000AA3  A$lcc2145622$340                   action
     00000AA5  A$lcc2145622$341                   action
     00000AA6  A$lcc2145622$345                   action
     00000AA6  C$action.c$40$2_0$181              action
     00000AA9  A$lcc2145622$346                   action
     00000AAB  A$lcc2145622$350                   action
     00000AAB  C$action.c$41$2_0$181              action
     00000AAD  A$lcc2145622$354                   action
     00000AAD  C$action.c$43$1_0$180              action
     00000AAF  A$lcc2145622$355                   action
     00000AB0  A$lcc2145622$356                   action
     00000AB1  A$lcc2145622$357                   action
     00000AB3  A$lcc2145622$358                   action
     00000AB4  A$lcc2145622$359                   action
     00000AB6  A$lcc2145622$360                   action
     00000AB8  A$lcc2145622$361                   action
     00000AB9  A$lcc2145622$362                   action
     00000ABA  A$lcc2145622$363                   action
     00000ABB  A$lcc2145622$364                   action
     00000ABC  A$lcc2145622$365                   action
     00000ABD  A$lcc2145622$366                   action
     00000ABE  A$lcc2145622$367                   action
     00000AC1  A$lcc2145622$368                   action
     00000AC2  A$lcc2145622$369                   action
     00000AC3  A$lcc2145622$370                   action
     00000AC4  A$lcc2145622$371                   action
     00000AC5  A$lcc2145622$372                   action
     00000AC7  A$lcc2145622$373                   action
     00000AC8  A$lcc2145622$374                   action
     00000AC9  A$lcc2145622$375                   action
     00000ACA  A$lcc2145622$376                   action
     00000ACB  A$lcc2145622$377                   action
     00000ACC  A$lcc2145622$378                   action
     00000ACD  A$lcc2145622$379                   action
     00000ACE  A$lcc2145622$380                   action
     00000AD0  A$lcc2145622$381                   action
     00000AD1  A$lcc2145622$382                   action
     00000AD2  A$lcc2145622$383                   action
     00000AD3  A$lcc2145622$384                   action
     00000AD4  A$lcc2145622$385                   action
     00000AD5  A$lcc2145622$386                   action
     00000AD6  A$lcc2145622$387                   action
     00000AD7  A$lcc2145622$388                   action
     00000AD8  A$lcc2145622$389                   action
     00000AD9  A$lcc2145622$390                   action
     00000ADA  A$lcc2145622$391                   action
     00000ADB  A$lcc2145622$392                   action
     00000ADC  A$lcc2145622$393                   action
     00000ADD  A$lcc2145622$394                   action
     00000ADE  A$lcc2145622$395                   action
ASxxxx Linker V03.00/V05.40 + sdld,  page 11.
Hexadecimal  [32-Bits]

Area                                    Addr        Size        Decimal Bytes (Attributes)
--------------------------------        ----        ----        ------- ----- ------------
_CODE                               00000200    00002A48 =       10824. bytes (REL,CON)

      Value  Global                              Global Defined In Module
      -----  --------------------------------   ------------------------
     00000ADF  A$lcc2145622$396                   action
     00000AE0  A$lcc2145622$397                   action
     00000AE1  A$lcc2145622$401                   action
     00000AE1  C$action.c$44$1_0$180              action
     00000AE2  A$lcc2145622$402                   action
     00000AE5  A$lcc2145622$403                   action
     00000AE7  A$lcc2145622$404                   action
     00000AE8  A$lcc2145622$405                   action
     00000AEA  A$lcc2145622$406                   action
     00000AEB  A$lcc2145622$407                   action
     00000AEC  A$lcc2145622$408                   action
     00000AED  A$lcc2145622$409                   action
     00000AEE  A$lcc2145622$410                   action
     00000AEF  A$lcc2145622$411                   action
     00000AF0  A$lcc2145622$416                   action
     00000AF2  A$lcc2145622$421                   action
     00000AF2  C$action.c$45$1_0$180              action
     00000AF2  XG$move_right$0$0                  action
     00000AF3  A$lcc2145623$59                    animation
     00000AF3  C$animation.c$7$0_0$137            animation
     00000AF3  G$init_animation$0$0               animation
     00000AF3  _init_animation                    animation
     00000AF5  A$lcc2145623$60                    animation
     00000AF7  A$lcc2145623$61                    animation
     00000AF8  A$lcc2145623$62                    animation
     00000AF9  A$lcc2145623$63                    animation
     00000AFA  A$lcc2145623$64                    animation
     00000AFB  A$lcc2145623$65                    animation
     00000AFC  A$lcc2145623$69                    animation
     00000AFC  C$animation.c$12$1_0$137           animation
     00000AFE  A$lcc2145623$70                    animation
     00000AFF  A$lcc2145623$71                    animation
     00000B00  A$lcc2145623$72                    animation
     00000B01  A$lcc2145623$73                    animation
     00000B02  A$lcc2145623$74                    animation
     00000B03  A$lcc2145623$75                    animation
     00000B04  A$lcc2145623$76                    animation
     00000B06  A$lcc2145623$77                    animation
     00000B08  A$lcc2145623$78                    animation
     00000B09  A$lcc2145623$79                    animation
     00000B0A  A$lcc2145623$80                    animation
     00000B0B  A$lcc2145623$81                    animation
     00000B0C  A$lcc2145623$82                    animation
     00000B0D  A$lcc2145623$83                    animation
     00000B0E  A$lcc2145623$87                    animation
     00000B0E  C$animation.c$14$1_0$137           animation
     00000B0F  A$lcc2145623$88                    animation
     00000B10  A$lcc2145623$89                    animation
     00000B11  A$lcc2145623$90                    animation
     00000B13  A$lcc2145623$91                    animation
     00000B14  A$lcc2145623$92                    animation
ASxxxx Linker V03.00/V05.40 + sdld,  page 12.
Hexadecimal  [32-Bits]

Area                                    Addr        Size        Decimal Bytes (Attributes)
--------------------------------        ----        ----        ------- ----- ------------
_CODE                               00000200    00002A48 =       10824. bytes (REL,CON)

      Value  Global                              Global Defined In Module
      -----  --------------------------------   ------------------------
     00000B15  A$lcc2145623$96                    animation
     00000B15  C$animation.c$15$1_0$137           animation
     00000B16  A$lcc2145623$97                    animation
     00000B17  A$lcc2145623$98                    animation
     00000B18  A$lcc2145623$99                    animation
     00000B19  A$lcc2145623$100                   animation
     00000B1A  A$lcc2145623$101                   animation
     00000B1B  A$lcc2145623$102                   animation
     00000B1D  A$lcc2145623$103                   animation
     00000B1E  A$lcc2145623$104                   animation
     00000B1F  A$lcc2145623$105                   animation
     00000B20  A$lcc2145623$109                   animation
     00000B20  C$animation.c$16$1_0$137           animation
     00000B23  A$lcc2145623$110                   animation
     00000B24  A$lcc2145623$111                   animation
     00000B26  A$lcc2145623$115                   animation
     00000B26  C$animation.c$17$1_0$137           animation
     00000B27  A$lcc2145623$116                   animation
     00000B28  A$lcc2145623$117                   animation
     00000B29  A$lcc2145623$118                   animation
     00000B2A  A$lcc2145623$119                   animation
     00000B2C  A$lcc2145623$123                   animation
     00000B2C  C$animation.c$18$1_0$137           animation
     00000B2F  A$lcc2145623$124                   animation
     00000B30  A$lcc2145623$125                   animation
     00000B31  A$lcc2145623$126                   animation
     00000B33  A$lcc2145623$127                   animation
     00000B34  A$lcc2145623$128                   animation
     00000B35  A$lcc2145623$129                   animation
     00000B36  A$lcc2145623$133                   animation
     00000B36  C$animation.c$21$1_0$137           animation
     00000B37  A$lcc2145623$134                   animation
     00000B38  A$lcc2145623$135                   animation
     00000B39  A$lcc2145623$136                   animation
     00000B3A  A$lcc2145623$137                   animation
     00000B3C  A$lcc2145623$138                   animation
     00000B3D  A$lcc2145623$139                   animation
     00000B3E  A$lcc2145623$140                   animation
     00000B3F  A$lcc2145623$141                   animation
     00000B40  A$lcc2145623$142                   animation
     00000B43  A$lcc2145623$143                   animation
     00000B44  A$lcc2145623$144                   animation
     00000B45  A$lcc2145623$145                   animation
     00000B46  A$lcc2145623$146                   animation
     00000B48  A$lcc2145623$147                   animation
     00000B49  A$lcc2145623$148                   animation
     00000B4A  A$lcc2145623$149                   animation
     00000B4B  A$lcc2145623$150                   animation
     00000B4D  A$lcc2145623$151                   animation
     00000B4E  A$lcc2145623$152                   animation
     00000B51  A$lcc2145623$153                   animation
ASxxxx Linker V03.00/V05.40 + sdld,  page 13.
Hexadecimal  [32-Bits]

Area                                    Addr        Size        Decimal Bytes (Attributes)
--------------------------------        ----        ----        ------- ----- ------------
_CODE                               00000200    00002A48 =       10824. bytes (REL,CON)

      Value  Global                              Global Defined In Module
      -----  --------------------------------   ------------------------
     00000B52  A$lcc2145623$154                   animation
     00000B53  A$lcc2145623$155                   animation
     00000B54  A$lcc2145623$156                   animation
     00000B55  A$lcc2145623$160                   animation
     00000B55  C$animation.c$24$2_0$137           animation
     00000B57  A$lcc2145623$162                   animation
     00000B58  A$lcc2145623$163                   animation
     00000B59  A$lcc2145623$164                   animation
     00000B5A  A$lcc2145623$165                   animation
     00000B5B  A$lcc2145623$166                   animation
     00000B5D  A$lcc2145623$167                   animation
     00000B5E  A$lcc2145623$168                   animation
     00000B60  A$lcc2145623$173                   animation
     00000B60  C$animation.c$32$2_0$140           animation
     00000B62  A$lcc2145623$174                   animation
     00000B63  A$lcc2145623$175                   animation
     00000B64  A$lcc2145623$176                   animation
     00000B65  A$lcc2145623$177                   animation
     00000B68  A$lcc2145623$178                   animation
     00000B69  A$lcc2145623$179                   animation
     00000B6A  A$lcc2145623$180                   animation
     00000B6B  A$lcc2145623$181                   animation
     00000B6C  A$lcc2145623$182                   animation
     00000B6D  A$lcc2145623$183                   animation
     00000B6F  A$lcc2145623$187                   animation
     00000B6F  C$animation.c$33$2_0$140           animation
     00000B71  A$lcc2145623$188                   animation
     00000B72  A$lcc2145623$189                   animation
     00000B73  A$lcc2145623$194                   animation
     00000B73  C$animation.c$34$2_0$137           animation
     00000B75  A$lcc2145623$195                   animation
     00000B76  A$lcc2145623$196                   animation
     00000B78  A$lcc2145623$197                   animation
     00000B79  A$lcc2145623$207                   animation
     00000B79  C$animation.c$36$2_0$142           animation
     00000B79  G$update_animation$0$0             animation
     00000B79  _update_animation                  animation
     00000B7A  A$lcc2145623$208                   animation
     00000B7B  A$lcc2145623$209                   animation
     00000B7C  A$lcc2145623$210                   animation
     00000B7D  A$lcc2145623$214                   animation
     00000B7D  C$animation.c$38$1_0$142           animation
     00000B80  A$lcc2145623$215                   animation
     00000B81  A$lcc2145623$216                   animation
     00000B82  A$lcc2145623$217                   animation
     00000B83  A$lcc2145623$218                   animation
     00000B84  A$lcc2145623$219                   animation
     00000B85  A$lcc2145623$220                   animation
     00000B86  A$lcc2145623$221                   animation
     00000B87  A$lcc2145623$222                   animation
     00000B88  A$lcc2145623$223                   animation
ASxxxx Linker V03.00/V05.40 + sdld,  page 14.
Hexadecimal  [32-Bits]

Area                                    Addr        Size        Decimal Bytes (Attributes)
--------------------------------        ----        ----        ------- ----- ------------
_CODE                               00000200    00002A48 =       10824. bytes (REL,CON)

      Value  Global                              Global Defined In Module
      -----  --------------------------------   ------------------------
     00000B8A  A$lcc2145623$224                   animation
     00000B8B  A$lcc2145623$225                   animation
     00000B8C  A$lcc2145623$229                   animation
     00000B8C  C$animation.c$40$1_0$142           animation
     00000B8F  A$lcc2145623$230                   animation
     00000B90  A$lcc2145623$231                   animation
     00000B91  A$lcc2145623$232                   animation
     00000B92  A$lcc2145623$233                   animation
     00000B93  A$lcc2145623$234                   animation
     00000B94  A$lcc2145623$235                   animation
     00000B96  A$lcc2145623$236                   animation
     00000B97  A$lcc2145623$237                   animation
     00000B98  A$lcc2145623$241                   animation
     00000B98  C$animation.c$41$2_0$143           animation
     00000B99  A$lcc2145623$242                   animation
     00000B9A  A$lcc2145623$243                   animation
     00000B9B  A$lcc2145623$244                   animation
     00000B9C  A$lcc2145623$245                   animation
     00000B9D  A$lcc2145623$246                   animation
     00000B9E  A$lcc2145623$247                   animation
     00000BA0  A$lcc2145623$248                   animation
     00000BA1  A$lcc2145623$249                   animation
     00000BA3  A$lcc2145623$250                   animation
     00000BA4  A$lcc2145623$251                   animation
     00000BA5  A$lcc2145623$252                   animation
     00000BA7  A$lcc2145623$256                   animation
     00000BA7  C$animation.c$43$3_0$144           animation
     00000BA8  A$lcc2145623$257                   animation
     00000BA9  A$lcc2145623$261                   animation
     00000BA9  C$animation.c$44$3_0$144           animation
     00000BAA  A$lcc2145623$262                   animation
     00000BAB  A$lcc2145623$263                   animation
     00000BAC  A$lcc2145623$264                   animation
     00000BAD  A$lcc2145623$265                   animation
     00000BAE  A$lcc2145623$266                   animation
     00000BAF  A$lcc2145623$270                   animation
     00000BAF  C$animation.c$45$4_0$145           animation
     00000BB0  A$lcc2145623$271                   animation
     00000BB1  A$lcc2145623$272                   animation
     00000BB2  A$lcc2145623$273                   animation
     00000BB3  A$lcc2145623$274                   animation
     00000BB4  A$lcc2145623$275                   animation
     00000BB6  A$lcc2145623$279                   animation
     00000BB6  C$animation.c$46$4_0$145           animation
     00000BB8  A$lcc2145623$284                   animation
     00000BB9  A$lcc2145623$285                   animation
     00000BBA  A$lcc2145623$290                   animation
     00000BBA  C$animation.c$48$2_0$142           animation
     00000BBA  XG$update_animation$0$0            animation
     00000BBB  A$lcc2145623$300                   animation
     00000BBB  C$animation.c$50$2_0$147           animation
ASxxxx Linker V03.00/V05.40 + sdld,  page 15.
Hexadecimal  [32-Bits]

Area                                    Addr        Size        Decimal Bytes (Attributes)
--------------------------------        ----        ----        ------- ----- ------------
_CODE                               00000200    00002A48 =       10824. bytes (REL,CON)

      Value  Global                              Global Defined In Module
      -----  --------------------------------   ------------------------
     00000BBB  G$set_animation$0$0                animation
     00000BBB  _set_animation                     animation
     00000BBC  A$lcc2145623$301                   animation
     00000BBD  A$lcc2145623$302                   animation
     00000BBE  A$lcc2145623$306                   animation
     00000BBE  C$animation.c$52$2_0$148           animation
     00000BBF  A$lcc2145623$307                   animation
     00000BC1  A$lcc2145623$308                   animation
     00000BC2  A$lcc2145623$309                   animation
     00000BC3  A$lcc2145623$310                   animation
     00000BC5  A$lcc2145623$311                   animation
     00000BC6  A$lcc2145623$312                   animation
     00000BC7  A$lcc2145623$313                   animation
     00000BC8  A$lcc2145623$314                   animation
     00000BC9  A$lcc2145623$321                   animation
     00000BC9  C$animation.c$53$2_0$148           animation
     00000BC9  C$animation.c$55$1_0$147           animation
     00000BCA  A$lcc2145623$322                   animation
     00000BCB  A$lcc2145623$326                   animation
     00000BCB  C$animation.c$56$1_1$149           animation
     00000BCC  A$lcc2145623$327                   animation
     00000BCD  A$lcc2145623$328                   animation
     00000BCE  A$lcc2145623$329                   animation
     00000BCF  A$lcc2145623$330                   animation
     00000BD1  A$lcc2145623$331                   animation
     00000BD2  A$lcc2145623$335                   animation
     00000BD2  C$animation.c$57$1_1$149           animation
     00000BD3  A$lcc2145623$336                   animation
     00000BD4  A$lcc2145623$337                   animation
     00000BD5  A$lcc2145623$338                   animation
     00000BD6  A$lcc2145623$339                   animation
     00000BD7  A$lcc2145623$340                   animation
     00000BD8  A$lcc2145623$344                   animation
     00000BD8  C$animation.c$58$1_1$149           animation
     00000BDB  A$lcc2145623$345                   animation
     00000BDC  A$lcc2145623$346                   animation
     00000BDE  A$lcc2145623$354                   animation
     00000BDE  C$animation.c$59$1_1$147           animation
     00000BDE  XG$set_animation$0$0               animation
     00000BDF  A$lcc2145625$52                    char_to_tile
     00000BDF  C$char_to_tile.c$3$0_0$3           char_to_tile
     00000BDF  G$char_to_tile$0$0                 char_to_tile
     00000BDF  _char_to_tile                      char_to_tile
     00000BE1  A$lcc2145625$53                    char_to_tile
     00000BE3  A$lcc2145625$54                    char_to_tile
     00000BE4  A$lcc2145625$58                    char_to_tile
     00000BE4  C$char_to_tile.c$4$2_0$3           char_to_tile
     00000BE6  A$lcc2145625$59                    char_to_tile
     00000BE8  A$lcc2145625$60                    char_to_tile
     00000BE9  A$lcc2145625$61                    char_to_tile
     00000BEB  A$lcc2145625$62                    char_to_tile
ASxxxx Linker V03.00/V05.40 + sdld,  page 16.
Hexadecimal  [32-Bits]

Area                                    Addr        Size        Decimal Bytes (Attributes)
--------------------------------        ----        ----        ------- ----- ------------
_CODE                               00000200    00002A48 =       10824. bytes (REL,CON)

      Value  Global                              Global Defined In Module
      -----  --------------------------------   ------------------------
     00000BEC  A$lcc2145625$63                    char_to_tile
     00000BEE  A$lcc2145625$64                    char_to_tile
     00000BEF  A$lcc2145625$65                    char_to_tile
     00000BF1  A$lcc2145625$66                    char_to_tile
     00000BF2  A$lcc2145625$67                    char_to_tile
     00000BF4  A$lcc2145625$68                    char_to_tile
     00000BF5  A$lcc2145625$69                    char_to_tile
     00000BF7  A$lcc2145625$70                    char_to_tile
     00000BF8  A$lcc2145625$71                    char_to_tile
     00000BFA  A$lcc2145625$72                    char_to_tile
     00000BFB  A$lcc2145625$73                    char_to_tile
     00000BFD  A$lcc2145625$74                    char_to_tile
     00000BFE  A$lcc2145625$75                    char_to_tile
     00000C00  A$lcc2145625$76                    char_to_tile
     00000C01  A$lcc2145625$77                    char_to_tile
     00000C03  A$lcc2145625$78                    char_to_tile
     00000C04  A$lcc2145625$79                    char_to_tile
     00000C06  A$lcc2145625$80                    char_to_tile
     00000C07  A$lcc2145625$81                    char_to_tile
     00000C09  A$lcc2145625$82                    char_to_tile
     00000C0A  A$lcc2145625$83                    char_to_tile
     00000C0C  A$lcc2145625$84                    char_to_tile
     00000C0D  A$lcc2145625$85                    char_to_tile
     00000C0F  A$lcc2145625$86                    char_to_tile
     00000C10  A$lcc2145625$87                    char_to_tile
     00000C12  A$lcc2145625$88                    char_to_tile
     00000C13  A$lcc2145625$89                    char_to_tile
     00000C15  A$lcc2145625$90                    char_to_tile
     00000C16  A$lcc2145625$91                    char_to_tile
     00000C18  A$lcc2145625$92                    char_to_tile
     00000C19  A$lcc2145625$93                    char_to_tile
     00000C1B  A$lcc2145625$94                    char_to_tile
     00000C1C  A$lcc2145625$95                    char_to_tile
     00000C1E  A$lcc2145625$96                    char_to_tile
     00000C1F  A$lcc2145625$97                    char_to_tile
     00000C21  A$lcc2145625$98                    char_to_tile
     00000C22  A$lcc2145625$99                    char_to_tile
     00000C24  A$lcc2145625$100                   char_to_tile
     00000C25  A$lcc2145625$101                   char_to_tile
     00000C27  A$lcc2145625$102                   char_to_tile
     00000C28  A$lcc2145625$103                   char_to_tile
     00000C2A  A$lcc2145625$104                   char_to_tile
     00000C2B  A$lcc2145625$105                   char_to_tile
     00000C2D  A$lcc2145625$106                   char_to_tile
     00000C2E  A$lcc2145625$107                   char_to_tile
     00000C30  A$lcc2145625$108                   char_to_tile
     00000C31  A$lcc2145625$109                   char_to_tile
     00000C33  A$lcc2145625$110                   char_to_tile
     00000C34  A$lcc2145625$111                   char_to_tile
     00000C36  A$lcc2145625$112                   char_to_tile
     00000C37  A$lcc2145625$113                   char_to_tile
ASxxxx Linker V03.00/V05.40 + sdld,  page 17.
Hexadecimal  [32-Bits]

Area                                    Addr        Size        Decimal Bytes (Attributes)
--------------------------------        ----        ----        ------- ----- ------------
_CODE                               00000200    00002A48 =       10824. bytes (REL,CON)

      Value  Global                              Global Defined In Module
      -----  --------------------------------   ------------------------
     00000C39  A$lcc2145625$114                   char_to_tile
     00000C3A  A$lcc2145625$115                   char_to_tile
     00000C3C  A$lcc2145625$116                   char_to_tile
     00000C3D  A$lcc2145625$117                   char_to_tile
     00000C3F  A$lcc2145625$118                   char_to_tile
     00000C40  A$lcc2145625$119                   char_to_tile
     00000C42  A$lcc2145625$120                   char_to_tile
     00000C43  A$lcc2145625$124                   char_to_tile
     00000C43  C$char_to_tile.c$5$3_0$4           char_to_tile
     00000C44  A$lcc2145625$125                   char_to_tile
     00000C45  A$lcc2145625$126                   char_to_tile
     00000C46  A$lcc2145625$127                   char_to_tile
     00000C47  A$lcc2145625$128                   char_to_tile
     00000C4A  A$lcc2145625$130                   char_to_tile
     00000C4B  A$lcc2145625$131                   char_to_tile
     00000C4D  A$lcc2145625$132                   char_to_tile
     00000C4F  A$lcc2145625$136                   char_to_tile
     00000C4F  C$char_to_tile.c$6$4_0$6           char_to_tile
     00000C52  A$lcc2145625$137                   char_to_tile
     00000C53  A$lcc2145625$138                   char_to_tile
     00000C54  A$lcc2145625$139                   char_to_tile
     00000C55  A$lcc2145625$140                   char_to_tile
     00000C57  A$lcc2145625$141                   char_to_tile
     00000C58  A$lcc2145625$142                   char_to_tile
     00000C59  A$lcc2145625$143                   char_to_tile
     00000C5B  A$lcc2145625$147                   char_to_tile
     00000C5B  C$char_to_tile.c$7$5_0$7           char_to_tile
     00000C5D  A$lcc2145625$148                   char_to_tile
     00000C5E  A$lcc2145625$149                   char_to_tile
     00000C60  A$lcc2145625$150                   char_to_tile
     00000C61  A$lcc2145625$151                   char_to_tile
     00000C63  A$lcc2145625$156                   char_to_tile
     00000C63  C$char_to_tile.c$5$2_0$4           char_to_tile
     00000C64  A$lcc2145625$157                   char_to_tile
     00000C66  A$lcc2145625$158                   char_to_tile
     00000C67  A$lcc2145625$159                   char_to_tile
     00000C68  A$lcc2145625$160                   char_to_tile
     00000C69  A$lcc2145625$161                   char_to_tile
     00000C6B  A$lcc2145625$166                   char_to_tile
     00000C6B  C$char_to_tile.c$11$1_0$3          char_to_tile
     00000C6E  A$lcc2145625$171                   char_to_tile
     00000C70  A$lcc2145625$176                   char_to_tile
     00000C70  C$char_to_tile.c$12$1_0$3          char_to_tile
     00000C70  XG$char_to_tile$0$0                char_to_tile
     00000C71  A$lcc2145626$52                    collision
     00000C71  C$collision.c$3$0_0$3              collision
     00000C71  G$check_collision$0$0              collision
     00000C71  _check_collision                   collision
     00000C73  A$lcc2145626$53                    collision
     00000C74  A$lcc2145626$54                    collision
     00000C76  A$lcc2145626$55                    collision
ASxxxx Linker V03.00/V05.40 + sdld,  page 18.
Hexadecimal  [32-Bits]

Area                                    Addr        Size        Decimal Bytes (Attributes)
--------------------------------        ----        ----        ------- ----- ------------
_CODE                               00000200    00002A48 =       10824. bytes (REL,CON)

      Value  Global                              Global Defined In Module
      -----  --------------------------------   ------------------------
     00000C77  A$lcc2145626$59                    collision
     00000C77  C$collision.c$8$1_0$3              collision
     00000C79  A$lcc2145626$60                    collision
     00000C7A  A$lcc2145626$61                    collision
     00000C7C  A$lcc2145626$62                    collision
     00000C7D  A$lcc2145626$63                    collision
     00000C7F  A$lcc2145626$64                    collision
     00000C81  A$lcc2145626$65                    collision
     00000C82  A$lcc2145626$66                    collision
     00000C84  A$lcc2145626$67                    collision
     00000C85  A$lcc2145626$68                    collision
     00000C86  A$lcc2145626$69                    collision
     00000C87  A$lcc2145626$70                    collision
     00000C88  A$lcc2145626$71                    collision
     00000C89  A$lcc2145626$72                    collision
     00000C8A  A$lcc2145626$73                    collision
     00000C8B  A$lcc2145626$74                    collision
     00000C8C  A$lcc2145626$75                    collision
     00000C8D  A$lcc2145626$76                    collision
     00000C8E  A$lcc2145626$77                    collision
     00000C8F  A$lcc2145626$78                    collision
     00000C91  A$lcc2145626$79                    collision
     00000C92  A$lcc2145626$80                    collision
     00000C93  A$lcc2145626$81                    collision
     00000C94  A$lcc2145626$82                    collision
     00000C96  A$lcc2145626$83                    collision
     00000C97  A$lcc2145626$84                    collision
     00000C99  A$lcc2145626$85                    collision
     00000C9A  A$lcc2145626$86                    collision
     00000C9B  A$lcc2145626$87                    collision
     00000C9C  A$lcc2145626$88                    collision
     00000C9D  A$lcc2145626$89                    collision
     00000C9E  A$lcc2145626$90                    collision
     00000CA0  A$lcc2145626$94                    collision
     00000CA0  C$collision.c$9$1_0$3              collision
     00000CA1  A$lcc2145626$95                    collision
     00000CA2  A$lcc2145626$96                    collision
     00000CA3  A$lcc2145626$97                    collision
     00000CA4  A$lcc2145626$98                    collision
     00000CA5  A$lcc2145626$99                    collision
     00000CA7  A$lcc2145626$100                   collision
     00000CA8  A$lcc2145626$101                   collision
     00000CA9  A$lcc2145626$102                   collision
     00000CAA  A$lcc2145626$103                   collision
     00000CAB  A$lcc2145626$104                   collision
     00000CAD  A$lcc2145626$108                   collision
     00000CAD  C$collision.c$10$1_0$3             collision
     00000CAF  A$lcc2145626$109                   collision
     00000CB0  A$lcc2145626$110                   collision
     00000CB2  A$lcc2145626$111                   collision
     00000CB3  A$lcc2145626$112                   collision
ASxxxx Linker V03.00/V05.40 + sdld,  page 19.
Hexadecimal  [32-Bits]

Area                                    Addr        Size        Decimal Bytes (Attributes)
--------------------------------        ----        ----        ------- ----- ------------
_CODE                               00000200    00002A48 =       10824. bytes (REL,CON)

      Value  Global                              Global Defined In Module
      -----  --------------------------------   ------------------------
     00000CB4  A$lcc2145626$113                   collision
     00000CB5  A$lcc2145626$114                   collision
     00000CB6  A$lcc2145626$115                   collision
     00000CB7  A$lcc2145626$116                   collision
     00000CB8  A$lcc2145626$117                   collision
     00000CB9  A$lcc2145626$118                   collision
     00000CBA  A$lcc2145626$119                   collision
     00000CBB  A$lcc2145626$120                   collision
     00000CBC  A$lcc2145626$121                   collision
     00000CBD  A$lcc2145626$122                   collision
     00000CBF  A$lcc2145626$123                   collision
     00000CC0  A$lcc2145626$124                   collision
     00000CC1  A$lcc2145626$125                   collision
     00000CC2  A$lcc2145626$126                   collision
     00000CC4  A$lcc2145626$127                   collision
     00000CC5  A$lcc2145626$128                   collision
     00000CC6  A$lcc2145626$129                   collision
     00000CC7  A$lcc2145626$130                   collision
     00000CC8  A$lcc2145626$131                   collision
     00000CCA  A$lcc2145626$132                   collision
     00000CCB  A$lcc2145626$133                   collision
     00000CCC  A$lcc2145626$134                   collision
     00000CCD  A$lcc2145626$135                   collision
     00000CCE  A$lcc2145626$136                   collision
     00000CCF  A$lcc2145626$137                   collision
     00000CD1  A$lcc2145626$141                   collision
     00000CD1  C$collision.c$11$1_0$3             collision
     00000CD2  A$lcc2145626$142                   collision
     00000CD3  A$lcc2145626$143                   collision
     00000CD4  A$lcc2145626$144                   collision
     00000CD5  A$lcc2145626$145                   collision
     00000CD6  A$lcc2145626$146                   collision
     00000CD8  A$lcc2145626$147                   collision
     00000CD9  A$lcc2145626$148                   collision
     00000CDA  A$lcc2145626$149                   collision
     00000CDB  A$lcc2145626$150                   collision
     00000CDC  A$lcc2145626$151                   collision
     00000CDE  A$lcc2145626$153                   collision
     00000CDF  A$lcc2145626$154                   collision
     00000CE1  A$lcc2145626$156                   collision
     00000CE3  A$lcc2145626$161                   collision
     00000CE3  C$collision.c$12$1_0$3             collision
     00000CE5  A$lcc2145626$162                   collision
     00000CE6  A$lcc2145626$163                   collision
     00000CE8  A$lcc2145626$164                   collision
     00000CE9  A$lcc2145627$53                    draw
     00000CE9  C$draw.c$7$0_0$139                 draw
     00000CE9  G$draw_actor$0$0                   draw
     00000CE9  _draw_actor                        draw
     00000CEB  A$lcc2145627$54                    draw
     00000CED  A$lcc2145627$55                    draw
ASxxxx Linker V03.00/V05.40 + sdld,  page 20.
Hexadecimal  [32-Bits]

Area                                    Addr        Size        Decimal Bytes (Attributes)
--------------------------------        ----        ----        ------- ----- ------------
_CODE                               00000200    00002A48 =       10824. bytes (REL,CON)

      Value  Global                              Global Defined In Module
      -----  --------------------------------   ------------------------
     00000CEE  A$lcc2145627$59                    draw
     00000CEE  C$draw.c$9$1_0$139                 draw
     00000CF1  A$lcc2145627$60                    draw
     00000CF2  A$lcc2145627$61                    draw
     00000CF4  A$lcc2145627$62                    draw
     00000CF5  A$lcc2145627$63                    draw
     00000CF6  A$lcc2145627$64                    draw
     00000CF7  A$lcc2145627$65                    draw
     00000CF8  A$lcc2145627$66                    draw
     00000CFA  A$lcc2145627$67                    draw
     00000CFB  A$lcc2145627$71                    draw
     00000CFB  C$draw.c$10$1_0$139                draw
     00000CFE  A$lcc2145627$72                    draw
     00000D00  A$lcc2145627$73                    draw
     00000D01  A$lcc2145627$74                    draw
     00000D03  A$lcc2145627$75                    draw
     00000D04  A$lcc2145627$76                    draw
     00000D05  A$lcc2145627$77                    draw
     00000D06  A$lcc2145627$78                    draw
     00000D07  A$lcc2145627$79                    draw
     00000D09  A$lcc2145627$80                    draw
     00000D0A  A$lcc2145627$84                    draw
     00000D0A  C$draw.c$12$1_0$139                draw
     00000D0D  A$lcc2145627$85                    draw
     00000D0F  A$lcc2145627$86                    draw
     00000D10  A$lcc2145627$87                    draw
     00000D12  A$lcc2145627$88                    draw
     00000D13  A$lcc2145627$89                    draw
     00000D14  A$lcc2145627$90                    draw
     00000D15  A$lcc2145627$91                    draw
     00000D16  A$lcc2145627$92                    draw
     00000D17  A$lcc2145627$93                    draw
     00000D18  A$lcc2145627$94                    draw
     00000D19  A$lcc2145627$95                    draw
     00000D1A  A$lcc2145627$96                    draw
     00000D1B  A$lcc2145627$97                    draw
     00000D1C  A$lcc2145627$98                    draw
     00000D1D  A$lcc2145627$99                    draw
     00000D1E  A$lcc2145627$103                   draw
     00000D1E  C$draw.c$13$1_0$139                draw
     00000D21  A$lcc2145627$104                   draw
     00000D22  A$lcc2145627$105                   draw
     00000D23  A$lcc2145627$106                   draw
     00000D24  A$lcc2145627$107                   draw
     00000D25  A$lcc2145627$108                   draw
     00000D26  A$lcc2145627$109                   draw
     00000D27  A$lcc2145627$110                   draw
     00000D28  A$lcc2145627$111                   draw
     00000D29  A$lcc2145627$112                   draw
     00000D2B  A$lcc2145627$113                   draw
     00000D2C  A$lcc2145627$114                   draw
ASxxxx Linker V03.00/V05.40 + sdld,  page 21.
Hexadecimal  [32-Bits]

Area                                    Addr        Size        Decimal Bytes (Attributes)
--------------------------------        ----        ----        ------- ----- ------------
_CODE                               00000200    00002A48 =       10824. bytes (REL,CON)

      Value  Global                              Global Defined In Module
      -----  --------------------------------   ------------------------
     00000D2D  A$lcc2145627$118                   draw
     00000D2D  C$draw.c$15$1_0$139                draw
     00000D30  A$lcc2145627$119                   draw
     00000D31  A$lcc2145627$120                   draw
     00000D32  A$lcc2145627$121                   draw
     00000D34  A$lcc2145627$122                   draw
     00000D35  A$lcc2145627$126                   draw
     00000D35  C$draw.c$16$1_0$139                draw
     00000D36  A$lcc2145627$127                   draw
     00000D37  A$lcc2145627$128                   draw
     00000D38  A$lcc2145627$129                   draw
     00000D39  A$lcc2145627$130                   draw
     00000D3A  A$lcc2145627$131                   draw
     00000D3B  A$lcc2145627$132                   draw
     00000D3E  A$lcc2145627$133                   draw
     00000D3F  A$lcc2145627$134                   draw
     00000D40  A$lcc2145627$135                   draw
     00000D41  A$lcc2145627$136                   draw
     00000D43  A$lcc2145627$140                   draw
     00000D43  C$draw.c$18$1_0$139                draw
     00000D44  A$lcc2145627$141                   draw
     00000D45  A$lcc2145627$142                   draw
     00000D46  A$lcc2145627$143                   draw
     00000D47  A$lcc2145627$144                   draw
     00000D48  A$lcc2145627$148                   draw
     00000D48  C$draw.c$19$1_0$139                draw
     00000D4A  A$lcc2145627$149                   draw
     00000D4B  A$lcc2145627$150                   draw
     00000D4C  A$lcc2145627$151                   draw
     00000D4D  A$lcc2145627$152                   draw
     00000D4E  A$lcc2145627$153                   draw
     00000D4F  A$lcc2145627$154                   draw
     00000D50  A$lcc2145627$155                   draw
     00000D51  A$lcc2145627$156                   draw
     00000D52  A$lcc2145627$157                   draw
     00000D53  A$lcc2145627$158                   draw
     00000D54  A$lcc2145627$159                   draw
     00000D55  A$lcc2145627$160                   draw
     00000D56  A$lcc2145627$161                   draw
     00000D57  A$lcc2145627$162                   draw
     00000D58  A$lcc2145627$166                   draw
     00000D58  C$draw.c$21$2_0$140                draw
     00000D5A  A$lcc2145627$167                   draw
     00000D5B  A$lcc2145627$174                   draw
     00000D5B  C$draw.c$22$2_0$140                draw
     00000D5B  C$draw.c$25$2_0$139                draw
     00000D5E  A$lcc2145627$175                   draw
     00000D60  A$lcc2145627$177                   draw
     00000D61  A$lcc2145627$178                   draw
     00000D63  A$lcc2145627$179                   draw
     00000D64  A$lcc2145627$180                   draw
ASxxxx Linker V03.00/V05.40 + sdld,  page 22.
Hexadecimal  [32-Bits]

Area                                    Addr        Size        Decimal Bytes (Attributes)
--------------------------------        ----        ----        ------- ----- ------------
_CODE                               00000200    00002A48 =       10824. bytes (REL,CON)

      Value  Global                              Global Defined In Module
      -----  --------------------------------   ------------------------
     00000D66  A$lcc2145627$182                   draw
     00000D67  A$lcc2145627$183                   draw
     00000D68  A$lcc2145627$184                   draw
     00000D69  A$lcc2145627$185                   draw
     00000D6A  A$lcc2145627$186                   draw
     00000D6B  A$lcc2145627$187                   draw
     00000D6D  A$lcc2145627$188                   draw
     00000D70  A$lcc2145627$189                   draw
     00000D71  A$lcc2145627$190                   draw
     00000D72  A$lcc2145627$191                   draw
     00000D73  A$lcc2145627$192                   draw
     00000D74  A$lcc2145627$194                   draw
     00000D75  A$lcc2145627$195                   draw
     00000D76  A$lcc2145627$196                   draw
     00000D77  A$lcc2145627$197                   draw
     00000D78  A$lcc2145627$198                   draw
     00000D79  A$lcc2145627$199                   draw
     00000D7A  A$lcc2145627$200                   draw
     00000D7D  A$lcc2145627$201                   draw
     00000D7E  A$lcc2145627$202                   draw
     00000D7F  A$lcc2145627$203                   draw
     00000D80  A$lcc2145627$204                   draw
     00000D81  A$lcc2145627$205                   draw
     00000D82  A$lcc2145627$209                   draw
     00000D82  C$draw.c$25$2_0$141                draw
     00000D83  A$lcc2145627$210                   draw
     00000D85  A$lcc2145627$215                   draw
     00000D85  C$draw.c$29$2_0$142                draw
     00000D87  A$lcc2145627$216                   draw
     00000D88  A$lcc2145627$217                   draw
     00000D89  A$lcc2145627$218                   draw
     00000D8B  A$lcc2145627$220                   draw
     00000D8D  A$lcc2145627$221                   draw
     00000D8E  A$lcc2145627$223                   draw
     00000D8F  A$lcc2145627$224                   draw
     00000D90  A$lcc2145627$225                   draw
     00000D91  A$lcc2145627$226                   draw
     00000D92  A$lcc2145627$227                   draw
     00000D93  A$lcc2145627$228                   draw
     00000D96  A$lcc2145627$229                   draw
     00000D97  A$lcc2145627$230                   draw
     00000D98  A$lcc2145627$231                   draw
     00000D99  A$lcc2145627$233                   draw
     00000D9B  A$lcc2145627$234                   draw
     00000D9C  A$lcc2145627$235                   draw
     00000D9D  A$lcc2145627$236                   draw
     00000D9E  A$lcc2145627$237                   draw
     00000D9F  A$lcc2145627$238                   draw
     00000DA0  A$lcc2145627$242                   draw
     00000DA0  C$draw.c$31$2_0$142                draw
     00000DA3  A$lcc2145627$247                   draw
ASxxxx Linker V03.00/V05.40 + sdld,  page 23.
Hexadecimal  [32-Bits]

Area                                    Addr        Size        Decimal Bytes (Attributes)
--------------------------------        ----        ----        ------- ----- ------------
_CODE                               00000200    00002A48 =       10824. bytes (REL,CON)

      Value  Global                              Global Defined In Module
      -----  --------------------------------   ------------------------
     00000DA3  C$draw.c$33$3_0$144                draw
     00000DA5  A$lcc2145627$248                   draw
     00000DA6  A$lcc2145627$249                   draw
     00000DA8  A$lcc2145627$250                   draw
     00000DAA  A$lcc2145627$254                   draw
     00000DAD  A$lcc2145627$255                   draw
     00000DAF  A$lcc2145627$256                   draw
     00000DB0  A$lcc2145627$257                   draw
     00000DB2  A$lcc2145627$258                   draw
     00000DB3  A$lcc2145627$259                   draw
     00000DB4  A$lcc2145627$260                   draw
     00000DB5  A$lcc2145627$261                   draw
     00000DB6  A$lcc2145627$262                   draw
     00000DB7  A$lcc2145627$266                   draw
     00000DB7  C$draw.c$31$2_0$139                draw
     00000DB9  A$lcc2145627$267                   draw
     00000DBA  A$lcc2145627$271                   draw
     00000DBA  C$draw.c$35$5_0$146                draw
     00000DBC  A$lcc2145627$272                   draw
     00000DBE  A$lcc2145627$275                   draw
     00000DBF  A$lcc2145627$276                   draw
     00000DC0  A$lcc2145627$277                   draw
     00000DC1  A$lcc2145627$278                   draw
     00000DC2  A$lcc2145627$279                   draw
     00000DC3  A$lcc2145627$280                   draw
     00000DC6  A$lcc2145627$281                   draw
     00000DC7  A$lcc2145627$282                   draw
     00000DC8  A$lcc2145627$283                   draw
     00000DC9  A$lcc2145627$285                   draw
     00000DCB  A$lcc2145627$286                   draw
     00000DCC  A$lcc2145627$287                   draw
     00000DCD  A$lcc2145627$288                   draw
     00000DCE  A$lcc2145627$290                   draw
     00000DCF  A$lcc2145627$291                   draw
     00000DD0  A$lcc2145627$292                   draw
     00000DD1  A$lcc2145627$293                   draw
     00000DD3  A$lcc2145627$294                   draw
     00000DD4  A$lcc2145627$295                   draw
     00000DD6  A$lcc2145627$297                   draw
     00000DD7  A$lcc2145627$298                   draw
     00000DDA  A$lcc2145627$299                   draw
     00000DDB  A$lcc2145627$300                   draw
     00000DDC  A$lcc2145627$301                   draw
     00000DDD  A$lcc2145627$302                   draw
     00000DDE  A$lcc2145627$303                   draw
     00000DDF  A$lcc2145627$304                   draw
     00000DE0  A$lcc2145627$305                   draw
     00000DE1  A$lcc2145627$307                   draw
     00000DE2  A$lcc2145627$308                   draw
     00000DE3  A$lcc2145627$309                   draw
     00000DE4  A$lcc2145627$310                   draw
ASxxxx Linker V03.00/V05.40 + sdld,  page 24.
Hexadecimal  [32-Bits]

Area                                    Addr        Size        Decimal Bytes (Attributes)
--------------------------------        ----        ----        ------- ----- ------------
_CODE                               00000200    00002A48 =       10824. bytes (REL,CON)

      Value  Global                              Global Defined In Module
      -----  --------------------------------   ------------------------
     00000DE6  A$lcc2145627$311                   draw
     00000DE7  A$lcc2145627$312                   draw
     00000DE8  A$lcc2145627$316                   draw
     00000DE8  C$draw.c$38$5_0$146                draw
     00000DEB  A$lcc2145627$320                   draw
     00000DEC  A$lcc2145627$321                   draw
     00000DED  A$lcc2145627$322                   draw
     00000DEE  A$lcc2145627$323                   draw
     00000DEF  A$lcc2145627$324                   draw
     00000DF0  A$lcc2145627$325                   draw
     00000DF3  A$lcc2145627$326                   draw
     00000DF4  A$lcc2145627$327                   draw
     00000DF5  A$lcc2145627$328                   draw
     00000DF6  A$lcc2145627$330                   draw
     00000DF8  A$lcc2145627$331                   draw
     00000DF9  A$lcc2145627$332                   draw
     00000DFA  A$lcc2145627$333                   draw
     00000DFB  A$lcc2145627$334                   draw
     00000DFC  A$lcc2145627$335                   draw
     00000DFD  A$lcc2145627$337                   draw
     00000DFE  A$lcc2145627$338                   draw
     00000E00  A$lcc2145627$339                   draw
     00000E01  A$lcc2145627$340                   draw
     00000E03  A$lcc2145627$342                   draw
     00000E04  A$lcc2145627$343                   draw
     00000E05  A$lcc2145627$344                   draw
     00000E06  A$lcc2145627$345                   draw
     00000E07  A$lcc2145627$346                   draw
     00000E08  A$lcc2145627$347                   draw
     00000E0B  A$lcc2145627$348                   draw
     00000E0C  A$lcc2145627$350                   draw
     00000E0D  A$lcc2145627$351                   draw
     00000E0F  A$lcc2145627$352                   draw
     00000E10  A$lcc2145627$353                   draw
     00000E11  A$lcc2145627$354                   draw
     00000E12  A$lcc2145627$355                   draw
     00000E13  A$lcc2145627$359                   draw
     00000E13  C$draw.c$43$3_0$144                draw
     00000E15  A$lcc2145627$364                   draw
     00000E15  C$draw.c$46$4_0$149                draw
     00000E17  A$lcc2145627$365                   draw
     00000E18  A$lcc2145627$366                   draw
     00000E1A  A$lcc2145627$367                   draw
     00000E1C  A$lcc2145627$369                   draw
     00000E1E  A$lcc2145627$370                   draw
     00000E1F  A$lcc2145627$372                   draw
     00000E20  A$lcc2145627$373                   draw
     00000E21  A$lcc2145627$374                   draw
     00000E22  A$lcc2145627$375                   draw
     00000E23  A$lcc2145627$376                   draw
     00000E24  A$lcc2145627$377                   draw
ASxxxx Linker V03.00/V05.40 + sdld,  page 25.
Hexadecimal  [32-Bits]

Area                                    Addr        Size        Decimal Bytes (Attributes)
--------------------------------        ----        ----        ------- ----- ------------
_CODE                               00000200    00002A48 =       10824. bytes (REL,CON)

      Value  Global                              Global Defined In Module
      -----  --------------------------------   ------------------------
     00000E27  A$lcc2145627$378                   draw
     00000E28  A$lcc2145627$379                   draw
     00000E29  A$lcc2145627$380                   draw
     00000E2A  A$lcc2145627$382                   draw
     00000E2C  A$lcc2145627$383                   draw
     00000E2D  A$lcc2145627$384                   draw
     00000E2E  A$lcc2145627$385                   draw
     00000E2F  A$lcc2145627$386                   draw
[...]
ASxxxx Linker V03.00/V05.40 + sdld,  page 178.
Hexadecimal  [32-Bits]

Area                                    Addr        Size        Decimal Bytes (Attributes)
--------------------------------        ----        ----        ------- ----- ------------
_CODE_2                             00024000    00000DE1 =        3553. bytes (REL,CON)

      Value  Global                              Global Defined In Module
      -----  --------------------------------   ------------------------
     00024D14  A$lcc2145679$1196                  mg_leaves_update
     00024D16  A$lcc2145679$1197                  mg_leaves_update
     00024D18  A$lcc2145679$1202                  mg_leaves_update
     00024D18  C$mg_leaves_update.c$178$2_0$220   mg_leaves_update
     00024D1B  A$lcc2145679$1203                  mg_leaves_update
     00024D1D  A$lcc2145679$1208                  mg_leaves_update
     00024D1D  C$mg_leaves_update.c$180$1_0$214   mg_leaves_update
     00024D1F  A$lcc2145679$1209                  mg_leaves_update
     00024D21  A$lcc2145679$1210                  mg_leaves_update
     00024D24  A$lcc2145679$1214                  mg_leaves_update
     00024D24  C$mg_leaves_update.c$182$1_0$214   mg_leaves_update
     00024D27  A$lcc2145679$1218                  mg_leaves_update
     00024D27  C$mg_leaves_update.c$183$1_0$214   mg_leaves_update
     00024D2A  A$lcc2145679$1222                  mg_leaves_update
     00024D2A  C$mg_leaves_update.c$185$1_0$214   mg_leaves_update
     00024D2D  A$lcc2145679$1223                  mg_leaves_update
     00024D30  A$lcc2145679$1227                  mg_leaves_update
     00024D30  C$mg_leaves_update.c$187$2_0$221   mg_leaves_update
     00024D33  A$lcc2145679$1228                  mg_leaves_update
     00024D36  A$lcc2145679$1229                  mg_leaves_update
     00024D37  A$lcc2145679$1230                  mg_leaves_update
     00024D39  A$lcc2145679$1234                  mg_leaves_update
     00024D39  C$mg_leaves_update.c$189$3_0$222   mg_leaves_update
     00024D3C  A$lcc2145679$1235                  mg_leaves_update
     00024D3F  A$lcc2145679$1239                  mg_leaves_update
     00024D3F  C$mg_leaves_update.c$191$3_1$223   mg_leaves_update
     00024D42  A$lcc2145679$1243                  mg_leaves_update
     00024D42  C$mg_leaves_update.c$192$1_1$214   mg_leaves_update
     00024D44  A$lcc2145679$1244                  mg_leaves_update
     00024D45  A$lcc2145679$1245                  mg_leaves_update
     00024D47  A$lcc2145679$1246                  mg_leaves_update
     00024D4A  A$lcc2145679$1247                  mg_leaves_update
     00024D4B  A$lcc2145679$1248                  mg_leaves_update
     00024D4D  A$lcc2145679$1249                  mg_leaves_update
     00024D50  A$lcc2145679$1250                  mg_leaves_update
     00024D51  A$lcc2145679$1251                  mg_leaves_update
     00024D53  A$lcc2145679$1252                  mg_leaves_update
     00024D55  A$lcc2145679$1256                  mg_leaves_update
     00024D55  C$mg_leaves_update.c$193$1_1$214   mg_leaves_update
     00024D56  A$lcc2145679$1257                  mg_leaves_update
     00024D57  A$lcc2145679$1258                  mg_leaves_update
     00024D59  A$lcc2145679$1259                  mg_leaves_update
     00024D5A  A$lcc2145679$1260                  mg_leaves_update
     00024D5D  A$lcc2145679$1261                  mg_leaves_update
     00024D5E  A$lcc2145679$1262                  mg_leaves_update
     00024D60  A$lcc2145679$1263                  mg_leaves_update
     00024D63  A$lcc2145679$1264                  mg_leaves_update
     00024D64  A$lcc2145679$1265                  mg_leaves_update
     00024D66  A$lcc2145679$1266                  mg_leaves_update
     00024D68  A$lcc2145679$1270                  mg_leaves_update
     00024D68  C$mg_leaves_update.c$194$1_1$214   mg_leaves_update
ASxxxx Linker V03.00/V05.40 + sdld,  page 179.
Hexadecimal  [32-Bits]

Area                                    Addr        Size        Decimal Bytes (Attributes)
--------------------------------        ----        ----        ------- ----- ------------
_CODE_2                             00024000    00000DE1 =        3553. bytes (REL,CON)

      Value  Global                              Global Defined In Module
      -----  --------------------------------   ------------------------
     00024D69  A$lcc2145679$1271                  mg_leaves_update
     00024D6B  A$lcc2145679$1272                  mg_leaves_update
     00024D6C  A$lcc2145679$1273                  mg_leaves_update
     00024D6F  A$lcc2145679$1274                  mg_leaves_update
     00024D70  A$lcc2145679$1275                  mg_leaves_update
     00024D72  A$lcc2145679$1276                  mg_leaves_update
     00024D74  A$lcc2145679$1277                  mg_leaves_update
     00024D75  A$lcc2145679$1281                  mg_leaves_update
     00024D75  C$mg_leaves_update.c$196$3_1$223   mg_leaves_update
     00024D77  A$lcc2145679$1282                  mg_leaves_update
     00024D78  A$lcc2145679$1283                  mg_leaves_update
     00024D79  A$lcc2145679$1284                  mg_leaves_update
     00024D7B  A$lcc2145679$1285                  mg_leaves_update
     00024D7D  A$lcc2145679$1286                  mg_leaves_update
     00024D80  A$lcc2145679$1290                  mg_leaves_update
     00024D80  C$mg_leaves_update.c$197$3_1$223   mg_leaves_update
     00024D82  A$lcc2145679$1291                  mg_leaves_update
     00024D83  A$lcc2145679$1292                  mg_leaves_update
     00024D84  A$lcc2145679$1293                  mg_leaves_update
     00024D85  A$lcc2145679$1294                  mg_leaves_update
     00024D87  A$lcc2145679$1295                  mg_leaves_update
     00024D89  A$lcc2145679$1296                  mg_leaves_update
     00024D8C  A$lcc2145679$1300                  mg_leaves_update
     00024D8C  C$mg_leaves_update.c$198$3_1$223   mg_leaves_update
     00024D8E  A$lcc2145679$1301                  mg_leaves_update
     00024D8F  A$lcc2145679$1302                  mg_leaves_update
     00024D90  A$lcc2145679$1303                  mg_leaves_update
     00024D91  A$lcc2145679$1304                  mg_leaves_update
     00024D93  A$lcc2145679$1305                  mg_leaves_update
     00024D95  A$lcc2145679$1306                  mg_leaves_update
     00024D98  A$lcc2145679$1310                  mg_leaves_update
     00024D98  C$mg_leaves_update.c$199$3_1$223   mg_leaves_update
     00024D9A  A$lcc2145679$1311                  mg_leaves_update
     00024D9B  A$lcc2145679$1312                  mg_leaves_update
     00024D9C  A$lcc2145679$1313                  mg_leaves_update
     00024D9D  A$lcc2145679$1314                  mg_leaves_update
     00024D9F  A$lcc2145679$1315                  mg_leaves_update
     00024DA1  A$lcc2145679$1316                  mg_leaves_update
     00024DA4  A$lcc2145679$1321                  mg_leaves_update
     00024DA4  C$mg_leaves_update.c$202$1_1$224   mg_leaves_update
     00024DA7  A$lcc2145679$1322                  mg_leaves_update
     00024DAA  A$lcc2145679$1323                  mg_leaves_update
     00024DAB  A$lcc2145679$1324                  mg_leaves_update
     00024DAE  A$lcc2145679$1325                  mg_leaves_update
     00024DAF  A$lcc2145679$1329                  mg_leaves_update
     00024DAF  C$mg_leaves_update.c$204$1_1$214   mg_leaves_update
     00024DB2  A$lcc2145679$1330                  mg_leaves_update
     00024DB3  A$lcc2145679$1331                  mg_leaves_update
     00024DB4  A$lcc2145679$1332                  mg_leaves_update
     00024DB5  A$lcc2145679$1333                  mg_leaves_update
     00024DB8  A$lcc2145679$1334                  mg_leaves_update
ASxxxx Linker V03.00/V05.40 + sdld,  page 180.
Hexadecimal  [32-Bits]

Area                                    Addr        Size        Decimal Bytes (Attributes)
--------------------------------        ----        ----        ------- ----- ------------
_CODE_2                             00024000    00000DE1 =        3553. bytes (REL,CON)

      Value  Global                              Global Defined In Module
      -----  --------------------------------   ------------------------
     00024DBB  A$lcc2145679$1335                  mg_leaves_update
     00024DBC  A$lcc2145679$1336                  mg_leaves_update
     00024DBD  A$lcc2145679$1337                  mg_leaves_update
     00024DBF  A$lcc2145679$1338                  mg_leaves_update
     00024DC0  A$lcc2145679$1342                  mg_leaves_update
     00024DC0  C$mg_leaves_update.c$205$1_1$214   mg_leaves_update
     00024DC1  A$lcc2145679$1343                  mg_leaves_update
     00024DC4  A$lcc2145679$1344                  mg_leaves_update
     00024DC7  A$lcc2145679$1345                  mg_leaves_update
     00024DC8  A$lcc2145679$1346                  mg_leaves_update
     00024DC9  A$lcc2145679$1347                  mg_leaves_update
     00024DCB  A$lcc2145679$1348                  mg_leaves_update
     00024DCC  A$lcc2145679$1352                  mg_leaves_update
     00024DCC  C$mg_leaves_update.c$207$1_1$224   mg_leaves_update
     00024DCD  A$lcc2145679$1353                  mg_leaves_update
     00024DCE  A$lcc2145679$1354                  mg_leaves_update
     00024DCF  A$lcc2145679$1355                  mg_leaves_update
     00024DD1  A$lcc2145679$1356                  mg_leaves_update
     00024DD3  A$lcc2145679$1357                  mg_leaves_update
     00024DD6  A$lcc2145679$1361                  mg_leaves_update
     00024DD6  C$mg_leaves_update.c$208$1_1$224   mg_leaves_update
     00024DD7  A$lcc2145679$1362                  mg_leaves_update
     00024DD9  A$lcc2145679$1363                  mg_leaves_update
     00024DDB  A$lcc2145679$1364                  mg_leaves_update
     00024DDE  A$lcc2145679$1372                  mg_leaves_update
     00024DDE  C$mg_leaves_update.c$210$1_1$224   mg_leaves_update
     00024DE0  A$lcc2145679$1377                  mg_leaves_update
     00024DE0  C$mg_leaves_update.c$211$1_1$214   mg_leaves_update
     00024DE0  XG$Mg_Leaves_Update$0$0            mg_leaves_update

ASxxxx Linker V03.00/V05.40 + sdld,  page 181.

Files Linked                              [ module(s) ]

C:\Program Files\GBDK\lib/gb/crt0.o       [ Runtime ]
C:\Users\Bau_M\AppData\Local\Temp/lcc214560.o
                                          [ chars ]
C:\Users\Bau_M\AppData\Local\Temp/lcc214561.o
                                          [ numbers ]
C:\Users\Bau_M\AppData\Local\Temp/lcc214562.o
                                          [ gender_select_tilemap ]
C:\Users\Bau_M\AppData\Local\Temp/lcc214563.o
                                          [ gender_select_tileset ]
C:\Users\Bau_M\AppData\Local\Temp/lcc214564.o
                                          [ inventory_bkg ]
C:\Users\Bau_M\AppData\Local\Temp/lcc214565.o
                                          [ bkg_MainMenu ]
C:\Users\Bau_M\AppData\Local\Temp/lcc214566.o
                                          [ map_example ]
C:\Users\Bau_M\AppData\Local\Temp/lcc214567.o
                                          [ bkg_leaves_example ]
C:\Users\Bau_M\AppData\Local\Temp/lcc214568.o
                                          [ npc_icons ]
C:\Users\Bau_M\AppData\Local\Temp/lcc214569.o
                                          [ template_tileset ]
C:\Users\Bau_M\AppData\Local\Temp/lcc2145610.o
                                          [ spr_InventoryArrow_idle ]
C:\Users\Bau_M\AppData\Local\Temp/lcc2145611.o
                                          [ spr_Branch ]
C:\Users\Bau_M\AppData\Local\Temp/lcc2145612.o
                                          [ broom ]
C:\Users\Bau_M\AppData\Local\Temp/lcc2145613.o
                                          [ spr_garbage ]
C:\Users\Bau_M\AppData\Local\Temp/lcc2145614.o
                                          [ leaf ]
C:\Users\Bau_M\AppData\Local\Temp/lcc2145615.o
                                          [ example_npc ]
C:\Users\Bau_M\AppData\Local\Temp/lcc2145616.o
                                          [ spr_Player_down0 ]
C:\Users\Bau_M\AppData\Local\Temp/lcc2145617.o
                                          [ spr_Player_down1 ]
C:\Users\Bau_M\AppData\Local\Temp/lcc2145618.o
                                          [ spr_Player_down2 ]
C:\Users\Bau_M\AppData\Local\Temp/lcc2145619.o
                                          [ spr_Player_up0 ]
C:\Users\Bau_M\AppData\Local\Temp/lcc2145620.o
                                          [ spr_Player_up1 ]
C:\Users\Bau_M\AppData\Local\Temp/lcc2145621.o
                                          [ spr_Player_up2 ]
C:\Users\Bau_M\AppData\Local\Temp/lcc2145622.o
                                          [ action ]
C:\Users\Bau_M\AppData\Local\Temp/lcc2145623.o
                                          [ animation ]
C:\Users\Bau_M\AppData\Local\Temp/lcc2145624.o
                                          [ can_move ]
C:\Users\Bau_M\AppData\Local\Temp/lcc2145625.o
                                          [ char_to_tile ]
C:\Users\Bau_M\AppData\Local\Temp/lcc2145626.o
                                          [ collision ]
C:\Users\Bau_M\AppData\Local\Temp/lcc2145627.o
                                          [ draw ]
C:\Users\Bau_M\AppData\Local\Temp/lcc2145628.o
                                          [ entity ]
C:\Users\Bau_M\AppData\Local\Temp/lcc2145629.o
                                          [ extra_actors ]
C:\Users\Bau_M\AppData\Local\Temp/lcc2145630.o
                                          [ gender_selection ]
C:\Users\Bau_M\AppData\Local\Temp/lcc2145631.o
                                          [ input ]
C:\Users\Bau_M\AppData\Local\Temp/lcc2145632.o
                                          [ inventory ]
C:\Users\Bau_M\AppData\Local\Temp/lcc2145633.o
                                          [ inventory_input ]
C:\Users\Bau_M\AppData\Local\Temp/lcc2145634.o
                                          [ load ]
C:\Users\Bau_M\AppData\Local\Temp/lcc2145635.o
                                          [ map_scenes ]
C:\Users\Bau_M\AppData\Local\Temp/lcc2145636.o
                                          [ minigames ]
C:\Users\Bau_M\AppData\Local\Temp/lcc2145637.o
                                          [ money ]
C:\Users\Bau_M\AppData\Local\Temp/lcc2145638.o
                                          [ name ]
C:\Users\Bau_M\AppData\Local\Temp/lcc2145639.o
                                          [ npcs ]
C:\Users\Bau_M\AppData\Local\Temp/lcc2145640.o
                                          [ npc_lines ]
C:\Users\Bau_M\AppData\Local\Temp/lcc2145641.o
                                          [ player ]
C:\Users\Bau_M\AppData\Local\Temp/lcc2145642.o
                                          [ position ]
C:\Users\Bau_M\AppData\Local\Temp/lcc2145643.o
                                          [ random ]
C:\Users\Bau_M\AppData\Local\Temp/lcc2145644.o
                                          [ render ]
C:\Users\Bau_M\AppData\Local\Temp/lcc2145645.o
                                          [ scene ]
C:\Users\Bau_M\AppData\Local\Temp/lcc2145646.o
                                          [ scene_manager ]
C:\Users\Bau_M\AppData\Local\Temp/lcc2145647.o
                                          [ speed ]
C:\Users\Bau_M\AppData\Local\Temp/lcc2145648.o
                                          [ gender_select ]
C:\Users\Bau_M\AppData\Local\Temp/lcc2145649.o
                                          [ gender_select_init ]
C:\Users\Bau_M\AppData\Local\Temp/lcc2145650.o
                                          [ gender_select_update ]
C:\Users\Bau_M\AppData\Local\Temp/lcc2145651.o
                                          [ inventory_scene ]
C:\Users\Bau_M\AppData\Local\Temp/lcc2145652.o
                                          [ inventory_scene_init ]
C:\Users\Bau_M\AppData\Local\Temp/lcc2145653.o
                                          [ inventory_scene_update ]
C:\Users\Bau_M\AppData\Local\Temp/lcc2145654.o
                                          [ main_menu ]
C:\Users\Bau_M\AppData\Local\Temp/lcc2145655.o
                                          [ main_menu_init ]
C:\Users\Bau_M\AppData\Local\Temp/lcc2145656.o
                                          [ main_menu_init_stats ]
C:\Users\Bau_M\AppData\Local\Temp/lcc2145657.o
                                          [ main_menu_input ]
C:\Users\Bau_M\AppData\Local\Temp/lcc2145658.o
                                          [ main_menu_update ]
C:\Users\Bau_M\AppData\Local\Temp/lcc2145659.o
                                          [ clean_text ]
C:\Users\Bau_M\AppData\Local\Temp/lcc2145660.o
                                          [ map_collision ]
C:\Users\Bau_M\AppData\Local\Temp/lcc2145661.o
                                          [ map_data ]
C:\Users\Bau_M\AppData\Local\Temp/lcc2145662.o
                                          [ map_player_movement ]
C:\Users\Bau_M\AppData\Local\Temp/lcc2145663.o
                                          [ map_00 ]
C:\Users\Bau_M\AppData\Local\Temp/lcc2145664.o
                                          [ map_00_check_items ]
C:\Users\Bau_M\AppData\Local\Temp/lcc2145665.o
                                          [ map_00_collision ]
C:\Users\Bau_M\AppData\Local\Temp/lcc2145666.o
                                          [ map_00_init ]
C:\Users\Bau_M\AppData\Local\Temp/lcc2145667.o
                                          [ map_00_init_dialogues ]
C:\Users\Bau_M\AppData\Local\Temp/lcc2145668.o
                                          [ map_00_init_npc ]
C:\Users\Bau_M\AppData\Local\Temp/lcc2145669.o
                                          [ map_00_update ]
C:\Users\Bau_M\AppData\Local\Temp/lcc2145670.o
                                          [ mg_load_screen ]
C:\Users\Bau_M\AppData\Local\Temp/lcc2145671.o
                                          [ mg_mission_complete ]
C:\Users\Bau_M\AppData\Local\Temp/lcc2145672.o
                                          [ mg_player_movement ]
C:\Users\Bau_M\AppData\Local\Temp/lcc2145673.o
                                          [ mg_timer ]
C:\Users\Bau_M\AppData\Local\Temp/lcc2145674.o
                                          [ mini_games ]
C:\Users\Bau_M\AppData\Local\Temp/lcc2145675.o
                                          [ mg_leaves ]
C:\Users\Bau_M\AppData\Local\Temp/lcc2145676.o
                                          [ mg_leaves_init ]
C:\Users\Bau_M\AppData\Local\Temp/lcc2145677.o
                                          [ mg_leaves_load_bkg ]
C:\Users\Bau_M\AppData\Local\Temp/lcc2145678.o
                                          [ mg_leaves_player_init ]
C:\Users\Bau_M\AppData\Local\Temp/lcc2145679.o
                                          [ mg_leaves_update ]
C:\Users\Bau_M\AppData\Local\Temp/lcc2145680.o
                                          [ main ]


Libraries Linked                          [ object file ]

C:\Program Files\GBDK\lib/gb/gb.lib       [ sfr.o ]
C:\Program Files\GBDK\lib/sm83/sm83.lib   [ div.o ]
C:\Program Files\GBDK\lib/sm83/sm83.lib   [ free.o ]
C:\Program Files\GBDK\lib/sm83/sm83.lib   [ malloc.o ]
C:\Program Files\GBDK\lib/gb/gb.lib       [ set_data.o ]
C:\Program Files\GBDK\lib/gb/gb.lib       [ set_tile.o ]
C:\Program Files\GBDK\lib/sm83/sm83.lib   [ mul.o ]
C:\Program Files\GBDK\lib/gb/gb.lib       [ pad.o ]
C:\Program Files\GBDK\lib/sm83/sm83.lib   [ __sdcc_call_hl.o ]
C:\Program Files\GBDK\lib/sm83/sm83.lib   [ memcpy.o ]
C:\Program Files\GBDK\lib/gb/gb.lib       [ heap.o ]
C:\Program Files\GBDK\lib/gb/gb.lib       [ set_bk_t.o ]
C:\Program Files\GBDK\lib/gb/gb.lib       [ set_xy_t.o ]

ASxxxx Linker V03.00/V05.40 + sdld,  page 182.

User Base Address Definitions

_DATA=0xC0A0
_CODE=0x0200
_HRAM=0xFF80
ASxxxx Linker V03.00/V05.40 + sdld,  page 183.

User Global Definitions

_shadow_OAM=0xC000
.STACK=0xE000

