ASxxxx Linker V03.00/V05.40 + sdld,  page 1.
Hexadecimal  [32-Bits]

Area                                    Addr        Size        Decimal Bytes (Attributes)
--------------------------------        ----        ----        ------- ----- ------------
.  .ABS.                            00000000    00000000 =           0. bytes (ABS,CON)

      Value  Global                              Global Defined In Module
      -----  --------------------------------   ------------------------
     00000000  .__.ABS.                           SetTileMap
     00000000  _rMBC7_SRAM_ENABLE_1               
     00000000  _rRAMG                             
     00000000  l__BASE                         
     00000000  l__BSS                          
     00000000  l__CABS                         
     00000000  l__CODE_0                       
     00000000  l__DABS                         
     00000000  l__HEADER                       
     00000000  l__LIT                          
     00000000  s__CABS                         
     00000000  s__DABS                         
     00000000  s__HEADER                       
     00000000  s__HEADER0                      
     00000000  s__HEADER1                      
     00000000  s__HEADER10                     
     00000000  s__HEADER11                     
     00000000  s__HEADER2                      
     00000000  s__HEADER3                      
     00000000  s__HEADER4                      
     00000000  s__HEADER5                      
     00000000  s__HEADER6                      
     00000000  s__HEADER7                      
     00000000  s__HEADER8                      
     00000000  s__HEADER9                      
     00000000  s__HEADERa                      
     00000000  s__HEADERb                      
     00000000  s__HEADERc                      
     00000000  s__HEADERd                      
     00000000  s__HEADERe                      
     00000000  s__HEADERf                      
     00000001  l__GSFINAL                      
     00000001  l__HEADER0                      
     00000001  l__HEADER5                      
     00000001  l__HEADERa                      
     00000001  l__HEADERb                      
     00000001  l__HEADERc                      
     00000001  l__HEADERe                      
     00000001  l__HEADERf                      
     00000001  l__HEAP_END                     
     00000002  l__HEADER10                     
     00000002  l__HEADER6                      
     00000002  l__HEADERd                      
     00000003  l__HEADER9                      
     00000005  l__HEADER1                      
     00000006  l__HEADER8                      
     00000007  l__HEADER2                      
     00000008  l__HEADER3                      
     0000000F  l__GSINIT                       
     00000013  l__HRAM                         
ASxxxx Linker V03.00/V05.40 + sdld,  page 2.
Hexadecimal  [32-Bits]

Area                                    Addr        Size        Decimal Bytes (Attributes)
--------------------------------        ----        ----        ------- ----- ------------
.  .ABS.                            00000000    00000000 =           0. bytes (ABS,CON)

      Value  Global                              Global Defined In Module
      -----  --------------------------------   ------------------------
     00000030  l__HEADER7                      
     00000060  l__HEADER4                      
     000000AB  l__HEADER11                     
     0000012C  l__HOME                         
     00000200  s__CODE                         
     00000239  l__INITIALIZED                  
     00000239  l__INITIALIZER                  
     00000319  l__DATA                         
     000007FF  l__HEAP                         
     00000E08  l__CODE_2                       
     00001220  l__CODE_1                       
     00002000  _rROMB0                            
     00002BB8  l__CODE                         
     00002DB8  s__HOME                         
     00002EE4  s__BASE                         
     00002EE4  s__CODE_0                       
     00002EE4  s__INITIALIZER                  
     00002EE4  s__LIT                          
     00003000  _rROMB1                            
     0000311D  s__GSINIT                       
     0000312C  s__GSFINAL                      
     00004000  _rMBC7_SRAM_ENABLE_2               
     00004000  _rRAMB                             
     00008000  __VRAM                             
     00008000  __VRAM8000                         
     00008800  __VRAM8800                         
     00009000  __VRAM9000                         
     00009800  __SCRN0                            
     00009C00  __SCRN1                            
     0000A000  __SRAM                             
     0000A000  _rMBC7_LATCH_1                     
     0000A010  _rMBC7_LATCH_2                     
     0000A020  _rMBC7_ACCEL_X_LO                  
     0000A030  _rMBC7_ACCEL_X_HI                  
     0000A040  _rMBC7_ACCEL_Y_LO                  
     0000A050  _rMBC7_ACCEL_Y_HI                  
     0000C000  __RAM                              
     0000C000  _shadow_OAM                     
     0000C0A0  s__DATA                         
     0000C3B9  s__BSS                          
     0000C3B9  s__INITIALIZED                  
     0000C5F2  s__HEAP                         
     0000CDF1  s__HEAP_END                     
     0000D000  __RAMBANK                          
     0000E000  .STACK                          
     0000FE00  __OAMRAM                           
     0000FF00  _P1_REG                            
     0000FF00  __IO                               
     0000FF01  _SB_REG                            
     0000FF02  _SC_REG                            
     0000FF04  _DIV_REG                           
ASxxxx Linker V03.00/V05.40 + sdld,  page 3.
Hexadecimal  [32-Bits]

Area                                    Addr        Size        Decimal Bytes (Attributes)
--------------------------------        ----        ----        ------- ----- ------------
.  .ABS.                            00000000    00000000 =           0. bytes (ABS,CON)

      Value  Global                              Global Defined In Module
      -----  --------------------------------   ------------------------
     0000FF05  _TIMA_REG                          
     0000FF06  _TMA_REG                           
     0000FF07  _TAC_REG                           
     0000FF0F  _IF_REG                            
     0000FF10  _NR10_REG                          
     0000FF11  _NR11_REG                          
     0000FF12  _NR12_REG                          
     0000FF13  _NR13_REG                          
     0000FF14  _NR14_REG                          
     0000FF16  _NR21_REG                          
     0000FF17  _NR22_REG                          
     0000FF18  _NR23_REG                          
     0000FF19  _NR24_REG                          
     0000FF1A  _NR30_REG                          
     0000FF1B  _NR31_REG                          
     0000FF1C  _NR32_REG                          
     0000FF1D  _NR33_REG                          
     0000FF1E  _NR34_REG                          
     0000FF20  _NR41_REG                          
     0000FF21  _NR42_REG                          
     0000FF22  _NR43_REG                          
     0000FF23  _NR44_REG                          
     0000FF24  _NR50_REG                          
     0000FF25  _NR51_REG                          
     0000FF26  _NR52_REG                          
     0000FF30  _AUD3WAVE                          
     0000FF30  _PCM_SAMPLE                        
     0000FF30  __AUD3WAVERAM                      
     0000FF40  _LCDC_REG                          
     0000FF41  _STAT_REG                          
     0000FF42  _SCY_REG                           
     0000FF43  _SCX_REG                           
     0000FF44  _LY_REG                            
     0000FF45  _LYC_REG                           
     0000FF46  _DMA_REG                           
     0000FF47  _BGP_REG                           
     0000FF48  _OBP0_REG                          
     0000FF49  _OBP1_REG                          
     0000FF4A  _WY_REG                            
     0000FF4B  _WX_REG                            
     0000FF4D  _KEY1_REG                          
     0000FF4F  _VBK_REG                           
     0000FF51  _HDMA1_REG                         
     0000FF52  _HDMA2_REG                         
     0000FF53  _HDMA3_REG                         
     0000FF54  _HDMA4_REG                         
     0000FF55  _HDMA5_REG                         
     0000FF56  _RP_REG                            
     0000FF68  _BCPS_REG                          
     0000FF69  _BCPD_REG                          
     0000FF6A  _OCPS_REG                          
ASxxxx Linker V03.00/V05.40 + sdld,  page 4.
Hexadecimal  [32-Bits]

Area                                    Addr        Size        Decimal Bytes (Attributes)
--------------------------------        ----        ----        ------- ----- ------------
.  .ABS.                            00000000    00000000 =           0. bytes (ABS,CON)

      Value  Global                              Global Defined In Module
      -----  --------------------------------   ------------------------
     0000FF6B  _OCPD_REG                          
     0000FF70  _SVBK_REG                          
     0000FF76  _PCM12_REG                         
     0000FF77  _PCM34_REG                         
     0000FF80  __HRAM                             
     0000FF80  s__HRAM                         
     0000FFFF  _IE_REG                            
     00014000  s__CODE_1                       
     00024000  s__CODE_2                       

ASxxxx Linker V03.00/V05.40 + sdld,  page 5.
Hexadecimal  [32-Bits]

Area                                    Addr        Size        Decimal Bytes (Attributes)
--------------------------------        ----        ----        ------- ----- ------------
_CODE                               00000200    00002BB8 =       11192. bytes (REL,CON)

      Value  Global                              Global Defined In Module
      -----  --------------------------------   ------------------------
     00000200  A$lcc188760$58                     buttons
     00000200  C$buttons.c$21$0_0$126             buttons
     00000200  C$buttons.c$22$1_0$126             buttons
     00000200  G$init_buttons_tileset$0$0         buttons
     00000200  _init_buttons_tileset              buttons
     00000203  A$lcc188760$59                     buttons
     00000204  A$lcc188760$60                     buttons
     00000207  A$lcc188760$61                     buttons
     00000208  A$lcc188760$62                     buttons
     0000020B  A$lcc188760$63                     buttons
     0000020D  A$lcc188760$71                     buttons
     0000020D  C$buttons.c$23$1_0$126             buttons
     0000020D  XG$init_buttons_tileset$0$0        buttons
     0000020E  G$buttons_tileset$0_0$0            buttons
     0000020E  _buttons_tileset                   buttons
     0000023E  G$buttons_tilemap$0_0$0            buttons
     0000023E  _buttons_tilemap                   buttons
     00000241  G$chars_tileset$0_0$0              chars
     00000241  _chars_tileset                     chars
     00000441  G$chars_tilemap$0_0$0              chars
     00000441  _chars_tilemap                     chars
     00000460  G$numbers_tileset$0_0$0            numbers
     00000460  _numbers_tileset                   numbers
     00000500  G$numbers_tilemap$0_0$0            numbers
     00000500  _numbers_tilemap                   numbers
     0000050A  G$gender_select_tilemap$0_0$0      gender_select_tilemap
     0000050A  _gender_select_tilemap             gender_select_tilemap
     00000672  G$gender_select_tileset$0_0$0      gender_select_tileset
     00000672  _gender_select_tileset             gender_select_tileset
     00000962  A$lcc188769$58                     npc_icons
     00000962  C$npc_icons.c$27$0_0$127           npc_icons
     00000962  C$npc_icons.c$28$1_0$127           npc_icons
     00000962  G$InitNPCIcons$0$0                 npc_icons
     00000962  _InitNPCIcons                      npc_icons
     00000965  A$lcc188769$59                     npc_icons
     00000966  A$lcc188769$60                     npc_icons
     00000969  A$lcc188769$61                     npc_icons
     0000096A  A$lcc188769$62                     npc_icons
     0000096D  A$lcc188769$63                     npc_icons
     0000096F  A$lcc188769$71                     npc_icons
     0000096F  C$npc_icons.c$29$1_0$127           npc_icons
     0000096F  XG$InitNPCIcons$0$0                npc_icons
     00000970  G$npc_icons_tileset$0_0$0          npc_icons
     00000970  _npc_icons_tileset                 npc_icons
     000009D0  G$npc_icons_tilemap$0_0$0          npc_icons
     000009D0  _npc_icons_tilemap                 npc_icons
     000009D6  G$spr_Branch$0_0$0                 spr_Branch
     000009D6  _spr_Branch                        spr_Branch
     000009E6  A$lcc1887623$59                    action
     000009E6  C$action.c$11$0_0$171              action
ASxxxx Linker V03.00/V05.40 + sdld,  page 6.
Hexadecimal  [32-Bits]

Area                                    Addr        Size        Decimal Bytes (Attributes)
--------------------------------        ----        ----        ------- ----- ------------
_CODE                               00000200    00002BB8 =       11192. bytes (REL,CON)

      Value  Global                              Global Defined In Module
      -----  --------------------------------   ------------------------
     000009E6  G$move_up$0$0                      action
     000009E6  _move_up                           action
     000009E8  A$lcc1887623$60                    action
     000009EA  A$lcc1887623$61                    action
     000009EB  A$lcc1887623$65                    action
     000009EB  C$action.c$13$2_0$172              action
     000009EE  A$lcc1887623$66                    action
     000009F0  A$lcc1887623$70                    action
     000009F0  C$action.c$14$2_0$172              action
     000009F2  A$lcc1887623$74                    action
     000009F2  C$action.c$16$1_0$171              action
     000009F4  A$lcc1887623$75                    action
     000009F5  A$lcc1887623$76                    action
     000009F6  A$lcc1887623$77                    action
     000009F8  A$lcc1887623$78                    action
     000009F9  A$lcc1887623$79                    action
     000009FB  A$lcc1887623$80                    action
     000009FD  A$lcc1887623$81                    action
     000009FE  A$lcc1887623$82                    action
     000009FF  A$lcc1887623$83                    action
     00000A00  A$lcc1887623$84                    action
     00000A01  A$lcc1887623$85                    action
     00000A02  A$lcc1887623$86                    action
     00000A03  A$lcc1887623$87                    action
     00000A06  A$lcc1887623$88                    action
     00000A07  A$lcc1887623$89                    action
     00000A08  A$lcc1887623$90                    action
     00000A09  A$lcc1887623$91                    action
     00000A0A  A$lcc1887623$92                    action
     00000A0C  A$lcc1887623$93                    action
     00000A0D  A$lcc1887623$94                    action
     00000A0E  A$lcc1887623$95                    action
     00000A0F  A$lcc1887623$96                    action
     00000A10  A$lcc1887623$97                    action
     00000A11  A$lcc1887623$98                    action
     00000A12  A$lcc1887623$99                    action
     00000A13  A$lcc1887623$100                   action
     00000A15  A$lcc1887623$101                   action
     00000A16  A$lcc1887623$102                   action
     00000A17  A$lcc1887623$103                   action
     00000A18  A$lcc1887623$104                   action
     00000A19  A$lcc1887623$105                   action
     00000A1A  A$lcc1887623$106                   action
     00000A1B  A$lcc1887623$107                   action
     00000A1C  A$lcc1887623$108                   action
     00000A1D  A$lcc1887623$109                   action
     00000A1E  A$lcc1887623$110                   action
     00000A1F  A$lcc1887623$111                   action
     00000A20  A$lcc1887623$112                   action
     00000A21  A$lcc1887623$113                   action
     00000A22  A$lcc1887623$114                   action
ASxxxx Linker V03.00/V05.40 + sdld,  page 7.
Hexadecimal  [32-Bits]

Area                                    Addr        Size        Decimal Bytes (Attributes)
--------------------------------        ----        ----        ------- ----- ------------
_CODE                               00000200    00002BB8 =       11192. bytes (REL,CON)

      Value  Global                              Global Defined In Module
      -----  --------------------------------   ------------------------
     00000A23  A$lcc1887623$115                   action
     00000A25  A$lcc1887623$116                   action
     00000A26  A$lcc1887623$117                   action
     00000A27  A$lcc1887623$118                   action
     00000A28  A$lcc1887623$119                   action
     00000A29  A$lcc1887623$120                   action
     00000A2A  A$lcc1887623$124                   action
     00000A2A  C$action.c$17$1_0$171              action
     00000A2B  A$lcc1887623$125                   action
     00000A2C  A$lcc1887623$126                   action
     00000A2F  A$lcc1887623$127                   action
     00000A30  A$lcc1887623$128                   action
     00000A32  A$lcc1887623$129                   action
     00000A33  A$lcc1887623$130                   action
     00000A34  A$lcc1887623$131                   action
     00000A35  A$lcc1887623$132                   action
     00000A37  A$lcc1887623$133                   action
     00000A38  A$lcc1887623$134                   action
     00000A39  A$lcc1887623$139                   action
     00000A3B  A$lcc1887623$144                   action
     00000A3B  C$action.c$18$1_0$171              action
     00000A3B  XG$move_up$0$0                     action
     00000A3C  A$lcc1887623$154                   action
     00000A3C  C$action.c$20$1_0$174              action
     00000A3C  G$move_down$0$0                    action
     00000A3C  _move_down                         action
     00000A3E  A$lcc1887623$155                   action
     00000A40  A$lcc1887623$156                   action
     00000A41  A$lcc1887623$160                   action
     00000A41  C$action.c$22$2_0$175              action
     00000A44  A$lcc1887623$161                   action
     00000A46  A$lcc1887623$165                   action
     00000A46  C$action.c$23$2_0$175              action
     00000A48  A$lcc1887623$169                   action
     00000A48  C$action.c$25$1_0$174              action
     00000A4A  A$lcc1887623$170                   action
     00000A4B  A$lcc1887623$171                   action
     00000A4C  A$lcc1887623$172                   action
     00000A4E  A$lcc1887623$173                   action
     00000A4F  A$lcc1887623$174                   action
     00000A51  A$lcc1887623$175                   action
     00000A53  A$lcc1887623$176                   action
     00000A54  A$lcc1887623$177                   action
     00000A55  A$lcc1887623$178                   action
     00000A56  A$lcc1887623$179                   action
     00000A57  A$lcc1887623$180                   action
     00000A58  A$lcc1887623$181                   action
     00000A59  A$lcc1887623$182                   action
     00000A5C  A$lcc1887623$183                   action
     00000A5D  A$lcc1887623$184                   action
     00000A5E  A$lcc1887623$185                   action
ASxxxx Linker V03.00/V05.40 + sdld,  page 8.
Hexadecimal  [32-Bits]

Area                                    Addr        Size        Decimal Bytes (Attributes)
--------------------------------        ----        ----        ------- ----- ------------
_CODE                               00000200    00002BB8 =       11192. bytes (REL,CON)

      Value  Global                              Global Defined In Module
      -----  --------------------------------   ------------------------
     00000A5F  A$lcc1887623$186                   action
     00000A60  A$lcc1887623$187                   action
     00000A62  A$lcc1887623$188                   action
     00000A63  A$lcc1887623$189                   action
     00000A64  A$lcc1887623$190                   action
     00000A65  A$lcc1887623$191                   action
     00000A66  A$lcc1887623$192                   action
     00000A67  A$lcc1887623$193                   action
     00000A68  A$lcc1887623$194                   action
     00000A69  A$lcc1887623$195                   action
     00000A6B  A$lcc1887623$196                   action
     00000A6C  A$lcc1887623$197                   action
     00000A6D  A$lcc1887623$198                   action
     00000A6E  A$lcc1887623$199                   action
     00000A6F  A$lcc1887623$200                   action
     00000A70  A$lcc1887623$201                   action
     00000A71  A$lcc1887623$202                   action
     00000A72  A$lcc1887623$203                   action
     00000A73  A$lcc1887623$204                   action
     00000A74  A$lcc1887623$205                   action
     00000A75  A$lcc1887623$206                   action
     00000A76  A$lcc1887623$207                   action
     00000A77  A$lcc1887623$208                   action
     00000A78  A$lcc1887623$209                   action
     00000A79  A$lcc1887623$210                   action
     00000A7A  A$lcc1887623$211                   action
     00000A7B  A$lcc1887623$212                   action
     00000A7C  A$lcc1887623$216                   action
     00000A7C  C$action.c$26$1_0$174              action
     00000A7F  A$lcc1887623$217                   action
     00000A81  A$lcc1887623$218                   action
     00000A82  A$lcc1887623$219                   action
     00000A84  A$lcc1887623$220                   action
     00000A85  A$lcc1887623$221                   action
     00000A86  A$lcc1887623$222                   action
     00000A87  A$lcc1887623$223                   action
     00000A88  A$lcc1887623$224                   action
     00000A89  A$lcc1887623$229                   action
     00000A8B  A$lcc1887623$234                   action
     00000A8B  C$action.c$27$1_0$174              action
     00000A8B  XG$move_down$0$0                   action
     00000A8C  A$lcc1887623$244                   action
     00000A8C  C$action.c$29$1_0$177              action
     00000A8C  G$move_left$0$0                    action
     00000A8C  _move_left                         action
     00000A8E  A$lcc1887623$245                   action
     00000A90  A$lcc1887623$246                   action
     00000A91  A$lcc1887623$250                   action
     00000A91  C$action.c$31$2_0$178              action
     00000A94  A$lcc1887623$251                   action
     00000A96  A$lcc1887623$255                   action
ASxxxx Linker V03.00/V05.40 + sdld,  page 9.
Hexadecimal  [32-Bits]

Area                                    Addr        Size        Decimal Bytes (Attributes)
--------------------------------        ----        ----        ------- ----- ------------
_CODE                               00000200    00002BB8 =       11192. bytes (REL,CON)

      Value  Global                              Global Defined In Module
      -----  --------------------------------   ------------------------
     00000A96  C$action.c$32$2_0$178              action
     00000A98  A$lcc1887623$259                   action
     00000A98  C$action.c$34$1_0$177              action
     00000A9A  A$lcc1887623$260                   action
     00000A9B  A$lcc1887623$261                   action
     00000A9C  A$lcc1887623$262                   action
     00000A9E  A$lcc1887623$263                   action
     00000A9F  A$lcc1887623$264                   action
     00000AA1  A$lcc1887623$265                   action
     00000AA3  A$lcc1887623$266                   action
     00000AA4  A$lcc1887623$267                   action
     00000AA5  A$lcc1887623$268                   action
     00000AA6  A$lcc1887623$269                   action
     00000AA7  A$lcc1887623$270                   action
     00000AA8  A$lcc1887623$271                   action
     00000AA9  A$lcc1887623$272                   action
     00000AAC  A$lcc1887623$273                   action
     00000AAD  A$lcc1887623$274                   action
     00000AAE  A$lcc1887623$275                   action
     00000AAF  A$lcc1887623$276                   action
     00000AB0  A$lcc1887623$277                   action
     00000AB2  A$lcc1887623$278                   action
     00000AB3  A$lcc1887623$279                   action
     00000AB4  A$lcc1887623$280                   action
     00000AB5  A$lcc1887623$281                   action
     00000AB6  A$lcc1887623$282                   action
     00000AB7  A$lcc1887623$283                   action
     00000AB8  A$lcc1887623$284                   action
     00000AB9  A$lcc1887623$285                   action
     00000ABB  A$lcc1887623$286                   action
     00000ABC  A$lcc1887623$287                   action
     00000ABD  A$lcc1887623$288                   action
     00000ABE  A$lcc1887623$289                   action
     00000ABF  A$lcc1887623$290                   action
     00000AC0  A$lcc1887623$291                   action
     00000AC1  A$lcc1887623$292                   action
     00000AC2  A$lcc1887623$293                   action
     00000AC3  A$lcc1887623$294                   action
     00000AC4  A$lcc1887623$295                   action
     00000AC5  A$lcc1887623$296                   action
     00000AC6  A$lcc1887623$297                   action
     00000AC7  A$lcc1887623$298                   action
     00000AC8  A$lcc1887623$299                   action
     00000AC9  A$lcc1887623$300                   action
     00000ACB  A$lcc1887623$301                   action
     00000ACC  A$lcc1887623$302                   action
     00000ACD  A$lcc1887623$303                   action
     00000ACE  A$lcc1887623$304                   action
     00000ACF  A$lcc1887623$305                   action
     00000AD0  A$lcc1887623$309                   action
     00000AD0  C$action.c$35$1_0$177              action
ASxxxx Linker V03.00/V05.40 + sdld,  page 10.
Hexadecimal  [32-Bits]

Area                                    Addr        Size        Decimal Bytes (Attributes)
--------------------------------        ----        ----        ------- ----- ------------
_CODE                               00000200    00002BB8 =       11192. bytes (REL,CON)

      Value  Global                              Global Defined In Module
      -----  --------------------------------   ------------------------
     00000AD1  A$lcc1887623$310                   action
     00000AD2  A$lcc1887623$311                   action
     00000AD5  A$lcc1887623$312                   action
     00000AD6  A$lcc1887623$313                   action
     00000AD8  A$lcc1887623$314                   action
     00000AD9  A$lcc1887623$315                   action
     00000ADA  A$lcc1887623$316                   action
     00000ADB  A$lcc1887623$317                   action
     00000ADD  A$lcc1887623$318                   action
     00000ADE  A$lcc1887623$319                   action
     00000ADF  A$lcc1887623$324                   action
     00000AE1  A$lcc1887623$329                   action
     00000AE1  C$action.c$36$1_0$177              action
     00000AE1  XG$move_left$0$0                   action
     00000AE2  A$lcc1887623$339                   action
     00000AE2  C$action.c$38$1_0$180              action
     00000AE2  G$move_right$0$0                   action
     00000AE2  _move_right                        action
     00000AE4  A$lcc1887623$340                   action
     00000AE6  A$lcc1887623$341                   action
     00000AE7  A$lcc1887623$345                   action
     00000AE7  C$action.c$40$2_0$181              action
     00000AEA  A$lcc1887623$346                   action
     00000AEC  A$lcc1887623$350                   action
     00000AEC  C$action.c$41$2_0$181              action
     00000AEE  A$lcc1887623$354                   action
     00000AEE  C$action.c$43$1_0$180              action
     00000AF0  A$lcc1887623$355                   action
     00000AF1  A$lcc1887623$356                   action
     00000AF2  A$lcc1887623$357                   action
     00000AF4  A$lcc1887623$358                   action
     00000AF5  A$lcc1887623$359                   action
     00000AF7  A$lcc1887623$360                   action
     00000AF9  A$lcc1887623$361                   action
     00000AFA  A$lcc1887623$362                   action
     00000AFB  A$lcc1887623$363                   action
     00000AFC  A$lcc1887623$364                   action
     00000AFD  A$lcc1887623$365                   action
     00000AFE  A$lcc1887623$366                   action
     00000AFF  A$lcc1887623$367                   action
     00000B02  A$lcc1887623$368                   action
     00000B03  A$lcc1887623$369                   action
     00000B04  A$lcc1887623$370                   action
     00000B05  A$lcc1887623$371                   action
     00000B06  A$lcc1887623$372                   action
     00000B08  A$lcc1887623$373                   action
     00000B09  A$lcc1887623$374                   action
     00000B0A  A$lcc1887623$375                   action
     00000B0B  A$lcc1887623$376                   action
     00000B0C  A$lcc1887623$377                   action
     00000B0D  A$lcc1887623$378                   action
ASxxxx Linker V03.00/V05.40 + sdld,  page 11.
Hexadecimal  [32-Bits]

Area                                    Addr        Size        Decimal Bytes (Attributes)
--------------------------------        ----        ----        ------- ----- ------------
_CODE                               00000200    00002BB8 =       11192. bytes (REL,CON)

      Value  Global                              Global Defined In Module
      -----  --------------------------------   ------------------------
     00000B0E  A$lcc1887623$379                   action
     00000B0F  A$lcc1887623$380                   action
     00000B11  A$lcc1887623$381                   action
     00000B12  A$lcc1887623$382                   action
     00000B13  A$lcc1887623$383                   action
     00000B14  A$lcc1887623$384                   action
     00000B15  A$lcc1887623$385                   action
     00000B16  A$lcc1887623$386                   action
     00000B17  A$lcc1887623$387                   action
     00000B18  A$lcc1887623$388                   action
     00000B19  A$lcc1887623$389                   action
     00000B1A  A$lcc1887623$390                   action
     00000B1B  A$lcc1887623$391                   action
     00000B1C  A$lcc1887623$392                   action
     00000B1D  A$lcc1887623$393                   action
     00000B1E  A$lcc1887623$394                   action
     00000B1F  A$lcc1887623$395                   action
     00000B20  A$lcc1887623$396                   action
     00000B21  A$lcc1887623$397                   action
     00000B22  A$lcc1887623$401                   action
     00000B22  C$action.c$44$1_0$180              action
     00000B23  A$lcc1887623$402                   action
     00000B26  A$lcc1887623$403                   action
     00000B28  A$lcc1887623$404                   action
     00000B29  A$lcc1887623$405                   action
     00000B2B  A$lcc1887623$406                   action
     00000B2C  A$lcc1887623$407                   action
     00000B2D  A$lcc1887623$408                   action
     00000B2E  A$lcc1887623$409                   action
     00000B2F  A$lcc1887623$410                   action
     00000B30  A$lcc1887623$411                   action
     00000B31  A$lcc1887623$416                   action
     00000B33  A$lcc1887623$421                   action
     00000B33  C$action.c$45$1_0$180              action
     00000B33  XG$move_right$0$0                  action
     00000B34  A$lcc1887624$59                    animation
     00000B34  C$animation.c$7$0_0$137            animation
     00000B34  G$init_animation$0$0               animation
     00000B34  _init_animation                    animation
     00000B36  A$lcc1887624$60                    animation
     00000B38  A$lcc1887624$61                    animation
     00000B39  A$lcc1887624$62                    animation
     00000B3A  A$lcc1887624$63                    animation
     00000B3B  A$lcc1887624$64                    animation
     00000B3C  A$lcc1887624$65                    animation
     00000B3D  A$lcc1887624$69                    animation
     00000B3D  C$animation.c$12$1_0$137           animation
     00000B3F  A$lcc1887624$70                    animation
     00000B40  A$lcc1887624$71                    animation
     00000B41  A$lcc1887624$72                    animation
     00000B42  A$lcc1887624$73                    animation
ASxxxx Linker V03.00/V05.40 + sdld,  page 12.
Hexadecimal  [32-Bits]

Area                                    Addr        Size        Decimal Bytes (Attributes)
--------------------------------        ----        ----        ------- ----- ------------
_CODE                               00000200    00002BB8 =       11192. bytes (REL,CON)

      Value  Global                              Global Defined In Module
      -----  --------------------------------   ------------------------
     00000B43  A$lcc1887624$74                    animation
     00000B44  A$lcc1887624$75                    animation
     00000B45  A$lcc1887624$76                    animation
     00000B47  A$lcc1887624$77                    animation
     00000B49  A$lcc1887624$78                    animation
     00000B4A  A$lcc1887624$79                    animation
     00000B4B  A$lcc1887624$80                    animation
     00000B4C  A$lcc1887624$81                    animation
     00000B4D  A$lcc1887624$82                    animation
     00000B4E  A$lcc1887624$83                    animation
     00000B4F  A$lcc1887624$87                    animation
     00000B4F  C$animation.c$14$1_0$137           animation
     00000B50  A$lcc1887624$88                    animation
     00000B51  A$lcc1887624$89                    animation
     00000B52  A$lcc1887624$90                    animation
     00000B54  A$lcc1887624$91                    animation
     00000B55  A$lcc1887624$92                    animation
     00000B56  A$lcc1887624$96                    animation
     00000B56  C$animation.c$15$1_0$137           animation
     00000B57  A$lcc1887624$97                    animation
     00000B58  A$lcc1887624$98                    animation
     00000B59  A$lcc1887624$99                    animation
     00000B5A  A$lcc1887624$100                   animation
     00000B5B  A$lcc1887624$101                   animation
     00000B5C  A$lcc1887624$102                   animation
     00000B5E  A$lcc1887624$103                   animation
     00000B5F  A$lcc1887624$104                   animation
     00000B60  A$lcc1887624$105                   animation
     00000B61  A$lcc1887624$109                   animation
     00000B61  C$animation.c$16$1_0$137           animation
     00000B64  A$lcc1887624$110                   animation
     00000B65  A$lcc1887624$111                   animation
     00000B67  A$lcc1887624$115                   animation
     00000B67  C$animation.c$17$1_0$137           animation
     00000B68  A$lcc1887624$116                   animation
     00000B69  A$lcc1887624$117                   animation
     00000B6A  A$lcc1887624$118                   animation
     00000B6B  A$lcc1887624$119                   animation
     00000B6D  A$lcc1887624$123                   animation
     00000B6D  C$animation.c$18$1_0$137           animation
     00000B70  A$lcc1887624$124                   animation
     00000B71  A$lcc1887624$125                   animation
     00000B72  A$lcc1887624$126                   animation
     00000B74  A$lcc1887624$127                   animation
     00000B75  A$lcc1887624$128                   animation
     00000B76  A$lcc1887624$129                   animation
     00000B77  A$lcc1887624$133                   animation
     00000B77  C$animation.c$21$1_0$137           animation
     00000B78  A$lcc1887624$134                   animation
     00000B79  A$lcc1887624$135                   animation
     00000B7A  A$lcc1887624$136                   animation
ASxxxx Linker V03.00/V05.40 + sdld,  page 13.
Hexadecimal  [32-Bits]

Area                                    Addr        Size        Decimal Bytes (Attributes)
--------------------------------        ----        ----        ------- ----- ------------
_CODE                               00000200    00002BB8 =       11192. bytes (REL,CON)

      Value  Global                              Global Defined In Module
      -----  --------------------------------   ------------------------
     00000B7B  A$lcc1887624$137                   animation
     00000B7D  A$lcc1887624$138                   animation
     00000B7E  A$lcc1887624$139                   animation
     00000B7F  A$lcc1887624$140                   animation
     00000B80  A$lcc1887624$141                   animation
     00000B81  A$lcc1887624$142                   animation
     00000B84  A$lcc1887624$143                   animation
     00000B85  A$lcc1887624$144                   animation
     00000B86  A$lcc1887624$145                   animation
     00000B87  A$lcc1887624$146                   animation
     00000B89  A$lcc1887624$147                   animation
     00000B8A  A$lcc1887624$148                   animation
     00000B8B  A$lcc1887624$149                   animation
     00000B8C  A$lcc1887624$150                   animation
     00000B8E  A$lcc1887624$151                   animation
     00000B8F  A$lcc1887624$152                   animation
     00000B92  A$lcc1887624$153                   animation
     00000B93  A$lcc1887624$154                   animation
     00000B94  A$lcc1887624$155                   animation
     00000B95  A$lcc1887624$156                   animation
     00000B96  A$lcc1887624$160                   animation
     00000B96  C$animation.c$24$2_0$137           animation
     00000B98  A$lcc1887624$162                   animation
     00000B99  A$lcc1887624$163                   animation
     00000B9A  A$lcc1887624$164                   animation
     00000B9B  A$lcc1887624$165                   animation
     00000B9C  A$lcc1887624$166                   animation
     00000B9E  A$lcc1887624$167                   animation
     00000B9F  A$lcc1887624$168                   animation
     00000BA1  A$lcc1887624$173                   animation
     00000BA1  C$animation.c$32$2_0$140           animation
     00000BA3  A$lcc1887624$174                   animation
     00000BA4  A$lcc1887624$175                   animation
     00000BA5  A$lcc1887624$176                   animation
     00000BA6  A$lcc1887624$177                   animation
     00000BA9  A$lcc1887624$178                   animation
     00000BAA  A$lcc1887624$179                   animation
     00000BAB  A$lcc1887624$180                   animation
     00000BAC  A$lcc1887624$181                   animation
     00000BAD  A$lcc1887624$182                   animation
     00000BAE  A$lcc1887624$183                   animation
     00000BB0  A$lcc1887624$187                   animation
     00000BB0  C$animation.c$33$2_0$140           animation
     00000BB2  A$lcc1887624$188                   animation
     00000BB3  A$lcc1887624$189                   animation
     00000BB4  A$lcc1887624$194                   animation
     00000BB4  C$animation.c$34$2_0$137           animation
     00000BB6  A$lcc1887624$195                   animation
     00000BB7  A$lcc1887624$196                   animation
     00000BB9  A$lcc1887624$197                   animation
     00000BBA  A$lcc1887624$207                   animation
ASxxxx Linker V03.00/V05.40 + sdld,  page 14.
Hexadecimal  [32-Bits]

Area                                    Addr        Size        Decimal Bytes (Attributes)
--------------------------------        ----        ----        ------- ----- ------------
_CODE                               00000200    00002BB8 =       11192. bytes (REL,CON)

      Value  Global                              Global Defined In Module
      -----  --------------------------------   ------------------------
     00000BBA  C$animation.c$36$2_0$142           animation
     00000BBA  G$update_animation$0$0             animation
     00000BBA  _update_animation                  animation
     00000BBB  A$lcc1887624$208                   animation
     00000BBC  A$lcc1887624$209                   animation
     00000BBD  A$lcc1887624$210                   animation
     00000BBE  A$lcc1887624$214                   animation
     00000BBE  C$animation.c$38$1_0$142           animation
     00000BC1  A$lcc1887624$215                   animation
     00000BC2  A$lcc1887624$216                   animation
     00000BC3  A$lcc1887624$217                   animation
     00000BC4  A$lcc1887624$218                   animation
     00000BC5  A$lcc1887624$219                   animation
     00000BC6  A$lcc1887624$220                   animation
     00000BC7  A$lcc1887624$221                   animation
     00000BC8  A$lcc1887624$222                   animation
     00000BC9  A$lcc1887624$223                   animation
     00000BCB  A$lcc1887624$224                   animation
     00000BCC  A$lcc1887624$225                   animation
     00000BCD  A$lcc1887624$229                   animation
     00000BCD  C$animation.c$40$1_0$142           animation
     00000BD0  A$lcc1887624$230                   animation
     00000BD1  A$lcc1887624$231                   animation
     00000BD2  A$lcc1887624$232                   animation
     00000BD3  A$lcc1887624$233                   animation
     00000BD4  A$lcc1887624$234                   animation
     00000BD5  A$lcc1887624$235                   animation
     00000BD7  A$lcc1887624$236                   animation
     00000BD8  A$lcc1887624$237                   animation
     00000BD9  A$lcc1887624$241                   animation
     00000BD9  C$animation.c$41$2_0$143           animation
     00000BDA  A$lcc1887624$242                   animation
     00000BDB  A$lcc1887624$243                   animation
     00000BDC  A$lcc1887624$244                   animation
     00000BDD  A$lcc1887624$245                   animation
     00000BDE  A$lcc1887624$246                   animation
     00000BDF  A$lcc1887624$247                   animation
     00000BE1  A$lcc1887624$248                   animation
     00000BE2  A$lcc1887624$249                   animation
     00000BE4  A$lcc1887624$250                   animation
     00000BE5  A$lcc1887624$251                   animation
     00000BE6  A$lcc1887624$252                   animation
     00000BE8  A$lcc1887624$256                   animation
     00000BE8  C$animation.c$43$3_0$144           animation
     00000BE9  A$lcc1887624$257                   animation
     00000BEA  A$lcc1887624$261                   animation
     00000BEA  C$animation.c$44$3_0$144           animation
     00000BEB  A$lcc1887624$262                   animation
     00000BEC  A$lcc1887624$263                   animation
     00000BED  A$lcc1887624$264                   animation
     00000BEE  A$lcc1887624$265                   animation
ASxxxx Linker V03.00/V05.40 + sdld,  page 15.
Hexadecimal  [32-Bits]

Area                                    Addr        Size        Decimal Bytes (Attributes)
--------------------------------        ----        ----        ------- ----- ------------
_CODE                               00000200    00002BB8 =       11192. bytes (REL,CON)

      Value  Global                              Global Defined In Module
      -----  --------------------------------   ------------------------
     00000BEF  A$lcc1887624$266                   animation
     00000BF0  A$lcc1887624$270                   animation
     00000BF0  C$animation.c$45$4_0$145           animation
     00000BF1  A$lcc1887624$271                   animation
     00000BF2  A$lcc1887624$272                   animation
     00000BF3  A$lcc1887624$273                   animation
     00000BF4  A$lcc1887624$274                   animation
     00000BF5  A$lcc1887624$275                   animation
     00000BF7  A$lcc1887624$279                   animation
     00000BF7  C$animation.c$46$4_0$145           animation
     00000BF9  A$lcc1887624$284                   animation
     00000BFA  A$lcc1887624$285                   animation
     00000BFB  A$lcc1887624$290                   animation
     00000BFB  C$animation.c$48$2_0$142           animation
     00000BFB  XG$update_animation$0$0            animation
     00000BFC  A$lcc1887624$300                   animation
     00000BFC  C$animation.c$50$2_0$147           animation
     00000BFC  G$set_animation$0$0                animation
     00000BFC  _set_animation                     animation
     00000BFD  A$lcc1887624$301                   animation
     00000BFE  A$lcc1887624$302                   animation
     00000BFF  A$lcc1887624$306                   animation
     00000BFF  C$animation.c$52$2_0$148           animation
     00000C00  A$lcc1887624$307                   animation
     00000C02  A$lcc1887624$308                   animation
     00000C03  A$lcc1887624$309                   animation
     00000C04  A$lcc1887624$310                   animation
     00000C06  A$lcc1887624$311                   animation
     00000C07  A$lcc1887624$312                   animation
     00000C08  A$lcc1887624$313                   animation
     00000C09  A$lcc1887624$314                   animation
     00000C0A  A$lcc1887624$321                   animation
     00000C0A  C$animation.c$53$2_0$148           animation
     00000C0A  C$animation.c$55$1_0$147           animation
     00000C0B  A$lcc1887624$322                   animation
     00000C0C  A$lcc1887624$326                   animation
     00000C0C  C$animation.c$56$1_1$149           animation
     00000C0D  A$lcc1887624$327                   animation
     00000C0E  A$lcc1887624$328                   animation
     00000C0F  A$lcc1887624$329                   animation
     00000C10  A$lcc1887624$330                   animation
     00000C12  A$lcc1887624$331                   animation
     00000C13  A$lcc1887624$335                   animation
     00000C13  C$animation.c$57$1_1$149           animation
     00000C14  A$lcc1887624$336                   animation
     00000C15  A$lcc1887624$337                   animation
     00000C16  A$lcc1887624$338                   animation
     00000C17  A$lcc1887624$339                   animation
     00000C18  A$lcc1887624$340                   animation
     00000C19  A$lcc1887624$344                   animation
     00000C19  C$animation.c$58$1_1$149           animation
ASxxxx Linker V03.00/V05.40 + sdld,  page 16.
Hexadecimal  [32-Bits]

Area                                    Addr        Size        Decimal Bytes (Attributes)
--------------------------------        ----        ----        ------- ----- ------------
_CODE                               00000200    00002BB8 =       11192. bytes (REL,CON)

      Value  Global                              Global Defined In Module
      -----  --------------------------------   ------------------------
     00000C1C  A$lcc1887624$345                   animation
     00000C1D  A$lcc1887624$346                   animation
     00000C1F  A$lcc1887624$354                   animation
     00000C1F  C$animation.c$59$1_1$147           animation
     00000C1F  XG$set_animation$0$0               animation
     00000C20  A$lcc1887626$52                    char_to_tile
     00000C20  C$char_to_tile.c$3$0_0$3           char_to_tile
     00000C20  G$char_to_tile$0$0                 char_to_tile
     00000C20  _char_to_tile                      char_to_tile
     00000C22  A$lcc1887626$53                    char_to_tile
     00000C24  A$lcc1887626$54                    char_to_tile
     00000C25  A$lcc1887626$58                    char_to_tile
     00000C25  C$char_to_tile.c$4$2_0$3           char_to_tile
     00000C27  A$lcc1887626$59                    char_to_tile
     00000C29  A$lcc1887626$60                    char_to_tile
     00000C2A  A$lcc1887626$61                    char_to_tile
     00000C2C  A$lcc1887626$62                    char_to_tile
     00000C2D  A$lcc1887626$63                    char_to_tile
     00000C2F  A$lcc1887626$64                    char_to_tile
     00000C30  A$lcc1887626$65                    char_to_tile
     00000C32  A$lcc1887626$66                    char_to_tile
     00000C33  A$lcc1887626$67                    char_to_tile
     00000C35  A$lcc1887626$68                    char_to_tile
     00000C36  A$lcc1887626$69                    char_to_tile
     00000C38  A$lcc1887626$70                    char_to_tile
     00000C39  A$lcc1887626$71                    char_to_tile
     00000C3B  A$lcc1887626$72                    char_to_tile
     00000C3C  A$lcc1887626$73                    char_to_tile
     00000C3E  A$lcc1887626$74                    char_to_tile
     00000C3F  A$lcc1887626$75                    char_to_tile
     00000C41  A$lcc1887626$76                    char_to_tile
     00000C42  A$lcc1887626$77                    char_to_tile
     00000C44  A$lcc1887626$78                    char_to_tile
     00000C45  A$lcc1887626$79                    char_to_tile
     00000C47  A$lcc1887626$80                    char_to_tile
     00000C48  A$lcc1887626$81                    char_to_tile
     00000C4A  A$lcc1887626$82                    char_to_tile
     00000C4B  A$lcc1887626$83                    char_to_tile
     00000C4D  A$lcc1887626$84                    char_to_tile
     00000C4E  A$lcc1887626$85                    char_to_tile
     00000C50  A$lcc1887626$86                    char_to_tile
     00000C51  A$lcc1887626$87                    char_to_tile
     00000C53  A$lcc1887626$88                    char_to_tile
     00000C54  A$lcc1887626$89                    char_to_tile
     00000C56  A$lcc1887626$90                    char_to_tile
     00000C57  A$lcc1887626$91                    char_to_tile
     00000C59  A$lcc1887626$92                    char_to_tile
     00000C5A  A$lcc1887626$93                    char_to_tile
     00000C5C  A$lcc1887626$94                    char_to_tile
     00000C5D  A$lcc1887626$95                    char_to_tile
     00000C5F  A$lcc1887626$96                    char_to_tile
ASxxxx Linker V03.00/V05.40 + sdld,  page 17.
Hexadecimal  [32-Bits]

Area                                    Addr        Size        Decimal Bytes (Attributes)
--------------------------------        ----        ----        ------- ----- ------------
_CODE                               00000200    00002BB8 =       11192. bytes (REL,CON)

      Value  Global                              Global Defined In Module
      -----  --------------------------------   ------------------------
     00000C60  A$lcc1887626$97                    char_to_tile
     00000C62  A$lcc1887626$98                    char_to_tile
     00000C63  A$lcc1887626$99                    char_to_tile
     00000C65  A$lcc1887626$100                   char_to_tile
     00000C66  A$lcc1887626$101                   char_to_tile
     00000C68  A$lcc1887626$102                   char_to_tile
     00000C69  A$lcc1887626$103                   char_to_tile
     00000C6B  A$lcc1887626$104                   char_to_tile
     00000C6C  A$lcc1887626$105                   char_to_tile
     00000C6E  A$lcc1887626$106                   char_to_tile
     00000C6F  A$lcc1887626$107                   char_to_tile
     00000C71  A$lcc1887626$108                   char_to_tile
     00000C72  A$lcc1887626$109                   char_to_tile
     00000C74  A$lcc1887626$110                   char_to_tile
     00000C75  A$lcc1887626$111                   char_to_tile
     00000C77  A$lcc1887626$112                   char_to_tile
     00000C78  A$lcc1887626$113                   char_to_tile
     00000C7A  A$lcc1887626$114                   char_to_tile
     00000C7B  A$lcc1887626$115                   char_to_tile
     00000C7D  A$lcc1887626$116                   char_to_tile
     00000C7E  A$lcc1887626$117                   char_to_tile
     00000C80  A$lcc1887626$118                   char_to_tile
     00000C81  A$lcc1887626$119                   char_to_tile
     00000C83  A$lcc1887626$120                   char_to_tile
     00000C84  A$lcc1887626$124                   char_to_tile
     00000C84  C$char_to_tile.c$5$3_0$4           char_to_tile
     00000C85  A$lcc1887626$125                   char_to_tile
     00000C86  A$lcc1887626$126                   char_to_tile
     00000C87  A$lcc1887626$127                   char_to_tile
     00000C88  A$lcc1887626$128                   char_to_tile
     00000C8B  A$lcc1887626$130                   char_to_tile
     00000C8C  A$lcc1887626$131                   char_to_tile
     00000C8E  A$lcc1887626$132                   char_to_tile
     00000C90  A$lcc1887626$136                   char_to_tile
     00000C90  C$char_to_tile.c$6$4_0$6           char_to_tile
     00000C93  A$lcc1887626$137                   char_to_tile
     00000C94  A$lcc1887626$138                   char_to_tile
     00000C95  A$lcc1887626$139                   char_to_tile
     00000C96  A$lcc1887626$140                   char_to_tile
     00000C98  A$lcc1887626$141                   char_to_tile
     00000C99  A$lcc1887626$142                   char_to_tile
     00000C9A  A$lcc1887626$143                   char_to_tile
     00000C9C  A$lcc1887626$147                   char_to_tile
     00000C9C  C$char_to_tile.c$7$5_0$7           char_to_tile
     00000C9E  A$lcc1887626$148                   char_to_tile
     00000C9F  A$lcc1887626$149                   char_to_tile
     00000CA1  A$lcc1887626$150                   char_to_tile
     00000CA2  A$lcc1887626$151                   char_to_tile
     00000CA4  A$lcc1887626$156                   char_to_tile
     00000CA4  C$char_to_tile.c$5$2_0$4           char_to_tile
     00000CA5  A$lcc1887626$157                   char_to_tile
ASxxxx Linker V03.00/V05.40 + sdld,  page 18.
Hexadecimal  [32-Bits]

Area                                    Addr        Size        Decimal Bytes (Attributes)
--------------------------------        ----        ----        ------- ----- ------------
_CODE                               00000200    00002BB8 =       11192. bytes (REL,CON)

      Value  Global                              Global Defined In Module
      -----  --------------------------------   ------------------------
     00000CA7  A$lcc1887626$158                   char_to_tile
     00000CA8  A$lcc1887626$159                   char_to_tile
     00000CA9  A$lcc1887626$160                   char_to_tile
     00000CAA  A$lcc1887626$161                   char_to_tile
     00000CAC  A$lcc1887626$166                   char_to_tile
     00000CAC  C$char_to_tile.c$11$1_0$3          char_to_tile
     00000CAF  A$lcc1887626$171                   char_to_tile
     00000CB1  A$lcc1887626$176                   char_to_tile
     00000CB1  C$char_to_tile.c$12$1_0$3          char_to_tile
     00000CB1  XG$char_to_tile$0$0                char_to_tile
     00000CB2  A$lcc1887627$52                    collision
     00000CB2  C$collision.c$3$0_0$3              collision
     00000CB2  G$check_collision$0$0              collision
     00000CB2  _check_collision                   collision
     00000CB4  A$lcc1887627$53                    collision
     00000CB5  A$lcc1887627$54                    collision
     00000CB7  A$lcc1887627$55                    collision
     00000CB8  A$lcc1887627$59                    collision
     00000CB8  C$collision.c$8$1_0$3              collision
     00000CBA  A$lcc1887627$60                    collision
     00000CBB  A$lcc1887627$61                    collision
     00000CBD  A$lcc1887627$62                    collision
     00000CBE  A$lcc1887627$63                    collision
     00000CC0  A$lcc1887627$64                    collision
     00000CC2  A$lcc1887627$65                    collision
     00000CC3  A$lcc1887627$66                    collision
     00000CC5  A$lcc1887627$67                    collision
     00000CC6  A$lcc1887627$68                    collision
     00000CC7  A$lcc1887627$69                    collision
     00000CC8  A$lcc1887627$70                    collision
     00000CC9  A$lcc1887627$71                    collision
     00000CCA  A$lcc1887627$72                    collision
     00000CCB  A$lcc1887627$73                    collision
     00000CCC  A$lcc1887627$74                    collision
     00000CCD  A$lcc1887627$75                    collision
     00000CCE  A$lcc1887627$76                    collision
     00000CCF  A$lcc1887627$77                    collision
     00000CD0  A$lcc1887627$78                    collision
     00000CD2  A$lcc1887627$79                    collision
     00000CD3  A$lcc1887627$80                    collision
     00000CD4  A$lcc1887627$81                    collision
     00000CD5  A$lcc1887627$82                    collision
     00000CD7  A$lcc1887627$83                    collision
     00000CD8  A$lcc1887627$84                    collision
     00000CDA  A$lcc1887627$85                    collision
     00000CDB  A$lcc1887627$86                    collision
     00000CDC  A$lcc1887627$87                    collision
     00000CDD  A$lcc1887627$88                    collision
     00000CDE  A$lcc1887627$89                    collision
     00000CDF  A$lcc1887627$90                    collision
     00000CE1  A$lcc1887627$94                    collision
ASxxxx Linker V03.00/V05.40 + sdld,  page 19.
Hexadecimal  [32-Bits]

Area                                    Addr        Size        Decimal Bytes (Attributes)
--------------------------------        ----        ----        ------- ----- ------------
_CODE                               00000200    00002BB8 =       11192. bytes (REL,CON)

      Value  Global                              Global Defined In Module
      -----  --------------------------------   ------------------------
     00000CE1  C$collision.c$9$1_0$3              collision
     00000CE2  A$lcc1887627$95                    collision
     00000CE3  A$lcc1887627$96                    collision
     00000CE4  A$lcc1887627$97                    collision
     00000CE5  A$lcc1887627$98                    collision
     00000CE6  A$lcc1887627$99                    collision
     00000CE8  A$lcc1887627$100                   collision
     00000CE9  A$lcc1887627$101                   collision
     00000CEA  A$lcc1887627$102                   collision
     00000CEB  A$lcc1887627$103                   collision
     00000CEC  A$lcc1887627$104                   collision
     00000CEE  A$lcc1887627$108                   collision
     00000CEE  C$collision.c$10$1_0$3             collision
     00000CF0  A$lcc1887627$109                   collision
     00000CF1  A$lcc1887627$110                   collision
     00000CF3  A$lcc1887627$111                   collision
     00000CF4  A$lcc1887627$112                   collision
     00000CF5  A$lcc1887627$113                   collision
     00000CF6  A$lcc1887627$114                   collision
     00000CF7  A$lcc1887627$115                   collision
     00000CF8  A$lcc1887627$116                   collision
     00000CF9  A$lcc1887627$117                   collision
     00000CFA  A$lcc1887627$118                   collision
     00000CFB  A$lcc1887627$119                   collision
     00000CFC  A$lcc1887627$120                   collision
     00000CFD  A$lcc1887627$121                   collision
     00000CFE  A$lcc1887627$122                   collision
     00000D00  A$lcc1887627$123                   collision
     00000D01  A$lcc1887627$124                   collision
     00000D02  A$lcc1887627$125                   collision
     00000D03  A$lcc1887627$126                   collision
     00000D05  A$lcc1887627$127                   collision
     00000D06  A$lcc1887627$128                   collision
     00000D07  A$lcc1887627$129                   collision
     00000D08  A$lcc1887627$130                   collision
     00000D09  A$lcc1887627$131                   collision
     00000D0B  A$lcc1887627$132                   collision
     00000D0C  A$lcc1887627$133                   collision
     00000D0D  A$lcc1887627$134                   collision
     00000D0E  A$lcc1887627$135                   collision
     00000D0F  A$lcc1887627$136                   collision
     00000D10  A$lcc1887627$137                   collision
     00000D12  A$lcc1887627$141                   collision
     00000D12  C$collision.c$11$1_0$3             collision
     00000D13  A$lcc1887627$142                   collision
     00000D14  A$lcc1887627$143                   collision
     00000D15  A$lcc1887627$144                   collision
     00000D16  A$lcc1887627$145                   collision
     00000D17  A$lcc1887627$146                   collision
     00000D19  A$lcc1887627$147                   collision
     00000D1A  A$lcc1887627$148                   collision
ASxxxx Linker V03.00/V05.40 + sdld,  page 20.
Hexadecimal  [32-Bits]

Area                                    Addr        Size        Decimal Bytes (Attributes)
--------------------------------        ----        ----        ------- ----- ------------
_CODE                               00000200    00002BB8 =       11192. bytes (REL,CON)

      Value  Global                              Global Defined In Module
      -----  --------------------------------   ------------------------
     00000D1B  A$lcc1887627$149                   collision
     00000D1C  A$lcc1887627$150                   collision
     00000D1D  A$lcc1887627$151                   collision
     00000D1F  A$lcc1887627$153                   collision
     00000D20  A$lcc1887627$154                   collision
     00000D22  A$lcc1887627$156                   collision
     00000D24  A$lcc1887627$161                   collision
     00000D24  C$collision.c$12$1_0$3             collision
     00000D26  A$lcc1887627$162                   collision
     00000D27  A$lcc1887627$163                   collision
     00000D29  A$lcc1887627$164                   collision
     00000D2A  A$lcc1887628$53                    draw
     00000D2A  C$draw.c$7$0_0$139                 draw
     00000D2A  G$draw_actor$0$0                   draw
     00000D2A  _draw_actor                        draw
     00000D2C  A$lcc1887628$54                    draw
     00000D2E  A$lcc1887628$55                    draw
     00000D2F  A$lcc1887628$59                    draw
     00000D2F  C$draw.c$9$1_0$139                 draw
     00000D32  A$lcc1887628$60                    draw
     00000D33  A$lcc1887628$61                    draw
     00000D35  A$lcc1887628$62                    draw
     00000D36  A$lcc1887628$63                    draw
     00000D37  A$lcc1887628$64                    draw
     00000D38  A$lcc1887628$65                    draw
     00000D39  A$lcc1887628$66                    draw
     00000D3B  A$lcc1887628$67                    draw
     00000D3C  A$lcc1887628$71                    draw
     00000D3C  C$draw.c$10$1_0$139                draw
     00000D3F  A$lcc1887628$72                    draw
     00000D41  A$lcc1887628$73                    draw
     00000D42  A$lcc1887628$74                    draw
     00000D44  A$lcc1887628$75                    draw
     00000D45  A$lcc1887628$76                    draw
     00000D46  A$lcc1887628$77                    draw
     00000D47  A$lcc1887628$78                    draw
     00000D48  A$lcc1887628$79                    draw
     00000D4A  A$lcc1887628$80                    draw
     00000D4B  A$lcc1887628$84                    draw
     00000D4B  C$draw.c$12$1_0$139                draw
     00000D4E  A$lcc1887628$85                    draw
     00000D50  A$lcc1887628$86                    draw
     00000D51  A$lcc1887628$87                    draw
     00000D53  A$lcc1887628$88                    draw
     00000D54  A$lcc1887628$89                    draw
     00000D55  A$lcc1887628$90                    draw
     00000D56  A$lcc1887628$91                    draw
     00000D57  A$lcc1887628$92                    draw
     00000D58  A$lcc1887628$93                    draw
     00000D59  A$lcc1887628$94                    draw
     00000D5A  A$lcc1887628$95                    draw
ASxxxx Linker V03.00/V05.40 + sdld,  page 21.
Hexadecimal  [32-Bits]

Area                                    Addr        Size        Decimal Bytes (Attributes)
--------------------------------        ----        ----        ------- ----- ------------
_CODE                               00000200    00002BB8 =       11192. bytes (REL,CON)

      Value  Global                              Global Defined In Module
      -----  --------------------------------   ------------------------
     00000D5B  A$lcc1887628$96                    draw
     00000D5C  A$lcc1887628$97                    draw
     00000D5D  A$lcc1887628$98                    draw
     00000D5E  A$lcc1887628$99                    draw
     00000D5F  A$lcc1887628$103                   draw
     00000D5F  C$draw.c$13$1_0$139                draw
     00000D62  A$lcc1887628$104                   draw
     00000D63  A$lcc1887628$105                   draw
     00000D64  A$lcc1887628$106                   draw
     00000D65  A$lcc1887628$107                   draw
     00000D66  A$lcc1887628$108                   draw
     00000D67  A$lcc1887628$109                   draw
     00000D68  A$lcc1887628$110                   draw
     00000D69  A$lcc1887628$111                   draw
     00000D6A  A$lcc1887628$112                   draw
     00000D6C  A$lcc1887628$113                   draw
     00000D6D  A$lcc1887628$114                   draw
     00000D6E  A$lcc1887628$118                   draw
     00000D6E  C$draw.c$15$1_0$139                draw
     00000D71  A$lcc1887628$119                   draw
     00000D72  A$lcc1887628$120                   draw
     00000D73  A$lcc1887628$121                   draw
     00000D75  A$lcc1887628$122                   draw
     00000D76  A$lcc1887628$126                   draw
     00000D76  C$draw.c$16$1_0$139                draw
     00000D77  A$lcc1887628$127                   draw
     00000D78  A$lcc1887628$128                   draw
     00000D79  A$lcc1887628$129                   draw
     00000D7A  A$lcc1887628$130                   draw
     00000D7B  A$lcc1887628$131                   draw
     00000D7C  A$lcc1887628$132                   draw
     00000D7F  A$lcc1887628$133                   draw
     00000D80  A$lcc1887628$134                   draw
     00000D81  A$lcc1887628$135                   draw
     00000D82  A$lcc1887628$136                   draw
     00000D84  A$lcc1887628$140                   draw
     00000D84  C$draw.c$18$1_0$139                draw
     00000D85  A$lcc1887628$141                   draw
     00000D86  A$lcc1887628$142                   draw
     00000D87  A$lcc1887628$143                   draw
     00000D88  A$lcc1887628$144                   draw
     00000D89  A$lcc1887628$148                   draw
     00000D89  C$draw.c$19$1_0$139                draw
     00000D8B  A$lcc1887628$149                   draw
     00000D8C  A$lcc1887628$150                   draw
     00000D8D  A$lcc1887628$151                   draw
     00000D8E  A$lcc1887628$152                   draw
     00000D8F  A$lcc1887628$153                   draw
     00000D90  A$lcc1887628$154                   draw
     00000D91  A$lcc1887628$155                   draw
     00000D92  A$lcc1887628$156                   draw
ASxxxx Linker V03.00/V05.40 + sdld,  page 22.
Hexadecimal  [32-Bits]

Area                                    Addr        Size        Decimal Bytes (Attributes)
--------------------------------        ----        ----        ------- ----- ------------
_CODE                               00000200    00002BB8 =       11192. bytes (REL,CON)

      Value  Global                              Global Defined In Module
      -----  --------------------------------   ------------------------
     00000D93  A$lcc1887628$157                   draw
     00000D94  A$lcc1887628$158                   draw
     00000D95  A$lcc1887628$159                   draw
     00000D96  A$lcc1887628$160                   draw
     00000D97  A$lcc1887628$161                   draw
     00000D98  A$lcc1887628$162                   draw
     00000D99  A$lcc1887628$166                   draw
     00000D99  C$draw.c$21$2_0$140                draw
     00000D9B  A$lcc1887628$167                   draw
     00000D9C  A$lcc1887628$174                   draw
     00000D9C  C$draw.c$22$2_0$140                draw
     00000D9C  C$draw.c$25$2_0$139                draw
     00000D9F  A$lcc1887628$175                   draw
     00000DA1  A$lcc1887628$177                   draw
     00000DA2  A$lcc1887628$178                   draw
     00000DA4  A$lcc1887628$179                   draw
     00000DA5  A$lcc1887628$180                   draw
     00000DA7  A$lcc1887628$182                   draw
     00000DA8  A$lcc1887628$183                   draw
     00000DA9  A$lcc1887628$184                   draw
     00000DAA  A$lcc1887628$185                   draw
     00000DAB  A$lcc1887628$186                   draw
     00000DAC  A$lcc1887628$187                   draw
     00000DAE  A$lcc1887628$188                   draw
     00000DB1  A$lcc1887628$189                   draw
     00000DB2  A$lcc1887628$190                   draw
     00000DB3  A$lcc1887628$191                   draw
     00000DB4  A$lcc1887628$192                   draw
     00000DB5  A$lcc1887628$194                   draw
     00000DB6  A$lcc1887628$195                   draw
     00000DB7  A$lcc1887628$196                   draw
     00000DB8  A$lcc1887628$197                   draw
     00000DB9  A$lcc1887628$198                   draw
     00000DBA  A$lcc1887628$199                   draw
     00000DBB  A$lcc1887628$200                   draw
     00000DBE  A$lcc1887628$201                   draw
     00000DBF  A$lcc1887628$202                   draw
     00000DC0  A$lcc1887628$203                   draw
     00000DC1  A$lcc1887628$204                   draw
     00000DC2  A$lcc1887628$205                   draw
     00000DC3  A$lcc1887628$209                   draw
     00000DC3  C$draw.c$25$2_0$141                draw
     00000DC4  A$lcc1887628$210                   draw
     00000DC6  A$lcc1887628$215                   draw
     00000DC6  C$draw.c$29$2_0$142                draw
     00000DC8  A$lcc1887628$216                   draw
     00000DC9  A$lcc1887628$217                   draw
     00000DCA  A$lcc1887628$218                   draw
     00000DCC  A$lcc1887628$220                   draw
     00000DCE  A$lcc1887628$221                   draw
     00000DCF  A$lcc1887628$223                   draw
ASxxxx Linker V03.00/V05.40 + sdld,  page 23.
Hexadecimal  [32-Bits]

Area                                    Addr        Size        Decimal Bytes (Attributes)
--------------------------------        ----        ----        ------- ----- ------------
_CODE                               00000200    00002BB8 =       11192. bytes (REL,CON)

      Value  Global                              Global Defined In Module
      -----  --------------------------------   ------------------------
     00000DD0  A$lcc1887628$224                   draw
     00000DD1  A$lcc1887628$225                   draw
     00000DD2  A$lcc1887628$226                   draw
     00000DD3  A$lcc1887628$227                   draw
     00000DD4  A$lcc1887628$228                   draw
     00000DD7  A$lcc1887628$229                   draw
     00000DD8  A$lcc1887628$230                   draw
     00000DD9  A$lcc1887628$231                   draw
     00000DDA  A$lcc1887628$233                   draw
     00000DDC  A$lcc1887628$234                   draw
     00000DDD  A$lcc1887628$235                   draw
     00000DDE  A$lcc1887628$236                   draw
     00000DDF  A$lcc1887628$237                   draw
     00000DE0  A$lcc1887628$238                   draw
     00000DE1  A$lcc1887628$242                   draw
     00000DE1  C$draw.c$31$2_0$142                draw
     00000DE4  A$lcc1887628$247                   draw
     00000DE4  C$draw.c$33$3_0$144                draw
     00000DE6  A$lcc1887628$248                   draw
     00000DE7  A$lcc1887628$249                   draw
     00000DE9  A$lcc1887628$250                   draw
     00000DEB  A$lcc1887628$254                   draw
     00000DEE  A$lcc1887628$255                   draw
     00000DF0  A$lcc1887628$256                   draw
     00000DF1  A$lcc1887628$257                   draw
     00000DF3  A$lcc1887628$258                   draw
     00000DF4  A$lcc1887628$259                   draw
     00000DF5  A$lcc1887628$260                   draw
     00000DF6  A$lcc1887628$261                   draw
     00000DF7  A$lcc1887628$262                   draw
     00000DF8  A$lcc1887628$266                   draw
     00000DF8  C$draw.c$31$2_0$139                draw
     00000DFA  A$lcc1887628$267                   draw
     00000DFB  A$lcc1887628$271                   draw
     00000DFB  C$draw.c$35$5_0$146                draw
     00000DFD  A$lcc1887628$272                   draw
     00000DFF  A$lcc1887628$275                   draw
     00000E00  A$lcc1887628$276                   draw
     00000E01  A$lcc1887628$277                   draw
     00000E02  A$lcc1887628$278                   draw
     00000E03  A$lcc1887628$279                   draw
     00000E04  A$lcc1887628$280                   draw
     00000E07  A$lcc1887628$281                   draw
     00000E08  A$lcc1887628$282                   draw
     00000E09  A$lcc1887628$283                   draw
     00000E0A  A$lcc1887628$285                   draw
     00000E0C  A$lcc1887628$286                   draw
     00000E0D  A$lcc1887628$287                   draw
     00000E0E  A$lcc1887628$288                   draw
     00000E0F  A$lcc1887628$290                   draw
     00000E10  A$lcc1887628$291                   draw
ASxxxx Linker V03.00/V05.40 + sdld,  page 24.
Hexadecimal  [32-Bits]

Area                                    Addr        Size        Decimal Bytes (Attributes)
--------------------------------        ----        ----        ------- ----- ------------
_CODE                               00000200    00002BB8 =       11192. bytes (REL,CON)

      Value  Global                              Global Defined In Module
      -----  --------------------------------   ------------------------
     00000E11  A$lcc1887628$292                   draw
     00000E12  A$lcc1887628$293                   draw
     00000E14  A$lcc1887628$294                   draw
     00000E15  A$lcc1887628$295                   draw
     00000E17  A$lcc1887628$297                   draw
     00000E18  A$lcc1887628$298                   draw
     00000E1B  A$lcc1887628$299                   draw
     00000E1C  A$lcc1887628$300                   draw
     00000E1D  A$lcc1887628$301                   draw
     00000E1E  A$lcc1887628$302                   draw
     00000E1F  A$lcc1887628$303                   draw
     00000E20  A$lcc1887628$304                   draw
     00000E21  A$lcc1887628$305                   draw
     00000E22  A$lcc1887628$307                   draw
     00000E23  A$lcc1887628$308                   draw
     00000E24  A$lcc1887628$309                   draw
     00000E25  A$lcc1887628$310                   draw
     00000E27  A$lcc1887628$311                   draw
     00000E28  A$lcc1887628$312                   draw
     00000E29  A$lcc1887628$316                   draw
     00000E29  C$draw.c$38$5_0$146                draw
     00000E2C  A$lcc1887628$320                   draw
     00000E2D  A$lcc1887628$321                   draw
     00000E2E  A$lcc1887628$322                   draw
     00000E2F  A$lcc1887628$323                   draw
     00000E30  A$lcc1887628$324                   draw
     00000E31  A$lcc1887628$325                   draw
     00000E34  A$lcc1887628$326                   draw
     00000E35  A$lcc1887628$327                   draw
     00000E36  A$lcc1887628$328                   draw
     00000E37  A$lcc1887628$330                   draw
     00000E39  A$lcc1887628$331                   draw
     00000E3A  A$lcc1887628$332                   draw
     00000E3B  A$lcc1887628$333                   draw
     00000E3C  A$lcc1887628$334                   draw
     00000E3D  A$lcc1887628$335                   draw
     00000E3E  A$lcc1887628$337                   draw
     00000E3F  A$lcc1887628$338                   draw
     00000E41  A$lcc1887628$339                   draw
     00000E42  A$lcc1887628$340                   draw
     00000E44  A$lcc1887628$342                   draw
     00000E45  A$lcc1887628$343                   draw
     00000E46  A$lcc1887628$344                   draw
     00000E47  A$lcc1887628$345                   draw
     00000E48  A$lcc1887628$346                   draw
     00000E49  A$lcc1887628$347                   draw
     00000E4C  A$lcc1887628$348                   draw
     00000E4D  A$lcc1887628$350                   draw
     00000E4E  A$lcc1887628$351                   draw
     00000E50  A$lcc1887628$352                   draw
     00000E51  A$lcc1887628$353                   draw
ASxxxx Linker V03.00/V05.40 + sdld,  page 25.
Hexadecimal  [32-Bits]

Area                                    Addr        Size        Decimal Bytes (Attributes)
--------------------------------        ----        ----        ------- ----- ------------
_CODE                               00000200    00002BB8 =       11192. bytes (REL,CON)

      Value  Global                              Global Defined In Module
      -----  --------------------------------   ------------------------
     00000E52  A$lcc1887628$354                   draw
     00000E53  A$lcc1887628$355                   draw
     00000E54  A$lcc1887628$359                   draw
     00000E54  C$draw.c$43$3_0$144                draw
     00000E56  A$lcc1887628$364                   draw
     00000E56  C$draw.c$46$4_0$149                draw
     00000E58  A$lcc1887628$365                   draw
[...]
     00024D42  A$lcc1887681$1203                  mg_leaves_update
     00024D44  A$lcc1887681$1208                  mg_leaves_update
     00024D44  C$mg_leaves_update.c$180$1_0$214   mg_leaves_update
     00024D46  A$lcc1887681$1209                  mg_leaves_update
     00024D48  A$lcc1887681$1210                  mg_leaves_update
     00024D4B  A$lcc1887681$1214                  mg_leaves_update
     00024D4B  C$mg_leaves_update.c$182$1_0$214   mg_leaves_update
     00024D4E  A$lcc1887681$1218                  mg_leaves_update
     00024D4E  C$mg_leaves_update.c$183$1_0$214   mg_leaves_update
     00024D51  A$lcc1887681$1222                  mg_leaves_update
     00024D51  C$mg_leaves_update.c$185$1_0$214   mg_leaves_update
     00024D54  A$lcc1887681$1223                  mg_leaves_update
     00024D57  A$lcc1887681$1227                  mg_leaves_update
     00024D57  C$mg_leaves_update.c$187$2_0$221   mg_leaves_update
     00024D5A  A$lcc1887681$1228                  mg_leaves_update
     00024D5D  A$lcc1887681$1229                  mg_leaves_update
     00024D5E  A$lcc1887681$1230                  mg_leaves_update
     00024D60  A$lcc1887681$1234                  mg_leaves_update
     00024D60  C$mg_leaves_update.c$189$3_0$222   mg_leaves_update
     00024D63  A$lcc1887681$1235                  mg_leaves_update
ASxxxx Linker V03.00/V05.40 + sdld,  page 183.
Hexadecimal  [32-Bits]

Area                                    Addr        Size        Decimal Bytes (Attributes)
--------------------------------        ----        ----        ------- ----- ------------
_CODE_2                             00024000    00000E08 =        3592. bytes (REL,CON)

      Value  Global                              Global Defined In Module
      -----  --------------------------------   ------------------------
     00024D66  A$lcc1887681$1239                  mg_leaves_update
     00024D66  C$mg_leaves_update.c$191$3_1$223   mg_leaves_update
     00024D69  A$lcc1887681$1243                  mg_leaves_update
     00024D69  C$mg_leaves_update.c$192$1_1$214   mg_leaves_update
     00024D6B  A$lcc1887681$1244                  mg_leaves_update
     00024D6C  A$lcc1887681$1245                  mg_leaves_update
     00024D6E  A$lcc1887681$1246                  mg_leaves_update
     00024D71  A$lcc1887681$1247                  mg_leaves_update
     00024D72  A$lcc1887681$1248                  mg_leaves_update
     00024D74  A$lcc1887681$1249                  mg_leaves_update
     00024D77  A$lcc1887681$1250                  mg_leaves_update
     00024D78  A$lcc1887681$1251                  mg_leaves_update
     00024D7A  A$lcc1887681$1252                  mg_leaves_update
     00024D7C  A$lcc1887681$1256                  mg_leaves_update
     00024D7C  C$mg_leaves_update.c$193$1_1$214   mg_leaves_update
     00024D7D  A$lcc1887681$1257                  mg_leaves_update
     00024D7E  A$lcc1887681$1258                  mg_leaves_update
     00024D80  A$lcc1887681$1259                  mg_leaves_update
     00024D81  A$lcc1887681$1260                  mg_leaves_update
     00024D84  A$lcc1887681$1261                  mg_leaves_update
     00024D85  A$lcc1887681$1262                  mg_leaves_update
     00024D87  A$lcc1887681$1263                  mg_leaves_update
     00024D8A  A$lcc1887681$1264                  mg_leaves_update
     00024D8B  A$lcc1887681$1265                  mg_leaves_update
     00024D8D  A$lcc1887681$1266                  mg_leaves_update
     00024D8F  A$lcc1887681$1270                  mg_leaves_update
     00024D8F  C$mg_leaves_update.c$194$1_1$214   mg_leaves_update
     00024D90  A$lcc1887681$1271                  mg_leaves_update
     00024D92  A$lcc1887681$1272                  mg_leaves_update
     00024D93  A$lcc1887681$1273                  mg_leaves_update
     00024D96  A$lcc1887681$1274                  mg_leaves_update
     00024D97  A$lcc1887681$1275                  mg_leaves_update
     00024D99  A$lcc1887681$1276                  mg_leaves_update
     00024D9B  A$lcc1887681$1277                  mg_leaves_update
     00024D9C  A$lcc1887681$1281                  mg_leaves_update
     00024D9C  C$mg_leaves_update.c$196$3_1$223   mg_leaves_update
     00024D9E  A$lcc1887681$1282                  mg_leaves_update
     00024D9F  A$lcc1887681$1283                  mg_leaves_update
     00024DA0  A$lcc1887681$1284                  mg_leaves_update
     00024DA2  A$lcc1887681$1285                  mg_leaves_update
     00024DA4  A$lcc1887681$1286                  mg_leaves_update
     00024DA7  A$lcc1887681$1290                  mg_leaves_update
     00024DA7  C$mg_leaves_update.c$197$3_1$223   mg_leaves_update
     00024DA9  A$lcc1887681$1291                  mg_leaves_update
     00024DAA  A$lcc1887681$1292                  mg_leaves_update
     00024DAB  A$lcc1887681$1293                  mg_leaves_update
     00024DAC  A$lcc1887681$1294                  mg_leaves_update
     00024DAE  A$lcc1887681$1295                  mg_leaves_update
     00024DB0  A$lcc1887681$1296                  mg_leaves_update
     00024DB3  A$lcc1887681$1300                  mg_leaves_update
     00024DB3  C$mg_leaves_update.c$198$3_1$223   mg_leaves_update
ASxxxx Linker V03.00/V05.40 + sdld,  page 184.
Hexadecimal  [32-Bits]

Area                                    Addr        Size        Decimal Bytes (Attributes)
--------------------------------        ----        ----        ------- ----- ------------
_CODE_2                             00024000    00000E08 =        3592. bytes (REL,CON)

      Value  Global                              Global Defined In Module
      -----  --------------------------------   ------------------------
     00024DB5  A$lcc1887681$1301                  mg_leaves_update
     00024DB6  A$lcc1887681$1302                  mg_leaves_update
     00024DB7  A$lcc1887681$1303                  mg_leaves_update
     00024DB8  A$lcc1887681$1304                  mg_leaves_update
     00024DBA  A$lcc1887681$1305                  mg_leaves_update
     00024DBC  A$lcc1887681$1306                  mg_leaves_update
     00024DBF  A$lcc1887681$1310                  mg_leaves_update
     00024DBF  C$mg_leaves_update.c$199$3_1$223   mg_leaves_update
     00024DC1  A$lcc1887681$1311                  mg_leaves_update
     00024DC2  A$lcc1887681$1312                  mg_leaves_update
     00024DC3  A$lcc1887681$1313                  mg_leaves_update
     00024DC4  A$lcc1887681$1314                  mg_leaves_update
     00024DC6  A$lcc1887681$1315                  mg_leaves_update
     00024DC8  A$lcc1887681$1316                  mg_leaves_update
     00024DCB  A$lcc1887681$1321                  mg_leaves_update
     00024DCB  C$mg_leaves_update.c$202$1_1$224   mg_leaves_update
     00024DCE  A$lcc1887681$1322                  mg_leaves_update
     00024DD1  A$lcc1887681$1323                  mg_leaves_update
     00024DD2  A$lcc1887681$1324                  mg_leaves_update
     00024DD5  A$lcc1887681$1325                  mg_leaves_update
     00024DD6  A$lcc1887681$1329                  mg_leaves_update
     00024DD6  C$mg_leaves_update.c$204$1_1$214   mg_leaves_update
     00024DD9  A$lcc1887681$1330                  mg_leaves_update
     00024DDA  A$lcc1887681$1331                  mg_leaves_update
     00024DDB  A$lcc1887681$1332                  mg_leaves_update
     00024DDC  A$lcc1887681$1333                  mg_leaves_update
     00024DDF  A$lcc1887681$1334                  mg_leaves_update
     00024DE2  A$lcc1887681$1335                  mg_leaves_update
     00024DE3  A$lcc1887681$1336                  mg_leaves_update
     00024DE4  A$lcc1887681$1337                  mg_leaves_update
     00024DE6  A$lcc1887681$1338                  mg_leaves_update
     00024DE7  A$lcc1887681$1342                  mg_leaves_update
     00024DE7  C$mg_leaves_update.c$205$1_1$214   mg_leaves_update
     00024DE8  A$lcc1887681$1343                  mg_leaves_update
     00024DEB  A$lcc1887681$1344                  mg_leaves_update
     00024DEE  A$lcc1887681$1345                  mg_leaves_update
     00024DEF  A$lcc1887681$1346                  mg_leaves_update
     00024DF0  A$lcc1887681$1347                  mg_leaves_update
     00024DF2  A$lcc1887681$1348                  mg_leaves_update
     00024DF3  A$lcc1887681$1352                  mg_leaves_update
     00024DF3  C$mg_leaves_update.c$207$1_1$224   mg_leaves_update
     00024DF4  A$lcc1887681$1353                  mg_leaves_update
     00024DF5  A$lcc1887681$1354                  mg_leaves_update
     00024DF6  A$lcc1887681$1355                  mg_leaves_update
     00024DF8  A$lcc1887681$1356                  mg_leaves_update
     00024DFA  A$lcc1887681$1357                  mg_leaves_update
     00024DFD  A$lcc1887681$1361                  mg_leaves_update
     00024DFD  C$mg_leaves_update.c$208$1_1$224   mg_leaves_update
     00024DFE  A$lcc1887681$1362                  mg_leaves_update
     00024E00  A$lcc1887681$1363                  mg_leaves_update
     00024E02  A$lcc1887681$1364                  mg_leaves_update
ASxxxx Linker V03.00/V05.40 + sdld,  page 185.
Hexadecimal  [32-Bits]

Area                                    Addr        Size        Decimal Bytes (Attributes)
--------------------------------        ----        ----        ------- ----- ------------
_CODE_2                             00024000    00000E08 =        3592. bytes (REL,CON)

      Value  Global                              Global Defined In Module
      -----  --------------------------------   ------------------------
     00024E05  A$lcc1887681$1372                  mg_leaves_update
     00024E05  C$mg_leaves_update.c$210$1_1$224   mg_leaves_update
     00024E07  A$lcc1887681$1377                  mg_leaves_update
     00024E07  C$mg_leaves_update.c$211$1_1$214   mg_leaves_update
     00024E07  XG$Mg_Leaves_Update$0$0            mg_leaves_update

ASxxxx Linker V03.00/V05.40 + sdld,  page 186.

Files Linked                              [ module(s) ]

C:\Program Files\GBDK\lib/gb/crt0.o       [ Runtime ]
C:\Users\Bau_M\AppData\Local\Temp/lcc188760.o
                                          [ buttons ]
C:\Users\Bau_M\AppData\Local\Temp/lcc188761.o
                                          [ chars ]
C:\Users\Bau_M\AppData\Local\Temp/lcc188762.o
                                          [ numbers ]
C:\Users\Bau_M\AppData\Local\Temp/lcc188763.o
                                          [ gender_select_tilemap ]
C:\Users\Bau_M\AppData\Local\Temp/lcc188764.o
                                          [ gender_select_tileset ]
C:\Users\Bau_M\AppData\Local\Temp/lcc188765.o
                                          [ inventory_bkg ]
C:\Users\Bau_M\AppData\Local\Temp/lcc188766.o
                                          [ bkg_MainMenu ]
C:\Users\Bau_M\AppData\Local\Temp/lcc188767.o
                                          [ map_example ]
C:\Users\Bau_M\AppData\Local\Temp/lcc188768.o
                                          [ bkg_leaves_example ]
C:\Users\Bau_M\AppData\Local\Temp/lcc188769.o
                                          [ npc_icons ]
C:\Users\Bau_M\AppData\Local\Temp/lcc1887610.o
                                          [ template_tileset ]
C:\Users\Bau_M\AppData\Local\Temp/lcc1887611.o
                                          [ spr_InventoryArrow_idle ]
C:\Users\Bau_M\AppData\Local\Temp/lcc1887612.o
                                          [ spr_Branch ]
C:\Users\Bau_M\AppData\Local\Temp/lcc1887613.o
                                          [ broom ]
C:\Users\Bau_M\AppData\Local\Temp/lcc1887614.o
                                          [ spr_garbage ]
C:\Users\Bau_M\AppData\Local\Temp/lcc1887615.o
                                          [ leaf ]
C:\Users\Bau_M\AppData\Local\Temp/lcc1887616.o
                                          [ example_npc ]
C:\Users\Bau_M\AppData\Local\Temp/lcc1887617.o
                                          [ spr_Player_down0 ]
C:\Users\Bau_M\AppData\Local\Temp/lcc1887618.o
                                          [ spr_Player_down1 ]
C:\Users\Bau_M\AppData\Local\Temp/lcc1887619.o
                                          [ spr_Player_down2 ]
C:\Users\Bau_M\AppData\Local\Temp/lcc1887620.o
                                          [ spr_Player_up0 ]
C:\Users\Bau_M\AppData\Local\Temp/lcc1887621.o
                                          [ spr_Player_up1 ]
C:\Users\Bau_M\AppData\Local\Temp/lcc1887622.o
                                          [ spr_Player_up2 ]
C:\Users\Bau_M\AppData\Local\Temp/lcc1887623.o
                                          [ action ]
C:\Users\Bau_M\AppData\Local\Temp/lcc1887624.o
                                          [ animation ]
C:\Users\Bau_M\AppData\Local\Temp/lcc1887625.o
                                          [ can_move ]
C:\Users\Bau_M\AppData\Local\Temp/lcc1887626.o
                                          [ char_to_tile ]
C:\Users\Bau_M\AppData\Local\Temp/lcc1887627.o
                                          [ collision ]
C:\Users\Bau_M\AppData\Local\Temp/lcc1887628.o
                                          [ draw ]
C:\Users\Bau_M\AppData\Local\Temp/lcc1887629.o
                                          [ entity ]
C:\Users\Bau_M\AppData\Local\Temp/lcc1887630.o
                                          [ extra_actors ]
C:\Users\Bau_M\AppData\Local\Temp/lcc1887631.o
                                          [ gender_selection ]
C:\Users\Bau_M\AppData\Local\Temp/lcc1887632.o
                                          [ input ]
C:\Users\Bau_M\AppData\Local\Temp/lcc1887633.o
                                          [ inventory ]
C:\Users\Bau_M\AppData\Local\Temp/lcc1887634.o
                                          [ inventory_input ]
C:\Users\Bau_M\AppData\Local\Temp/lcc1887635.o
                                          [ load ]
C:\Users\Bau_M\AppData\Local\Temp/lcc1887636.o
                                          [ map_scenes ]
C:\Users\Bau_M\AppData\Local\Temp/lcc1887637.o
                                          [ minigames ]
C:\Users\Bau_M\AppData\Local\Temp/lcc1887638.o
                                          [ money ]
C:\Users\Bau_M\AppData\Local\Temp/lcc1887639.o
                                          [ name ]
C:\Users\Bau_M\AppData\Local\Temp/lcc1887640.o
                                          [ npcs ]
C:\Users\Bau_M\AppData\Local\Temp/lcc1887641.o
                                          [ npc_lines ]
C:\Users\Bau_M\AppData\Local\Temp/lcc1887642.o
                                          [ player ]
C:\Users\Bau_M\AppData\Local\Temp/lcc1887643.o
                                          [ position ]
C:\Users\Bau_M\AppData\Local\Temp/lcc1887644.o
                                          [ random ]
C:\Users\Bau_M\AppData\Local\Temp/lcc1887645.o
                                          [ render ]
C:\Users\Bau_M\AppData\Local\Temp/lcc1887646.o
                                          [ scene ]
C:\Users\Bau_M\AppData\Local\Temp/lcc1887647.o
                                          [ scene_manager ]
C:\Users\Bau_M\AppData\Local\Temp/lcc1887648.o
                                          [ speed ]
C:\Users\Bau_M\AppData\Local\Temp/lcc1887649.o
                                          [ gender_select ]
C:\Users\Bau_M\AppData\Local\Temp/lcc1887650.o
                                          [ gender_select_init ]
C:\Users\Bau_M\AppData\Local\Temp/lcc1887651.o
                                          [ gender_select_update ]
C:\Users\Bau_M\AppData\Local\Temp/lcc1887652.o
                                          [ inventory_scene ]
C:\Users\Bau_M\AppData\Local\Temp/lcc1887653.o
                                          [ inventory_scene_init ]
C:\Users\Bau_M\AppData\Local\Temp/lcc1887654.o
                                          [ inventory_scene_update ]
C:\Users\Bau_M\AppData\Local\Temp/lcc1887655.o
                                          [ main_menu ]
C:\Users\Bau_M\AppData\Local\Temp/lcc1887656.o
                                          [ main_menu_init ]
C:\Users\Bau_M\AppData\Local\Temp/lcc1887657.o
                                          [ main_menu_init_stats ]
C:\Users\Bau_M\AppData\Local\Temp/lcc1887658.o
                                          [ main_menu_input ]
C:\Users\Bau_M\AppData\Local\Temp/lcc1887659.o
                                          [ main_menu_update ]
C:\Users\Bau_M\AppData\Local\Temp/lcc1887660.o
                                          [ clean_text ]
C:\Users\Bau_M\AppData\Local\Temp/lcc1887661.o
                                          [ map_collision ]
C:\Users\Bau_M\AppData\Local\Temp/lcc1887662.o
                                          [ map_data ]
C:\Users\Bau_M\AppData\Local\Temp/lcc1887663.o
                                          [ map_player_movement ]
C:\Users\Bau_M\AppData\Local\Temp/lcc1887664.o
                                          [ map_00 ]
C:\Users\Bau_M\AppData\Local\Temp/lcc1887665.o
                                          [ map_00_check_items ]
C:\Users\Bau_M\AppData\Local\Temp/lcc1887666.o
                                          [ map_00_collision ]
C:\Users\Bau_M\AppData\Local\Temp/lcc1887667.o
                                          [ map_00_init ]
C:\Users\Bau_M\AppData\Local\Temp/lcc1887668.o
                                          [ map_00_init_dialogues ]
C:\Users\Bau_M\AppData\Local\Temp/lcc1887669.o
                                          [ map_00_init_npc ]
C:\Users\Bau_M\AppData\Local\Temp/lcc1887670.o
                                          [ map_00_update ]
C:\Users\Bau_M\AppData\Local\Temp/lcc1887671.o
                                          [ mg_instruction_set ]
C:\Users\Bau_M\AppData\Local\Temp/lcc1887672.o
                                          [ mg_load_screen ]
C:\Users\Bau_M\AppData\Local\Temp/lcc1887673.o
                                          [ mg_mission_complete ]
C:\Users\Bau_M\AppData\Local\Temp/lcc1887674.o
                                          [ mg_player_movement ]
C:\Users\Bau_M\AppData\Local\Temp/lcc1887675.o
                                          [ mg_timer ]
C:\Users\Bau_M\AppData\Local\Temp/lcc1887676.o
                                          [ mini_games ]
C:\Users\Bau_M\AppData\Local\Temp/lcc1887677.o
                                          [ mg_leaves ]
C:\Users\Bau_M\AppData\Local\Temp/lcc1887678.o
                                          [ mg_leaves_init ]
C:\Users\Bau_M\AppData\Local\Temp/lcc1887679.o
                                          [ mg_leaves_load_bkg ]
C:\Users\Bau_M\AppData\Local\Temp/lcc1887680.o
                                          [ mg_leaves_player_init ]
C:\Users\Bau_M\AppData\Local\Temp/lcc1887681.o
                                          [ mg_leaves_update ]
C:\Users\Bau_M\AppData\Local\Temp/lcc1887682.o
                                          [ main ]


Libraries Linked                          [ object file ]

C:\Program Files\GBDK\lib/gb/gb.lib       [ sfr.o ]
C:\Program Files\GBDK\lib/sm83/sm83.lib   [ div.o ]
C:\Program Files\GBDK\lib/sm83/sm83.lib   [ free.o ]
C:\Program Files\GBDK\lib/sm83/sm83.lib   [ malloc.o ]
C:\Program Files\GBDK\lib/gb/gb.lib       [ set_data.o ]
C:\Program Files\GBDK\lib/gb/gb.lib       [ set_tile.o ]
C:\Program Files\GBDK\lib/sm83/sm83.lib   [ mul.o ]
C:\Program Files\GBDK\lib/gb/gb.lib       [ pad.o ]
C:\Program Files\GBDK\lib/sm83/sm83.lib   [ __sdcc_call_hl.o ]
C:\Program Files\GBDK\lib/sm83/sm83.lib   [ memcpy.o ]
C:\Program Files\GBDK\lib/gb/gb.lib       [ heap.o ]
C:\Program Files\GBDK\lib/gb/gb.lib       [ set_bk_t.o ]
C:\Program Files\GBDK\lib/gb/gb.lib       [ set_xy_t.o ]

ASxxxx Linker V03.00/V05.40 + sdld,  page 187.

User Base Address Definitions

_DATA=0xC0A0
_CODE=0x0200
_HRAM=0xFF80
ASxxxx Linker V03.00/V05.40 + sdld,  page 188.

User Global Definitions

_shadow_OAM=0xC000
.STACK=0xE000

