ASxxxx Linker V03.00/V05.40 + sdld,  page 1.
Hexadecimal  [32-Bits]

Area                                    Addr        Size        Decimal Bytes (Attributes)
--------------------------------        ----        ----        ------- ----- ------------
.  .ABS.                            00000000    00000000 =           0. bytes (ABS,CON)

      Value  Global                              Global Defined In Module
      -----  --------------------------------   ------------------------
     00000000  .__.ABS.                           SetTileMap
     00000000  _rMBC7_SRAM_ENABLE_1               
     00000000  _rRAMG                             
     00000000  l__BASE                         
     00000000  l__BSS                          
     00000000  l__CABS                         
     00000000  l__CODE_0                       
     00000000  l__DABS                         
     00000000  l__HEADER                       
     00000000  l__LIT                          
     00000000  s__CABS                         
     00000000  s__DABS                         
     00000000  s__HEADER                       
     00000000  s__HEADER0                      
     00000000  s__HEADER1                      
     00000000  s__HEADER10                     
     00000000  s__HEADER11                     
     00000000  s__HEADER2                      
     00000000  s__HEADER3                      
     00000000  s__HEADER4                      
     00000000  s__HEADER5                      
     00000000  s__HEADER6                      
     00000000  s__HEADER7                      
     00000000  s__HEADER8                      
     00000000  s__HEADER9                      
     00000000  s__HEADERa                      
     00000000  s__HEADERb                      
     00000000  s__HEADERc                      
     00000000  s__HEADERd                      
     00000000  s__HEADERe                      
     00000000  s__HEADERf                      
     00000001  l__GSFINAL                      
     00000001  l__HEADER0                      
     00000001  l__HEADER5                      
     00000001  l__HEADERa                      
     00000001  l__HEADERb                      
     00000001  l__HEADERc                      
     00000001  l__HEADERe                      
     00000001  l__HEADERf                      
     00000001  l__HEAP_END                     
     00000002  l__HEADER10                     
     00000002  l__HEADER6                      
     00000002  l__HEADERd                      
     00000003  l__HEADER9                      
     00000005  l__HEADER1                      
     00000006  l__HEADER8                      
     00000007  l__HEADER2                      
     00000008  l__HEADER3                      
     0000000F  l__GSINIT                       
     00000013  l__HRAM                         
ASxxxx Linker V03.00/V05.40 + sdld,  page 2.
Hexadecimal  [32-Bits]

Area                                    Addr        Size        Decimal Bytes (Attributes)
--------------------------------        ----        ----        ------- ----- ------------
.  .ABS.                            00000000    00000000 =           0. bytes (ABS,CON)

      Value  Global                              Global Defined In Module
      -----  --------------------------------   ------------------------
     00000030  l__HEADER7                      
     00000060  l__HEADER4                      
     000000AB  l__HEADER11                     
     0000012C  l__HOME                         
     00000173  l__DATA                         
     000001DD  l__INITIALIZED                  
     000001DD  l__INITIALIZER                  
     00000200  s__CODE                         
     000007FF  l__HEAP                         
     00002000  _rROMB0                            
     000029E6  l__CODE                         
     00002BE6  s__HOME                         
     00002D12  s__BASE                         
     00002D12  s__CODE_0                       
     00002D12  s__INITIALIZER                  
     00002D12  s__LIT                          
     00002EEF  s__GSINIT                       
     00002EFE  s__GSFINAL                      
     00003000  _rROMB1                            
     00004000  _rMBC7_SRAM_ENABLE_2               
     00004000  _rRAMB                             
     00008000  __VRAM                             
     00008000  __VRAM8000                         
     00008800  __VRAM8800                         
     00009000  __VRAM9000                         
     00009800  __SCRN0                            
     00009C00  __SCRN1                            
     0000A000  __SRAM                             
     0000A000  _rMBC7_LATCH_1                     
     0000A010  _rMBC7_LATCH_2                     
     0000A020  _rMBC7_ACCEL_X_LO                  
     0000A030  _rMBC7_ACCEL_X_HI                  
     0000A040  _rMBC7_ACCEL_Y_LO                  
     0000A050  _rMBC7_ACCEL_Y_HI                  
     0000C000  __RAM                              
     0000C000  _shadow_OAM                     
     0000C0A0  s__DATA                         
     0000C213  s__BSS                          
     0000C213  s__INITIALIZED                  
     0000C3F0  s__HEAP                         
     0000CBEF  s__HEAP_END                     
     0000D000  __RAMBANK                          
     0000E000  .STACK                          
     0000FE00  __OAMRAM                           
     0000FF00  _P1_REG                            
     0000FF00  __IO                               
     0000FF01  _SB_REG                            
     0000FF02  _SC_REG                            
     0000FF04  _DIV_REG                           
     0000FF05  _TIMA_REG                          
     0000FF06  _TMA_REG                           
ASxxxx Linker V03.00/V05.40 + sdld,  page 3.
Hexadecimal  [32-Bits]

Area                                    Addr        Size        Decimal Bytes (Attributes)
--------------------------------        ----        ----        ------- ----- ------------
.  .ABS.                            00000000    00000000 =           0. bytes (ABS,CON)

      Value  Global                              Global Defined In Module
      -----  --------------------------------   ------------------------
     0000FF07  _TAC_REG                           
     0000FF0F  _IF_REG                            
     0000FF10  _NR10_REG                          
     0000FF11  _NR11_REG                          
     0000FF12  _NR12_REG                          
     0000FF13  _NR13_REG                          
     0000FF14  _NR14_REG                          
     0000FF16  _NR21_REG                          
     0000FF17  _NR22_REG                          
     0000FF18  _NR23_REG                          
     0000FF19  _NR24_REG                          
     0000FF1A  _NR30_REG                          
     0000FF1B  _NR31_REG                          
     0000FF1C  _NR32_REG                          
     0000FF1D  _NR33_REG                          
     0000FF1E  _NR34_REG                          
     0000FF20  _NR41_REG                          
     0000FF21  _NR42_REG                          
     0000FF22  _NR43_REG                          
     0000FF23  _NR44_REG                          
     0000FF24  _NR50_REG                          
     0000FF25  _NR51_REG                          
     0000FF26  _NR52_REG                          
     0000FF30  _AUD3WAVE                          
     0000FF30  _PCM_SAMPLE                        
     0000FF30  __AUD3WAVERAM                      
     0000FF40  _LCDC_REG                          
     0000FF41  _STAT_REG                          
     0000FF42  _SCY_REG                           
     0000FF43  _SCX_REG                           
     0000FF44  _LY_REG                            
     0000FF45  _LYC_REG                           
     0000FF46  _DMA_REG                           
     0000FF47  _BGP_REG                           
     0000FF48  _OBP0_REG                          
     0000FF49  _OBP1_REG                          
     0000FF4A  _WY_REG                            
     0000FF4B  _WX_REG                            
     0000FF4D  _KEY1_REG                          
     0000FF4F  _VBK_REG                           
     0000FF51  _HDMA1_REG                         
     0000FF52  _HDMA2_REG                         
     0000FF53  _HDMA3_REG                         
     0000FF54  _HDMA4_REG                         
     0000FF55  _HDMA5_REG                         
     0000FF56  _RP_REG                            
     0000FF68  _BCPS_REG                          
     0000FF69  _BCPD_REG                          
     0000FF6A  _OCPS_REG                          
     0000FF6B  _OCPD_REG                          
     0000FF70  _SVBK_REG                          
ASxxxx Linker V03.00/V05.40 + sdld,  page 4.
Hexadecimal  [32-Bits]

Area                                    Addr        Size        Decimal Bytes (Attributes)
--------------------------------        ----        ----        ------- ----- ------------
.  .ABS.                            00000000    00000000 =           0. bytes (ABS,CON)

      Value  Global                              Global Defined In Module
      -----  --------------------------------   ------------------------
     0000FF76  _PCM12_REG                         
     0000FF77  _PCM34_REG                         
     0000FF80  __HRAM                             
     0000FF80  s__HRAM                         
     0000FFFF  _IE_REG                            

ASxxxx Linker V03.00/V05.40 + sdld,  page 5.
Hexadecimal  [32-Bits]

Area                                    Addr        Size        Decimal Bytes (Attributes)
--------------------------------        ----        ----        ------- ----- ------------
_CODE                               00000200    000029E6 =       10726. bytes (REL,CON)

      Value  Global                              Global Defined In Module
      -----  --------------------------------   ------------------------
     00000200  G$chars_tileset$0_0$0              chars
     00000200  _chars_tileset                     chars
     000003F0  G$chars_tilemap$0_0$0              chars
     000003F0  _chars_tilemap                     chars
     0000040E  G$numbers_tileset$0_0$0            numbers
     0000040E  _numbers_tileset                   numbers
     000004BE  G$numbers_tilemap$0_0$0            numbers
     000004BE  _numbers_tilemap                   numbers
     000004C8  G$gender_select_tilemap$0_0$0      gender_select_tilemap
     000004C8  _gender_select_tilemap             gender_select_tilemap
     00000630  G$gender_select_tileset$0_0$0      gender_select_tileset
     00000630  _gender_select_tileset             gender_select_tileset
     00000920  G$inventory_bkg_tileset$0_0$0      inventory_bkg
     00000920  _inventory_bkg_tileset             inventory_bkg
     00000C40  G$inventory_bkg_tilemap$0_0$0      inventory_bkg
     00000C40  _inventory_bkg_tilemap             inventory_bkg
     00000DA8  G$example_tileset$0_0$0            map_example
     00000DA8  _example_tileset                   map_example
     00001258  G$example_tilemap$0_0$0            map_example
     00001258  _example_tilemap                   map_example
     000013C0  G$template_tilemap$0_0$0           template_tilemap
     000013C0  _template_tilemap                  template_tilemap
     00001528  G$template_tileset$0_0$0           template_tileset
     00001528  _template_tileset                  template_tileset
     000016F8  G$spr_Branch$0_0$0                 spr_Branch
     000016F8  _spr_Branch                        spr_Branch
     00001708  A$lcc2286817$70                    action
     00001708  C$action.c$13$0_0$150              action
     00001708  G$move_up$0$0                      action
     00001708  _move_up                           action
     0000170A  A$lcc2286817$71                    action
     0000170C  A$lcc2286817$72                    action
     0000170D  A$lcc2286817$76                    action
     0000170D  C$action.c$15$2_0$151              action
     00001710  A$lcc2286817$77                    action
     00001712  A$lcc2286817$81                    action
     00001712  C$action.c$16$2_0$151              action
     00001714  A$lcc2286817$85                    action
     00001714  C$action.c$18$1_0$150              action
     00001716  A$lcc2286817$86                    action
     00001717  A$lcc2286817$87                    action
     00001718  A$lcc2286817$88                    action
     0000171A  A$lcc2286817$89                    action
     0000171B  A$lcc2286817$90                    action
     0000171D  A$lcc2286817$91                    action
     0000171F  A$lcc2286817$92                    action
     00001720  A$lcc2286817$93                    action
     00001723  A$lcc2286817$94                    action
     00001725  A$lcc2286817$95                    action
     00001726  A$lcc2286817$96                    action
ASxxxx Linker V03.00/V05.40 + sdld,  page 6.
Hexadecimal  [32-Bits]

Area                                    Addr        Size        Decimal Bytes (Attributes)
--------------------------------        ----        ----        ------- ----- ------------
_CODE                               00000200    000029E6 =       10726. bytes (REL,CON)

      Value  Global                              Global Defined In Module
      -----  --------------------------------   ------------------------
     00001727  A$lcc2286817$97                    action
     00001728  A$lcc2286817$98                    action
     00001729  A$lcc2286817$99                    action
     0000172A  A$lcc2286817$100                   action
     0000172B  A$lcc2286817$101                   action
     0000172C  A$lcc2286817$102                   action
     0000172D  A$lcc2286817$103                   action
     0000172E  A$lcc2286817$104                   action
     0000172F  A$lcc2286817$105                   action
     00001731  A$lcc2286817$106                   action
     00001732  A$lcc2286817$107                   action
     00001734  A$lcc2286817$108                   action
     00001735  A$lcc2286817$109                   action
     00001737  A$lcc2286817$110                   action
     00001738  A$lcc2286817$111                   action
     0000173A  A$lcc2286817$112                   action
     0000173B  A$lcc2286817$113                   action
     0000173D  A$lcc2286817$114                   action
     0000173E  A$lcc2286817$115                   action
     00001740  A$lcc2286817$116                   action
     00001741  A$lcc2286817$117                   action
     00001742  A$lcc2286817$118                   action
     00001743  A$lcc2286817$119                   action
     00001744  A$lcc2286817$120                   action
     00001745  A$lcc2286817$121                   action
     00001746  A$lcc2286817$122                   action
     00001747  A$lcc2286817$123                   action
     00001748  A$lcc2286817$124                   action
     00001749  A$lcc2286817$125                   action
     0000174A  A$lcc2286817$126                   action
     0000174C  A$lcc2286817$127                   action
     0000174D  A$lcc2286817$128                   action
     0000174E  A$lcc2286817$129                   action
     0000174F  A$lcc2286817$130                   action
     00001750  A$lcc2286817$131                   action
     00001751  A$lcc2286817$132                   action
     00001752  A$lcc2286817$133                   action
     00001753  A$lcc2286817$134                   action
     00001754  A$lcc2286817$135                   action
     00001755  A$lcc2286817$136                   action
     00001756  A$lcc2286817$140                   action
     00001756  C$action.c$19$1_0$150              action
     00001759  A$lcc2286817$141                   action
     0000175A  A$lcc2286817$142                   action
     0000175B  A$lcc2286817$143                   action
     0000175D  A$lcc2286817$144                   action
     0000175E  A$lcc2286817$145                   action
     0000175F  A$lcc2286817$146                   action
     00001760  A$lcc2286817$147                   action
     00001761  A$lcc2286817$148                   action
     00001762  A$lcc2286817$153                   action
ASxxxx Linker V03.00/V05.40 + sdld,  page 7.
Hexadecimal  [32-Bits]

Area                                    Addr        Size        Decimal Bytes (Attributes)
--------------------------------        ----        ----        ------- ----- ------------
_CODE                               00000200    000029E6 =       10726. bytes (REL,CON)

      Value  Global                              Global Defined In Module
      -----  --------------------------------   ------------------------
     00001764  A$lcc2286817$158                   action
     00001764  C$action.c$20$1_0$150              action
     00001764  XG$move_up$0$0                     action
     00001765  A$lcc2286817$168                   action
     00001765  C$action.c$22$1_0$153              action
     00001765  G$move_down$0$0                    action
     00001765  _move_down                         action
     00001767  A$lcc2286817$169                   action
     00001769  A$lcc2286817$170                   action
     0000176A  A$lcc2286817$174                   action
     0000176A  C$action.c$24$2_0$154              action
     0000176D  A$lcc2286817$175                   action
     0000176F  A$lcc2286817$179                   action
     0000176F  C$action.c$25$2_0$154              action
     00001771  A$lcc2286817$183                   action
     00001771  C$action.c$27$1_0$153              action
     00001773  A$lcc2286817$184                   action
     00001774  A$lcc2286817$185                   action
     00001775  A$lcc2286817$186                   action
     00001777  A$lcc2286817$187                   action
     00001778  A$lcc2286817$188                   action
     0000177A  A$lcc2286817$189                   action
     0000177C  A$lcc2286817$190                   action
     0000177D  A$lcc2286817$191                   action
     00001780  A$lcc2286817$192                   action
     00001782  A$lcc2286817$193                   action
     00001783  A$lcc2286817$194                   action
     00001784  A$lcc2286817$195                   action
     00001785  A$lcc2286817$196                   action
     00001786  A$lcc2286817$197                   action
     00001787  A$lcc2286817$198                   action
     00001788  A$lcc2286817$199                   action
     00001789  A$lcc2286817$200                   action
     0000178B  A$lcc2286817$201                   action
     0000178C  A$lcc2286817$202                   action
     0000178D  A$lcc2286817$203                   action
     0000178F  A$lcc2286817$204                   action
     00001790  A$lcc2286817$205                   action
     00001791  A$lcc2286817$206                   action
     00001792  A$lcc2286817$207                   action
     00001793  A$lcc2286817$208                   action
     00001794  A$lcc2286817$209                   action
     00001795  A$lcc2286817$210                   action
     00001796  A$lcc2286817$211                   action
     00001797  A$lcc2286817$212                   action
     00001798  A$lcc2286817$213                   action
     00001799  A$lcc2286817$217                   action
     00001799  C$action.c$28$1_0$153              action
     0000179C  A$lcc2286817$218                   action
     0000179E  A$lcc2286817$219                   action
     0000179F  A$lcc2286817$220                   action
ASxxxx Linker V03.00/V05.40 + sdld,  page 8.
Hexadecimal  [32-Bits]

Area                                    Addr        Size        Decimal Bytes (Attributes)
--------------------------------        ----        ----        ------- ----- ------------
_CODE                               00000200    000029E6 =       10726. bytes (REL,CON)

      Value  Global                              Global Defined In Module
      -----  --------------------------------   ------------------------
     000017A1  A$lcc2286817$221                   action
     000017A2  A$lcc2286817$222                   action
     000017A3  A$lcc2286817$223                   action
     000017A4  A$lcc2286817$224                   action
     000017A5  A$lcc2286817$225                   action
     000017A6  A$lcc2286817$230                   action
     000017A8  A$lcc2286817$235                   action
     000017A8  C$action.c$29$1_0$153              action
     000017A8  XG$move_down$0$0                   action
     000017A9  A$lcc2286817$245                   action
     000017A9  C$action.c$31$1_0$156              action
     000017A9  G$move_left$0$0                    action
     000017A9  _move_left                         action
     000017AB  A$lcc2286817$246                   action
     000017AD  A$lcc2286817$247                   action
     000017AE  A$lcc2286817$251                   action
     000017AE  C$action.c$33$2_0$157              action
     000017B1  A$lcc2286817$252                   action
     000017B3  A$lcc2286817$256                   action
     000017B3  C$action.c$34$2_0$157              action
     000017B5  A$lcc2286817$260                   action
     000017B5  C$action.c$36$1_0$156              action
     000017B7  A$lcc2286817$261                   action
     000017B8  A$lcc2286817$262                   action
     000017B9  A$lcc2286817$263                   action
     000017BB  A$lcc2286817$264                   action
     000017BC  A$lcc2286817$265                   action
     000017BE  A$lcc2286817$266                   action
     000017C0  A$lcc2286817$267                   action
     000017C1  A$lcc2286817$268                   action
     000017C4  A$lcc2286817$269                   action
     000017C6  A$lcc2286817$270                   action
     000017C7  A$lcc2286817$271                   action
     000017C8  A$lcc2286817$272                   action
     000017C9  A$lcc2286817$273                   action
     000017CA  A$lcc2286817$274                   action
     000017CB  A$lcc2286817$275                   action
     000017CC  A$lcc2286817$276                   action
     000017CD  A$lcc2286817$277                   action
     000017CE  A$lcc2286817$278                   action
     000017CF  A$lcc2286817$279                   action
     000017D0  A$lcc2286817$280                   action
     000017D2  A$lcc2286817$281                   action
     000017D3  A$lcc2286817$282                   action
     000017D5  A$lcc2286817$283                   action
     000017D6  A$lcc2286817$284                   action
     000017D8  A$lcc2286817$285                   action
     000017D9  A$lcc2286817$286                   action
     000017DB  A$lcc2286817$287                   action
     000017DC  A$lcc2286817$288                   action
     000017DE  A$lcc2286817$289                   action
ASxxxx Linker V03.00/V05.40 + sdld,  page 9.
Hexadecimal  [32-Bits]

Area                                    Addr        Size        Decimal Bytes (Attributes)
--------------------------------        ----        ----        ------- ----- ------------
_CODE                               00000200    000029E6 =       10726. bytes (REL,CON)

      Value  Global                              Global Defined In Module
      -----  --------------------------------   ------------------------
     000017DF  A$lcc2286817$290                   action
     000017E1  A$lcc2286817$291                   action
     000017E2  A$lcc2286817$292                   action
     000017E3  A$lcc2286817$293                   action
     000017E4  A$lcc2286817$294                   action
     000017E5  A$lcc2286817$295                   action
     000017E6  A$lcc2286817$296                   action
     000017E7  A$lcc2286817$297                   action
     000017E8  A$lcc2286817$298                   action
     000017E9  A$lcc2286817$299                   action
     000017EA  A$lcc2286817$300                   action
     000017EB  A$lcc2286817$301                   action
     000017ED  A$lcc2286817$302                   action
     000017EE  A$lcc2286817$303                   action
     000017EF  A$lcc2286817$304                   action
     000017F0  A$lcc2286817$305                   action
     000017F1  A$lcc2286817$309                   action
     000017F1  C$action.c$37$1_0$156              action
     000017F2  A$lcc2286817$310                   action
     000017F3  A$lcc2286817$311                   action
     000017F4  A$lcc2286817$312                   action
     000017F5  A$lcc2286817$313                   action
     000017F6  A$lcc2286817$314                   action
     000017F7  A$lcc2286817$315                   action
     000017F8  A$lcc2286817$316                   action
     000017F9  A$lcc2286817$317                   action
     000017FC  A$lcc2286817$318                   action
     000017FD  A$lcc2286817$319                   action
     000017FF  A$lcc2286817$320                   action
     00001800  A$lcc2286817$321                   action
     00001801  A$lcc2286817$322                   action
     00001802  A$lcc2286817$323                   action
     00001803  A$lcc2286817$324                   action
     00001804  A$lcc2286817$325                   action
     00001805  A$lcc2286817$330                   action
     00001807  A$lcc2286817$335                   action
     00001807  C$action.c$38$1_0$156              action
     00001807  XG$move_left$0$0                   action
     00001808  A$lcc2286817$345                   action
     00001808  C$action.c$40$1_0$159              action
     00001808  G$move_right$0$0                   action
     00001808  _move_right                        action
     0000180A  A$lcc2286817$346                   action
     0000180C  A$lcc2286817$347                   action
     0000180D  A$lcc2286817$351                   action
     0000180D  C$action.c$42$2_0$160              action
     00001810  A$lcc2286817$352                   action
     00001812  A$lcc2286817$356                   action
     00001812  C$action.c$43$2_0$160              action
     00001814  A$lcc2286817$360                   action
     00001814  C$action.c$45$1_0$159              action
ASxxxx Linker V03.00/V05.40 + sdld,  page 10.
Hexadecimal  [32-Bits]

Area                                    Addr        Size        Decimal Bytes (Attributes)
--------------------------------        ----        ----        ------- ----- ------------
_CODE                               00000200    000029E6 =       10726. bytes (REL,CON)

      Value  Global                              Global Defined In Module
      -----  --------------------------------   ------------------------
     00001816  A$lcc2286817$361                   action
     00001817  A$lcc2286817$362                   action
     00001818  A$lcc2286817$363                   action
     0000181A  A$lcc2286817$364                   action
     0000181B  A$lcc2286817$365                   action
     0000181D  A$lcc2286817$366                   action
     0000181F  A$lcc2286817$367                   action
     00001820  A$lcc2286817$368                   action
     00001823  A$lcc2286817$369                   action
     00001825  A$lcc2286817$370                   action
     00001826  A$lcc2286817$371                   action
     00001827  A$lcc2286817$372                   action
     00001828  A$lcc2286817$373                   action
     00001829  A$lcc2286817$374                   action
     0000182A  A$lcc2286817$375                   action
     0000182B  A$lcc2286817$376                   action
     0000182C  A$lcc2286817$377                   action
     0000182E  A$lcc2286817$378                   action
     0000182F  A$lcc2286817$379                   action
     00001830  A$lcc2286817$380                   action
     00001832  A$lcc2286817$381                   action
     00001833  A$lcc2286817$382                   action
     00001834  A$lcc2286817$383                   action
     00001835  A$lcc2286817$384                   action
     00001836  A$lcc2286817$385                   action
     00001837  A$lcc2286817$386                   action
     00001838  A$lcc2286817$387                   action
     00001839  A$lcc2286817$388                   action
     0000183A  A$lcc2286817$389                   action
     0000183B  A$lcc2286817$390                   action
     0000183C  A$lcc2286817$394                   action
     0000183C  C$action.c$46$1_0$159              action
     0000183D  A$lcc2286817$395                   action
     00001840  A$lcc2286817$396                   action
     00001842  A$lcc2286817$397                   action
     00001843  A$lcc2286817$398                   action
     00001845  A$lcc2286817$399                   action
     00001846  A$lcc2286817$400                   action
     00001847  A$lcc2286817$401                   action
     00001848  A$lcc2286817$402                   action
     00001849  A$lcc2286817$403                   action
     0000184A  A$lcc2286817$404                   action
     0000184B  A$lcc2286817$409                   action
     0000184D  A$lcc2286817$414                   action
     0000184D  C$action.c$47$1_0$159              action
     0000184D  XG$move_right$0$0                  action
     0000184E  A$lcc2286817$424                   action
     0000184E  C$action.c$49$1_0$162              action
     0000184E  G$check_input$0$0                  action
     0000184E  _check_input                       action
     00001850  A$lcc2286817$428                   action
ASxxxx Linker V03.00/V05.40 + sdld,  page 11.
Hexadecimal  [32-Bits]

Area                                    Addr        Size        Decimal Bytes (Attributes)
--------------------------------        ----        ----        ------- ----- ------------
_CODE                               00000200    000029E6 =       10726. bytes (REL,CON)

      Value  Global                              Global Defined In Module
      -----  --------------------------------   ------------------------
     00001850  C$action.c$51$1_0$162              action
     00001853  A$lcc2286817$429                   action
     00001855  A$lcc2286817$430                   action
     00001856  A$lcc2286817$434                   action
     00001856  C$action.c$53$2_0$163              action
     00001857  A$lcc2286817$435                   action
     00001859  A$lcc2286817$436                   action
     0000185B  A$lcc2286817$437                   action
     0000185C  A$lcc2286817$438                   action
     0000185E  A$lcc2286817$439                   action
     00001861  A$lcc2286817$440                   action
     00001863  A$lcc2286817$441                   action
     00001865  A$lcc2286817$445                   action
     00001865  C$action.c$55$3_0$164              action
     00001868  A$lcc2286817$446                   action
     00001869  A$lcc2286817$447                   action
     0000186C  A$lcc2286817$448                   action
     0000186D  A$lcc2286817$449                   action
     0000186E  A$lcc2286817$450                   action
     0000186F  A$lcc2286817$451                   action
     00001870  A$lcc2286817$452                   action
     00001871  A$lcc2286817$453                   action
     00001872  A$lcc2286817$454                   action
     00001875  A$lcc2286817$455                   action
     00001877  A$lcc2286817$456                   action
     00001878  A$lcc2286817$457                   action
     0000187A  A$lcc2286817$458                   action
     0000187B  A$lcc2286817$459                   action
     0000187C  A$lcc2286817$460                   action
     0000187F  A$lcc2286817$465                   action
     0000187F  C$action.c$61$1_0$162              action
     00001881  A$lcc2286817$466                   action
     00001882  A$lcc2286817$467                   action
     00001884  A$lcc2286817$468                   action
     00001885  A$lcc2286817$472                   action
     00001885  C$action.c$63$1_0$162              action
     00001886  A$lcc2286817$473                   action
     00001887  A$lcc2286817$474                   action
     00001888  A$lcc2286817$475                   action
     00001889  A$lcc2286817$476                   action
     0000188B  A$lcc2286817$477                   action
     0000188D  A$lcc2286817$478                   action
     0000188E  A$lcc2286817$479                   action
     00001890  A$lcc2286817$483                   action
     00001890  C$action.c$65$1_0$162              action
     00001892  A$lcc2286817$484                   action
     00001893  A$lcc2286817$485                   action
     00001895  A$lcc2286817$486                   action
     00001897  A$lcc2286817$487                   action
     00001898  A$lcc2286817$488                   action
     0000189A  A$lcc2286817$492                   action
ASxxxx Linker V03.00/V05.40 + sdld,  page 12.
Hexadecimal  [32-Bits]

Area                                    Addr        Size        Decimal Bytes (Attributes)
--------------------------------        ----        ----        ------- ----- ------------
_CODE                               00000200    000029E6 =       10726. bytes (REL,CON)

      Value  Global                              Global Defined In Module
      -----  --------------------------------   ------------------------
     0000189A  C$action.c$67$1_0$162              action
     0000189C  A$lcc2286817$493                   action
     0000189D  A$lcc2286817$494                   action
     0000189F  A$lcc2286817$495                   action
     000018A1  A$lcc2286817$496                   action
     000018A2  A$lcc2286817$497                   action
     000018A4  A$lcc2286817$501                   action
     000018A4  C$action.c$59$2_0$165              action
     000018A7  A$lcc2286817$505                   action
     000018A7  C$action.c$61$4_0$167              action
     000018A8  A$lcc2286817$506                   action
     000018AA  A$lcc2286817$507                   action
     000018AC  A$lcc2286817$508                   action
     000018AD  A$lcc2286817$509                   action
     000018AF  A$lcc2286817$513                   action
     000018AF  C$action.c$62$4_0$167              action
     000018B2  A$lcc2286817$514                   action
     000018B4  A$lcc2286817$515                   action
     000018B6  A$lcc2286817$520                   action
     000018B6  C$action.c$63$5_0$168              action
     000018B7  A$lcc2286817$521                   action
     000018B9  A$lcc2286817$522                   action
     000018BA  A$lcc2286817$523                   action
     000018BC  A$lcc2286817$527                   action
     000018BC  C$action.c$64$5_0$168              action
     000018BF  A$lcc2286817$528                   action
     000018C1  A$lcc2286817$529                   action
     000018C3  A$lcc2286817$534                   action
     000018C3  C$action.c$65$6_0$169              action
     000018C4  A$lcc2286817$535                   action
     000018C6  A$lcc2286817$536                   action
     000018C7  A$lcc2286817$537                   action
     000018C9  A$lcc2286817$541                   action
     000018C9  C$action.c$66$6_0$169              action
     000018CC  A$lcc2286817$542                   action
     000018CE  A$lcc2286817$543                   action
     000018D0  A$lcc2286817$548                   action
     000018D0  C$action.c$67$7_0$170              action
     000018D1  A$lcc2286817$549                   action
     000018D3  A$lcc2286817$550                   action
     000018D4  A$lcc2286817$551                   action
     000018D6  A$lcc2286817$555                   action
     000018D6  C$action.c$68$7_0$170              action
     000018D9  A$lcc2286817$556                   action
     000018DB  A$lcc2286817$561                   action
     000018DB  C$action.c$72$2_0$171              action
     000018DE  A$lcc2286817$562                   action
     000018DF  A$lcc2286817$563                   action
     000018E1  A$lcc2286817$564                   action
     000018E4  A$lcc2286817$565                   action
     000018E6  A$lcc2286817$566                   action
ASxxxx Linker V03.00/V05.40 + sdld,  page 13.
Hexadecimal  [32-Bits]

Area                                    Addr        Size        Decimal Bytes (Attributes)
--------------------------------        ----        ----        ------- ----- ------------
_CODE                               00000200    000029E6 =       10726. bytes (REL,CON)

      Value  Global                              Global Defined In Module
      -----  --------------------------------   ------------------------
     000018E8  A$lcc2286817$567                   action
     000018EA  A$lcc2286817$568                   action
     000018EC  A$lcc2286817$569                   action
     000018EE  A$lcc2286817$570                   action
     000018F0  A$lcc2286817$571                   action
     000018F2  A$lcc2286817$579                   action
     000018F2  C$action.c$74$3_0$172              action
     000018F2  C$action.c$75$3_0$172              action
     000018F5  A$lcc2286817$580                   action
     000018F8  A$lcc2286817$584                   action
     000018F8  C$action.c$76$3_0$172              action
     000018FB  A$lcc2286817$585                   action
     000018FD  A$lcc2286817$586                   action
     000018FE  A$lcc2286817$587                   action
     00001901  A$lcc2286817$588                   action
     00001902  A$lcc2286817$589                   action
     00001904  A$lcc2286817$590                   action
     00001905  A$lcc2286817$591                   action
     00001906  A$lcc2286817$592                   action
     00001907  A$lcc2286817$593                   action
     00001908  A$lcc2286817$594                   action
     00001909  A$lcc2286817$595                   action
     0000190A  A$lcc2286817$596                   action
     0000190B  A$lcc2286817$597                   action
     0000190C  A$lcc2286817$598                   action
     0000190D  A$lcc2286817$599                   action
     00001910  A$lcc2286817$600                   action
     00001911  A$lcc2286817$601                   action
     00001912  A$lcc2286817$602                   action
     00001913  A$lcc2286817$603                   action
     00001915  A$lcc2286817$604                   action
     00001916  A$lcc2286817$605                   action
     00001919  A$lcc2286817$609                   action
     00001919  C$action.c$77$3_0$172              action
     0000191B  A$lcc2286817$617                   action
     0000191B  C$action.c$78$3_0$172              action
     0000191B  C$action.c$79$3_0$172              action
     0000191E  A$lcc2286817$618                   action
     00001921  A$lcc2286817$622                   action
     00001921  C$action.c$80$3_0$172              action
     00001924  A$lcc2286817$623                   action
     00001926  A$lcc2286817$624                   action
     00001927  A$lcc2286817$625                   action
     0000192A  A$lcc2286817$626                   action
     0000192B  A$lcc2286817$627                   action
     0000192D  A$lcc2286817$628                   action
     0000192E  A$lcc2286817$629                   action
     0000192F  A$lcc2286817$630                   action
     00001930  A$lcc2286817$631                   action
     00001931  A$lcc2286817$632                   action
     00001932  A$lcc2286817$633                   action
ASxxxx Linker V03.00/V05.40 + sdld,  page 14.
Hexadecimal  [32-Bits]

Area                                    Addr        Size        Decimal Bytes (Attributes)
--------------------------------        ----        ----        ------- ----- ------------
_CODE                               00000200    000029E6 =       10726. bytes (REL,CON)

      Value  Global                              Global Defined In Module
      -----  --------------------------------   ------------------------
     00001933  A$lcc2286817$634                   action
     00001934  A$lcc2286817$635                   action
     00001935  A$lcc2286817$636                   action
     00001936  A$lcc2286817$637                   action
     00001937  A$lcc2286817$638                   action
     00001938  A$lcc2286817$639                   action
     00001939  A$lcc2286817$640                   action
     0000193A  A$lcc2286817$641                   action
     0000193B  A$lcc2286817$642                   action
     0000193E  A$lcc2286817$643                   action
     0000193F  A$lcc2286817$644                   action
     00001940  A$lcc2286817$645                   action
     00001941  A$lcc2286817$646                   action
     00001943  A$lcc2286817$647                   action
     00001944  A$lcc2286817$648                   action
     00001945  A$lcc2286817$649                   action
     00001946  A$lcc2286817$650                   action
     00001948  A$lcc2286817$651                   action
     00001949  A$lcc2286817$652                   action
     0000194A  A$lcc2286817$653                   action
     0000194B  A$lcc2286817$654                   action
     0000194C  A$lcc2286817$655                   action
     0000194D  A$lcc2286817$656                   action
     0000194E  A$lcc2286817$657                   action
     00001951  A$lcc2286817$661                   action
     00001951  C$action.c$81$3_0$172              action
     00001953  A$lcc2286817$669                   action
     00001953  C$action.c$82$3_0$172              action
     00001953  C$action.c$83$3_0$172              action
     00001956  A$lcc2286817$670                   action
     00001959  A$lcc2286817$674                   action
     00001959  C$action.c$84$3_0$172              action
     0000195B  A$lcc2286817$682                   action
     0000195B  C$action.c$85$3_0$172              action
     0000195B  C$action.c$86$3_0$172              action
     0000195E  A$lcc2286817$683                   action
     00001961  A$lcc2286817$691                   action
     00001961  C$action.c$90$2_0$171              action
     00001961  C$action.c$93$2_0$173              action
     00001964  A$lcc2286817$692                   action
     00001965  A$lcc2286817$693                   action
     00001967  A$lcc2286817$694                   action
     00001969  A$lcc2286817$698                   action
     00001969  C$action.c$95$3_0$174              action
     0000196A  A$lcc2286817$699                   action
     0000196C  A$lcc2286817$700                   action
     0000196F  A$lcc2286817$704                   action
     0000196F  C$action.c$96$3_0$174              action
     00001972  A$lcc2286817$705                   action
     00001974  A$lcc2286817$706                   action
     00001975  A$lcc2286817$707                   action
ASxxxx Linker V03.00/V05.40 + sdld,  page 15.
Hexadecimal  [32-Bits]

Area                                    Addr        Size        Decimal Bytes (Attributes)
--------------------------------        ----        ----        ------- ----- ------------
_CODE                               00000200    000029E6 =       10726. bytes (REL,CON)

      Value  Global                              Global Defined In Module
      -----  --------------------------------   ------------------------
     00001978  A$lcc2286817$708                   action
     00001979  A$lcc2286817$709                   action
     0000197B  A$lcc2286817$710                   action
     0000197C  A$lcc2286817$711                   action
     0000197D  A$lcc2286817$712                   action
     0000197E  A$lcc2286817$713                   action
     0000197F  A$lcc2286817$714                   action
     00001980  A$lcc2286817$715                   action
     00001981  A$lcc2286817$716                   action
     00001982  A$lcc2286817$717                   action
     00001983  A$lcc2286817$718                   action
     00001984  A$lcc2286817$719                   action
     00001985  A$lcc2286817$720                   action
     00001986  A$lcc2286817$721                   action
     00001988  A$lcc2286817$722                   action
     00001989  A$lcc2286817$723                   action
     0000198A  A$lcc2286817$724                   action
     0000198B  A$lcc2286817$725                   action
     0000198D  A$lcc2286817$726                   action
     0000198E  A$lcc2286817$727                   action
     00001991  A$lcc2286817$728                   action
     00001992  A$lcc2286817$729                   action
     00001993  A$lcc2286817$730                   action
     00001994  A$lcc2286817$731                   action
     00001995  A$lcc2286817$732                   action
     00001996  A$lcc2286817$733                   action
     00001997  A$lcc2286817$734                   action
     00001999  A$lcc2286817$735                   action
     0000199A  A$lcc2286817$736                   action
     0000199B  A$lcc2286817$737                   action
     0000199C  A$lcc2286817$738                   action
     0000199E  A$lcc2286817$739                   action
     0000199F  A$lcc2286817$740                   action
     000019A0  A$lcc2286817$741                   action
     000019A1  A$lcc2286817$742                   action
     000019A2  A$lcc2286817$743                   action
     000019A3  A$lcc2286817$744                   action
     000019A4  A$lcc2286817$745                   action
     000019A7  A$lcc2286817$750                   action
     000019A7  C$action.c$99$2_0$175              action
     000019AA  A$lcc2286817$751                   action
     000019AC  A$lcc2286817$752                   action
     000019AE  A$lcc2286817$753                   action
     000019AF  A$lcc2286817$754                   action
     000019B1  A$lcc2286817$758                   action
     000019B1  C$action.c$101$3_0$176             action
     000019B2  A$lcc2286817$759                   action
     000019B4  A$lcc2286817$760                   action
     000019B7  A$lcc2286817$764                   action
     000019B7  C$action.c$102$3_0$176             action
     000019BA  A$lcc2286817$765                   action
ASxxxx Linker V03.00/V05.40 + sdld,  page 16.
Hexadecimal  [32-Bits]

Area                                    Addr        Size        Decimal Bytes (Attributes)
--------------------------------        ----        ----        ------- ----- ------------
_CODE                               00000200    000029E6 =       10726. bytes (REL,CON)

      Value  Global                              Global Defined In Module
      -----  --------------------------------   ------------------------
     000019BC  A$lcc2286817$766                   action
     000019BD  A$lcc2286817$767                   action
     000019C0  A$lcc2286817$768                   action
     000019C1  A$lcc2286817$769                   action
     000019C3  A$lcc2286817$770                   action
     000019C4  A$lcc2286817$771                   action
     000019C5  A$lcc2286817$772                   action
     000019C6  A$lcc2286817$773                   action
     000019C7  A$lcc2286817$774                   action
     000019C8  A$lcc2286817$775                   action
     000019C9  A$lcc2286817$776                   action
     000019CA  A$lcc2286817$777                   action
     000019CB  A$lcc2286817$778                   action
     000019CC  A$lcc2286817$779                   action
     000019CD  A$lcc2286817$780                   action
     000019CE  A$lcc2286817$781                   action
     000019D0  A$lcc2286817$782                   action
     000019D1  A$lcc2286817$783                   action
     000019D2  A$lcc2286817$784                   action
     000019D3  A$lcc2286817$785                   action
     000019D5  A$lcc2286817$786                   action
     000019D6  A$lcc2286817$787                   action
     000019D9  A$lcc2286817$788                   action
     000019DA  A$lcc2286817$789                   action
     000019DB  A$lcc2286817$790                   action
     000019DC  A$lcc2286817$791                   action
     000019DD  A$lcc2286817$792                   action
     000019DE  A$lcc2286817$793                   action
     000019DF  A$lcc2286817$794                   action
     000019E1  A$lcc2286817$795                   action
     000019E2  A$lcc2286817$796                   action
     000019E3  A$lcc2286817$797                   action
     000019E4  A$lcc2286817$798                   action
     000019E6  A$lcc2286817$799                   action
     000019E7  A$lcc2286817$800                   action
     000019E8  A$lcc2286817$801                   action
     000019E9  A$lcc2286817$802                   action
     000019EA  A$lcc2286817$803                   action
     000019EB  A$lcc2286817$804                   action
     000019EC  A$lcc2286817$805                   action
     000019EF  A$lcc2286817$810                   action
     000019EF  C$action.c$105$2_0$177             action
     000019F2  A$lcc2286817$811                   action
     000019F4  A$lcc2286817$812                   action
     000019F6  A$lcc2286817$813                   action
     000019F7  A$lcc2286817$814                   action
     000019F9  A$lcc2286817$818                   action
     000019F9  C$action.c$106$2_0$177             action
     000019FA  A$lcc2286817$819                   action
     000019FC  A$lcc2286817$820                   action
     000019FF  A$lcc2286817$825                   action
ASxxxx Linker V03.00/V05.40 + sdld,  page 17.
Hexadecimal  [32-Bits]

Area                                    Addr        Size        Decimal Bytes (Attributes)
--------------------------------        ----        ----        ------- ----- ------------
_CODE                               00000200    000029E6 =       10726. bytes (REL,CON)

      Value  Global                              Global Defined In Module
      -----  --------------------------------   ------------------------
     000019FF  C$action.c$107$2_0$178             action
     00001A02  A$lcc2286817$826                   action
     00001A04  A$lcc2286817$827                   action
     00001A06  A$lcc2286817$828                   action
     00001A07  A$lcc2286817$829                   action
     00001A09  A$lcc2286817$833                   action
     00001A09  C$action.c$108$2_0$178             action
     00001A0A  A$lcc2286817$834                   action
     00001A0C  A$lcc2286817$835                   action
     00001A0F  A$lcc2286817$840                   action
     00001A0F  C$action.c$110$1_0$162             action
     00001A11  A$lcc2286817$841                   action
     00001A12  A$lcc2286817$842                   action
     00001A15  A$lcc2286817$846                   action
     00001A17  A$lcc2286817$851                   action
     00001A17  C$action.c$111$1_0$162             action
     00001A17  XG$check_input$0$0                 action
     00001A18  A$lcc2286819$59                    animation
     00001A18  C$animation.c$7$0_0$135            animation
     00001A18  G$init_animation$0$0               animation
     00001A18  _init_animation                    animation
     00001A1A  A$lcc2286819$60                    animation
     00001A1C  A$lcc2286819$61                    animation
     00001A1D  A$lcc2286819$62                    animation
     00001A1E  A$lcc2286819$63                    animation
     00001A1F  A$lcc2286819$64                    animation
     00001A20  A$lcc2286819$65                    animation
     00001A21  A$lcc2286819$69                    animation
     00001A21  C$animation.c$12$1_0$135           animation
     00001A23  A$lcc2286819$70                    animation
     00001A24  A$lcc2286819$71                    animation
     00001A25  A$lcc2286819$72                    animation
     00001A26  A$lcc2286819$73                    animation
     00001A27  A$lcc2286819$74                    animation
     00001A28  A$lcc2286819$75                    animation
     00001A29  A$lcc2286819$76                    animation
     00001A2B  A$lcc2286819$77                    animation
     00001A2D  A$lcc2286819$78                    animation
     00001A2E  A$lcc2286819$79                    animation
     00001A2F  A$lcc2286819$80                    animation
     00001A30  A$lcc2286819$81                    animation
     00001A31  A$lcc2286819$82                    animation
     00001A32  A$lcc2286819$83                    animation
     00001A33  A$lcc2286819$87                    animation
     00001A33  C$animation.c$14$1_0$135           animation
     00001A34  A$lcc2286819$88                    animation
     00001A35  A$lcc2286819$89                    animation
     00001A36  A$lcc2286819$90                    animation
     00001A38  A$lcc2286819$91                    animation
     00001A39  A$lcc2286819$92                    animation
     00001A3A  A$lcc2286819$96                    animation
ASxxxx Linker V03.00/V05.40 + sdld,  page 18.
Hexadecimal  [32-Bits]

Area                                    Addr        Size        Decimal Bytes (Attributes)
--------------------------------        ----        ----        ------- ----- ------------
_CODE                               00000200    000029E6 =       10726. bytes (REL,CON)

      Value  Global                              Global Defined In Module
      -----  --------------------------------   ------------------------
     00001A3A  C$animation.c$15$1_0$135           animation
     00001A3B  A$lcc2286819$97                    animation
     00001A3C  A$lcc2286819$98                    animation
     00001A3D  A$lcc2286819$99                    animation
     00001A3E  A$lcc2286819$100                   animation
     00001A3F  A$lcc2286819$101                   animation
     00001A40  A$lcc2286819$102                   animation
     00001A42  A$lcc2286819$103                   animation
     00001A43  A$lcc2286819$104                   animation
     00001A44  A$lcc2286819$105                   animation
     00001A45  A$lcc2286819$109                   animation
     00001A45  C$animation.c$16$1_0$135           animation
     00001A48  A$lcc2286819$110                   animation
     00001A49  A$lcc2286819$111                   animation
     00001A4B  A$lcc2286819$115                   animation
     00001A4B  C$animation.c$17$1_0$135           animation
     00001A4C  A$lcc2286819$116                   animation
     00001A4D  A$lcc2286819$117                   animation
     00001A4E  A$lcc2286819$118                   animation
     00001A4F  A$lcc2286819$119                   animation
     00001A51  A$lcc2286819$123                   animation
     00001A51  C$animation.c$18$1_0$135           animation
     00001A54  A$lcc2286819$124                   animation
     00001A55  A$lcc2286819$125                   animation
     00001A56  A$lcc2286819$126                   animation
     00001A58  A$lcc2286819$127                   animation
     00001A59  A$lcc2286819$128                   animation
     00001A5A  A$lcc2286819$129                   animation
     00001A5B  A$lcc2286819$133                   animation
     00001A5B  C$animation.c$21$1_0$135           animation
     00001A5C  A$lcc2286819$134                   animation
     00001A5D  A$lcc2286819$135                   animation
     00001A5E  A$lcc2286819$136                   animation
     00001A5F  A$lcc2286819$137                   animation
     00001A61  A$lcc2286819$138                   animation
     00001A62  A$lcc2286819$139                   animation
     00001A63  A$lcc2286819$140                   animation
     00001A64  A$lcc2286819$141                   animation
     00001A65  A$lcc2286819$142                   animation
     00001A68  A$lcc2286819$143                   animation
     00001A69  A$lcc2286819$144                   animation
     00001A6A  A$lcc2286819$145                   animation
     00001A6B  A$lcc2286819$146                   animation
     00001A6D  A$lcc2286819$147                   animation
     00001A6E  A$lcc2286819$148                   animation
     00001A6F  A$lcc2286819$149                   animation
     00001A70  A$lcc2286819$150                   animation
     00001A72  A$lcc2286819$151                   animation
     00001A73  A$lcc2286819$152                   animation
     00001A76  A$lcc2286819$153                   animation
     00001A77  A$lcc2286819$154                   animation
ASxxxx Linker V03.00/V05.40 + sdld,  page 19.
Hexadecimal  [32-Bits]

Area                                    Addr        Size        Decimal Bytes (Attributes)
--------------------------------        ----        ----        ------- ----- ------------
_CODE                               00000200    000029E6 =       10726. bytes (REL,CON)

      Value  Global                              Global Defined In Module
      -----  --------------------------------   ------------------------
     00001A78  A$lcc2286819$155                   animation
     00001A79  A$lcc2286819$156                   animation
     00001A7A  A$lcc2286819$160                   animation
     00001A7A  C$animation.c$24$2_0$135           animation
     00001A7C  A$lcc2286819$162                   animation
     00001A7D  A$lcc2286819$163                   animation
     00001A7E  A$lcc2286819$164                   animation
     00001A7F  A$lcc2286819$165                   animation
     00001A80  A$lcc2286819$166                   animation
     00001A82  A$lcc2286819$167                   animation
     00001A83  A$lcc2286819$168                   animation
     00001A85  A$lcc2286819$173                   animation
     00001A85  C$animation.c$32$2_0$138           animation
     00001A87  A$lcc2286819$174                   animation
     00001A88  A$lcc2286819$175                   animation
     00001A89  A$lcc2286819$176                   animation
     00001A8A  A$lcc2286819$177                   animation
     00001A8D  A$lcc2286819$178                   animation
     00001A8E  A$lcc2286819$179                   animation
     00001A8F  A$lcc2286819$180                   animation
     00001A90  A$lcc2286819$181                   animation
     00001A91  A$lcc2286819$182                   animation
     00001A92  A$lcc2286819$183                   animation
     00001A94  A$lcc2286819$187                   animation
     00001A94  C$animation.c$33$2_0$138           animation
     00001A96  A$lcc2286819$188                   animation
     00001A97  A$lcc2286819$189                   animation
     00001A98  A$lcc2286819$194                   animation
     00001A98  C$animation.c$34$2_0$135           animation
     00001A9A  A$lcc2286819$195                   animation
     00001A9B  A$lcc2286819$196                   animation
     00001A9D  A$lcc2286819$197                   animation
     00001A9E  A$lcc2286819$207                   animation
     00001A9E  C$animation.c$36$2_0$140           animation
     00001A9E  G$update_animation$0$0             animation
     00001A9E  _update_animation                  animation
     00001A9F  A$lcc2286819$208                   animation
     00001AA0  A$lcc2286819$209                   animation
     00001AA1  A$lcc2286819$210                   animation
     00001AA2  A$lcc2286819$214                   animation
     00001AA2  C$animation.c$38$1_0$140           animation
     00001AA5  A$lcc2286819$215                   animation
     00001AA6  A$lcc2286819$216                   animation
     00001AA7  A$lcc2286819$217                   animation
     00001AA8  A$lcc2286819$218                   animation
     00001AA9  A$lcc2286819$219                   animation
     00001AAA  A$lcc2286819$220                   animation
     00001AAB  A$lcc2286819$221                   animation
     00001AAC  A$lcc2286819$222                   animation
     00001AAD  A$lcc2286819$223                   animation
     00001AAF  A$lcc2286819$224                   animation
ASxxxx Linker V03.00/V05.40 + sdld,  page 20.
Hexadecimal  [32-Bits]

Area                                    Addr        Size        Decimal Bytes (Attributes)
--------------------------------        ----        ----        ------- ----- ------------
_CODE                               00000200    000029E6 =       10726. bytes (REL,CON)

      Value  Global                              Global Defined In Module
      -----  --------------------------------   ------------------------
     00001AB0  A$lcc2286819$225                   animation
     00001AB1  A$lcc2286819$229                   animation
     00001AB1  C$animation.c$40$1_0$140           animation
     00001AB4  A$lcc2286819$230                   animation
     00001AB5  A$lcc2286819$231                   animation
     00001AB6  A$lcc2286819$232                   animation
     00001AB7  A$lcc2286819$233                   animation
     00001AB8  A$lcc2286819$234                   animation
     00001AB9  A$lcc2286819$235                   animation
     00001ABB  A$lcc2286819$236                   animation
     00001ABC  A$lcc2286819$237                   animation
     00001ABD  A$lcc2286819$241                   animation
     00001ABD  C$animation.c$41$2_0$141           animation
     00001ABE  A$lcc2286819$242                   animation
     00001ABF  A$lcc2286819$243                   animation
     00001AC0  A$lcc2286819$244                   animation
     00001AC1  A$lcc2286819$245                   animation
     00001AC2  A$lcc2286819$246                   animation
     00001AC3  A$lcc2286819$247                   animation
     00001AC5  A$lcc2286819$248                   animation
     00001AC6  A$lcc2286819$249                   animation
     00001AC8  A$lcc2286819$250                   animation
     00001AC9  A$lcc2286819$251                   animation
     00001ACA  A$lcc2286819$252                   animation
     00001ACC  A$lcc2286819$256                   animation
     00001ACC  C$animation.c$43$3_0$142           animation
     00001ACD  A$lcc2286819$257                   animation
     00001ACE  A$lcc2286819$261                   animation
     00001ACE  C$animation.c$44$3_0$142           animation
     00001ACF  A$lcc2286819$262                   animation
     00001AD0  A$lcc2286819$263                   animation
     00001AD1  A$lcc2286819$264                   animation
     00001AD2  A$lcc2286819$265                   animation
     00001AD3  A$lcc2286819$266                   animation
     00001AD4  A$lcc2286819$270                   animation
     00001AD4  C$animation.c$45$4_0$143           animation
     00001AD5  A$lcc2286819$271                   animation
     00001AD6  A$lcc2286819$272                   animation
     00001AD7  A$lcc2286819$273                   animation
     00001AD8  A$lcc2286819$274                   animation
     00001AD9  A$lcc2286819$275                   animation
     00001ADB  A$lcc2286819$279                   animation
     00001ADB  C$animation.c$46$4_0$143           animation
     00001ADD  A$lcc2286819$284                   animation
     00001ADE  A$lcc2286819$285                   animation
     00001ADF  A$lcc2286819$290                   animation
     00001ADF  C$animation.c$48$2_0$140           animation
     00001ADF  XG$update_animation$0$0            animation
     00001AE0  A$lcc2286819$300                   animation
     00001AE0  C$animation.c$50$2_0$145           animation
     00001AE0  G$set_animation$0$0                animation
ASxxxx Linker V03.00/V05.40 + sdld,  page 21.
Hexadecimal  [32-Bits]

Area                                    Addr        Size        Decimal Bytes (Attributes)
--------------------------------        ----        ----        ------- ----- ------------
_CODE                               00000200    000029E6 =       10726. bytes (REL,CON)

      Value  Global                              Global Defined In Module
      -----  --------------------------------   ------------------------
     00001AE0  _set_animation                     animation
     00001AE1  A$lcc2286819$301                   animation
     00001AE2  A$lcc2286819$302                   animation
     00001AE3  A$lcc2286819$306                   animation
     00001AE3  C$animation.c$52$2_0$146           animation
     00001AE4  A$lcc2286819$307                   animation
     00001AE6  A$lcc2286819$308                   animation
     00001AE7  A$lcc2286819$309                   animation
     00001AE8  A$lcc2286819$310                   animation
     00001AEA  A$lcc2286819$311                   animation
     00001AEB  A$lcc2286819$312                   animation
     00001AEC  A$lcc2286819$313                   animation
     00001AED  A$lcc2286819$314                   animation
     00001AEE  A$lcc2286819$321                   animation
     00001AEE  C$animation.c$53$2_0$146           animation
     00001AEE  C$animation.c$55$1_0$145           animation
     00001AEF  A$lcc2286819$322                   animation
     00001AF0  A$lcc2286819$326                   animation
     00001AF0  C$animation.c$56$1_1$147           animation
     00001AF1  A$lcc2286819$327                   animation
     00001AF2  A$lcc2286819$328                   animation
     00001AF3  A$lcc2286819$329                   animation
     00001AF4  A$lcc2286819$330                   animation
     00001AF6  A$lcc2286819$331                   animation
     00001AF7  A$lcc2286819$335                   animation
     00001AF7  C$animation.c$57$1_1$147           animation
     00001AF8  A$lcc2286819$336                   animation
     00001AF9  A$lcc2286819$337                   animation
     00001AFA  A$lcc2286819$338                   animation
     00001AFB  A$lcc2286819$339                   animation
     00001AFC  A$lcc2286819$340                   animation
     00001AFD  A$lcc2286819$344                   animation
     00001AFD  C$animation.c$58$1_1$147           animation
     00001B00  A$lcc2286819$345                   animation
     00001B01  A$lcc2286819$346                   animation
     00001B03  A$lcc2286819$354                   animation
     00001B03  C$animation.c$59$1_1$145           animation
     00001B03  XG$set_animation$0$0               animation
     00001B04  A$lcc2286821$52                    char_to_tile
     00001B04  C$char_to_tile.c$3$0_0$3           char_to_tile
     00001B04  G$char_to_tile$0$0                 char_to_tile
     00001B04  _char_to_tile                      char_to_tile
     00001B06  A$lcc2286821$53                    char_to_tile
     00001B08  A$lcc2286821$54                    char_to_tile
     00001B09  A$lcc2286821$58                    char_to_tile
     00001B09  C$char_to_tile.c$4$2_0$3           char_to_tile
     00001B0B  A$lcc2286821$59                    char_to_tile
     00001B0D  A$lcc2286821$60                    char_to_tile
     00001B0E  A$lcc2286821$61                    char_to_tile
     00001B10  A$lcc2286821$62                    char_to_tile
     00001B11  A$lcc2286821$63                    char_to_tile
ASxxxx Linker V03.00/V05.40 + sdld,  page 22.
Hexadecimal  [32-Bits]

Area                                    Addr        Size        Decimal Bytes (Attributes)
--------------------------------        ----        ----        ------- ----- ------------
_CODE                               00000200    000029E6 =       10726. bytes (REL,CON)

      Value  Global                              Global Defined In Module
      -----  --------------------------------   ------------------------
     00001B13  A$lcc2286821$64                    char_to_tile
     00001B14  A$lcc2286821$65                    char_to_tile
     00001B16  A$lcc2286821$66                    char_to_tile
     00001B17  A$lcc2286821$67                    char_to_tile
     00001B19  A$lcc2286821$68                    char_to_tile
     00001B1A  A$lcc2286821$69                    char_to_tile
     00001B1C  A$lcc2286821$70                    char_to_tile
     00001B1D  A$lcc2286821$71                    char_to_tile
     00001B1F  A$lcc2286821$72                    char_to_tile
     00001B20  A$lcc2286821$73                    char_to_tile
     00001B22  A$lcc2286821$74                    char_to_tile
     00001B23  A$lcc2286821$75                    char_to_tile
     00001B25  A$lcc2286821$76                    char_to_tile
     00001B26  A$lcc2286821$77                    char_to_tile
     00001B28  A$lcc2286821$78                    char_to_tile
     00001B29  A$lcc2286821$79                    char_to_tile
     00001B2B  A$lcc2286821$80                    char_to_tile
     00001B2C  A$lcc2286821$81                    char_to_tile
     00001B2E  A$lcc2286821$82                    char_to_tile
     00001B2F  A$lcc2286821$83                    char_to_tile
     00001B31  A$lcc2286821$84                    char_to_tile
     00001B32  A$lcc2286821$85                    char_to_tile
     00001B34  A$lcc2286821$86                    char_to_tile
     00001B35  A$lcc2286821$87                    char_to_tile
     00001B37  A$lcc2286821$88                    char_to_tile
     00001B38  A$lcc2286821$89                    char_to_tile
     00001B3A  A$lcc2286821$90                    char_to_tile
     00001B3B  A$lcc2286821$91                    char_to_tile
     00001B3D  A$lcc2286821$92                    char_to_tile
     00001B3E  A$lcc2286821$93                    char_to_tile
     00001B40  A$lcc2286821$94                    char_to_tile
     00001B41  A$lcc2286821$95                    char_to_tile
     00001B43  A$lcc2286821$96                    char_to_tile
     00001B44  A$lcc2286821$97                    char_to_tile
     00001B46  A$lcc2286821$98                    char_to_tile
     00001B47  A$lcc2286821$99                    char_to_tile
     00001B49  A$lcc2286821$100                   char_to_tile
     00001B4A  A$lcc2286821$101                   char_to_tile
     00001B4C  A$lcc2286821$102                   char_to_tile
     00001B4D  A$lcc2286821$103                   char_to_tile
     00001B4F  A$lcc2286821$104                   char_to_tile
     00001B50  A$lcc2286821$105                   char_to_tile
     00001B52  A$lcc2286821$106                   char_to_tile
     00001B53  A$lcc2286821$107                   char_to_tile
     00001B55  A$lcc2286821$108                   char_to_tile
     00001B56  A$lcc2286821$109                   char_to_tile
     00001B58  A$lcc2286821$110                   char_to_tile
     00001B59  A$lcc2286821$111                   char_to_tile
     00001B5B  A$lcc2286821$112                   char_to_tile
     00001B5C  A$lcc2286821$113                   char_to_tile
     00001B5E  A$lcc2286821$114                   char_to_tile
ASxxxx Linker V03.00/V05.40 + sdld,  page 23.
Hexadecimal  [32-Bits]

Area                                    Addr        Size        Decimal Bytes (Attributes)
--------------------------------        ----        ----        ------- ----- ------------
_CODE                               00000200    000029E6 =       10726. bytes (REL,CON)

      Value  Global                              Global Defined In Module
      -----  --------------------------------   ------------------------
     00001B5F  A$lcc2286821$115                   char_to_tile
     00001B61  A$lcc2286821$116                   char_to_tile
     00001B62  A$lcc2286821$117                   char_to_tile
     00001B64  A$lcc2286821$118                   char_to_tile
     00001B65  A$lcc2286821$122                   char_to_tile
     00001B65  C$char_to_tile.c$5$3_0$4           char_to_tile
     00001B66  A$lcc2286821$123                   char_to_tile
     00001B67  A$lcc2286821$124                   char_to_tile
     00001B68  A$lcc2286821$125                   char_to_tile
     00001B69  A$lcc2286821$126                   char_to_tile
     00001B6C  A$lcc2286821$128                   char_to_tile
     00001B6D  A$lcc2286821$129                   char_to_tile
     00001B6F  A$lcc2286821$130                   char_to_tile
     00001B71  A$lcc2286821$134                   char_to_tile
     00001B71  C$char_to_tile.c$6$4_0$6           char_to_tile
     00001B74  A$lcc2286821$135                   char_to_tile
     00001B75  A$lcc2286821$136                   char_to_tile
     00001B76  A$lcc2286821$137                   char_to_tile
     00001B77  A$lcc2286821$138                   char_to_tile
     00001B79  A$lcc2286821$139                   char_to_tile
     00001B7A  A$lcc2286821$140                   char_to_tile
     00001B7B  A$lcc2286821$141                   char_to_tile
     00001B7D  A$lcc2286821$145                   char_to_tile
     00001B7D  C$char_to_tile.c$7$5_0$7           char_to_tile
     00001B7F  A$lcc2286821$146                   char_to_tile
     00001B80  A$lcc2286821$147                   char_to_tile
     00001B82  A$lcc2286821$148                   char_to_tile
     00001B83  A$lcc2286821$149                   char_to_tile
     00001B85  A$lcc2286821$154                   char_to_tile
     00001B85  C$char_to_tile.c$5$2_0$4           char_to_tile
     00001B86  A$lcc2286821$155                   char_to_tile
     00001B88  A$lcc2286821$156                   char_to_tile
     00001B89  A$lcc2286821$157                   char_to_tile
     00001B8A  A$lcc2286821$158                   char_to_tile
     00001B8B  A$lcc2286821$159                   char_to_tile
     00001B8D  A$lcc2286821$164                   char_to_tile
     00001B8D  C$char_to_tile.c$11$1_0$3          char_to_tile
     00001B90  A$lcc2286821$169                   char_to_tile
     00001B92  A$lcc2286821$174                   char_to_tile
     00001B92  C$char_to_tile.c$12$1_0$3          char_to_tile
     00001B92  XG$char_to_tile$0$0                char_to_tile
     00001B93  A$lcc2286822$52                    draw
     00001B93  C$draw.c$6$0_0$136                 draw
     00001B93  G$draw_actor$0$0                   draw
     00001B93  _draw_actor                        draw
     00001B95  A$lcc2286822$53                    draw
     00001B97  A$lcc2286822$54                    draw
     00001B98  A$lcc2286822$58                    draw
     00001B98  C$draw.c$8$1_0$136                 draw
     00001B9B  A$lcc2286822$59                    draw
     00001B9C  A$lcc2286822$60                    draw
ASxxxx Linker V03.00/V05.40 + sdld,  page 24.
Hexadecimal  [32-Bits]

Area                                    Addr        Size        Decimal Bytes (Attributes)
--------------------------------        ----        ----        ------- ----- ------------
_CODE                               00000200    000029E6 =       10726. bytes (REL,CON)

      Value  Global                              Global Defined In Module
      -----  --------------------------------   ------------------------
     00001B9E  A$lcc2286822$61                    draw
     00001B9F  A$lcc2286822$62                    draw
     00001BA0  A$lcc2286822$63                    draw
     00001BA1  A$lcc2286822$64                    draw
     00001BA2  A$lcc2286822$65                    draw
     00001BA4  A$lcc2286822$66                    draw
     00001BA5  A$lcc2286822$70                    draw
     00001BA5  C$draw.c$9$1_0$136                 draw
     00001BA8  A$lcc2286822$71                    draw
     00001BAA  A$lcc2286822$72                    draw
     00001BAB  A$lcc2286822$73                    draw
     00001BAD  A$lcc2286822$74                    draw
     00001BAE  A$lcc2286822$75                    draw
     00001BAF  A$lcc2286822$76                    draw
     00001BB0  A$lcc2286822$77                    draw
     00001BB1  A$lcc2286822$78                    draw
     00001BB3  A$lcc2286822$79                    draw
     00001BB4  A$lcc2286822$83                    draw
     00001BB4  C$draw.c$11$1_0$136                draw
     00001BB7  A$lcc2286822$84                    draw
     00001BB9  A$lcc2286822$85                    draw
     00001BBA  A$lcc2286822$86                    draw
     00001BBC  A$lcc2286822$87                    draw
     00001BBD  A$lcc2286822$88                    draw
     00001BBE  A$lcc2286822$89                    draw
     00001BBF  A$lcc2286822$90                    draw
     00001BC0  A$lcc2286822$91                    draw
     00001BC1  A$lcc2286822$92                    draw
     00001BC2  A$lcc2286822$93                    draw
     00001BC3  A$lcc2286822$94                    draw
     00001BC4  A$lcc2286822$95                    draw
     00001BC5  A$lcc2286822$96                    draw
     00001BC6  A$lcc2286822$97                    draw
     00001BC7  A$lcc2286822$98                    draw
     00001BC8  A$lcc2286822$102                   draw
     00001BC8  C$draw.c$12$1_0$136                draw
     00001BCB  A$lcc2286822$103                   draw
     00001BCC  A$lcc2286822$104                   draw
     00001BCD  A$lcc2286822$105                   draw
     00001BCE  A$lcc2286822$106                   draw
     00001BCF  A$lcc2286822$107                   draw
     00001BD0  A$lcc2286822$108                   draw
     00001BD1  A$lcc2286822$109                   draw
     00001BD2  A$lcc2286822$110                   draw
     00001BD3  A$lcc2286822$111                   draw
     00001BD5  A$lcc2286822$112                   draw
     00001BD6  A$lcc2286822$113                   draw
     00001BD7  A$lcc2286822$117                   draw
     00001BD7  C$draw.c$14$1_0$136                draw
     00001BDA  A$lcc2286822$118                   draw
     00001BDB  A$lcc2286822$119                   draw
ASxxxx Linker V03.00/V05.40 + sdld,  page 25.
Hexadecimal  [32-Bits]

Area                                    Addr        Size        Decimal Bytes (Attributes)
--------------------------------        ----        ----        ------- ----- ------------
_CODE                               00000200    000029E6 =       10726. bytes (REL,CON)

      Value  Global                              Global Defined In Module
      -----  --------------------------------   ------------------------
     00001BDC  A$lcc2286822$120                   draw
     00001BDE  A$lcc2286822$121                   draw
     00001BDF  A$lcc2286822$125                   draw
     00001BDF  C$draw.c$15$1_0$136                draw
     00001BE0  A$lcc2286822$126                   draw
     00001BE1  A$lcc2286822$127                   draw
     00001BE2  A$lcc2286822$128                   draw
     00001BE3  A$lcc2286822$129                   draw
     00001BE4  A$lcc2286822$130                   draw
     00001BE5  A$lcc2286822$131                   draw
[...]
     00002D52  Fexample_npc$__xinit_spr_example   example_npc
     00002D62  Fspr_Player_down0$__xinit_spr_Pl   spr_Player_down0
     00002D72  Fspr_Player_down0$__xinit_spr_Pl   spr_Player_down0
     00002D82  Fspr_Player_down0$__xinit_spr_Pl   spr_Player_down0
     00002D92  Fspr_Player_down0$__xinit_spr_Pl   spr_Player_down0
     00002DA2  Fspr_Player_down1$__xinit_spr_Pl   spr_Player_down1
     00002DB2  Fspr_Player_down1$__xinit_spr_Pl   spr_Player_down1
     00002DC2  Fspr_Player_down1$__xinit_spr_Pl   spr_Player_down1
     00002DD2  Fspr_Player_down1$__xinit_spr_Pl   spr_Player_down1
     00002DE2  Fspr_Player_down2$__xinit_spr_Pl   spr_Player_down2
     00002DF2  Fspr_Player_down2$__xinit_spr_Pl   spr_Player_down2
     00002E02  Fspr_Player_down2$__xinit_spr_Pl   spr_Player_down2
     00002E12  Fspr_Player_down2$__xinit_spr_Pl   spr_Player_down2
     00002E22  Fspr_Player_up0$__xinit_spr_Play   spr_Player_up0
     00002E32  Fspr_Player_up0$__xinit_spr_Play   spr_Player_up0
     00002E42  Fspr_Player_up0$__xinit_spr_Play   spr_Player_up0
     00002E52  Fspr_Player_up0$__xinit_spr_Play   spr_Player_up0
     00002E62  Fspr_Player_up1$__xinit_spr_Play   spr_Player_up1
     00002E72  Fspr_Player_up1$__xinit_spr_Play   spr_Player_up1
     00002E82  Fspr_Player_up1$__xinit_spr_Play   spr_Player_up1
     00002E92  Fspr_Player_up1$__xinit_spr_Play   spr_Player_up1
     00002EA2  Fspr_Player_up2$__xinit_spr_Play   spr_Player_up2
     00002EB2  Fspr_Player_up2$__xinit_spr_Play   spr_Player_up2
     00002EC2  Fspr_Player_up2$__xinit_spr_Play   spr_Player_up2
     00002ED2  Fspr_Player_up2$__xinit_spr_Play   spr_Player_up2
     00002EE2  Faction$__xinit_MOVE_SPEED$0_0$0   action
     00002EE3  Faction$__xinit_current_directio   action
     00002EE4  Faction$__xinit_last_keys$0_0$0    action
     00002EE5  Fcan_move$__xinit_can_move$0_0$0   can_move
     00002EE9  Fentity$__xinit_next_entity_id$0   entity
     00002EEA  Fgender_selection$__xinit_GENDER   gender_selection
     00002EEB  Finventory$__xinit_inventory_act   inventory
     00002EEC  Finventory_input$__xinit_prev_ke   inventory_input
     00002EED  Fload$__xinit_vram_next_index$0_   load

ASxxxx Linker V03.00/V05.40 + sdld,  page 94.
Hexadecimal  [32-Bits]

Area                                    Addr        Size        Decimal Bytes (Attributes)
--------------------------------        ----        ----        ------- ----- ------------
_GSINIT                             00002EEF    0000000F =          15. bytes (REL,CON)

      Value  Global                              Global Defined In Module
      -----  --------------------------------   ------------------------
     00002EEF  gsinit                             Runtime

ASxxxx Linker V03.00/V05.40 + sdld,  page 95.
Hexadecimal  [32-Bits]

Area                                    Addr        Size        Decimal Bytes (Attributes)
--------------------------------        ----        ----        ------- ----- ------------
_GSFINAL                            00002EFE    00000001 =           1. bytes (REL,CON)

      Value  Global                              Global Defined In Module
      -----  --------------------------------   ------------------------
ASxxxx Linker V03.00/V05.40 + sdld,  page 96.
Hexadecimal  [32-Bits]

Area                                    Addr        Size        Decimal Bytes (Attributes)
--------------------------------        ----        ----        ------- ----- ------------
_DATA                               0000C0A0    00000173 =         371. bytes (REL,CON)

      Value  Global                              Global Defined In Module
      -----  --------------------------------   ------------------------
     0000C0A0  __cpu                              Runtime
     0000C0A1  __is_GBA                           Runtime
     0000C0A2  .mode                              Runtime
     0000C0A3  .sys_time                          Runtime
     0000C0A3  _sys_time                          Runtime
     0000C0A5  .int_0x40                          Runtime
     0000C0B1  G$active$0_0$0                     active
     0000C0B1  _active                            active
     0000C0B6  G$animation$0_0$0                  animation
     0000C0B6  _animation                         animation
     0000C1AB  G$player$0_0$0                     player
     0000C1AB  _player                            player
     0000C1AC  G$player_animations$0_0$0          player
     0000C1AC  _player_animations                 player
     0000C1B0  G$player_y_cache$0_0$0             player
     0000C1B0  _player_y_cache                    player
     0000C1B1  G$position$0_0$0                   position
     0000C1B1  _position                          position
     0000C1CF  G$render$0_0$0                     render
     0000C1CF  _render                            render
     0000C1DE  G$npc_1$0_0$0                      scene
     0000C1DE  _npc_1                             scene
     0000C1DF  G$npc_2$0_0$0                      scene
     0000C1DF  _npc_2                             scene
     0000C1E0  G$option_actor$0_0$0               scene
     0000C1E0  _option_actor                      scene
     0000C1E1  G$scene_manager$0_0$0              scene_manager
     0000C1E1  _scene_manager                     scene_manager
     0000C1E3  G$GenderSelect$0_0$0               gender_select
     0000C1E3  _GenderSelect                      gender_select
     0000C1EB  G$InventoryScene$0_0$0             inventory_scene
     0000C1EB  _InventoryScene                    inventory_scene
     0000C1F3  G$CurrentMapData$0_0$0             map_data
     0000C1F3  _CurrentMapData                    map_data
     0000C205  G$Map_00$0_0$0                     map_00
     0000C205  _Map_00                            map_00
     0000C20D  Lmain.main$game$1_1$182            main
     0000C211  ___sdcc_heap_free                  malloc

ASxxxx Linker V03.00/V05.40 + sdld,  page 97.
Hexadecimal  [32-Bits]

Area                                    Addr        Size        Decimal Bytes (Attributes)
--------------------------------        ----        ----        ------- ----- ------------
_INITIALIZED                        0000C213    000001DD =         477. bytes (REL,CON)

      Value  Global                              Global Defined In Module
      -----  --------------------------------   ------------------------
     0000C213  G$spr_InventoryArrow_idle$0_0$0    spr_InventoryArrow_idle
     0000C213  _spr_InventoryArrow_idle           spr_InventoryArrow_idle
     0000C223  G$spr_example_NPC_00$0_0$0         example_npc
     0000C223  _spr_example_NPC_00                example_npc
     0000C233  G$spr_example_NPC_01$0_0$0         example_npc
     0000C233  _spr_example_NPC_01                example_npc
     0000C243  G$spr_example_NPC_10$0_0$0         example_npc
     0000C243  _spr_example_NPC_10                example_npc
     0000C253  G$spr_example_NPC_11$0_0$0         example_npc
     0000C253  _spr_example_NPC_11                example_npc
     0000C263  G$spr_Player_down0_00$0_0$0        spr_Player_down0
     0000C263  _spr_Player_down0_00               spr_Player_down0
     0000C273  G$spr_Player_down0_10$0_0$0        spr_Player_down0
     0000C273  _spr_Player_down0_10               spr_Player_down0
     0000C283  G$spr_Player_down0_01$0_0$0        spr_Player_down0
     0000C283  _spr_Player_down0_01               spr_Player_down0
     0000C293  G$spr_Player_down0_11$0_0$0        spr_Player_down0
     0000C293  _spr_Player_down0_11               spr_Player_down0
     0000C2A3  G$spr_Player_down1_00$0_0$0        spr_Player_down1
     0000C2A3  _spr_Player_down1_00               spr_Player_down1
     0000C2B3  G$spr_Player_down1_10$0_0$0        spr_Player_down1
     0000C2B3  _spr_Player_down1_10               spr_Player_down1
     0000C2C3  G$spr_Player_down1_01$0_0$0        spr_Player_down1
     0000C2C3  _spr_Player_down1_01               spr_Player_down1
     0000C2D3  G$spr_Player_down1_11$0_0$0        spr_Player_down1
     0000C2D3  _spr_Player_down1_11               spr_Player_down1
     0000C2E3  G$spr_Player_down2_00$0_0$0        spr_Player_down2
     0000C2E3  _spr_Player_down2_00               spr_Player_down2
     0000C2F3  G$spr_Player_down2_10$0_0$0        spr_Player_down2
     0000C2F3  _spr_Player_down2_10               spr_Player_down2
     0000C303  G$spr_Player_down2_01$0_0$0        spr_Player_down2
     0000C303  _spr_Player_down2_01               spr_Player_down2
     0000C313  G$spr_Player_down2_11$0_0$0        spr_Player_down2
     0000C313  _spr_Player_down2_11               spr_Player_down2
     0000C323  G$spr_Player_up0_00$0_0$0          spr_Player_up0
     0000C323  _spr_Player_up0_00                 spr_Player_up0
     0000C333  G$spr_Player_up0_10$0_0$0          spr_Player_up0
     0000C333  _spr_Player_up0_10                 spr_Player_up0
     0000C343  G$spr_Player_up0_01$0_0$0          spr_Player_up0
     0000C343  _spr_Player_up0_01                 spr_Player_up0
     0000C353  G$spr_Player_up0_11$0_0$0          spr_Player_up0
     0000C353  _spr_Player_up0_11                 spr_Player_up0
     0000C363  G$spr_Player_up1_00$0_0$0          spr_Player_up1
     0000C363  _spr_Player_up1_00                 spr_Player_up1
     0000C373  G$spr_Player_up1_10$0_0$0          spr_Player_up1
     0000C373  _spr_Player_up1_10                 spr_Player_up1
     0000C383  G$spr_Player_up1_01$0_0$0          spr_Player_up1
     0000C383  _spr_Player_up1_01                 spr_Player_up1
     0000C393  G$spr_Player_up1_11$0_0$0          spr_Player_up1
     0000C393  _spr_Player_up1_11                 spr_Player_up1
ASxxxx Linker V03.00/V05.40 + sdld,  page 98.
Hexadecimal  [32-Bits]

Area                                    Addr        Size        Decimal Bytes (Attributes)
--------------------------------        ----        ----        ------- ----- ------------
_INITIALIZED                        0000C213    000001DD =         477. bytes (REL,CON)

      Value  Global                              Global Defined In Module
      -----  --------------------------------   ------------------------
     0000C3A3  G$spr_Player_up2_00$0_0$0          spr_Player_up2
     0000C3A3  _spr_Player_up2_00                 spr_Player_up2
     0000C3B3  G$spr_Player_up2_10$0_0$0          spr_Player_up2
     0000C3B3  _spr_Player_up2_10                 spr_Player_up2
     0000C3C3  G$spr_Player_up2_01$0_0$0          spr_Player_up2
     0000C3C3  _spr_Player_up2_01                 spr_Player_up2
     0000C3D3  G$spr_Player_up2_11$0_0$0          spr_Player_up2
     0000C3D3  _spr_Player_up2_11                 spr_Player_up2
     0000C3E3  G$MOVE_SPEED$0_0$0                 action
     0000C3E3  _MOVE_SPEED                        action
     0000C3E4  G$current_direction$0_0$0          action
     0000C3E4  _current_direction                 action
     0000C3E5  G$last_keys$0_0$0                  action
     0000C3E5  _last_keys                         action
     0000C3E6  G$can_move$0_0$0                   can_move
     0000C3E6  _can_move                          can_move
     0000C3EA  G$next_entity_id$0_0$0             entity
     0000C3EA  _next_entity_id                    entity
     0000C3EB  G$GENDER$0_0$0                     gender_selection
     0000C3EB  _GENDER                            gender_selection
     0000C3EC  G$inventory_active$0_0$0           inventory
     0000C3EC  _inventory_active                  inventory
     0000C3ED  G$prev_keys$0_0$0                  inventory_input
     0000C3ED  _prev_keys                         inventory_input
     0000C3EE  G$vram_next_index$0_0$0            load
     0000C3EE  _vram_next_index                   load
     0000C3EF  __map_tile_offset                  SetTileMap

ASxxxx Linker V03.00/V05.40 + sdld,  page 99.
Hexadecimal  [32-Bits]

Area                                    Addr        Size        Decimal Bytes (Attributes)
--------------------------------        ----        ----        ------- ----- ------------
_HEAP                               0000C3F0    000007FF =        2047. bytes (REL,CON)

      Value  Global                              Global Defined In Module
      -----  --------------------------------   ------------------------
     0000C3F0  ___sdcc_heap                       

ASxxxx Linker V03.00/V05.40 + sdld,  page 100.
Hexadecimal  [32-Bits]

Area                                    Addr        Size        Decimal Bytes (Attributes)
--------------------------------        ----        ----        ------- ----- ------------
_HEAP_END                           0000CBEF    00000001 =           1. bytes (REL,CON)

      Value  Global                              Global Defined In Module
      -----  --------------------------------   ------------------------
     0000CBEF  ___sdcc_heap_end                   

ASxxxx Linker V03.00/V05.40 + sdld,  page 101.
Hexadecimal  [32-Bits]

Area                                    Addr        Size        Decimal Bytes (Attributes)
--------------------------------        ----        ----        ------- ----- ------------
_HRAM                               0000FF80    00000013 =          19. bytes (REL,CON)

      Value  Global                              Global Defined In Module
      -----  --------------------------------   ------------------------
     0000FF80  .refresh_OAM                       Runtime
     0000FF90  __current_bank                     Runtime
     0000FF91  __vbl_done                         Runtime
     0000FF92  __shadow_OAM_base                  Runtime

ASxxxx Linker V03.00/V05.40 + sdld,  page 102.

Files Linked                              [ module(s) ]

C:\Program Files\GBDK\lib/gb/crt0.o       [ Runtime ]
C:\Users\Bau_M\AppData\Local\Temp/lcc228680.o
                                          [ chars ]
C:\Users\Bau_M\AppData\Local\Temp/lcc228681.o
                                          [ numbers ]
C:\Users\Bau_M\AppData\Local\Temp/lcc228682.o
                                          [ gender_select_tilemap ]
C:\Users\Bau_M\AppData\Local\Temp/lcc228683.o
                                          [ gender_select_tileset ]
C:\Users\Bau_M\AppData\Local\Temp/lcc228684.o
                                          [ inventory_bkg ]
C:\Users\Bau_M\AppData\Local\Temp/lcc228685.o
                                          [ map_example ]
C:\Users\Bau_M\AppData\Local\Temp/lcc228686.o
                                          [ template_tilemap ]
C:\Users\Bau_M\AppData\Local\Temp/lcc228687.o
                                          [ template_tileset ]
C:\Users\Bau_M\AppData\Local\Temp/lcc228688.o
                                          [ spr_InventoryArrow_idle ]
C:\Users\Bau_M\AppData\Local\Temp/lcc228689.o
                                          [ spr_Branch ]
C:\Users\Bau_M\AppData\Local\Temp/lcc2286810.o
                                          [ example_npc ]
C:\Users\Bau_M\AppData\Local\Temp/lcc2286811.o
                                          [ spr_Player_down0 ]
C:\Users\Bau_M\AppData\Local\Temp/lcc2286812.o
                                          [ spr_Player_down1 ]
C:\Users\Bau_M\AppData\Local\Temp/lcc2286813.o
                                          [ spr_Player_down2 ]
C:\Users\Bau_M\AppData\Local\Temp/lcc2286814.o
                                          [ spr_Player_up0 ]
C:\Users\Bau_M\AppData\Local\Temp/lcc2286815.o
                                          [ spr_Player_up1 ]
C:\Users\Bau_M\AppData\Local\Temp/lcc2286816.o
                                          [ spr_Player_up2 ]
C:\Users\Bau_M\AppData\Local\Temp/lcc2286817.o
                                          [ action ]
C:\Users\Bau_M\AppData\Local\Temp/lcc2286818.o
                                          [ active ]
C:\Users\Bau_M\AppData\Local\Temp/lcc2286819.o
                                          [ animation ]
C:\Users\Bau_M\AppData\Local\Temp/lcc2286820.o
                                          [ can_move ]
C:\Users\Bau_M\AppData\Local\Temp/lcc2286821.o
                                          [ char_to_tile ]
C:\Users\Bau_M\AppData\Local\Temp/lcc2286822.o
                                          [ draw ]
C:\Users\Bau_M\AppData\Local\Temp/lcc2286823.o
                                          [ entity ]
C:\Users\Bau_M\AppData\Local\Temp/lcc2286824.o
                                          [ gender_selection ]
C:\Users\Bau_M\AppData\Local\Temp/lcc2286825.o
                                          [ global_action ]
C:\Users\Bau_M\AppData\Local\Temp/lcc2286826.o
                                          [ inventory ]
C:\Users\Bau_M\AppData\Local\Temp/lcc2286827.o
                                          [ inventory_input ]
C:\Users\Bau_M\AppData\Local\Temp/lcc2286828.o
                                          [ load ]
C:\Users\Bau_M\AppData\Local\Temp/lcc2286829.o
                                          [ map_scenes ]
C:\Users\Bau_M\AppData\Local\Temp/lcc2286830.o
                                          [ player ]
C:\Users\Bau_M\AppData\Local\Temp/lcc2286831.o
                                          [ position ]
C:\Users\Bau_M\AppData\Local\Temp/lcc2286832.o
                                          [ render ]
C:\Users\Bau_M\AppData\Local\Temp/lcc2286833.o
                                          [ scene ]
C:\Users\Bau_M\AppData\Local\Temp/lcc2286834.o
                                          [ scene_manager ]
C:\Users\Bau_M\AppData\Local\Temp/lcc2286835.o
                                          [ gender_select ]
C:\Users\Bau_M\AppData\Local\Temp/lcc2286836.o
                                          [ gender_select_init ]
C:\Users\Bau_M\AppData\Local\Temp/lcc2286837.o
                                          [ gender_select_update ]
C:\Users\Bau_M\AppData\Local\Temp/lcc2286838.o
                                          [ inventory_scene ]
C:\Users\Bau_M\AppData\Local\Temp/lcc2286839.o
                                          [ inventory_scene_init ]
C:\Users\Bau_M\AppData\Local\Temp/lcc2286840.o
                                          [ inventory_scene_update ]
C:\Users\Bau_M\AppData\Local\Temp/lcc2286841.o
                                          [ clean_text ]
C:\Users\Bau_M\AppData\Local\Temp/lcc2286842.o
                                          [ map_collision ]
C:\Users\Bau_M\AppData\Local\Temp/lcc2286843.o
                                          [ map_data ]
C:\Users\Bau_M\AppData\Local\Temp/lcc2286844.o
                                          [ map_00 ]
C:\Users\Bau_M\AppData\Local\Temp/lcc2286845.o
                                          [ map_00_collision ]
C:\Users\Bau_M\AppData\Local\Temp/lcc2286846.o
                                          [ map_00_init ]
C:\Users\Bau_M\AppData\Local\Temp/lcc2286847.o
                                          [ map_00_init_npc ]
C:\Users\Bau_M\AppData\Local\Temp/lcc2286848.o
                                          [ map_00_update ]
C:\Users\Bau_M\AppData\Local\Temp/lcc2286849.o
                                          [ main ]


Libraries Linked                          [ object file ]

C:\Program Files\GBDK\lib/sm83/sm83.lib   [ free.o ]
C:\Program Files\GBDK\lib/sm83/sm83.lib   [ malloc.o ]
C:\Program Files\GBDK\lib/gb/gb.lib       [ set_data.o ]
C:\Program Files\GBDK\lib/sm83/sm83.lib   [ mul.o ]
C:\Program Files\GBDK\lib/gb/gb.lib       [ pad.o ]
C:\Program Files\GBDK\lib/sm83/sm83.lib   [ __sdcc_call_hl.o ]
C:\Program Files\GBDK\lib/gb/gb.lib       [ sfr.o ]
C:\Program Files\GBDK\lib/gb/gb.lib       [ heap.o ]
C:\Program Files\GBDK\lib/gb/gb.lib       [ set_bk_t.o ]
C:\Program Files\GBDK\lib/gb/gb.lib       [ set_xy_t.o ]

ASxxxx Linker V03.00/V05.40 + sdld,  page 103.

User Base Address Definitions

_DATA=0xC0A0
_CODE=0x0200
_HRAM=0xFF80
ASxxxx Linker V03.00/V05.40 + sdld,  page 104.

User Global Definitions

_shadow_OAM=0xC000
.STACK=0xE000

