ASxxxx Linker V03.00/V05.40 + sdld,  page 1.
Hexadecimal  [32-Bits]

Area                                    Addr        Size        Decimal Bytes (Attributes)
--------------------------------        ----        ----        ------- ----- ------------
.  .ABS.                            00000000    00000000 =           0. bytes (ABS,CON)

      Value  Global                              Global Defined In Module
      -----  --------------------------------   ------------------------
     00000000  .__.ABS.                           SetTileMap
     00000000  _rMBC7_SRAM_ENABLE_1               
     00000000  _rRAMG                             
     00000000  l__BASE                         
     00000000  l__BSS                          
     00000000  l__CABS                         
     00000000  l__CODE_0                       
     00000000  l__DABS                         
     00000000  l__HEADER                       
     00000000  l__LIT                          
     00000000  s__CABS                         
     00000000  s__DABS                         
     00000000  s__HEADER                       
     00000000  s__HEADER0                      
     00000000  s__HEADER1                      
     00000000  s__HEADER10                     
     00000000  s__HEADER11                     
     00000000  s__HEADER2                      
     00000000  s__HEADER3                      
     00000000  s__HEADER4                      
     00000000  s__HEADER5                      
     00000000  s__HEADER6                      
     00000000  s__HEADER7                      
     00000000  s__HEADER8                      
     00000000  s__HEADER9                      
     00000000  s__HEADERa                      
     00000000  s__HEADERb                      
     00000000  s__HEADERc                      
     00000000  s__HEADERd                      
     00000000  s__HEADERe                      
     00000000  s__HEADERf                      
     00000001  l__GSFINAL                      
     00000001  l__HEADER0                      
     00000001  l__HEADER5                      
     00000001  l__HEADERa                      
     00000001  l__HEADERb                      
     00000001  l__HEADERc                      
     00000001  l__HEADERe                      
     00000001  l__HEADERf                      
     00000001  l__HEAP_END                     
     00000002  l__HEADER10                     
     00000002  l__HEADER6                      
     00000002  l__HEADERd                      
     00000003  l__HEADER9                      
     00000005  l__HEADER1                      
     00000006  l__HEADER8                      
     00000007  l__HEADER2                      
     00000008  l__HEADER3                      
     0000000F  l__GSINIT                       
     00000013  l__HRAM                         
ASxxxx Linker V03.00/V05.40 + sdld,  page 2.
Hexadecimal  [32-Bits]

Area                                    Addr        Size        Decimal Bytes (Attributes)
--------------------------------        ----        ----        ------- ----- ------------
.  .ABS.                            00000000    00000000 =           0. bytes (ABS,CON)

      Value  Global                              Global Defined In Module
      -----  --------------------------------   ------------------------
     00000030  l__HEADER7                      
     00000060  l__HEADER4                      
     000000AB  l__HEADER11                     
     0000012B  l__HOME                         
     00000186  l__INITIALIZED                  
     00000186  l__INITIALIZER                  
     00000200  s__CODE                         
     000007FF  l__HEAP                         
     00000EF1  l__CODE                         
     000010F1  s__HOME                         
     0000121C  s__BASE                         
     0000121C  s__CODE_0                       
     0000121C  s__INITIALIZER                  
     0000121C  s__LIT                          
     000013A2  s__GSINIT                       
     000013B1  s__GSFINAL                      
     00001D1D  l__DATA                         
     00002000  _rROMB0                            
     00003000  _rROMB1                            
     00004000  _rMBC7_SRAM_ENABLE_2               
     00004000  _rRAMB                             
     00008000  __VRAM                             
     00008000  __VRAM8000                         
     00008800  __VRAM8800                         
     00009000  __VRAM9000                         
     00009800  __SCRN0                            
     00009C00  __SCRN1                            
     0000A000  __SRAM                             
     0000A000  _rMBC7_LATCH_1                     
     0000A010  _rMBC7_LATCH_2                     
     0000A020  _rMBC7_ACCEL_X_LO                  
     0000A030  _rMBC7_ACCEL_X_HI                  
     0000A040  _rMBC7_ACCEL_Y_LO                  
     0000A050  _rMBC7_ACCEL_Y_HI                  
     0000C000  __RAM                              
     0000C000  _shadow_OAM                     
     0000C0A0  s__DATA                         
     0000D000  __RAMBANK                          
     0000DDBD  s__BSS                          
     0000DDBD  s__INITIALIZED                  
     0000DF43  s__HEAP                         
     0000E000  .STACK                          
     0000E742  s__HEAP_END                     
     0000FE00  __OAMRAM                           
     0000FF00  _P1_REG                            
     0000FF00  __IO                               
     0000FF01  _SB_REG                            
     0000FF02  _SC_REG                            
     0000FF04  _DIV_REG                           
     0000FF05  _TIMA_REG                          
     0000FF06  _TMA_REG                           
ASxxxx Linker V03.00/V05.40 + sdld,  page 3.
Hexadecimal  [32-Bits]

Area                                    Addr        Size        Decimal Bytes (Attributes)
--------------------------------        ----        ----        ------- ----- ------------
.  .ABS.                            00000000    00000000 =           0. bytes (ABS,CON)

      Value  Global                              Global Defined In Module
      -----  --------------------------------   ------------------------
     0000FF07  _TAC_REG                           
     0000FF0F  _IF_REG                            
     0000FF10  _NR10_REG                          
     0000FF11  _NR11_REG                          
     0000FF12  _NR12_REG                          
     0000FF13  _NR13_REG                          
     0000FF14  _NR14_REG                          
     0000FF16  _NR21_REG                          
     0000FF17  _NR22_REG                          
     0000FF18  _NR23_REG                          
     0000FF19  _NR24_REG                          
     0000FF1A  _NR30_REG                          
     0000FF1B  _NR31_REG                          
     0000FF1C  _NR32_REG                          
     0000FF1D  _NR33_REG                          
     0000FF1E  _NR34_REG                          
     0000FF20  _NR41_REG                          
     0000FF21  _NR42_REG                          
     0000FF22  _NR43_REG                          
     0000FF23  _NR44_REG                          
     0000FF24  _NR50_REG                          
     0000FF25  _NR51_REG                          
     0000FF26  _NR52_REG                          
     0000FF30  _AUD3WAVE                          
     0000FF30  _PCM_SAMPLE                        
     0000FF30  __AUD3WAVERAM                      
     0000FF40  _LCDC_REG                          
     0000FF41  _STAT_REG                          
     0000FF42  _SCY_REG                           
     0000FF43  _SCX_REG                           
     0000FF44  _LY_REG                            
     0000FF45  _LYC_REG                           
     0000FF46  _DMA_REG                           
     0000FF47  _BGP_REG                           
     0000FF48  _OBP0_REG                          
     0000FF49  _OBP1_REG                          
     0000FF4A  _WY_REG                            
     0000FF4B  _WX_REG                            
     0000FF4D  _KEY1_REG                          
     0000FF4F  _VBK_REG                           
     0000FF51  _HDMA1_REG                         
     0000FF52  _HDMA2_REG                         
     0000FF53  _HDMA3_REG                         
     0000FF54  _HDMA4_REG                         
     0000FF55  _HDMA5_REG                         
     0000FF56  _RP_REG                            
     0000FF68  _BCPS_REG                          
     0000FF69  _BCPD_REG                          
     0000FF6A  _OCPS_REG                          
     0000FF6B  _OCPD_REG                          
     0000FF70  _SVBK_REG                          
ASxxxx Linker V03.00/V05.40 + sdld,  page 4.
Hexadecimal  [32-Bits]

Area                                    Addr        Size        Decimal Bytes (Attributes)
--------------------------------        ----        ----        ------- ----- ------------
.  .ABS.                            00000000    00000000 =           0. bytes (ABS,CON)

      Value  Global                              Global Defined In Module
      -----  --------------------------------   ------------------------
     0000FF76  _PCM12_REG                         
     0000FF77  _PCM34_REG                         
     0000FF80  __HRAM                             
     0000FF80  s__HRAM                         
     0000FFFF  _IE_REG                            

ASxxxx Linker V03.00/V05.40 + sdld,  page 5.
Hexadecimal  [32-Bits]

Area                                    Addr        Size        Decimal Bytes (Attributes)
--------------------------------        ----        ----        ------- ----- ------------
_CODE                               00000200    00000EF1 =        3825. bytes (REL,CON)

      Value  Global                              Global Defined In Module
      -----  --------------------------------   ------------------------
     00000200  G$template_tilemap$0_0$0           template_tilemap
     00000200  _template_tilemap                  template_tilemap
     00000368  G$template_tileset$0_0$0           template_tileset
     00000368  _template_tileset                  template_tileset
     00000538  A$lcc303168$60                     gender_select
     00000538  C$gender_select.c$6$0_0$24         gender_select
     00000538  C$gender_select.c$7$1_0$24         gender_select
     00000538  G$GenderSelect_Create$0$0          gender_select
     00000538  _GenderSelect_Create               gender_select
     0000053B  A$lcc303168$61                     gender_select
     0000053D  A$lcc303168$62                     gender_select
     0000053E  A$lcc303168$66                     gender_select
     0000053E  C$gender_select.c$8$1_0$24         gender_select
     00000540  A$lcc303168$67                     gender_select
     00000541  A$lcc303168$68                     gender_select
     00000542  A$lcc303168$69                     gender_select
     00000543  A$lcc303168$70                     gender_select
     00000544  A$lcc303168$78                     gender_select
     00000544  C$gender_select.c$9$1_0$24         gender_select
     00000544  XG$GenderSelect_Create$0$0         gender_select
     00000545  A$lcc303169$58                     init
     00000545  C$init.c$10$1_0$149                init
     00000545  C$init.c$8$0_0$149                 init
     00000545  G$GenderSelect_Init$0$0            init
     00000545  _GenderSelect_Init                 init
     00000546  A$lcc303169$59                     init
     00000549  A$lcc303169$60                     init
     0000054C  A$lcc303169$61                     init
     0000054D  A$lcc303169$62                     init
     0000054E  A$lcc303169$63                     init
     0000054F  A$lcc303169$67                     init
     0000054F  C$init.c$11$2_0$150                init
     00000550  A$lcc303169$68                     init
     00000551  A$lcc303169$72                     init
     00000551  C$init.c$12$2_0$150                init
     00000552  A$lcc303169$79                     init
     00000552  C$init.c$14$1_0$149                init
     00000552  C$init.c$15$1_0$149                init
     00000553  A$lcc303169$80                     init
     00000554  A$lcc303169$81                     init
     00000555  A$lcc303169$82                     init
     00000556  A$lcc303169$83                     init
     00000557  A$lcc303169$84                     init
     00000558  A$lcc303169$85                     init
     00000559  A$lcc303169$89                     init
     00000559  C$init.c$17$1_0$149                init
     0000055C  A$lcc303169$90                     init
     0000055D  A$lcc303169$91                     init
     00000560  A$lcc303169$92                     init
     00000561  A$lcc303169$93                     init
ASxxxx Linker V03.00/V05.40 + sdld,  page 6.
Hexadecimal  [32-Bits]

Area                                    Addr        Size        Decimal Bytes (Attributes)
--------------------------------        ----        ----        ------- ----- ------------
_CODE                               00000200    00000EF1 =        3825. bytes (REL,CON)

      Value  Global                              Global Defined In Module
      -----  --------------------------------   ------------------------
     00000564  A$lcc303169$94                     init
     00000566  A$lcc303169$98                     init
     00000566  C$init.c$18$1_0$149                init
     00000569  A$lcc303169$99                     init
     0000056A  A$lcc303169$100                    init
     0000056D  A$lcc303169$101                    init
     0000056E  A$lcc303169$102                    init
     0000056F  A$lcc303169$103                    init
     00000570  A$lcc303169$104                    init
     00000571  A$lcc303169$105                    init
     00000574  A$lcc303169$106                    init
     00000576  A$lcc303169$114                    init
     00000576  C$init.c$19$1_0$149                init
     00000576  XG$GenderSelect_Init$0$0           init
     00000577  A$lcc3031610$109                   main
     00000577  C$entity.h$10$0_0$155              main
     00000577  C$entity.h$11$1_0$155              main
     00000577  G$create_entity$0$0                main
     00000577  _create_entity                     main
     0000057A  A$lcc3031610$110                   main
     0000057B  A$lcc3031610$111                   main
     0000057E  A$lcc3031610$112                   main
     0000057F  A$lcc3031610$113                   main
     00000580  A$lcc3031610$114                   main
     00000581  A$lcc3031610$115                   main
     00000582  A$lcc3031610$116                   main
     00000583  A$lcc3031610$117                   main
     00000584  A$lcc3031610$125                   main
     00000584  C$entity.h$12$1_0$155              main
     00000584  XG$create_entity$0$0               main
     00000585  A$lcc3031610$138                   main
     00000585  C$render.h$19$1_0$157              main
     00000585  C$render.h$20$1_0$157              main
     00000585  G$render_reset$0$0                 main
     00000585  _render_reset                      main
     00000588  A$lcc3031610$139                   main
     00000589  A$lcc3031610$140                   main
     0000058B  A$lcc3031610$144                   main
     0000058B  C$render.h$21$1_0$157              main
     0000058E  A$lcc3031610$145                   main
     0000058F  A$lcc3031610$146                   main
     00000591  A$lcc3031610$154                   main
     00000591  C$render.h$22$1_0$157              main
     00000591  XG$render_reset$0$0                main
     00000592  A$lcc3031610$164                   main
     00000592  C$load.h$17$1_0$159                main
     00000592  G$load_actor_tiles$0$0             main
     00000592  _load_actor_tiles                  main
     00000594  A$lcc3031610$165                   main
     00000596  A$lcc3031610$166                   main
     00000597  A$lcc3031610$167                   main
ASxxxx Linker V03.00/V05.40 + sdld,  page 7.
Hexadecimal  [32-Bits]

Area                                    Addr        Size        Decimal Bytes (Attributes)
--------------------------------        ----        ----        ------- ----- ------------
_CODE                               00000200    00000EF1 =        3825. bytes (REL,CON)

      Value  Global                              Global Defined In Module
      -----  --------------------------------   ------------------------
     00000598  A$lcc3031610$168                   main
     00000599  A$lcc3031610$172                   main
     00000599  C$load.h$18$2_0$159                main
     0000059C  A$lcc3031610$173                   main
     0000059E  A$lcc3031610$174                   main
     0000059F  A$lcc3031610$178                   main
     0000059F  C$load.h$21$1_0$159                main
     000005A1  A$lcc3031610$179                   main
     000005A3  A$lcc3031610$181                   main
     000005A5  A$lcc3031610$182                   main
     000005A6  A$lcc3031610$183                   main
     000005A8  A$lcc3031610$184                   main
     000005A9  A$lcc3031610$185                   main
     000005AB  A$lcc3031610$189                   main
     000005AB  C$load.h$22$3_0$161                main
     000005AD  A$lcc3031610$190                   main
     000005AE  A$lcc3031610$191                   main
     000005AF  A$lcc3031610$192                   main
     000005B0  A$lcc3031610$193                   main
     000005B1  A$lcc3031610$194                   main
     000005B2  A$lcc3031610$195                   main
     000005B3  A$lcc3031610$196                   main
     000005B4  A$lcc3031610$197                   main
     000005B5  A$lcc3031610$198                   main
     000005B6  A$lcc3031610$199                   main
     000005B8  A$lcc3031610$200                   main
     000005B9  A$lcc3031610$201                   main
     000005BA  A$lcc3031610$202                   main
     000005BB  A$lcc3031610$203                   main
     000005BC  A$lcc3031610$204                   main
     000005BE  A$lcc3031610$205                   main
     000005BF  A$lcc3031610$206                   main
     000005C1  A$lcc3031610$207                   main
     000005C2  A$lcc3031610$208                   main
     000005C4  A$lcc3031610$209                   main
     000005C5  A$lcc3031610$210                   main
     000005C6  A$lcc3031610$211                   main
     000005C7  A$lcc3031610$212                   main
     000005C8  A$lcc3031610$213                   main
     000005CA  A$lcc3031610$214                   main
     000005CB  A$lcc3031610$215                   main
     000005CC  A$lcc3031610$216                   main
     000005CD  A$lcc3031610$217                   main
     000005CE  A$lcc3031610$218                   main
     000005D1  A$lcc3031610$219                   main
     000005D3  A$lcc3031610$223                   main
     000005D3  C$load.h$21$2_0$160                main
     000005D5  A$lcc3031610$224                   main
     000005D6  A$lcc3031610$225                   main
     000005D8  A$lcc3031610$230                   main
     000005D8  C$load.h$26$1_0$159                main
ASxxxx Linker V03.00/V05.40 + sdld,  page 8.
Hexadecimal  [32-Bits]

Area                                    Addr        Size        Decimal Bytes (Attributes)
--------------------------------        ----        ----        ------- ----- ------------
_CODE                               00000200    00000EF1 =        3825. bytes (REL,CON)

      Value  Global                              Global Defined In Module
      -----  --------------------------------   ------------------------
     000005DB  A$lcc3031610$231                   main
     000005DD  A$lcc3031610$232                   main
     000005DE  A$lcc3031610$233                   main
     000005DF  A$lcc3031610$234                   main
     000005E0  A$lcc3031610$235                   main
     000005E1  A$lcc3031610$236                   main
     000005E2  A$lcc3031610$237                   main
     000005E3  A$lcc3031610$238                   main
     000005E5  A$lcc3031610$239                   main
     000005E6  A$lcc3031610$240                   main
     000005E7  A$lcc3031610$244                   main
     000005E7  C$load.h$27$1_0$159                main
     000005EA  A$lcc3031610$245                   main
     000005EC  A$lcc3031610$246                   main
     000005ED  A$lcc3031610$247                   main
     000005EE  A$lcc3031610$248                   main
     000005EF  A$lcc3031610$249                   main
     000005F0  A$lcc3031610$250                   main
     000005F1  A$lcc3031610$251                   main
     000005F2  A$lcc3031610$252                   main
     000005F4  A$lcc3031610$253                   main
     000005F5  A$lcc3031610$254                   main
     000005F6  A$lcc3031610$255                   main
     000005F7  A$lcc3031610$256                   main
     000005F9  A$lcc3031610$257                   main
     000005FA  A$lcc3031610$258                   main
     000005FB  A$lcc3031610$259                   main
     000005FC  A$lcc3031610$260                   main
     000005FD  A$lcc3031610$261                   main
     000005FF  A$lcc3031610$262                   main
     00000600  A$lcc3031610$263                   main
     00000601  A$lcc3031610$267                   main
     00000601  C$load.h$30$1_0$159                main
     00000604  A$lcc3031610$268                   main
     00000606  A$lcc3031610$269                   main
     00000607  A$lcc3031610$270                   main
     0000060A  A$lcc3031610$274                   main
     0000060A  C$load.h$32$1_0$159                main
     0000060C  A$lcc3031610$275                   main
     0000060D  A$lcc3031610$279                   main
     0000060D  C$load.h$33$1_0$159                main
     0000060F  A$lcc3031610$280                   main
     00000610  A$lcc3031610$281                   main
     00000611  A$lcc3031610$282                   main
     00000612  A$lcc3031610$295                   main
     00000612  C$load.h$35$1_0$163                main
     00000612  C$load.h$36$3_0$165                main
     00000612  G$reset_render_component$0$0       main
     00000612  _reset_render_component            main
     00000615  A$lcc3031610$297                   main
     00000618  A$lcc3031610$298                   main
ASxxxx Linker V03.00/V05.40 + sdld,  page 9.
Hexadecimal  [32-Bits]

Area                                    Addr        Size        Decimal Bytes (Attributes)
--------------------------------        ----        ----        ------- ----- ------------
_CODE                               00000200    00000EF1 =        3825. bytes (REL,CON)

      Value  Global                              Global Defined In Module
      -----  --------------------------------   ------------------------
     00000619  A$lcc3031610$299                   main
     0000061A  A$lcc3031610$300                   main
     0000061B  A$lcc3031610$301                   main
     0000061C  A$lcc3031610$302                   main
     0000061D  A$lcc3031610$303                   main
     0000061F  A$lcc3031610$307                   main
     0000061F  C$load.h$37$3_0$165                main
     00000622  A$lcc3031610$308                   main
     00000623  A$lcc3031610$309                   main
     00000625  A$lcc3031610$313                   main
     00000625  C$load.h$38$3_0$165                main
     00000628  A$lcc3031610$314                   main
     00000629  A$lcc3031610$315                   main
     0000062B  A$lcc3031610$319                   main
     0000062B  C$load.h$36$2_0$164                main
     0000062C  A$lcc3031610$320                   main
     0000062E  A$lcc3031610$325                   main
     0000062E  C$load.h$41$1_0$163                main
     0000062F  A$lcc3031610$326                   main
     00000632  A$lcc3031610$334                   main
     00000632  C$load.h$42$1_0$163                main
     00000632  XG$reset_render_component$0$0      main
     00000633  A$lcc3031610$344                   main
     00000633  C$animation.h$30$1_0$167           main
     00000633  G$init_animation$0$0               main
     00000633  _init_animation                    main
     00000635  A$lcc3031610$345                   main
     00000637  A$lcc3031610$346                   main
     00000638  A$lcc3031610$347                   main
     00000639  A$lcc3031610$348                   main
     0000063A  A$lcc3031610$349                   main
     0000063B  A$lcc3031610$350                   main
     0000063C  A$lcc3031610$351                   main
     0000063D  A$lcc3031610$355                   main
     0000063D  C$animation.h$35$1_0$167           main
     0000063F  A$lcc3031610$356                   main
     00000640  A$lcc3031610$357                   main
     00000641  A$lcc3031610$358                   main
     00000642  A$lcc3031610$359                   main
     00000643  A$lcc3031610$360                   main
     00000644  A$lcc3031610$361                   main
     00000645  A$lcc3031610$362                   main
     00000647  A$lcc3031610$363                   main
     00000648  A$lcc3031610$364                   main
     00000649  A$lcc3031610$365                   main
     0000064A  A$lcc3031610$366                   main
     0000064B  A$lcc3031610$367                   main
     0000064C  A$lcc3031610$371                   main
     0000064C  C$animation.h$37$1_0$167           main
     0000064D  A$lcc3031610$372                   main
     0000064E  A$lcc3031610$373                   main
ASxxxx Linker V03.00/V05.40 + sdld,  page 10.
Hexadecimal  [32-Bits]

Area                                    Addr        Size        Decimal Bytes (Attributes)
--------------------------------        ----        ----        ------- ----- ------------
_CODE                               00000200    00000EF1 =        3825. bytes (REL,CON)

      Value  Global                              Global Defined In Module
      -----  --------------------------------   ------------------------
     0000064F  A$lcc3031610$374                   main
     00000651  A$lcc3031610$375                   main
     00000652  A$lcc3031610$376                   main
     00000653  A$lcc3031610$380                   main
     00000653  C$animation.h$38$1_0$167           main
     00000654  A$lcc3031610$381                   main
     00000655  A$lcc3031610$382                   main
     00000656  A$lcc3031610$383                   main
     00000657  A$lcc3031610$384                   main
     00000658  A$lcc3031610$385                   main
     00000659  A$lcc3031610$386                   main
     0000065B  A$lcc3031610$387                   main
     0000065C  A$lcc3031610$388                   main
     0000065D  A$lcc3031610$389                   main
     0000065E  A$lcc3031610$393                   main
     0000065E  C$animation.h$39$1_0$167           main
     00000661  A$lcc3031610$394                   main
     00000662  A$lcc3031610$395                   main
     00000664  A$lcc3031610$399                   main
     00000664  C$animation.h$40$1_0$167           main
     00000665  A$lcc3031610$400                   main
     00000666  A$lcc3031610$401                   main
     00000667  A$lcc3031610$402                   main
     00000668  A$lcc3031610$403                   main
     0000066A  A$lcc3031610$407                   main
     0000066A  C$animation.h$41$1_0$167           main
     0000066D  A$lcc3031610$408                   main
     0000066E  A$lcc3031610$409                   main
     0000066F  A$lcc3031610$410                   main
     00000671  A$lcc3031610$411                   main
     00000672  A$lcc3031610$412                   main
     00000673  A$lcc3031610$413                   main
     00000674  A$lcc3031610$417                   main
     00000674  C$animation.h$44$1_0$167           main
     00000675  A$lcc3031610$418                   main
     00000676  A$lcc3031610$419                   main
     00000677  A$lcc3031610$420                   main
     00000678  A$lcc3031610$421                   main
     00000679  A$lcc3031610$422                   main
     0000067B  A$lcc3031610$423                   main
     0000067C  A$lcc3031610$424                   main
     0000067E  A$lcc3031610$425                   main
     0000067F  A$lcc3031610$426                   main
     00000680  A$lcc3031610$427                   main
     00000683  A$lcc3031610$428                   main
     00000684  A$lcc3031610$429                   main
     00000685  A$lcc3031610$430                   main
     00000686  A$lcc3031610$431                   main
     00000687  A$lcc3031610$432                   main
     00000688  A$lcc3031610$433                   main
     00000689  A$lcc3031610$434                   main
ASxxxx Linker V03.00/V05.40 + sdld,  page 11.
Hexadecimal  [32-Bits]

Area                                    Addr        Size        Decimal Bytes (Attributes)
--------------------------------        ----        ----        ------- ----- ------------
_CODE                               00000200    00000EF1 =        3825. bytes (REL,CON)

      Value  Global                              Global Defined In Module
      -----  --------------------------------   ------------------------
     0000068A  A$lcc3031610$435                   main
     0000068B  A$lcc3031610$436                   main
     0000068D  A$lcc3031610$437                   main
     0000068E  A$lcc3031610$438                   main
     00000690  A$lcc3031610$439                   main
     00000691  A$lcc3031610$440                   main
     00000693  A$lcc3031610$441                   main
     00000694  A$lcc3031610$442                   main
     00000696  A$lcc3031610$443                   main
     00000697  A$lcc3031610$444                   main
     00000698  A$lcc3031610$445                   main
     0000069B  A$lcc3031610$446                   main
     0000069C  A$lcc3031610$447                   main
     0000069D  A$lcc3031610$448                   main
     0000069E  A$lcc3031610$452                   main
     0000069E  C$animation.h$47$2_0$167           main
     000006A0  A$lcc3031610$454                   main
     000006A1  A$lcc3031610$455                   main
     000006A2  A$lcc3031610$456                   main
     000006A3  A$lcc3031610$457                   main
     000006A4  A$lcc3031610$458                   main
     000006A6  A$lcc3031610$459                   main
     000006A7  A$lcc3031610$460                   main
     000006A9  A$lcc3031610$465                   main
     000006A9  C$animation.h$55$2_0$170           main
     000006AA  A$lcc3031610$466                   main
     000006AB  A$lcc3031610$467                   main
     000006AE  A$lcc3031610$468                   main
     000006AF  A$lcc3031610$469                   main
     000006B0  A$lcc3031610$470                   main
     000006B1  A$lcc3031610$471                   main
     000006B2  A$lcc3031610$472                   main
     000006B3  A$lcc3031610$473                   main
     000006B5  A$lcc3031610$477                   main
     000006B5  C$animation.h$56$2_0$170           main
     000006B7  A$lcc3031610$478                   main
     000006B8  A$lcc3031610$479                   main
     000006B9  A$lcc3031610$484                   main
     000006B9  C$animation.h$57$2_0$167           main
     000006BB  A$lcc3031610$485                   main
     000006BC  A$lcc3031610$486                   main
     000006BE  A$lcc3031610$487                   main
     000006BF  A$lcc3031610$497                   main
     000006BF  C$animation.h$59$2_0$172           main
     000006BF  G$update_animation$0$0             main
     000006BF  _update_animation                  main
     000006C0  A$lcc3031610$498                   main
     000006C1  A$lcc3031610$499                   main
     000006C2  A$lcc3031610$500                   main
     000006C3  A$lcc3031610$504                   main
     000006C3  C$animation.h$61$1_0$172           main
ASxxxx Linker V03.00/V05.40 + sdld,  page 12.
Hexadecimal  [32-Bits]

Area                                    Addr        Size        Decimal Bytes (Attributes)
--------------------------------        ----        ----        ------- ----- ------------
_CODE                               00000200    00000EF1 =        3825. bytes (REL,CON)

      Value  Global                              Global Defined In Module
      -----  --------------------------------   ------------------------
     000006C6  A$lcc3031610$505                   main
     000006C7  A$lcc3031610$506                   main
     000006C8  A$lcc3031610$507                   main
     000006C9  A$lcc3031610$508                   main
     000006CA  A$lcc3031610$509                   main
     000006CB  A$lcc3031610$510                   main
     000006CC  A$lcc3031610$511                   main
     000006CD  A$lcc3031610$512                   main
     000006CE  A$lcc3031610$513                   main
     000006D0  A$lcc3031610$514                   main
     000006D1  A$lcc3031610$515                   main
     000006D2  A$lcc3031610$519                   main
     000006D2  C$animation.h$63$1_0$172           main
     000006D5  A$lcc3031610$520                   main
     000006D6  A$lcc3031610$521                   main
     000006D7  A$lcc3031610$522                   main
     000006D8  A$lcc3031610$523                   main
     000006D9  A$lcc3031610$524                   main
     000006DA  A$lcc3031610$525                   main
     000006DC  A$lcc3031610$526                   main
     000006DD  A$lcc3031610$527                   main
     000006DE  A$lcc3031610$531                   main
     000006DE  C$animation.h$64$2_0$173           main
     000006DF  A$lcc3031610$532                   main
     000006E0  A$lcc3031610$533                   main
     000006E1  A$lcc3031610$534                   main
     000006E2  A$lcc3031610$535                   main
     000006E3  A$lcc3031610$536                   main
     000006E4  A$lcc3031610$537                   main
     000006E6  A$lcc3031610$538                   main
     000006E7  A$lcc3031610$539                   main
     000006E9  A$lcc3031610$540                   main
     000006EA  A$lcc3031610$541                   main
     000006EB  A$lcc3031610$542                   main
     000006ED  A$lcc3031610$546                   main
     000006ED  C$animation.h$66$3_0$174           main
     000006EE  A$lcc3031610$547                   main
     000006EF  A$lcc3031610$551                   main
     000006EF  C$animation.h$67$3_0$174           main
     000006F0  A$lcc3031610$552                   main
     000006F1  A$lcc3031610$553                   main
     000006F2  A$lcc3031610$554                   main
     000006F3  A$lcc3031610$555                   main
     000006F4  A$lcc3031610$556                   main
     000006F5  A$lcc3031610$560                   main
     000006F5  C$animation.h$68$4_0$175           main
     000006F6  A$lcc3031610$561                   main
     000006F7  A$lcc3031610$562                   main
     000006F8  A$lcc3031610$563                   main
     000006F9  A$lcc3031610$564                   main
     000006FA  A$lcc3031610$565                   main
ASxxxx Linker V03.00/V05.40 + sdld,  page 13.
Hexadecimal  [32-Bits]

Area                                    Addr        Size        Decimal Bytes (Attributes)
--------------------------------        ----        ----        ------- ----- ------------
_CODE                               00000200    00000EF1 =        3825. bytes (REL,CON)

      Value  Global                              Global Defined In Module
      -----  --------------------------------   ------------------------
     000006FC  A$lcc3031610$569                   main
     000006FC  C$animation.h$69$4_0$175           main
     000006FE  A$lcc3031610$574                   main
     000006FF  A$lcc3031610$575                   main
     00000700  A$lcc3031610$580                   main
     00000700  C$animation.h$71$2_0$172           main
     00000700  XG$update_animation$0$0            main
     00000701  A$lcc3031610$590                   main
     00000701  C$animation.h$73$2_0$177           main
     00000701  G$set_animation$0$0                main
     00000701  _set_animation                     main
     00000702  A$lcc3031610$591                   main
     00000703  A$lcc3031610$592                   main
     00000704  A$lcc3031610$596                   main
     00000704  C$animation.h$75$2_0$178           main
     00000705  A$lcc3031610$597                   main
     00000707  A$lcc3031610$598                   main
     00000708  A$lcc3031610$599                   main
     00000709  A$lcc3031610$600                   main
     0000070B  A$lcc3031610$601                   main
     0000070C  A$lcc3031610$602                   main
     0000070D  A$lcc3031610$603                   main
     0000070E  A$lcc3031610$604                   main
     0000070F  A$lcc3031610$611                   main
     0000070F  C$animation.h$76$2_0$178           main
     0000070F  C$animation.h$78$1_0$177           main
     00000710  A$lcc3031610$612                   main
     00000711  A$lcc3031610$616                   main
     00000711  C$animation.h$79$1_1$179           main
     00000712  A$lcc3031610$617                   main
     00000713  A$lcc3031610$618                   main
     00000714  A$lcc3031610$619                   main
     00000715  A$lcc3031610$620                   main
     00000717  A$lcc3031610$621                   main
     00000718  A$lcc3031610$625                   main
     00000718  C$animation.h$80$1_1$179           main
     00000719  A$lcc3031610$626                   main
     0000071A  A$lcc3031610$627                   main
     0000071B  A$lcc3031610$628                   main
     0000071C  A$lcc3031610$629                   main
     0000071D  A$lcc3031610$630                   main
     0000071E  A$lcc3031610$634                   main
     0000071E  C$animation.h$81$1_1$179           main
     00000721  A$lcc3031610$635                   main
     00000722  A$lcc3031610$636                   main
     00000724  A$lcc3031610$644                   main
     00000724  C$animation.h$82$1_1$177           main
     00000724  XG$set_animation$0$0               main
     00000725  A$lcc3031610$654                   main
     00000725  C$draw.h$11$1_1$181                main
     00000725  G$draw_actor$0$0                   main
ASxxxx Linker V03.00/V05.40 + sdld,  page 14.
Hexadecimal  [32-Bits]

Area                                    Addr        Size        Decimal Bytes (Attributes)
--------------------------------        ----        ----        ------- ----- ------------
_CODE                               00000200    00000EF1 =        3825. bytes (REL,CON)

      Value  Global                              Global Defined In Module
      -----  --------------------------------   ------------------------
     00000725  _draw_actor                        main
     00000727  A$lcc3031610$655                   main
     00000729  A$lcc3031610$656                   main
     0000072A  A$lcc3031610$657                   main
     0000072B  A$lcc3031610$658                   main
     0000072C  A$lcc3031610$662                   main
     0000072C  C$draw.h$13$1_0$181                main
     0000072F  A$lcc3031610$663                   main
     00000730  A$lcc3031610$664                   main
     00000731  A$lcc3031610$665                   main
     00000732  A$lcc3031610$666                   main
     00000733  A$lcc3031610$667                   main
     00000734  A$lcc3031610$668                   main
     00000735  A$lcc3031610$669                   main
     00000736  A$lcc3031610$670                   main
     00000738  A$lcc3031610$671                   main
     00000739  A$lcc3031610$675                   main
     00000739  C$draw.h$14$1_0$181                main
     0000073B  A$lcc3031610$676                   main
     0000073C  A$lcc3031610$677                   main
     0000073D  A$lcc3031610$678                   main
     0000073E  A$lcc3031610$679                   main
     00000741  A$lcc3031610$680                   main
     00000742  A$lcc3031610$681                   main
     00000743  A$lcc3031610$682                   main
     00000744  A$lcc3031610$683                   main
     00000746  A$lcc3031610$684                   main
     00000747  A$lcc3031610$685                   main
     00000748  A$lcc3031610$686                   main
     00000749  A$lcc3031610$687                   main
     0000074B  A$lcc3031610$688                   main
     0000074C  A$lcc3031610$689                   main
     0000074D  A$lcc3031610$690                   main
     0000074E  A$lcc3031610$691                   main
     0000074F  A$lcc3031610$692                   main
     00000750  A$lcc3031610$693                   main
     00000752  A$lcc3031610$694                   main
     00000753  A$lcc3031610$698                   main
     00000753  C$draw.h$16$1_0$181                main
     00000755  A$lcc3031610$699                   main
     00000756  A$lcc3031610$700                   main
     00000757  A$lcc3031610$701                   main
     00000758  A$lcc3031610$702                   main
     00000759  A$lcc3031610$703                   main
     0000075A  A$lcc3031610$704                   main
     0000075B  A$lcc3031610$705                   main
     0000075C  A$lcc3031610$706                   main
     0000075D  A$lcc3031610$707                   main
     0000075E  A$lcc3031610$708                   main
     0000075F  A$lcc3031610$709                   main
     00000760  A$lcc3031610$710                   main
ASxxxx Linker V03.00/V05.40 + sdld,  page 15.
Hexadecimal  [32-Bits]

Area                                    Addr        Size        Decimal Bytes (Attributes)
--------------------------------        ----        ----        ------- ----- ------------
_CODE                               00000200    00000EF1 =        3825. bytes (REL,CON)

      Value  Global                              Global Defined In Module
      -----  --------------------------------   ------------------------
     00000761  A$lcc3031610$711                   main
     00000764  A$lcc3031610$712                   main
     00000765  A$lcc3031610$713                   main
     00000766  A$lcc3031610$714                   main
     00000767  A$lcc3031610$715                   main
     00000769  A$lcc3031610$716                   main
     0000076A  A$lcc3031610$717                   main
     0000076B  A$lcc3031610$718                   main
     0000076C  A$lcc3031610$719                   main
     0000076E  A$lcc3031610$720                   main
     0000076F  A$lcc3031610$721                   main
     00000770  A$lcc3031610$722                   main
     00000771  A$lcc3031610$723                   main
     00000772  A$lcc3031610$724                   main
     00000774  A$lcc3031610$725                   main
     00000775  A$lcc3031610$726                   main
     00000776  A$lcc3031610$730                   main
     00000776  C$draw.h$17$1_0$181                main
     00000777  A$lcc3031610$731                   main
     00000778  A$lcc3031610$732                   main
     00000779  A$lcc3031610$733                   main
     0000077A  A$lcc3031610$734                   main
     0000077D  A$lcc3031610$735                   main
     0000077E  A$lcc3031610$736                   main
     0000077F  A$lcc3031610$737                   main
     00000780  A$lcc3031610$738                   main
     00000782  A$lcc3031610$739                   main
     00000783  A$lcc3031610$740                   main
     00000784  A$lcc3031610$741                   main
     00000785  A$lcc3031610$742                   main
     00000787  A$lcc3031610$743                   main
     00000788  A$lcc3031610$744                   main
     00000789  A$lcc3031610$745                   main
     0000078A  A$lcc3031610$746                   main
     0000078B  A$lcc3031610$747                   main
     0000078C  A$lcc3031610$748                   main
     0000078D  A$lcc3031610$749                   main
     0000078E  A$lcc3031610$750                   main
     0000078F  A$lcc3031610$751                   main
     00000790  A$lcc3031610$752                   main
     00000791  A$lcc3031610$753                   main
     00000793  A$lcc3031610$754                   main
     00000795  A$lcc3031610$755                   main
     00000796  A$lcc3031610$756                   main
     00000797  A$lcc3031610$757                   main
     00000798  A$lcc3031610$758                   main
     00000799  A$lcc3031610$759                   main
     0000079A  A$lcc3031610$760                   main
     0000079B  A$lcc3031610$764                   main
     0000079B  C$draw.h$19$1_0$181                main
     0000079E  A$lcc3031610$765                   main
ASxxxx Linker V03.00/V05.40 + sdld,  page 16.
Hexadecimal  [32-Bits]

Area                                    Addr        Size        Decimal Bytes (Attributes)
--------------------------------        ----        ----        ------- ----- ------------
_CODE                               00000200    00000EF1 =        3825. bytes (REL,CON)

      Value  Global                              Global Defined In Module
      -----  --------------------------------   ------------------------
     0000079F  A$lcc3031610$766                   main
     000007A0  A$lcc3031610$767                   main
     000007A2  A$lcc3031610$771                   main
     000007A2  C$draw.h$20$1_0$181                main
     000007A3  A$lcc3031610$772                   main
     000007A4  A$lcc3031610$773                   main
     000007A5  A$lcc3031610$774                   main
     000007A6  A$lcc3031610$775                   main
     000007A7  A$lcc3031610$776                   main
     000007A8  A$lcc3031610$777                   main
     000007A9  A$lcc3031610$778                   main
     000007AC  A$lcc3031610$779                   main
     000007AE  A$lcc3031610$780                   main
     000007AF  A$lcc3031610$781                   main
     000007B0  A$lcc3031610$782                   main
     000007B1  A$lcc3031610$783                   main
     000007B2  A$lcc3031610$784                   main
     000007B3  A$lcc3031610$785                   main
     000007B4  A$lcc3031610$786                   main
     000007B5  A$lcc3031610$790                   main
     000007B5  C$draw.h$22$1_0$181                main
     000007B7  A$lcc3031610$791                   main
     000007B8  A$lcc3031610$792                   main
     000007B9  A$lcc3031610$793                   main
     000007BB  A$lcc3031610$794                   main
     000007BC  A$lcc3031610$795                   main
     000007BE  A$lcc3031610$796                   main
     000007BF  A$lcc3031610$797                   main
     000007C1  A$lcc3031610$801                   main
     000007C1  C$draw.h$25$2_0$181                main
     000007C3  A$lcc3031610$803                   main
     000007C4  A$lcc3031610$804                   main
     000007C6  A$lcc3031610$805                   main
     000007C7  A$lcc3031610$806                   main
     000007C9  A$lcc3031610$808                   main
     000007CA  A$lcc3031610$809                   main
     000007CB  A$lcc3031610$810                   main
     000007CC  A$lcc3031610$811                   main
     000007CD  A$lcc3031610$812                   main
     000007CE  A$lcc3031610$813                   main
     000007D0  A$lcc3031610$814                   main
     000007D3  A$lcc3031610$815                   main
     000007D4  A$lcc3031610$816                   main
     000007D5  A$lcc3031610$817                   main
     000007D6  A$lcc3031610$818                   main
     000007D7  A$lcc3031610$820                   main
     000007D8  A$lcc3031610$821                   main
     000007D9  A$lcc3031610$822                   main
     000007DA  A$lcc3031610$823                   main
     000007DB  A$lcc3031610$824                   main
     000007DC  A$lcc3031610$825                   main
ASxxxx Linker V03.00/V05.40 + sdld,  page 17.
Hexadecimal  [32-Bits]

Area                                    Addr        Size        Decimal Bytes (Attributes)
--------------------------------        ----        ----        ------- ----- ------------
_CODE                               00000200    00000EF1 =        3825. bytes (REL,CON)

      Value  Global                              Global Defined In Module
      -----  --------------------------------   ------------------------
     000007DD  A$lcc3031610$826                   main
     000007E0  A$lcc3031610$827                   main
     000007E1  A$lcc3031610$828                   main
     000007E2  A$lcc3031610$829                   main
     000007E3  A$lcc3031610$830                   main
     000007E4  A$lcc3031610$831                   main
     000007E5  A$lcc3031610$835                   main
     000007E5  C$draw.h$25$2_0$182                main
     000007E6  A$lcc3031610$836                   main
     000007E8  A$lcc3031610$841                   main
     000007E8  C$draw.h$29$2_0$183                main
     000007EA  A$lcc3031610$842                   main
     000007EB  A$lcc3031610$843                   main
     000007EC  A$lcc3031610$844                   main
     000007EE  A$lcc3031610$846                   main
     000007F0  A$lcc3031610$847                   main
     000007F1  A$lcc3031610$849                   main
     000007F3  A$lcc3031610$850                   main
     000007F4  A$lcc3031610$851                   main
     000007F5  A$lcc3031610$852                   main
     000007F6  A$lcc3031610$853                   main
     000007F7  A$lcc3031610$854                   main
     000007F8  A$lcc3031610$855                   main
     000007F9  A$lcc3031610$856                   main
     000007FA  A$lcc3031610$857                   main
     000007FC  A$lcc3031610$858                   main
     000007FE  A$lcc3031610$860                   main
     00000800  A$lcc3031610$861                   main
     00000802  A$lcc3031610$862                   main
     00000803  A$lcc3031610$863                   main
     00000805  A$lcc3031610$864                   main
     00000806  A$lcc3031610$865                   main
     00000808  A$lcc3031610$866                   main
     00000809  A$lcc3031610$867                   main
     0000080A  A$lcc3031610$868                   main
     0000080B  A$lcc3031610$869                   main
     0000080C  A$lcc3031610$870                   main
     0000080F  A$lcc3031610$871                   main
     00000810  A$lcc3031610$872                   main
     00000811  A$lcc3031610$873                   main
     00000812  A$lcc3031610$874                   main
     00000814  A$lcc3031610$875                   main
     00000815  A$lcc3031610$876                   main
     00000816  A$lcc3031610$877                   main
     00000817  A$lcc3031610$878                   main
     00000819  A$lcc3031610$880                   main
     0000081A  A$lcc3031610$881                   main
     0000081B  A$lcc3031610$882                   main
     0000081C  A$lcc3031610$883                   main
     0000081D  A$lcc3031610$884                   main
     0000081F  A$lcc3031610$885                   main
ASxxxx Linker V03.00/V05.40 + sdld,  page 18.
Hexadecimal  [32-Bits]

Area                                    Addr        Size        Decimal Bytes (Attributes)
--------------------------------        ----        ----        ------- ----- ------------
_CODE                               00000200    00000EF1 =        3825. bytes (REL,CON)

      Value  Global                              Global Defined In Module
      -----  --------------------------------   ------------------------
     00000820  A$lcc3031610$886                   main
     00000821  A$lcc3031610$887                   main
     00000823  A$lcc3031610$888                   main
     00000824  A$lcc3031610$889                   main
     00000825  A$lcc3031610$890                   main
     00000826  A$lcc3031610$891                   main
     00000827  A$lcc3031610$892                   main
     00000829  A$lcc3031610$893                   main
     0000082A  A$lcc3031610$894                   main
     0000082B  A$lcc3031610$898                   main
     0000082B  C$draw.h$31$2_0$183                main
     0000082E  A$lcc3031610$903                   main
     0000082E  C$draw.h$33$3_0$185                main
     00000830  A$lcc3031610$904                   main
     00000831  A$lcc3031610$905                   main
     00000833  A$lcc3031610$906                   main
     00000836  A$lcc3031610$910                   main
     00000839  A$lcc3031610$911                   main
     0000083B  A$lcc3031610$912                   main
     0000083C  A$lcc3031610$913                   main
     0000083D  A$lcc3031610$914                   main
     0000083E  A$lcc3031610$915                   main
     0000083F  A$lcc3031610$916                   main
     00000840  A$lcc3031610$917                   main
     00000841  A$lcc3031610$918                   main
     00000842  A$lcc3031610$919                   main
     00000843  A$lcc3031610$923                   main
     00000843  C$draw.h$31$2_0$181                main
     00000845  A$lcc3031610$924                   main
     00000846  A$lcc3031610$925                   main
     00000848  A$lcc3031610$926                   main
     00000849  A$lcc3031610$930                   main
     00000849  C$draw.h$35$5_0$187                main
     0000084B  A$lcc3031610$931                   main
     0000084E  A$lcc3031610$934                   main
     0000084F  A$lcc3031610$935                   main
     00000850  A$lcc3031610$936                   main
     00000851  A$lcc3031610$937                   main
     00000852  A$lcc3031610$938                   main
     00000853  A$lcc3031610$939                   main
     00000854  A$lcc3031610$940                   main
     00000855  A$lcc3031610$941                   main
     00000857  A$lcc3031610$942                   main
     00000859  A$lcc3031610$944                   main
     0000085B  A$lcc3031610$945                   main
     0000085D  A$lcc3031610$946                   main
     0000085E  A$lcc3031610$947                   main
     00000860  A$lcc3031610$948                   main
     00000861  A$lcc3031610$949                   main
     00000863  A$lcc3031610$950                   main
     00000864  A$lcc3031610$951                   main
ASxxxx Linker V03.00/V05.40 + sdld,  page 19.
Hexadecimal  [32-Bits]

Area                                    Addr        Size        Decimal Bytes (Attributes)
--------------------------------        ----        ----        ------- ----- ------------
_CODE                               00000200    00000EF1 =        3825. bytes (REL,CON)

      Value  Global                              Global Defined In Module
      -----  --------------------------------   ------------------------
     00000865  A$lcc3031610$952                   main
     00000866  A$lcc3031610$953                   main
     00000867  A$lcc3031610$954                   main
     0000086A  A$lcc3031610$955                   main
     0000086B  A$lcc3031610$956                   main
     0000086C  A$lcc3031610$957                   main
     0000086D  A$lcc3031610$958                   main
     0000086F  A$lcc3031610$959                   main
     00000870  A$lcc3031610$960                   main
     00000871  A$lcc3031610$961                   main
     00000872  A$lcc3031610$962                   main
     00000874  A$lcc3031610$963                   main
     00000875  A$lcc3031610$964                   main
     00000876  A$lcc3031610$965                   main
     00000877  A$lcc3031610$966                   main
     00000878  A$lcc3031610$967                   main
     0000087A  A$lcc3031610$968                   main
     0000087B  A$lcc3031610$969                   main
     0000087C  A$lcc3031610$971                   main
     0000087D  A$lcc3031610$972                   main
     0000087E  A$lcc3031610$973                   main
     0000087F  A$lcc3031610$974                   main
     00000880  A$lcc3031610$975                   main
     00000882  A$lcc3031610$976                   main
     00000883  A$lcc3031610$977                   main
     00000884  A$lcc3031610$978                   main
     00000886  A$lcc3031610$979                   main
     00000887  A$lcc3031610$980                   main
     00000888  A$lcc3031610$981                   main
     00000889  A$lcc3031610$982                   main
     0000088A  A$lcc3031610$983                   main
     0000088B  A$lcc3031610$984                   main
     0000088C  A$lcc3031610$985                   main
     0000088D  A$lcc3031610$986                   main
     0000088E  A$lcc3031610$987                   main
     00000890  A$lcc3031610$988                   main
     00000891  A$lcc3031610$989                   main
     00000892  A$lcc3031610$990                   main
     00000893  A$lcc3031610$991                   main
     00000895  A$lcc3031610$992                   main
     00000896  A$lcc3031610$993                   main
     00000897  A$lcc3031610$994                   main
     00000898  A$lcc3031610$995                   main
     00000899  A$lcc3031610$996                   main
     0000089B  A$lcc3031610$997                   main
     0000089C  A$lcc3031610$998                   main
     0000089D  A$lcc3031610$1000                  main
     0000089F  A$lcc3031610$1001                  main
     000008A0  A$lcc3031610$1002                  main
     000008A2  A$lcc3031610$1003                  main
     000008A3  A$lcc3031610$1004                  main
ASxxxx Linker V03.00/V05.40 + sdld,  page 20.
Hexadecimal  [32-Bits]

Area                                    Addr        Size        Decimal Bytes (Attributes)
--------------------------------        ----        ----        ------- ----- ------------
_CODE                               00000200    00000EF1 =        3825. bytes (REL,CON)

      Value  Global                              Global Defined In Module
      -----  --------------------------------   ------------------------
     000008A4  A$lcc3031610$1005                  main
     000008A5  A$lcc3031610$1006                  main
     000008A7  A$lcc3031610$1007                  main
     000008A8  A$lcc3031610$1008                  main
     000008AA  A$lcc3031610$1009                  main
     000008AB  A$lcc3031610$1010                  main
     000008AD  A$lcc3031610$1011                  main
     000008AE  A$lcc3031610$1013                  main
     000008AF  A$lcc3031610$1014                  main
     000008B0  A$lcc3031610$1015                  main
     000008B1  A$lcc3031610$1016                  main
     000008B2  A$lcc3031610$1017                  main
     000008B3  A$lcc3031610$1018                  main
     000008B5  A$lcc3031610$1019                  main
     000008B6  A$lcc3031610$1020                  main
     000008B8  A$lcc3031610$1021                  main
     000008BA  A$lcc3031610$1023                  main
     000008BC  A$lcc3031610$1024                  main
     000008BE  A$lcc3031610$1025                  main
     000008BF  A$lcc3031610$1026                  main
     000008C1  A$lcc3031610$1027                  main
     000008C2  A$lcc3031610$1028                  main
     000008C4  A$lcc3031610$1029                  main
     000008C5  A$lcc3031610$1030                  main
     000008C6  A$lcc3031610$1031                  main
     000008C7  A$lcc3031610$1032                  main
     000008C8  A$lcc3031610$1033                  main
     000008CB  A$lcc3031610$1034                  main
     000008CC  A$lcc3031610$1035                  main
     000008CD  A$lcc3031610$1036                  main
     000008CE  A$lcc3031610$1037                  main
     000008D0  A$lcc3031610$1038                  main
     000008D1  A$lcc3031610$1039                  main
     000008D2  A$lcc3031610$1040                  main
     000008D3  A$lcc3031610$1041                  main
     000008D5  A$lcc3031610$1043                  main
     000008D6  A$lcc3031610$1044                  main
     000008D7  A$lcc3031610$1045                  main
     000008D8  A$lcc3031610$1046                  main
     000008D9  A$lcc3031610$1047                  main
     000008DA  A$lcc3031610$1048                  main
     000008DB  A$lcc3031610$1049                  main
     000008DC  A$lcc3031610$1050                  main
     000008DD  A$lcc3031610$1051                  main
     000008DE  A$lcc3031610$1052                  main
     000008DF  A$lcc3031610$1053                  main
     000008E0  A$lcc3031610$1054                  main
     000008E1  A$lcc3031610$1055                  main
     000008E2  A$lcc3031610$1056                  main
     000008E3  A$lcc3031610$1057                  main
     000008E4  A$lcc3031610$1058                  main
ASxxxx Linker V03.00/V05.40 + sdld,  page 21.
Hexadecimal  [32-Bits]

Area                                    Addr        Size        Decimal Bytes (Attributes)
--------------------------------        ----        ----        ------- ----- ------------
_CODE                               00000200    00000EF1 =        3825. bytes (REL,CON)

      Value  Global                              Global Defined In Module
      -----  --------------------------------   ------------------------
     000008E5  A$lcc3031610$1059                  main
     000008E7  A$lcc3031610$1060                  main
     000008E8  A$lcc3031610$1061                  main
     000008E9  A$lcc3031610$1062                  main
     000008EA  A$lcc3031610$1063                  main
     000008EC  A$lcc3031610$1064                  main
     000008ED  A$lcc3031610$1065                  main
     000008EE  A$lcc3031610$1066                  main
     000008EF  A$lcc3031610$1067                  main
     000008F0  A$lcc3031610$1068                  main
     000008F2  A$lcc3031610$1069                  main
     000008F3  A$lcc3031610$1070                  main
     000008F4  A$lcc3031610$1074                  main
     000008F4  C$draw.h$38$5_0$187                main
     000008F7  A$lcc3031610$1077                  main
     000008F9  A$lcc3031610$1079                  main
     000008FA  A$lcc3031610$1080                  main
     000008FB  A$lcc3031610$1081                  main
     000008FC  A$lcc3031610$1082                  main
     000008FD  A$lcc3031610$1083                  main
     000008FE  A$lcc3031610$1084                  main
     000008FF  A$lcc3031610$1085                  main
     00000900  A$lcc3031610$1086                  main
     00000902  A$lcc3031610$1087                  main
     00000904  A$lcc3031610$1089                  main
     00000906  A$lcc3031610$1090                  main
     00000908  A$lcc3031610$1091                  main
     00000909  A$lcc3031610$1092                  main
     0000090B  A$lcc3031610$1093                  main
     0000090C  A$lcc3031610$1094                  main
     0000090E  A$lcc3031610$1095                  main
     0000090F  A$lcc3031610$1096                  main
     00000910  A$lcc3031610$1097                  main
     00000911  A$lcc3031610$1098                  main
     00000912  A$lcc3031610$1099                  main
     00000915  A$lcc3031610$1100                  main
     00000916  A$lcc3031610$1101                  main
     00000917  A$lcc3031610$1102                  main
     00000918  A$lcc3031610$1103                  main
     0000091A  A$lcc3031610$1104                  main
     0000091B  A$lcc3031610$1105                  main
     0000091C  A$lcc3031610$1106                  main
     0000091D  A$lcc3031610$1107                  main
     0000091F  A$lcc3031610$1109                  main
     00000920  A$lcc3031610$1110                  main
     00000921  A$lcc3031610$1111                  main
     00000922  A$lcc3031610$1112                  main
     00000923  A$lcc3031610$1113                  main
     00000925  A$lcc3031610$1114                  main
     00000926  A$lcc3031610$1115                  main
     00000927  A$lcc3031610$1116                  main
ASxxxx Linker V03.00/V05.40 + sdld,  page 22.
Hexadecimal  [32-Bits]

Area                                    Addr        Size        Decimal Bytes (Attributes)
--------------------------------        ----        ----        ------- ----- ------------
_CODE                               00000200    00000EF1 =        3825. bytes (REL,CON)

      Value  Global                              Global Defined In Module
      -----  --------------------------------   ------------------------
     00000929  A$lcc3031610$1117                  main
     0000092A  A$lcc3031610$1118                  main
     0000092B  A$lcc3031610$1119                  main
     0000092C  A$lcc3031610$1120                  main
     0000092D  A$lcc3031610$1121                  main
     0000092F  A$lcc3031610$1122                  main
     00000930  A$lcc3031610$1123                  main
     00000931  A$lcc3031610$1125                  main
     00000932  A$lcc3031610$1126                  main
     00000934  A$lcc3031610$1127                  main
     00000936  A$lcc3031610$1128                  main
     00000937  A$lcc3031610$1129                  main
     00000939  A$lcc3031610$1130                  main
     0000093A  A$lcc3031610$1132                  main
     0000093C  A$lcc3031610$1133                  main
     0000093D  A$lcc3031610$1134                  main
     0000093E  A$lcc3031610$1135                  main
     0000093F  A$lcc3031610$1136                  main
     00000940  A$lcc3031610$1137                  main
     00000941  A$lcc3031610$1138                  main
     00000943  A$lcc3031610$1139                  main
     00000944  A$lcc3031610$1140                  main
     00000946  A$lcc3031610$1141                  main
     00000948  A$lcc3031610$1143                  main
     0000094A  A$lcc3031610$1144                  main
     0000094C  A$lcc3031610$1145                  main
     0000094D  A$lcc3031610$1146                  main
     0000094F  A$lcc3031610$1147                  main
     00000950  A$lcc3031610$1148                  main
     00000952  A$lcc3031610$1149                  main
     00000953  A$lcc3031610$1150                  main
     00000954  A$lcc3031610$1151                  main
     00000955  A$lcc3031610$1152                  main
     00000956  A$lcc3031610$1153                  main
     00000959  A$lcc3031610$1154                  main
     0000095A  A$lcc3031610$1155                  main
     0000095B  A$lcc3031610$1156                  main
     0000095C  A$lcc3031610$1157                  main
     0000095E  A$lcc3031610$1158                  main
     0000095F  A$lcc3031610$1159                  main
     00000960  A$lcc3031610$1160                  main
     00000961  A$lcc3031610$1161                  main
     00000963  A$lcc3031610$1163                  main
     00000964  A$lcc3031610$1164                  main
     00000965  A$lcc3031610$1165                  main
     00000966  A$lcc3031610$1166                  main
     00000967  A$lcc3031610$1167                  main
     00000969  A$lcc3031610$1168                  main
     0000096A  A$lcc3031610$1169                  main
     0000096B  A$lcc3031610$1170                  main
     0000096D  A$lcc3031610$1171                  main
ASxxxx Linker V03.00/V05.40 + sdld,  page 23.
Hexadecimal  [32-Bits]

Area                                    Addr        Size        Decimal Bytes (Attributes)
--------------------------------        ----        ----        ------- ----- ------------
_CODE                               00000200    00000EF1 =        3825. bytes (REL,CON)

      Value  Global                              Global Defined In Module
      -----  --------------------------------   ------------------------
     0000096E  A$lcc3031610$1172                  main
     0000096F  A$lcc3031610$1173                  main
     00000970  A$lcc3031610$1174                  main
     00000971  A$lcc3031610$1175                  main
     00000972  A$lcc3031610$1176                  main
     00000973  A$lcc3031610$1177                  main
     00000974  A$lcc3031610$1178                  main
     00000975  A$lcc3031610$1179                  main
     00000977  A$lcc3031610$1180                  main
     00000978  A$lcc3031610$1181                  main
     00000979  A$lcc3031610$1182                  main
     0000097A  A$lcc3031610$1183                  main
     0000097C  A$lcc3031610$1184                  main
     0000097D  A$lcc3031610$1185                  main
     0000097E  A$lcc3031610$1186                  main
     0000097F  A$lcc3031610$1187                  main
     00000980  A$lcc3031610$1188                  main
     00000981  A$lcc3031610$1189                  main
     00000982  A$lcc3031610$1190                  main
     00000983  A$lcc3031610$1194                  main
     00000983  C$draw.h$43$3_0$185                main
     00000986  A$lcc3031610$1199                  main
     00000986  C$draw.h$46$4_0$190                main
     00000988  A$lcc3031610$1200                  main
     00000989  A$lcc3031610$1201                  main
     0000098B  A$lcc3031610$1202                  main
     0000098E  A$lcc3031610$1204                  main
     00000990  A$lcc3031610$1205                  main
     00000991  A$lcc3031610$1207                  main
     00000993  A$lcc3031610$1208                  main
     00000994  A$lcc3031610$1209                  main
     00000995  A$lcc3031610$1210                  main
     00000996  A$lcc3031610$1211                  main
     00000997  A$lcc3031610$1212                  main
     00000998  A$lcc3031610$1213                  main
     00000999  A$lcc3031610$1214                  main
     0000099A  A$lcc3031610$1215                  main
     0000099C  A$lcc3031610$1216                  main
     0000099E  A$lcc3031610$1218                  main
     000009A0  A$lcc3031610$1219                  main
     000009A2  A$lcc3031610$1220                  main
     000009A3  A$lcc3031610$1221                  main
     000009A5  A$lcc3031610$1222                  main
     000009A6  A$lcc3031610$1223                  main
     000009A8  A$lcc3031610$1224                  main
     000009A9  A$lcc3031610$1225                  main
     000009AA  A$lcc3031610$1226                  main
     000009AB  A$lcc3031610$1227                  main
     000009AC  A$lcc3031610$1228                  main
     000009AF  A$lcc3031610$1229                  main
     000009B0  A$lcc3031610$1230                  main
ASxxxx Linker V03.00/V05.40 + sdld,  page 24.
Hexadecimal  [32-Bits]

Area                                    Addr        Size        Decimal Bytes (Attributes)
--------------------------------        ----        ----        ------- ----- ------------
_CODE                               00000200    00000EF1 =        3825. bytes (REL,CON)

      Value  Global                              Global Defined In Module
      -----  --------------------------------   ------------------------
     000009B1  A$lcc3031610$1231                  main
     000009B2  A$lcc3031610$1232                  main
     000009B4  A$lcc3031610$1233                  main
     000009B5  A$lcc3031610$1234                  main
     000009B6  A$lcc3031610$1235                  main
     000009B7  A$lcc3031610$1236                  main
     000009B9  A$lcc3031610$1238                  main
     000009BA  A$lcc3031610$1239                  main
     000009BB  A$lcc3031610$1240                  main
     000009BC  A$lcc3031610$1241                  main
     000009BD  A$lcc3031610$1242                  main
     000009BF  A$lcc3031610$1243                  main
     000009C0  A$lcc3031610$1244                  main
     000009C1  A$lcc3031610$1245                  main
     000009C3  A$lcc3031610$1246                  main
     000009C4  A$lcc3031610$1247                  main
     000009C5  A$lcc3031610$1248                  main
     000009C6  A$lcc3031610$1249                  main
     000009C7  A$lcc3031610$1250                  main
     000009C9  A$lcc3031610$1251                  main
     000009CA  A$lcc3031610$1252                  main
     000009CB  A$lcc3031610$1254                  main
     000009CC  A$lcc3031610$1255                  main
     000009CE  A$lcc3031610$1256                  main
     000009CF  A$lcc3031610$1257                  main
     000009D0  A$lcc3031610$1258                  main
     000009D2  A$lcc3031610$1259                  main
     000009D3  A$lcc3031610$1260                  main
     000009D4  A$lcc3031610$1261                  main
     000009D5  A$lcc3031610$1263                  main
     000009D7  A$lcc3031610$1264                  main
     000009D8  A$lcc3031610$1265                  main
     000009D9  A$lcc3031610$1266                  main
     000009DA  A$lcc3031610$1267                  main
     000009DB  A$lcc3031610$1268                  main
     000009DC  A$lcc3031610$1269                  main
     000009DD  A$lcc3031610$1270                  main
     000009DE  A$lcc3031610$1271                  main
     000009E0  A$lcc3031610$1272                  main
     000009E2  A$lcc3031610$1274                  main
     000009E4  A$lcc3031610$1275                  main
     000009E6  A$lcc3031610$1276                  main
     000009E7  A$lcc3031610$1277                  main
     000009E9  A$lcc3031610$1278                  main
     000009EA  A$lcc3031610$1279                  main
     000009EC  A$lcc3031610$1280                  main
     000009EF  A$lcc3031610$1281                  main
     000009F0  A$lcc3031610$1282                  main
     000009F1  A$lcc3031610$1283                  main
     000009F2  A$lcc3031610$1284                  main
     000009F3  A$lcc3031610$1285                  main
ASxxxx Linker V03.00/V05.40 + sdld,  page 25.
Hexadecimal  [32-Bits]

Area                                    Addr        Size        Decimal Bytes (Attributes)
--------------------------------        ----        ----        ------- ----- ------------
_CODE                               00000200    00000EF1 =        3825. bytes (REL,CON)

      Value  Global                              Global Defined In Module
      -----  --------------------------------   ------------------------
     000009F4  A$lcc3031610$1286                  main
     000009F5  A$lcc3031610$1287                  main
     000009F7  A$lcc3031610$1288                  main
     000009F8  A$lcc3031610$1289                  main
     000009F9  A$lcc3031610$1290                  main
     000009FA  A$lcc3031610$1291                  main
     000009FC  A$lcc3031610$1292                  main
     000009FD  A$lcc3031610$1293                  main
     000009FE  A$lcc3031610$1294                  main
     000009FF  A$lcc3031610$1295                  main
     00000A00  A$lcc3031610$1296                  main
     00000A02  A$lcc3031610$1297                  main
     00000A03  A$lcc3031610$1298                  main
     00000A04  A$lcc3031610$1300                  main
     00000A05  A$lcc3031610$1301                  main
     00000A06  A$lcc3031610$1302                  main
     00000A07  A$lcc3031610$1303                  main
     00000A08  A$lcc3031610$1304                  main
     00000A0A  A$lcc3031610$1305                  main
     00000A0B  A$lcc3031610$1306                  main
     00000A0C  A$lcc3031610$1307                  main
     00000A0E  A$lcc3031610$1308                  main
     00000A0F  A$lcc3031610$1309                  main
     00000A10  A$lcc3031610$1310                  main
     00000A11  A$lcc3031610$1311                  main
     00000A12  A$lcc3031610$1312                  main
     00000A13  A$lcc3031610$1313                  main
     00000A14  A$lcc3031610$1314                  main
     00000A15  A$lcc3031610$1315                  main
     00000A16  A$lcc3031610$1316                  main
     00000A18  A$lcc3031610$1317                  main
     00000A19  A$lcc3031610$1318                  main
     00000A1A  A$lcc3031610$1319                  main
     00000A1B  A$lcc3031610$1320                  main
     00000A1D  A$lcc3031610$1321                  main
     00000A1E  A$lcc3031610$1322                  main
     00000A1F  A$lcc3031610$1323                  main
     00000A20  A$lcc3031610$1324                  main
     00000A21  A$lcc3031610$1325                  main
     00000A23  A$lcc3031610$1327                  main
     00000A24  A$lcc3031610$1328                  main
     00000A25  A$lcc3031610$1329                  main
     00000A26  A$lcc3031610$1330                  main
     00000A28  A$lcc3031610$1331                  main
     00000A29  A$lcc3031610$1332                  main
     00000A2A  A$lcc3031610$1333                  main
     00000A2C  A$lcc3031610$1334                  main
     00000A2E  A$lcc3031610$1335                  main
     00000A2F  A$lcc3031610$1336                  main
     00000A30  A$lcc3031610$1337                  main
     00000A31  A$lcc3031610$1338                  main
ASxxxx Linker V03.00/V05.40 + sdld,  page 26.
Hexadecimal  [32-Bits]

Area                                    Addr        Size        Decimal Bytes (Attributes)
--------------------------------        ----        ----        ------- ----- ------------
_CODE                               00000200    00000EF1 =        3825. bytes (REL,CON)

      Value  Global                              Global Defined In Module
      -----  --------------------------------   ------------------------
     00000A33  A$lcc3031610$1339                  main
     00000A34  A$lcc3031610$1341                  main
     00000A36  A$lcc3031610$1342                  main
     00000A37  A$lcc3031610$1343                  main
     00000A38  A$lcc3031610$1344                  main
     00000A39  A$lcc3031610$1345                  main
     00000A3A  A$lcc3031610$1346                  main
     00000A3B  A$lcc3031610$1347                  main
[...]
ASxxxx Linker V03.00/V05.40 + sdld,  page 56.
Hexadecimal  [32-Bits]

Area                                    Addr        Size        Decimal Bytes (Attributes)
--------------------------------        ----        ----        ------- ----- ------------
_HEADER9                            00000000    00000003 =           3. bytes (ABS,CON)

      Value  Global                              Global Defined In Module
      -----  --------------------------------   ------------------------
ASxxxx Linker V03.00/V05.40 + sdld,  page 57.
Hexadecimal  [32-Bits]

Area                                    Addr        Size        Decimal Bytes (Attributes)
--------------------------------        ----        ----        ------- ----- ------------
_HEADERa                            00000000    00000001 =           1. bytes (ABS,CON)

      Value  Global                              Global Defined In Module
      -----  --------------------------------   ------------------------
ASxxxx Linker V03.00/V05.40 + sdld,  page 58.
Hexadecimal  [32-Bits]

Area                                    Addr        Size        Decimal Bytes (Attributes)
--------------------------------        ----        ----        ------- ----- ------------
_HEADERb                            00000000    00000001 =           1. bytes (ABS,CON)

      Value  Global                              Global Defined In Module
      -----  --------------------------------   ------------------------
ASxxxx Linker V03.00/V05.40 + sdld,  page 59.
Hexadecimal  [32-Bits]

Area                                    Addr        Size        Decimal Bytes (Attributes)
--------------------------------        ----        ----        ------- ----- ------------
_HEADERc                            00000000    00000001 =           1. bytes (ABS,CON)

      Value  Global                              Global Defined In Module
      -----  --------------------------------   ------------------------
ASxxxx Linker V03.00/V05.40 + sdld,  page 60.
Hexadecimal  [32-Bits]

Area                                    Addr        Size        Decimal Bytes (Attributes)
--------------------------------        ----        ----        ------- ----- ------------
_HEADERd                            00000000    00000002 =           2. bytes (ABS,CON)

      Value  Global                              Global Defined In Module
      -----  --------------------------------   ------------------------
ASxxxx Linker V03.00/V05.40 + sdld,  page 61.
Hexadecimal  [32-Bits]

Area                                    Addr        Size        Decimal Bytes (Attributes)
--------------------------------        ----        ----        ------- ----- ------------
_HEADERe                            00000000    00000001 =           1. bytes (ABS,CON)

      Value  Global                              Global Defined In Module
      -----  --------------------------------   ------------------------
ASxxxx Linker V03.00/V05.40 + sdld,  page 62.
Hexadecimal  [32-Bits]

Area                                    Addr        Size        Decimal Bytes (Attributes)
--------------------------------        ----        ----        ------- ----- ------------
_HEADERf                            00000000    00000001 =           1. bytes (ABS,CON)

      Value  Global                              Global Defined In Module
      -----  --------------------------------   ------------------------
ASxxxx Linker V03.00/V05.40 + sdld,  page 63.
Hexadecimal  [32-Bits]

Area                                    Addr        Size        Decimal Bytes (Attributes)
--------------------------------        ----        ----        ------- ----- ------------
_HEADER10                           00000000    00000002 =           2. bytes (ABS,CON)

      Value  Global                              Global Defined In Module
      -----  --------------------------------   ------------------------
ASxxxx Linker V03.00/V05.40 + sdld,  page 64.
Hexadecimal  [32-Bits]

Area                                    Addr        Size        Decimal Bytes (Attributes)
--------------------------------        ----        ----        ------- ----- ------------
_HEADER11                           00000000    000000AB =         171. bytes (ABS,CON)

      Value  Global                              Global Defined In Module
      -----  --------------------------------   ------------------------
     00000150  .reset                             Runtime
     00000150  _reset                             Runtime
     00000157  .code_start                        Runtime
     000001B9  _exit                              Runtime
     000001BD  .wait_vbl_done                     Runtime
     000001BD  _vsync                             Runtime
     000001BD  _wait_vbl_done                     Runtime
     000001CD  .remove_VBL                        Runtime
     000001CD  _remove_VBL                        Runtime
     000001D0  .remove_int                        Runtime
     000001ED  .add_VBL                           Runtime
     000001ED  _add_VBL                           Runtime
     000001F0  .add_int                           Runtime

ASxxxx Linker V03.00/V05.40 + sdld,  page 65.
Hexadecimal  [32-Bits]

Area                                    Addr        Size        Decimal Bytes (Attributes)
--------------------------------        ----        ----        ------- ----- ------------
_HOME                               000010F1    0000012B =         299. bytes (REL,CON)

      Value  Global                              Global Defined In Module
      -----  --------------------------------   ------------------------
     000010F1  .memset_simple                     Runtime
     000010FA  .memcpy_simple                     Runtime
     00001117  .display_off                       Runtime
     00001117  _display_off                       Runtime
     0000112F  _set_tile_data                     
     00001134  _set_bkg_data                      
     00001134  _set_win_data                      
     0000113C  _set_sprite_data                   
     0000116C  .padup                             
     0000116C  _waitpadup                         
     0000117C  .jpad                              
     0000117C  _joypad                            
     000011A4  _waitpad                           
     000011A5  .wait_pad                          
     000011AC  _set_bkg_tiles                     
     000011C0  .set_xy_wtt                        SetTileMap
     000011C9  .set_xy_btt                        SetTileMap
     000011D8  .set_xy_tt                         SetTileMap
ASxxxx Linker V03.00/V05.40 + sdld,  page 66.
Hexadecimal  [32-Bits]

Area                                    Addr        Size        Decimal Bytes (Attributes)
--------------------------------        ----        ----        ------- ----- ------------
_INITIALIZER                        0000121C    00000186 =         390. bytes (REL,CON)

      Value  Global                              Global Defined In Module
      -----  --------------------------------   ------------------------
     0000121C  Fspr_Player_down0$__xinit_spr_Pl   spr_Player_down0
     0000122C  Fspr_Player_down0$__xinit_spr_Pl   spr_Player_down0
     0000123C  Fspr_Player_down0$__xinit_spr_Pl   spr_Player_down0
     0000124C  Fspr_Player_down0$__xinit_spr_Pl   spr_Player_down0
     0000125C  Fspr_Player_down1$__xinit_spr_Pl   spr_Player_down1
     0000126C  Fspr_Player_down1$__xinit_spr_Pl   spr_Player_down1
     0000127C  Fspr_Player_down1$__xinit_spr_Pl   spr_Player_down1
     0000128C  Fspr_Player_down1$__xinit_spr_Pl   spr_Player_down1
     0000129C  Fspr_Player_down2$__xinit_spr_Pl   spr_Player_down2
     000012AC  Fspr_Player_down2$__xinit_spr_Pl   spr_Player_down2
     000012BC  Fspr_Player_down2$__xinit_spr_Pl   spr_Player_down2
     000012CC  Fspr_Player_down2$__xinit_spr_Pl   spr_Player_down2
     000012DC  Fspr_Player_up0$__xinit_spr_Play   spr_Player_up0
     000012EC  Fspr_Player_up0$__xinit_spr_Play   spr_Player_up0
     000012FC  Fspr_Player_up0$__xinit_spr_Play   spr_Player_up0
     0000130C  Fspr_Player_up0$__xinit_spr_Play   spr_Player_up0
     0000131C  Fspr_Player_up1$__xinit_spr_Play   spr_Player_up1
     0000132C  Fspr_Player_up1$__xinit_spr_Play   spr_Player_up1
     0000133C  Fspr_Player_up1$__xinit_spr_Play   spr_Player_up1
     0000134C  Fspr_Player_up1$__xinit_spr_Play   spr_Player_up1
     0000135C  Fspr_Player_up2$__xinit_spr_Play   spr_Player_up2
     0000136C  Fspr_Player_up2$__xinit_spr_Play   spr_Player_up2
     0000137C  Fspr_Player_up2$__xinit_spr_Play   spr_Player_up2
     0000138C  Fspr_Player_up2$__xinit_spr_Play   spr_Player_up2
     0000139C  Fmain$__xinit_next_entity_id$0_0   main
     0000139E  Fmain$__xinit_vram_next_index$0_   main
     0000139F  Fmain$__xinit_current_direction$   main
     000013A0  Fmain$__xinit_last_keys$0_0$0      main

ASxxxx Linker V03.00/V05.40 + sdld,  page 67.
Hexadecimal  [32-Bits]

Area                                    Addr        Size        Decimal Bytes (Attributes)
--------------------------------        ----        ----        ------- ----- ------------
_GSINIT                             000013A2    0000000F =          15. bytes (REL,CON)

      Value  Global                              Global Defined In Module
      -----  --------------------------------   ------------------------
     000013A2  gsinit                             Runtime

ASxxxx Linker V03.00/V05.40 + sdld,  page 68.
Hexadecimal  [32-Bits]

Area                                    Addr        Size        Decimal Bytes (Attributes)
--------------------------------        ----        ----        ------- ----- ------------
_GSFINAL                            000013B1    00000001 =           1. bytes (REL,CON)

      Value  Global                              Global Defined In Module
      -----  --------------------------------   ------------------------
ASxxxx Linker V03.00/V05.40 + sdld,  page 69.
Hexadecimal  [32-Bits]

Area                                    Addr        Size        Decimal Bytes (Attributes)
--------------------------------        ----        ----        ------- ----- ------------
_DATA                               0000C0A0    00001D1D =        7453. bytes (REL,CON)

      Value  Global                              Global Defined In Module
      -----  --------------------------------   ------------------------
     0000C0A0  __cpu                              Runtime
     0000C0A1  __is_GBA                           Runtime
     0000C0A2  .mode                              Runtime
     0000C0A3  .sys_time                          Runtime
     0000C0A3  _sys_time                          Runtime
     0000C0A5  .int_0x40                          Runtime
     0000C0B1  G$GenderSelect$0_0$0               gender_select
     0000C0B1  _GenderSelect                      gender_select
     0000C0B5  G$position$0_0$0                   main
     0000C0B5  _position                          main
     0000C3B5  G$render$0_0$0                     main
     0000C3B5  _render                            main
     0000C535  G$animation$0_0$0                  main
     0000C535  _animation                         main
     0000DDB5  G$player$0_0$0                     main
     0000DDB5  _player                            main
     0000DDB7  G$player_animations$0_0$0          main
     0000DDB7  _player_animations                 main
     0000DDBB  ___sdcc_heap_free                  malloc

ASxxxx Linker V03.00/V05.40 + sdld,  page 70.
Hexadecimal  [32-Bits]

Area                                    Addr        Size        Decimal Bytes (Attributes)
--------------------------------        ----        ----        ------- ----- ------------
_INITIALIZED                        0000DDBD    00000186 =         390. bytes (REL,CON)

      Value  Global                              Global Defined In Module
      -----  --------------------------------   ------------------------
     0000DDBD  G$spr_Player_down0_00$0_0$0        spr_Player_down0
     0000DDBD  _spr_Player_down0_00               spr_Player_down0
     0000DDCD  G$spr_Player_down0_10$0_0$0        spr_Player_down0
     0000DDCD  _spr_Player_down0_10               spr_Player_down0
     0000DDDD  G$spr_Player_down0_01$0_0$0        spr_Player_down0
     0000DDDD  _spr_Player_down0_01               spr_Player_down0
     0000DDED  G$spr_Player_down0_11$0_0$0        spr_Player_down0
     0000DDED  _spr_Player_down0_11               spr_Player_down0
     0000DDFD  G$spr_Player_down1_00$0_0$0        spr_Player_down1
     0000DDFD  _spr_Player_down1_00               spr_Player_down1
     0000DE0D  G$spr_Player_down1_10$0_0$0        spr_Player_down1
     0000DE0D  _spr_Player_down1_10               spr_Player_down1
     0000DE1D  G$spr_Player_down1_01$0_0$0        spr_Player_down1
     0000DE1D  _spr_Player_down1_01               spr_Player_down1
     0000DE2D  G$spr_Player_down1_11$0_0$0        spr_Player_down1
     0000DE2D  _spr_Player_down1_11               spr_Player_down1
     0000DE3D  G$spr_Player_down2_00$0_0$0        spr_Player_down2
     0000DE3D  _spr_Player_down2_00               spr_Player_down2
     0000DE4D  G$spr_Player_down2_10$0_0$0        spr_Player_down2
     0000DE4D  _spr_Player_down2_10               spr_Player_down2
     0000DE5D  G$spr_Player_down2_01$0_0$0        spr_Player_down2
     0000DE5D  _spr_Player_down2_01               spr_Player_down2
     0000DE6D  G$spr_Player_down2_11$0_0$0        spr_Player_down2
     0000DE6D  _spr_Player_down2_11               spr_Player_down2
     0000DE7D  G$spr_Player_up0_00$0_0$0          spr_Player_up0
     0000DE7D  _spr_Player_up0_00                 spr_Player_up0
     0000DE8D  G$spr_Player_up0_10$0_0$0          spr_Player_up0
     0000DE8D  _spr_Player_up0_10                 spr_Player_up0
     0000DE9D  G$spr_Player_up0_01$0_0$0          spr_Player_up0
     0000DE9D  _spr_Player_up0_01                 spr_Player_up0
     0000DEAD  G$spr_Player_up0_11$0_0$0          spr_Player_up0
     0000DEAD  _spr_Player_up0_11                 spr_Player_up0
     0000DEBD  G$spr_Player_up1_00$0_0$0          spr_Player_up1
     0000DEBD  _spr_Player_up1_00                 spr_Player_up1
     0000DECD  G$spr_Player_up1_10$0_0$0          spr_Player_up1
     0000DECD  _spr_Player_up1_10                 spr_Player_up1
     0000DEDD  G$spr_Player_up1_01$0_0$0          spr_Player_up1
     0000DEDD  _spr_Player_up1_01                 spr_Player_up1
     0000DEED  G$spr_Player_up1_11$0_0$0          spr_Player_up1
     0000DEED  _spr_Player_up1_11                 spr_Player_up1
     0000DEFD  G$spr_Player_up2_00$0_0$0          spr_Player_up2
     0000DEFD  _spr_Player_up2_00                 spr_Player_up2
     0000DF0D  G$spr_Player_up2_10$0_0$0          spr_Player_up2
     0000DF0D  _spr_Player_up2_10                 spr_Player_up2
     0000DF1D  G$spr_Player_up2_01$0_0$0          spr_Player_up2
     0000DF1D  _spr_Player_up2_01                 spr_Player_up2
     0000DF2D  G$spr_Player_up2_11$0_0$0          spr_Player_up2
     0000DF2D  _spr_Player_up2_11                 spr_Player_up2
     0000DF3D  Fmain$next_entity_id$0_0$0         main
     0000DF3F  G$vram_next_index$0_0$0            main
ASxxxx Linker V03.00/V05.40 + sdld,  page 71.
Hexadecimal  [32-Bits]

Area                                    Addr        Size        Decimal Bytes (Attributes)
--------------------------------        ----        ----        ------- ----- ------------
_INITIALIZED                        0000DDBD    00000186 =         390. bytes (REL,CON)

      Value  Global                              Global Defined In Module
      -----  --------------------------------   ------------------------
     0000DF3F  _vram_next_index                   main
     0000DF40  G$current_direction$0_0$0          main
     0000DF40  _current_direction                 main
     0000DF41  G$last_keys$0_0$0                  main
     0000DF41  _last_keys                         main
     0000DF42  __map_tile_offset                  SetTileMap

ASxxxx Linker V03.00/V05.40 + sdld,  page 72.
Hexadecimal  [32-Bits]

Area                                    Addr        Size        Decimal Bytes (Attributes)
--------------------------------        ----        ----        ------- ----- ------------
_HEAP                               0000DF43    000007FF =        2047. bytes (REL,CON)

      Value  Global                              Global Defined In Module
      -----  --------------------------------   ------------------------
     0000DF43  ___sdcc_heap                       

ASxxxx Linker V03.00/V05.40 + sdld,  page 73.
Hexadecimal  [32-Bits]

Area                                    Addr        Size        Decimal Bytes (Attributes)
--------------------------------        ----        ----        ------- ----- ------------
_HEAP_END                           0000E742    00000001 =           1. bytes (REL,CON)

      Value  Global                              Global Defined In Module
      -----  --------------------------------   ------------------------
     0000E742  ___sdcc_heap_end                   

ASxxxx Linker V03.00/V05.40 + sdld,  page 74.
Hexadecimal  [32-Bits]

Area                                    Addr        Size        Decimal Bytes (Attributes)
--------------------------------        ----        ----        ------- ----- ------------
_HRAM                               0000FF80    00000013 =          19. bytes (REL,CON)

      Value  Global                              Global Defined In Module
      -----  --------------------------------   ------------------------
     0000FF80  .refresh_OAM                       Runtime
     0000FF90  __current_bank                     Runtime
     0000FF91  __vbl_done                         Runtime
     0000FF92  __shadow_OAM_base                  Runtime

ASxxxx Linker V03.00/V05.40 + sdld,  page 75.

Files Linked                              [ module(s) ]

C:\Program Files\GBDK\lib/gb/crt0.o       [ Runtime ]
C:\Users\Bau_M\AppData\Local\Temp/lcc303160.o
                                          [ template_tilemap ]
C:\Users\Bau_M\AppData\Local\Temp/lcc303161.o
                                          [ template_tileset ]
C:\Users\Bau_M\AppData\Local\Temp/lcc303162.o
                                          [ spr_Player_down0 ]
C:\Users\Bau_M\AppData\Local\Temp/lcc303163.o
                                          [ spr_Player_down1 ]
C:\Users\Bau_M\AppData\Local\Temp/lcc303164.o
                                          [ spr_Player_down2 ]
C:\Users\Bau_M\AppData\Local\Temp/lcc303165.o
                                          [ spr_Player_up0 ]
C:\Users\Bau_M\AppData\Local\Temp/lcc303166.o
                                          [ spr_Player_up1 ]
C:\Users\Bau_M\AppData\Local\Temp/lcc303167.o
                                          [ spr_Player_up2 ]
C:\Users\Bau_M\AppData\Local\Temp/lcc303168.o
                                          [ gender_select ]
C:\Users\Bau_M\AppData\Local\Temp/lcc303169.o
                                          [ init ]
C:\Users\Bau_M\AppData\Local\Temp/lcc3031610.o
                                          [ main ]


Libraries Linked                          [ object file ]

C:\Program Files\GBDK\lib/sm83/sm83.lib   [ malloc.o ]
C:\Program Files\GBDK\lib/gb/gb.lib       [ set_data.o ]
C:\Program Files\GBDK\lib/sm83/sm83.lib   [ mul.o ]
C:\Program Files\GBDK\lib/gb/gb.lib       [ pad.o ]
C:\Program Files\GBDK\lib/gb/gb.lib       [ sfr.o ]
C:\Program Files\GBDK\lib/gb/gb.lib       [ heap.o ]
C:\Program Files\GBDK\lib/gb/gb.lib       [ set_bk_t.o ]
C:\Program Files\GBDK\lib/gb/gb.lib       [ set_xy_t.o ]

ASxxxx Linker V03.00/V05.40 + sdld,  page 76.

User Base Address Definitions

_DATA=0xC0A0
_CODE=0x0200
_HRAM=0xFF80
ASxxxx Linker V03.00/V05.40 + sdld,  page 77.

User Global Definitions

_shadow_OAM=0xC000
.STACK=0xE000

