ASxxxx Linker V03.00/V05.40 + sdld,  page 1.
Hexadecimal  [32-Bits]

Area                                    Addr        Size        Decimal Bytes (Attributes)
--------------------------------        ----        ----        ------- ----- ------------
.  .ABS.                            00000000    00000000 =           0. bytes (ABS,CON)

      Value  Global                              Global Defined In Module
      -----  --------------------------------   ------------------------
     00000000  .__.ABS.                           SetTileMap
     00000000  _rMBC7_SRAM_ENABLE_1               
     00000000  _rRAMG                             
     00000000  l__BASE                         
     00000000  l__BSS                          
     00000000  l__CABS                         
     00000000  l__CODE_0                       
     00000000  l__DABS                         
     00000000  l__HEADER                       
     00000000  l__LIT                          
     00000000  s__CABS                         
     00000000  s__DABS                         
     00000000  s__HEADER                       
     00000000  s__HEADER0                      
     00000000  s__HEADER1                      
     00000000  s__HEADER10                     
     00000000  s__HEADER11                     
     00000000  s__HEADER2                      
     00000000  s__HEADER3                      
     00000000  s__HEADER4                      
     00000000  s__HEADER5                      
     00000000  s__HEADER6                      
     00000000  s__HEADER7                      
     00000000  s__HEADER8                      
     00000000  s__HEADER9                      
     00000000  s__HEADERa                      
     00000000  s__HEADERb                      
     00000000  s__HEADERc                      
     00000000  s__HEADERd                      
     00000000  s__HEADERe                      
     00000000  s__HEADERf                      
     00000001  l__GSFINAL                      
     00000001  l__HEADER0                      
     00000001  l__HEADER5                      
     00000001  l__HEADERa                      
     00000001  l__HEADERb                      
     00000001  l__HEADERc                      
     00000001  l__HEADERe                      
     00000001  l__HEADERf                      
     00000001  l__HEAP_END                     
     00000002  l__HEADER10                     
     00000002  l__HEADER6                      
     00000002  l__HEADERd                      
     00000003  l__HEADER9                      
     00000005  l__HEADER1                      
     00000006  l__HEADER8                      
     00000007  l__HEADER2                      
     00000008  l__HEADER3                      
     0000000F  l__GSINIT                       
     00000013  l__HRAM                         
ASxxxx Linker V03.00/V05.40 + sdld,  page 2.
Hexadecimal  [32-Bits]

Area                                    Addr        Size        Decimal Bytes (Attributes)
--------------------------------        ----        ----        ------- ----- ------------
.  .ABS.                            00000000    00000000 =           0. bytes (ABS,CON)

      Value  Global                              Global Defined In Module
      -----  --------------------------------   ------------------------
     00000030  l__HEADER7                      
     00000060  l__HEADER4                      
     000000AB  l__HEADER11                     
     0000012C  l__HOME                         
     0000016C  l__DATA                         
     000001DC  l__INITIALIZED                  
     000001DC  l__INITIALIZER                  
     00000200  s__CODE                         
     000007FF  l__HEAP                         
     00002000  _rROMB0                            
     000028FB  l__CODE                         
     00002AFB  s__HOME                         
     00002C27  s__BASE                         
     00002C27  s__CODE_0                       
     00002C27  s__INITIALIZER                  
     00002C27  s__LIT                          
     00002E03  s__GSINIT                       
     00002E12  s__GSFINAL                      
     00003000  _rROMB1                            
     00004000  _rMBC7_SRAM_ENABLE_2               
     00004000  _rRAMB                             
     00008000  __VRAM                             
     00008000  __VRAM8000                         
     00008800  __VRAM8800                         
     00009000  __VRAM9000                         
     00009800  __SCRN0                            
     00009C00  __SCRN1                            
     0000A000  __SRAM                             
     0000A000  _rMBC7_LATCH_1                     
     0000A010  _rMBC7_LATCH_2                     
     0000A020  _rMBC7_ACCEL_X_LO                  
     0000A030  _rMBC7_ACCEL_X_HI                  
     0000A040  _rMBC7_ACCEL_Y_LO                  
     0000A050  _rMBC7_ACCEL_Y_HI                  
     0000C000  __RAM                              
     0000C000  _shadow_OAM                     
     0000C0A0  s__DATA                         
     0000C20C  s__BSS                          
     0000C20C  s__INITIALIZED                  
     0000C3E8  s__HEAP                         
     0000CBE7  s__HEAP_END                     
     0000D000  __RAMBANK                          
     0000E000  .STACK                          
     0000FE00  __OAMRAM                           
     0000FF00  _P1_REG                            
     0000FF00  __IO                               
     0000FF01  _SB_REG                            
     0000FF02  _SC_REG                            
     0000FF04  _DIV_REG                           
     0000FF05  _TIMA_REG                          
     0000FF06  _TMA_REG                           
ASxxxx Linker V03.00/V05.40 + sdld,  page 3.
Hexadecimal  [32-Bits]

Area                                    Addr        Size        Decimal Bytes (Attributes)
--------------------------------        ----        ----        ------- ----- ------------
.  .ABS.                            00000000    00000000 =           0. bytes (ABS,CON)

      Value  Global                              Global Defined In Module
      -----  --------------------------------   ------------------------
     0000FF07  _TAC_REG                           
     0000FF0F  _IF_REG                            
     0000FF10  _NR10_REG                          
     0000FF11  _NR11_REG                          
     0000FF12  _NR12_REG                          
     0000FF13  _NR13_REG                          
     0000FF14  _NR14_REG                          
     0000FF16  _NR21_REG                          
     0000FF17  _NR22_REG                          
     0000FF18  _NR23_REG                          
     0000FF19  _NR24_REG                          
     0000FF1A  _NR30_REG                          
     0000FF1B  _NR31_REG                          
     0000FF1C  _NR32_REG                          
     0000FF1D  _NR33_REG                          
     0000FF1E  _NR34_REG                          
     0000FF20  _NR41_REG                          
     0000FF21  _NR42_REG                          
     0000FF22  _NR43_REG                          
     0000FF23  _NR44_REG                          
     0000FF24  _NR50_REG                          
     0000FF25  _NR51_REG                          
     0000FF26  _NR52_REG                          
     0000FF30  _AUD3WAVE                          
     0000FF30  _PCM_SAMPLE                        
     0000FF30  __AUD3WAVERAM                      
     0000FF40  _LCDC_REG                          
     0000FF41  _STAT_REG                          
     0000FF42  _SCY_REG                           
     0000FF43  _SCX_REG                           
     0000FF44  _LY_REG                            
     0000FF45  _LYC_REG                           
     0000FF46  _DMA_REG                           
     0000FF47  _BGP_REG                           
     0000FF48  _OBP0_REG                          
     0000FF49  _OBP1_REG                          
     0000FF4A  _WY_REG                            
     0000FF4B  _WX_REG                            
     0000FF4D  _KEY1_REG                          
     0000FF4F  _VBK_REG                           
     0000FF51  _HDMA1_REG                         
     0000FF52  _HDMA2_REG                         
     0000FF53  _HDMA3_REG                         
     0000FF54  _HDMA4_REG                         
     0000FF55  _HDMA5_REG                         
     0000FF56  _RP_REG                            
     0000FF68  _BCPS_REG                          
     0000FF69  _BCPD_REG                          
     0000FF6A  _OCPS_REG                          
     0000FF6B  _OCPD_REG                          
     0000FF70  _SVBK_REG                          
ASxxxx Linker V03.00/V05.40 + sdld,  page 4.
Hexadecimal  [32-Bits]

Area                                    Addr        Size        Decimal Bytes (Attributes)
--------------------------------        ----        ----        ------- ----- ------------
.  .ABS.                            00000000    00000000 =           0. bytes (ABS,CON)

      Value  Global                              Global Defined In Module
      -----  --------------------------------   ------------------------
     0000FF76  _PCM12_REG                         
     0000FF77  _PCM34_REG                         
     0000FF80  __HRAM                             
     0000FF80  s__HRAM                         
     0000FFFF  _IE_REG                            

ASxxxx Linker V03.00/V05.40 + sdld,  page 5.
Hexadecimal  [32-Bits]

Area                                    Addr        Size        Decimal Bytes (Attributes)
--------------------------------        ----        ----        ------- ----- ------------
_CODE                               00000200    000028FB =       10491. bytes (REL,CON)

      Value  Global                              Global Defined In Module
      -----  --------------------------------   ------------------------
     00000200  G$chars_tileset$0_0$0              chars
     00000200  _chars_tileset                     chars
     000003F0  G$chars_tilemap$0_0$0              chars
     000003F0  _chars_tilemap                     chars
     0000040E  G$numbers_tileset$0_0$0            numbers
     0000040E  _numbers_tileset                   numbers
     000004BE  G$numbers_tilemap$0_0$0            numbers
     000004BE  _numbers_tilemap                   numbers
     000004C8  G$gender_select_tilemap$0_0$0      gender_select_tilemap
     000004C8  _gender_select_tilemap             gender_select_tilemap
     00000630  G$gender_select_tileset$0_0$0      gender_select_tileset
     00000630  _gender_select_tileset             gender_select_tileset
     00000920  G$inventory_bkg_tileset$0_0$0      inventory_bkg
     00000920  _inventory_bkg_tileset             inventory_bkg
     00000C40  G$inventory_bkg_tilemap$0_0$0      inventory_bkg
     00000C40  _inventory_bkg_tilemap             inventory_bkg
     00000DA8  G$example_tileset$0_0$0            map_example
     00000DA8  _example_tileset                   map_example
     00001258  G$example_tilemap$0_0$0            map_example
     00001258  _example_tilemap                   map_example
     000013C0  G$template_tilemap$0_0$0           template_tilemap
     000013C0  _template_tilemap                  template_tilemap
     00001528  G$template_tileset$0_0$0           template_tileset
     00001528  _template_tileset                  template_tileset
     000016F8  G$spr_Branch$0_0$0                 spr_Branch
     000016F8  _spr_Branch                        spr_Branch
     00001708  A$lcc1026417$70                    action
     00001708  C$action.c$13$0_0$150              action
     00001708  G$move_up$0$0                      action
     00001708  _move_up                           action
     0000170A  A$lcc1026417$71                    action
     0000170C  A$lcc1026417$72                    action
     0000170D  A$lcc1026417$76                    action
     0000170D  C$action.c$15$2_0$151              action
     00001710  A$lcc1026417$77                    action
     00001712  A$lcc1026417$81                    action
     00001712  C$action.c$16$2_0$151              action
     00001714  A$lcc1026417$85                    action
     00001714  C$action.c$18$1_0$150              action
     00001716  A$lcc1026417$86                    action
     00001717  A$lcc1026417$87                    action
     00001718  A$lcc1026417$88                    action
     0000171A  A$lcc1026417$89                    action
     0000171B  A$lcc1026417$90                    action
     0000171D  A$lcc1026417$91                    action
     0000171F  A$lcc1026417$92                    action
     00001720  A$lcc1026417$93                    action
     00001723  A$lcc1026417$94                    action
     00001725  A$lcc1026417$95                    action
     00001726  A$lcc1026417$96                    action
ASxxxx Linker V03.00/V05.40 + sdld,  page 6.
Hexadecimal  [32-Bits]

Area                                    Addr        Size        Decimal Bytes (Attributes)
--------------------------------        ----        ----        ------- ----- ------------
_CODE                               00000200    000028FB =       10491. bytes (REL,CON)

      Value  Global                              Global Defined In Module
      -----  --------------------------------   ------------------------
     00001727  A$lcc1026417$97                    action
     00001728  A$lcc1026417$98                    action
     00001729  A$lcc1026417$99                    action
     0000172A  A$lcc1026417$100                   action
     0000172B  A$lcc1026417$101                   action
     0000172C  A$lcc1026417$102                   action
     0000172D  A$lcc1026417$103                   action
     0000172E  A$lcc1026417$104                   action
     0000172F  A$lcc1026417$105                   action
     00001731  A$lcc1026417$106                   action
     00001732  A$lcc1026417$107                   action
     00001734  A$lcc1026417$108                   action
     00001735  A$lcc1026417$109                   action
     00001737  A$lcc1026417$110                   action
     00001738  A$lcc1026417$111                   action
     0000173A  A$lcc1026417$112                   action
     0000173B  A$lcc1026417$113                   action
     0000173D  A$lcc1026417$114                   action
     0000173E  A$lcc1026417$115                   action
     00001740  A$lcc1026417$116                   action
     00001741  A$lcc1026417$117                   action
     00001742  A$lcc1026417$118                   action
     00001743  A$lcc1026417$119                   action
     00001744  A$lcc1026417$120                   action
     00001745  A$lcc1026417$121                   action
     00001746  A$lcc1026417$122                   action
     00001747  A$lcc1026417$123                   action
     00001748  A$lcc1026417$124                   action
     00001749  A$lcc1026417$125                   action
     0000174A  A$lcc1026417$126                   action
     0000174C  A$lcc1026417$127                   action
     0000174D  A$lcc1026417$128                   action
     0000174E  A$lcc1026417$129                   action
     0000174F  A$lcc1026417$130                   action
     00001750  A$lcc1026417$131                   action
     00001751  A$lcc1026417$132                   action
     00001752  A$lcc1026417$133                   action
     00001753  A$lcc1026417$134                   action
     00001754  A$lcc1026417$135                   action
     00001755  A$lcc1026417$136                   action
     00001756  A$lcc1026417$140                   action
     00001756  C$action.c$19$1_0$150              action
     00001759  A$lcc1026417$141                   action
     0000175A  A$lcc1026417$142                   action
     0000175B  A$lcc1026417$143                   action
     0000175D  A$lcc1026417$144                   action
     0000175E  A$lcc1026417$145                   action
     0000175F  A$lcc1026417$146                   action
     00001760  A$lcc1026417$147                   action
     00001761  A$lcc1026417$148                   action
     00001762  A$lcc1026417$153                   action
ASxxxx Linker V03.00/V05.40 + sdld,  page 7.
Hexadecimal  [32-Bits]

Area                                    Addr        Size        Decimal Bytes (Attributes)
--------------------------------        ----        ----        ------- ----- ------------
_CODE                               00000200    000028FB =       10491. bytes (REL,CON)

      Value  Global                              Global Defined In Module
      -----  --------------------------------   ------------------------
     00001764  A$lcc1026417$158                   action
     00001764  C$action.c$20$1_0$150              action
     00001764  XG$move_up$0$0                     action
     00001765  A$lcc1026417$168                   action
     00001765  C$action.c$22$1_0$153              action
     00001765  G$move_down$0$0                    action
     00001765  _move_down                         action
     00001767  A$lcc1026417$169                   action
     00001769  A$lcc1026417$170                   action
     0000176A  A$lcc1026417$174                   action
     0000176A  C$action.c$24$2_0$154              action
     0000176D  A$lcc1026417$175                   action
     0000176F  A$lcc1026417$179                   action
     0000176F  C$action.c$25$2_0$154              action
     00001771  A$lcc1026417$183                   action
     00001771  C$action.c$27$1_0$153              action
     00001773  A$lcc1026417$184                   action
     00001774  A$lcc1026417$185                   action
     00001775  A$lcc1026417$186                   action
     00001777  A$lcc1026417$187                   action
     00001778  A$lcc1026417$188                   action
     0000177A  A$lcc1026417$189                   action
     0000177C  A$lcc1026417$190                   action
     0000177D  A$lcc1026417$191                   action
     00001780  A$lcc1026417$192                   action
     00001782  A$lcc1026417$193                   action
     00001783  A$lcc1026417$194                   action
     00001784  A$lcc1026417$195                   action
     00001785  A$lcc1026417$196                   action
     00001786  A$lcc1026417$197                   action
     00001787  A$lcc1026417$198                   action
     00001788  A$lcc1026417$199                   action
     00001789  A$lcc1026417$200                   action
     0000178B  A$lcc1026417$201                   action
     0000178C  A$lcc1026417$202                   action
     0000178D  A$lcc1026417$203                   action
     0000178F  A$lcc1026417$204                   action
     00001790  A$lcc1026417$205                   action
     00001791  A$lcc1026417$206                   action
     00001792  A$lcc1026417$207                   action
     00001793  A$lcc1026417$208                   action
     00001794  A$lcc1026417$209                   action
     00001795  A$lcc1026417$210                   action
     00001796  A$lcc1026417$211                   action
     00001797  A$lcc1026417$212                   action
     00001798  A$lcc1026417$213                   action
     00001799  A$lcc1026417$217                   action
     00001799  C$action.c$28$1_0$153              action
     0000179C  A$lcc1026417$218                   action
     0000179E  A$lcc1026417$219                   action
     0000179F  A$lcc1026417$220                   action
ASxxxx Linker V03.00/V05.40 + sdld,  page 8.
Hexadecimal  [32-Bits]

Area                                    Addr        Size        Decimal Bytes (Attributes)
--------------------------------        ----        ----        ------- ----- ------------
_CODE                               00000200    000028FB =       10491. bytes (REL,CON)

      Value  Global                              Global Defined In Module
      -----  --------------------------------   ------------------------
     000017A1  A$lcc1026417$221                   action
     000017A2  A$lcc1026417$222                   action
     000017A3  A$lcc1026417$223                   action
     000017A4  A$lcc1026417$224                   action
     000017A5  A$lcc1026417$225                   action
     000017A6  A$lcc1026417$230                   action
     000017A8  A$lcc1026417$235                   action
     000017A8  C$action.c$29$1_0$153              action
     000017A8  XG$move_down$0$0                   action
     000017A9  A$lcc1026417$245                   action
     000017A9  C$action.c$31$1_0$156              action
     000017A9  G$move_left$0$0                    action
     000017A9  _move_left                         action
     000017AB  A$lcc1026417$246                   action
     000017AD  A$lcc1026417$247                   action
     000017AE  A$lcc1026417$251                   action
     000017AE  C$action.c$33$2_0$157              action
     000017B1  A$lcc1026417$252                   action
     000017B3  A$lcc1026417$256                   action
     000017B3  C$action.c$34$2_0$157              action
     000017B5  A$lcc1026417$260                   action
     000017B5  C$action.c$36$1_0$156              action
     000017B7  A$lcc1026417$261                   action
     000017B8  A$lcc1026417$262                   action
     000017B9  A$lcc1026417$263                   action
     000017BB  A$lcc1026417$264                   action
     000017BC  A$lcc1026417$265                   action
     000017BE  A$lcc1026417$266                   action
     000017C0  A$lcc1026417$267                   action
     000017C1  A$lcc1026417$268                   action
     000017C4  A$lcc1026417$269                   action
     000017C6  A$lcc1026417$270                   action
     000017C7  A$lcc1026417$271                   action
     000017C8  A$lcc1026417$272                   action
     000017C9  A$lcc1026417$273                   action
     000017CA  A$lcc1026417$274                   action
     000017CB  A$lcc1026417$275                   action
     000017CC  A$lcc1026417$276                   action
     000017CD  A$lcc1026417$277                   action
     000017CE  A$lcc1026417$278                   action
     000017CF  A$lcc1026417$279                   action
     000017D0  A$lcc1026417$280                   action
     000017D2  A$lcc1026417$281                   action
     000017D3  A$lcc1026417$282                   action
     000017D5  A$lcc1026417$283                   action
     000017D6  A$lcc1026417$284                   action
     000017D8  A$lcc1026417$285                   action
     000017D9  A$lcc1026417$286                   action
     000017DB  A$lcc1026417$287                   action
     000017DC  A$lcc1026417$288                   action
     000017DE  A$lcc1026417$289                   action
ASxxxx Linker V03.00/V05.40 + sdld,  page 9.
Hexadecimal  [32-Bits]

Area                                    Addr        Size        Decimal Bytes (Attributes)
--------------------------------        ----        ----        ------- ----- ------------
_CODE                               00000200    000028FB =       10491. bytes (REL,CON)

      Value  Global                              Global Defined In Module
      -----  --------------------------------   ------------------------
     000017DF  A$lcc1026417$290                   action
     000017E1  A$lcc1026417$291                   action
     000017E2  A$lcc1026417$292                   action
     000017E3  A$lcc1026417$293                   action
     000017E4  A$lcc1026417$294                   action
     000017E5  A$lcc1026417$295                   action
     000017E6  A$lcc1026417$296                   action
     000017E7  A$lcc1026417$297                   action
     000017E8  A$lcc1026417$298                   action
     000017E9  A$lcc1026417$299                   action
     000017EA  A$lcc1026417$300                   action
     000017EB  A$lcc1026417$301                   action
     000017ED  A$lcc1026417$302                   action
     000017EE  A$lcc1026417$303                   action
     000017EF  A$lcc1026417$304                   action
     000017F0  A$lcc1026417$305                   action
     000017F1  A$lcc1026417$309                   action
     000017F1  C$action.c$37$1_0$156              action
     000017F2  A$lcc1026417$310                   action
     000017F3  A$lcc1026417$311                   action
     000017F4  A$lcc1026417$312                   action
     000017F5  A$lcc1026417$313                   action
     000017F6  A$lcc1026417$314                   action
     000017F7  A$lcc1026417$315                   action
     000017F8  A$lcc1026417$316                   action
     000017F9  A$lcc1026417$317                   action
     000017FC  A$lcc1026417$318                   action
     000017FD  A$lcc1026417$319                   action
     000017FF  A$lcc1026417$320                   action
     00001800  A$lcc1026417$321                   action
     00001801  A$lcc1026417$322                   action
     00001802  A$lcc1026417$323                   action
     00001803  A$lcc1026417$324                   action
     00001804  A$lcc1026417$325                   action
     00001805  A$lcc1026417$330                   action
     00001807  A$lcc1026417$335                   action
     00001807  C$action.c$38$1_0$156              action
     00001807  XG$move_left$0$0                   action
     00001808  A$lcc1026417$345                   action
     00001808  C$action.c$40$1_0$159              action
     00001808  G$move_right$0$0                   action
     00001808  _move_right                        action
     0000180A  A$lcc1026417$346                   action
     0000180C  A$lcc1026417$347                   action
     0000180D  A$lcc1026417$351                   action
     0000180D  C$action.c$42$2_0$160              action
     00001810  A$lcc1026417$352                   action
     00001812  A$lcc1026417$356                   action
     00001812  C$action.c$43$2_0$160              action
     00001814  A$lcc1026417$360                   action
     00001814  C$action.c$45$1_0$159              action
ASxxxx Linker V03.00/V05.40 + sdld,  page 10.
Hexadecimal  [32-Bits]

Area                                    Addr        Size        Decimal Bytes (Attributes)
--------------------------------        ----        ----        ------- ----- ------------
_CODE                               00000200    000028FB =       10491. bytes (REL,CON)

      Value  Global                              Global Defined In Module
      -----  --------------------------------   ------------------------
     00001816  A$lcc1026417$361                   action
     00001817  A$lcc1026417$362                   action
     00001818  A$lcc1026417$363                   action
     0000181A  A$lcc1026417$364                   action
     0000181B  A$lcc1026417$365                   action
     0000181D  A$lcc1026417$366                   action
     0000181F  A$lcc1026417$367                   action
     00001820  A$lcc1026417$368                   action
     00001823  A$lcc1026417$369                   action
     00001825  A$lcc1026417$370                   action
     00001826  A$lcc1026417$371                   action
     00001827  A$lcc1026417$372                   action
     00001828  A$lcc1026417$373                   action
     00001829  A$lcc1026417$374                   action
     0000182A  A$lcc1026417$375                   action
     0000182B  A$lcc1026417$376                   action
     0000182C  A$lcc1026417$377                   action
     0000182E  A$lcc1026417$378                   action
     0000182F  A$lcc1026417$379                   action
     00001830  A$lcc1026417$380                   action
     00001832  A$lcc1026417$381                   action
     00001833  A$lcc1026417$382                   action
     00001834  A$lcc1026417$383                   action
     00001835  A$lcc1026417$384                   action
     00001836  A$lcc1026417$385                   action
     00001837  A$lcc1026417$386                   action
     00001838  A$lcc1026417$387                   action
     00001839  A$lcc1026417$388                   action
     0000183A  A$lcc1026417$389                   action
     0000183B  A$lcc1026417$390                   action
     0000183C  A$lcc1026417$394                   action
     0000183C  C$action.c$46$1_0$159              action
     0000183D  A$lcc1026417$395                   action
     00001840  A$lcc1026417$396                   action
     00001842  A$lcc1026417$397                   action
     00001843  A$lcc1026417$398                   action
     00001845  A$lcc1026417$399                   action
     00001846  A$lcc1026417$400                   action
     00001847  A$lcc1026417$401                   action
     00001848  A$lcc1026417$402                   action
     00001849  A$lcc1026417$403                   action
     0000184A  A$lcc1026417$404                   action
     0000184B  A$lcc1026417$409                   action
     0000184D  A$lcc1026417$414                   action
     0000184D  C$action.c$47$1_0$159              action
     0000184D  XG$move_right$0$0                  action
     0000184E  A$lcc1026417$424                   action
     0000184E  C$action.c$49$1_0$162              action
     0000184E  G$check_input$0$0                  action
     0000184E  _check_input                       action
     00001850  A$lcc1026417$428                   action
ASxxxx Linker V03.00/V05.40 + sdld,  page 11.
Hexadecimal  [32-Bits]

Area                                    Addr        Size        Decimal Bytes (Attributes)
--------------------------------        ----        ----        ------- ----- ------------
_CODE                               00000200    000028FB =       10491. bytes (REL,CON)

      Value  Global                              Global Defined In Module
      -----  --------------------------------   ------------------------
     00001850  C$action.c$51$1_0$162              action
     00001853  A$lcc1026417$429                   action
     00001855  A$lcc1026417$430                   action
     00001856  A$lcc1026417$434                   action
     00001856  C$action.c$53$2_0$163              action
     00001857  A$lcc1026417$435                   action
     00001859  A$lcc1026417$436                   action
     0000185B  A$lcc1026417$437                   action
     0000185C  A$lcc1026417$438                   action
     0000185E  A$lcc1026417$439                   action
     00001861  A$lcc1026417$440                   action
     00001863  A$lcc1026417$441                   action
     00001865  A$lcc1026417$445                   action
     00001865  C$action.c$55$3_0$164              action
     00001868  A$lcc1026417$446                   action
     00001869  A$lcc1026417$447                   action
     0000186C  A$lcc1026417$448                   action
     0000186D  A$lcc1026417$449                   action
     0000186E  A$lcc1026417$450                   action
     0000186F  A$lcc1026417$451                   action
     00001870  A$lcc1026417$452                   action
     00001871  A$lcc1026417$453                   action
     00001872  A$lcc1026417$454                   action
     00001875  A$lcc1026417$455                   action
     00001877  A$lcc1026417$456                   action
     00001878  A$lcc1026417$457                   action
     0000187A  A$lcc1026417$458                   action
     0000187B  A$lcc1026417$459                   action
     0000187C  A$lcc1026417$460                   action
     0000187F  A$lcc1026417$465                   action
     0000187F  C$action.c$61$1_0$162              action
     00001881  A$lcc1026417$466                   action
     00001882  A$lcc1026417$467                   action
     00001884  A$lcc1026417$468                   action
     00001885  A$lcc1026417$472                   action
     00001885  C$action.c$63$1_0$162              action
     00001886  A$lcc1026417$473                   action
     00001887  A$lcc1026417$474                   action
     00001888  A$lcc1026417$475                   action
     00001889  A$lcc1026417$476                   action
     0000188B  A$lcc1026417$477                   action
     0000188D  A$lcc1026417$478                   action
     0000188E  A$lcc1026417$479                   action
     00001890  A$lcc1026417$483                   action
     00001890  C$action.c$65$1_0$162              action
     00001892  A$lcc1026417$484                   action
     00001893  A$lcc1026417$485                   action
     00001895  A$lcc1026417$486                   action
     00001897  A$lcc1026417$487                   action
     00001898  A$lcc1026417$488                   action
     0000189A  A$lcc1026417$492                   action
ASxxxx Linker V03.00/V05.40 + sdld,  page 12.
Hexadecimal  [32-Bits]

Area                                    Addr        Size        Decimal Bytes (Attributes)
--------------------------------        ----        ----        ------- ----- ------------
_CODE                               00000200    000028FB =       10491. bytes (REL,CON)

      Value  Global                              Global Defined In Module
      -----  --------------------------------   ------------------------
     0000189A  C$action.c$67$1_0$162              action
     0000189C  A$lcc1026417$493                   action
     0000189D  A$lcc1026417$494                   action
     0000189F  A$lcc1026417$495                   action
     000018A1  A$lcc1026417$496                   action
     000018A2  A$lcc1026417$497                   action
     000018A4  A$lcc1026417$501                   action
     000018A4  C$action.c$59$2_0$165              action
     000018A7  A$lcc1026417$505                   action
     000018A7  C$action.c$61$4_0$167              action
     000018A8  A$lcc1026417$506                   action
     000018AA  A$lcc1026417$507                   action
     000018AC  A$lcc1026417$508                   action
     000018AD  A$lcc1026417$509                   action
     000018AF  A$lcc1026417$513                   action
     000018AF  C$action.c$62$4_0$167              action
     000018B2  A$lcc1026417$514                   action
     000018B4  A$lcc1026417$515                   action
     000018B6  A$lcc1026417$520                   action
     000018B6  C$action.c$63$5_0$168              action
     000018B7  A$lcc1026417$521                   action
     000018B9  A$lcc1026417$522                   action
     000018BA  A$lcc1026417$523                   action
     000018BC  A$lcc1026417$527                   action
     000018BC  C$action.c$64$5_0$168              action
     000018BF  A$lcc1026417$528                   action
     000018C1  A$lcc1026417$529                   action
     000018C3  A$lcc1026417$534                   action
     000018C3  C$action.c$65$6_0$169              action
     000018C4  A$lcc1026417$535                   action
     000018C6  A$lcc1026417$536                   action
     000018C7  A$lcc1026417$537                   action
     000018C9  A$lcc1026417$541                   action
     000018C9  C$action.c$66$6_0$169              action
     000018CC  A$lcc1026417$542                   action
     000018CE  A$lcc1026417$543                   action
     000018D0  A$lcc1026417$548                   action
     000018D0  C$action.c$67$7_0$170              action
     000018D1  A$lcc1026417$549                   action
     000018D3  A$lcc1026417$550                   action
     000018D4  A$lcc1026417$551                   action
     000018D6  A$lcc1026417$555                   action
     000018D6  C$action.c$68$7_0$170              action
     000018D9  A$lcc1026417$556                   action
     000018DB  A$lcc1026417$561                   action
     000018DB  C$action.c$72$2_0$171              action
     000018DE  A$lcc1026417$562                   action
     000018DF  A$lcc1026417$563                   action
     000018E1  A$lcc1026417$564                   action
     000018E4  A$lcc1026417$565                   action
     000018E6  A$lcc1026417$566                   action
ASxxxx Linker V03.00/V05.40 + sdld,  page 13.
Hexadecimal  [32-Bits]

Area                                    Addr        Size        Decimal Bytes (Attributes)
--------------------------------        ----        ----        ------- ----- ------------
_CODE                               00000200    000028FB =       10491. bytes (REL,CON)

      Value  Global                              Global Defined In Module
      -----  --------------------------------   ------------------------
     000018E8  A$lcc1026417$567                   action
     000018EA  A$lcc1026417$568                   action
     000018EC  A$lcc1026417$569                   action
     000018EE  A$lcc1026417$570                   action
     000018F0  A$lcc1026417$571                   action
     000018F2  A$lcc1026417$579                   action
     000018F2  C$action.c$74$3_0$172              action
     000018F2  C$action.c$75$3_0$172              action
     000018F5  A$lcc1026417$580                   action
     000018F8  A$lcc1026417$584                   action
     000018F8  C$action.c$76$3_0$172              action
     000018FB  A$lcc1026417$585                   action
     000018FD  A$lcc1026417$586                   action
     000018FE  A$lcc1026417$587                   action
     00001901  A$lcc1026417$588                   action
     00001902  A$lcc1026417$589                   action
     00001904  A$lcc1026417$590                   action
     00001905  A$lcc1026417$591                   action
     00001906  A$lcc1026417$592                   action
     00001907  A$lcc1026417$593                   action
     00001908  A$lcc1026417$594                   action
     00001909  A$lcc1026417$595                   action
     0000190A  A$lcc1026417$596                   action
     0000190B  A$lcc1026417$597                   action
     0000190C  A$lcc1026417$598                   action
     0000190D  A$lcc1026417$599                   action
     00001910  A$lcc1026417$600                   action
     00001911  A$lcc1026417$601                   action
     00001912  A$lcc1026417$602                   action
     00001913  A$lcc1026417$603                   action
     00001915  A$lcc1026417$604                   action
     00001916  A$lcc1026417$605                   action
     00001919  A$lcc1026417$609                   action
     00001919  C$action.c$77$3_0$172              action
     0000191B  A$lcc1026417$617                   action
     0000191B  C$action.c$78$3_0$172              action
     0000191B  C$action.c$79$3_0$172              action
     0000191E  A$lcc1026417$618                   action
     00001921  A$lcc1026417$622                   action
     00001921  C$action.c$80$3_0$172              action
     00001924  A$lcc1026417$623                   action
     00001926  A$lcc1026417$624                   action
     00001927  A$lcc1026417$625                   action
     0000192A  A$lcc1026417$626                   action
     0000192B  A$lcc1026417$627                   action
     0000192D  A$lcc1026417$628                   action
     0000192E  A$lcc1026417$629                   action
     0000192F  A$lcc1026417$630                   action
     00001930  A$lcc1026417$631                   action
     00001931  A$lcc1026417$632                   action
     00001932  A$lcc1026417$633                   action
ASxxxx Linker V03.00/V05.40 + sdld,  page 14.
Hexadecimal  [32-Bits]

Area                                    Addr        Size        Decimal Bytes (Attributes)
--------------------------------        ----        ----        ------- ----- ------------
_CODE                               00000200    000028FB =       10491. bytes (REL,CON)

      Value  Global                              Global Defined In Module
      -----  --------------------------------   ------------------------
     00001933  A$lcc1026417$634                   action
     00001934  A$lcc1026417$635                   action
     00001935  A$lcc1026417$636                   action
     00001936  A$lcc1026417$637                   action
     00001937  A$lcc1026417$638                   action
     00001938  A$lcc1026417$639                   action
     00001939  A$lcc1026417$640                   action
     0000193A  A$lcc1026417$641                   action
     0000193B  A$lcc1026417$642                   action
     0000193E  A$lcc1026417$643                   action
     0000193F  A$lcc1026417$644                   action
     00001940  A$lcc1026417$645                   action
     00001941  A$lcc1026417$646                   action
     00001943  A$lcc1026417$647                   action
     00001944  A$lcc1026417$648                   action
     00001945  A$lcc1026417$649                   action
     00001946  A$lcc1026417$650                   action
     00001948  A$lcc1026417$651                   action
     00001949  A$lcc1026417$652                   action
     0000194A  A$lcc1026417$653                   action
     0000194B  A$lcc1026417$654                   action
     0000194C  A$lcc1026417$655                   action
     0000194D  A$lcc1026417$656                   action
     0000194E  A$lcc1026417$657                   action
     00001951  A$lcc1026417$661                   action
     00001951  C$action.c$81$3_0$172              action
     00001953  A$lcc1026417$669                   action
     00001953  C$action.c$82$3_0$172              action
     00001953  C$action.c$83$3_0$172              action
     00001956  A$lcc1026417$670                   action
     00001959  A$lcc1026417$674                   action
     00001959  C$action.c$84$3_0$172              action
     0000195B  A$lcc1026417$682                   action
     0000195B  C$action.c$85$3_0$172              action
     0000195B  C$action.c$86$3_0$172              action
     0000195E  A$lcc1026417$683                   action
     00001961  A$lcc1026417$691                   action
     00001961  C$action.c$90$2_0$171              action
     00001961  C$action.c$93$2_0$173              action
     00001964  A$lcc1026417$692                   action
     00001965  A$lcc1026417$693                   action
     00001967  A$lcc1026417$694                   action
     00001969  A$lcc1026417$698                   action
     00001969  C$action.c$95$3_0$174              action
     0000196A  A$lcc1026417$699                   action
     0000196C  A$lcc1026417$700                   action
     0000196F  A$lcc1026417$704                   action
     0000196F  C$action.c$96$3_0$174              action
     00001972  A$lcc1026417$705                   action
     00001974  A$lcc1026417$706                   action
     00001975  A$lcc1026417$707                   action
ASxxxx Linker V03.00/V05.40 + sdld,  page 15.
Hexadecimal  [32-Bits]

Area                                    Addr        Size        Decimal Bytes (Attributes)
--------------------------------        ----        ----        ------- ----- ------------
_CODE                               00000200    000028FB =       10491. bytes (REL,CON)

      Value  Global                              Global Defined In Module
      -----  --------------------------------   ------------------------
     00001978  A$lcc1026417$708                   action
     00001979  A$lcc1026417$709                   action
     0000197B  A$lcc1026417$710                   action
     0000197C  A$lcc1026417$711                   action
     0000197D  A$lcc1026417$712                   action
     0000197E  A$lcc1026417$713                   action
     0000197F  A$lcc1026417$714                   action
     00001980  A$lcc1026417$715                   action
     00001981  A$lcc1026417$716                   action
     00001982  A$lcc1026417$717                   action
     00001983  A$lcc1026417$718                   action
     00001984  A$lcc1026417$719                   action
     00001985  A$lcc1026417$720                   action
     00001986  A$lcc1026417$721                   action
     00001988  A$lcc1026417$722                   action
     00001989  A$lcc1026417$723                   action
     0000198A  A$lcc1026417$724                   action
     0000198B  A$lcc1026417$725                   action
     0000198D  A$lcc1026417$726                   action
     0000198E  A$lcc1026417$727                   action
     00001991  A$lcc1026417$728                   action
     00001992  A$lcc1026417$729                   action
     00001993  A$lcc1026417$730                   action
     00001994  A$lcc1026417$731                   action
     00001995  A$lcc1026417$732                   action
     00001996  A$lcc1026417$733                   action
     00001997  A$lcc1026417$734                   action
     00001999  A$lcc1026417$735                   action
     0000199A  A$lcc1026417$736                   action
     0000199B  A$lcc1026417$737                   action
     0000199C  A$lcc1026417$738                   action
     0000199E  A$lcc1026417$739                   action
     0000199F  A$lcc1026417$740                   action
     000019A0  A$lcc1026417$741                   action
     000019A1  A$lcc1026417$742                   action
     000019A2  A$lcc1026417$743                   action
     000019A3  A$lcc1026417$744                   action
     000019A4  A$lcc1026417$745                   action
     000019A7  A$lcc1026417$750                   action
     000019A7  C$action.c$99$2_0$175              action
     000019AA  A$lcc1026417$751                   action
     000019AC  A$lcc1026417$752                   action
     000019AE  A$lcc1026417$753                   action
     000019AF  A$lcc1026417$754                   action
     000019B1  A$lcc1026417$758                   action
     000019B1  C$action.c$101$3_0$176             action
     000019B2  A$lcc1026417$759                   action
     000019B4  A$lcc1026417$760                   action
     000019B7  A$lcc1026417$764                   action
     000019B7  C$action.c$102$3_0$176             action
     000019BA  A$lcc1026417$765                   action
ASxxxx Linker V03.00/V05.40 + sdld,  page 16.
Hexadecimal  [32-Bits]

Area                                    Addr        Size        Decimal Bytes (Attributes)
--------------------------------        ----        ----        ------- ----- ------------
_CODE                               00000200    000028FB =       10491. bytes (REL,CON)

      Value  Global                              Global Defined In Module
      -----  --------------------------------   ------------------------
     000019BC  A$lcc1026417$766                   action
     000019BD  A$lcc1026417$767                   action
     000019C0  A$lcc1026417$768                   action
     000019C1  A$lcc1026417$769                   action
     000019C3  A$lcc1026417$770                   action
     000019C4  A$lcc1026417$771                   action
     000019C5  A$lcc1026417$772                   action
     000019C6  A$lcc1026417$773                   action
     000019C7  A$lcc1026417$774                   action
     000019C8  A$lcc1026417$775                   action
     000019C9  A$lcc1026417$776                   action
     000019CA  A$lcc1026417$777                   action
     000019CB  A$lcc1026417$778                   action
     000019CC  A$lcc1026417$779                   action
     000019CD  A$lcc1026417$780                   action
     000019CE  A$lcc1026417$781                   action
     000019D0  A$lcc1026417$782                   action
     000019D1  A$lcc1026417$783                   action
     000019D2  A$lcc1026417$784                   action
     000019D3  A$lcc1026417$785                   action
     000019D5  A$lcc1026417$786                   action
     000019D6  A$lcc1026417$787                   action
     000019D9  A$lcc1026417$788                   action
     000019DA  A$lcc1026417$789                   action
     000019DB  A$lcc1026417$790                   action
     000019DC  A$lcc1026417$791                   action
     000019DD  A$lcc1026417$792                   action
     000019DE  A$lcc1026417$793                   action
     000019DF  A$lcc1026417$794                   action
     000019E1  A$lcc1026417$795                   action
     000019E2  A$lcc1026417$796                   action
     000019E3  A$lcc1026417$797                   action
     000019E4  A$lcc1026417$798                   action
     000019E6  A$lcc1026417$799                   action
     000019E7  A$lcc1026417$800                   action
     000019E8  A$lcc1026417$801                   action
     000019E9  A$lcc1026417$802                   action
     000019EA  A$lcc1026417$803                   action
     000019EB  A$lcc1026417$804                   action
     000019EC  A$lcc1026417$805                   action
     000019EF  A$lcc1026417$810                   action
     000019EF  C$action.c$105$2_0$177             action
     000019F2  A$lcc1026417$811                   action
     000019F4  A$lcc1026417$812                   action
     000019F6  A$lcc1026417$813                   action
     000019F7  A$lcc1026417$814                   action
     000019F9  A$lcc1026417$818                   action
     000019F9  C$action.c$106$2_0$177             action
     000019FA  A$lcc1026417$819                   action
     000019FC  A$lcc1026417$820                   action
     000019FF  A$lcc1026417$825                   action
ASxxxx Linker V03.00/V05.40 + sdld,  page 17.
Hexadecimal  [32-Bits]

Area                                    Addr        Size        Decimal Bytes (Attributes)
--------------------------------        ----        ----        ------- ----- ------------
_CODE                               00000200    000028FB =       10491. bytes (REL,CON)

      Value  Global                              Global Defined In Module
      -----  --------------------------------   ------------------------
     000019FF  C$action.c$107$2_0$178             action
     00001A02  A$lcc1026417$826                   action
     00001A04  A$lcc1026417$827                   action
     00001A06  A$lcc1026417$828                   action
     00001A07  A$lcc1026417$829                   action
     00001A09  A$lcc1026417$833                   action
     00001A09  C$action.c$108$2_0$178             action
     00001A0A  A$lcc1026417$834                   action
     00001A0C  A$lcc1026417$835                   action
     00001A0F  A$lcc1026417$840                   action
     00001A0F  C$action.c$110$1_0$162             action
     00001A11  A$lcc1026417$841                   action
     00001A12  A$lcc1026417$842                   action
     00001A15  A$lcc1026417$846                   action
     00001A17  A$lcc1026417$851                   action
     00001A17  C$action.c$111$1_0$162             action
     00001A17  XG$check_input$0$0                 action
     00001A18  A$lcc1026418$59                    animation
     00001A18  C$animation.c$7$0_0$135            animation
     00001A18  G$init_animation$0$0               animation
     00001A18  _init_animation                    animation
     00001A1A  A$lcc1026418$60                    animation
     00001A1C  A$lcc1026418$61                    animation
     00001A1D  A$lcc1026418$62                    animation
     00001A1E  A$lcc1026418$63                    animation
     00001A1F  A$lcc1026418$64                    animation
     00001A20  A$lcc1026418$65                    animation
     00001A21  A$lcc1026418$69                    animation
     00001A21  C$animation.c$12$1_0$135           animation
     00001A23  A$lcc1026418$70                    animation
     00001A24  A$lcc1026418$71                    animation
     00001A25  A$lcc1026418$72                    animation
     00001A26  A$lcc1026418$73                    animation
     00001A27  A$lcc1026418$74                    animation
     00001A28  A$lcc1026418$75                    animation
     00001A29  A$lcc1026418$76                    animation
     00001A2B  A$lcc1026418$77                    animation
     00001A2D  A$lcc1026418$78                    animation
     00001A2E  A$lcc1026418$79                    animation
     00001A2F  A$lcc1026418$80                    animation
     00001A30  A$lcc1026418$81                    animation
     00001A31  A$lcc1026418$82                    animation
     00001A32  A$lcc1026418$83                    animation
     00001A33  A$lcc1026418$87                    animation
     00001A33  C$animation.c$14$1_0$135           animation
     00001A34  A$lcc1026418$88                    animation
     00001A35  A$lcc1026418$89                    animation
     00001A36  A$lcc1026418$90                    animation
     00001A38  A$lcc1026418$91                    animation
     00001A39  A$lcc1026418$92                    animation
     00001A3A  A$lcc1026418$96                    animation
ASxxxx Linker V03.00/V05.40 + sdld,  page 18.
Hexadecimal  [32-Bits]

Area                                    Addr        Size        Decimal Bytes (Attributes)
--------------------------------        ----        ----        ------- ----- ------------
_CODE                               00000200    000028FB =       10491. bytes (REL,CON)

      Value  Global                              Global Defined In Module
      -----  --------------------------------   ------------------------
     00001A3A  C$animation.c$15$1_0$135           animation
     00001A3B  A$lcc1026418$97                    animation
     00001A3C  A$lcc1026418$98                    animation
     00001A3D  A$lcc1026418$99                    animation
     00001A3E  A$lcc1026418$100                   animation
     00001A3F  A$lcc1026418$101                   animation
     00001A40  A$lcc1026418$102                   animation
     00001A42  A$lcc1026418$103                   animation
     00001A43  A$lcc1026418$104                   animation
     00001A44  A$lcc1026418$105                   animation
     00001A45  A$lcc1026418$109                   animation
     00001A45  C$animation.c$16$1_0$135           animation
     00001A48  A$lcc1026418$110                   animation
     00001A49  A$lcc1026418$111                   animation
     00001A4B  A$lcc1026418$115                   animation
     00001A4B  C$animation.c$17$1_0$135           animation
     00001A4C  A$lcc1026418$116                   animation
     00001A4D  A$lcc1026418$117                   animation
     00001A4E  A$lcc1026418$118                   animation
     00001A4F  A$lcc1026418$119                   animation
     00001A51  A$lcc1026418$123                   animation
     00001A51  C$animation.c$18$1_0$135           animation
     00001A54  A$lcc1026418$124                   animation
     00001A55  A$lcc1026418$125                   animation
     00001A56  A$lcc1026418$126                   animation
     00001A58  A$lcc1026418$127                   animation
     00001A59  A$lcc1026418$128                   animation
     00001A5A  A$lcc1026418$129                   animation
     00001A5B  A$lcc1026418$133                   animation
     00001A5B  C$animation.c$21$1_0$135           animation
     00001A5C  A$lcc1026418$134                   animation
     00001A5D  A$lcc1026418$135                   animation
     00001A5E  A$lcc1026418$136                   animation
     00001A5F  A$lcc1026418$137                   animation
     00001A61  A$lcc1026418$138                   animation
     00001A62  A$lcc1026418$139                   animation
     00001A63  A$lcc1026418$140                   animation
     00001A64  A$lcc1026418$141                   animation
     00001A65  A$lcc1026418$142                   animation
     00001A68  A$lcc1026418$143                   animation
     00001A69  A$lcc1026418$144                   animation
     00001A6A  A$lcc1026418$145                   animation
     00001A6B  A$lcc1026418$146                   animation
     00001A6D  A$lcc1026418$147                   animation
     00001A6E  A$lcc1026418$148                   animation
     00001A6F  A$lcc1026418$149                   animation
     00001A70  A$lcc1026418$150                   animation
     00001A72  A$lcc1026418$151                   animation
     00001A73  A$lcc1026418$152                   animation
     00001A76  A$lcc1026418$153                   animation
     00001A77  A$lcc1026418$154                   animation
ASxxxx Linker V03.00/V05.40 + sdld,  page 19.
Hexadecimal  [32-Bits]

Area                                    Addr        Size        Decimal Bytes (Attributes)
--------------------------------        ----        ----        ------- ----- ------------
_CODE                               00000200    000028FB =       10491. bytes (REL,CON)

      Value  Global                              Global Defined In Module
      -----  --------------------------------   ------------------------
     00001A78  A$lcc1026418$155                   animation
     00001A79  A$lcc1026418$156                   animation
     00001A7A  A$lcc1026418$160                   animation
     00001A7A  C$animation.c$24$2_0$135           animation
     00001A7C  A$lcc1026418$162                   animation
     00001A7D  A$lcc1026418$163                   animation
     00001A7E  A$lcc1026418$164                   animation
     00001A7F  A$lcc1026418$165                   animation
     00001A80  A$lcc1026418$166                   animation
     00001A82  A$lcc1026418$167                   animation
     00001A83  A$lcc1026418$168                   animation
     00001A85  A$lcc1026418$173                   animation
     00001A85  C$animation.c$32$2_0$138           animation
     00001A87  A$lcc1026418$174                   animation
     00001A88  A$lcc1026418$175                   animation
     00001A89  A$lcc1026418$176                   animation
     00001A8A  A$lcc1026418$177                   animation
     00001A8D  A$lcc1026418$178                   animation
     00001A8E  A$lcc1026418$179                   animation
     00001A8F  A$lcc1026418$180                   animation
     00001A90  A$lcc1026418$181                   animation
     00001A91  A$lcc1026418$182                   animation
     00001A92  A$lcc1026418$183                   animation
     00001A94  A$lcc1026418$187                   animation
     00001A94  C$animation.c$33$2_0$138           animation
     00001A96  A$lcc1026418$188                   animation
     00001A97  A$lcc1026418$189                   animation
     00001A98  A$lcc1026418$194                   animation
     00001A98  C$animation.c$34$2_0$135           animation
     00001A9A  A$lcc1026418$195                   animation
     00001A9B  A$lcc1026418$196                   animation
     00001A9D  A$lcc1026418$197                   animation
     00001A9E  A$lcc1026418$207                   animation
     00001A9E  C$animation.c$36$2_0$140           animation
     00001A9E  G$update_animation$0$0             animation
     00001A9E  _update_animation                  animation
     00001A9F  A$lcc1026418$208                   animation
     00001AA0  A$lcc1026418$209                   animation
     00001AA1  A$lcc1026418$210                   animation
     00001AA2  A$lcc1026418$214                   animation
     00001AA2  C$animation.c$38$1_0$140           animation
     00001AA5  A$lcc1026418$215                   animation
     00001AA6  A$lcc1026418$216                   animation
     00001AA7  A$lcc1026418$217                   animation
     00001AA8  A$lcc1026418$218                   animation
     00001AA9  A$lcc1026418$219                   animation
     00001AAA  A$lcc1026418$220                   animation
     00001AAB  A$lcc1026418$221                   animation
     00001AAC  A$lcc1026418$222                   animation
     00001AAD  A$lcc1026418$223                   animation
     00001AAF  A$lcc1026418$224                   animation
ASxxxx Linker V03.00/V05.40 + sdld,  page 20.
Hexadecimal  [32-Bits]

Area                                    Addr        Size        Decimal Bytes (Attributes)
--------------------------------        ----        ----        ------- ----- ------------
_CODE                               00000200    000028FB =       10491. bytes (REL,CON)

      Value  Global                              Global Defined In Module
      -----  --------------------------------   ------------------------
     00001AB0  A$lcc1026418$225                   animation
     00001AB1  A$lcc1026418$229                   animation
     00001AB1  C$animation.c$40$1_0$140           animation
     00001AB4  A$lcc1026418$230                   animation
     00001AB5  A$lcc1026418$231                   animation
     00001AB6  A$lcc1026418$232                   animation
     00001AB7  A$lcc1026418$233                   animation
     00001AB8  A$lcc1026418$234                   animation
     00001AB9  A$lcc1026418$235                   animation
     00001ABB  A$lcc1026418$236                   animation
     00001ABC  A$lcc1026418$237                   animation
     00001ABD  A$lcc1026418$241                   animation
     00001ABD  C$animation.c$41$2_0$141           animation
     00001ABE  A$lcc1026418$242                   animation
     00001ABF  A$lcc1026418$243                   animation
     00001AC0  A$lcc1026418$244                   animation
     00001AC1  A$lcc1026418$245                   animation
     00001AC2  A$lcc1026418$246                   animation
     00001AC3  A$lcc1026418$247                   animation
     00001AC5  A$lcc1026418$248                   animation
     00001AC6  A$lcc1026418$249                   animation
     00001AC8  A$lcc1026418$250                   animation
     00001AC9  A$lcc1026418$251                   animation
     00001ACA  A$lcc1026418$252                   animation
     00001ACC  A$lcc1026418$256                   animation
     00001ACC  C$animation.c$43$3_0$142           animation
     00001ACD  A$lcc1026418$257                   animation
     00001ACE  A$lcc1026418$261                   animation
     00001ACE  C$animation.c$44$3_0$142           animation
     00001ACF  A$lcc1026418$262                   animation
     00001AD0  A$lcc1026418$263                   animation
     00001AD1  A$lcc1026418$264                   animation
     00001AD2  A$lcc1026418$265                   animation
     00001AD3  A$lcc1026418$266                   animation
     00001AD4  A$lcc1026418$270                   animation
     00001AD4  C$animation.c$45$4_0$143           animation
     00001AD5  A$lcc1026418$271                   animation
     00001AD6  A$lcc1026418$272                   animation
     00001AD7  A$lcc1026418$273                   animation
     00001AD8  A$lcc1026418$274                   animation
     00001AD9  A$lcc1026418$275                   animation
     00001ADB  A$lcc1026418$279                   animation
     00001ADB  C$animation.c$46$4_0$143           animation
     00001ADD  A$lcc1026418$284                   animation
     00001ADE  A$lcc1026418$285                   animation
     00001ADF  A$lcc1026418$290                   animation
     00001ADF  C$animation.c$48$2_0$140           animation
     00001ADF  XG$update_animation$0$0            animation
     00001AE0  A$lcc1026418$300                   animation
     00001AE0  C$animation.c$50$2_0$145           animation
     00001AE0  G$set_animation$0$0                animation
ASxxxx Linker V03.00/V05.40 + sdld,  page 21.
Hexadecimal  [32-Bits]

Area                                    Addr        Size        Decimal Bytes (Attributes)
--------------------------------        ----        ----        ------- ----- ------------
_CODE                               00000200    000028FB =       10491. bytes (REL,CON)

      Value  Global                              Global Defined In Module
      -----  --------------------------------   ------------------------
     00001AE0  _set_animation                     animation
     00001AE1  A$lcc1026418$301                   animation
     00001AE2  A$lcc1026418$302                   animation
     00001AE3  A$lcc1026418$306                   animation
     00001AE3  C$animation.c$52$2_0$146           animation
     00001AE4  A$lcc1026418$307                   animation
     00001AE6  A$lcc1026418$308                   animation
     00001AE7  A$lcc1026418$309                   animation
     00001AE8  A$lcc1026418$310                   animation
     00001AEA  A$lcc1026418$311                   animation
     00001AEB  A$lcc1026418$312                   animation
     00001AEC  A$lcc1026418$313                   animation
     00001AED  A$lcc1026418$314                   animation
     00001AEE  A$lcc1026418$321                   animation
     00001AEE  C$animation.c$53$2_0$146           animation
     00001AEE  C$animation.c$55$1_0$145           animation
     00001AEF  A$lcc1026418$322                   animation
     00001AF0  A$lcc1026418$326                   animation
     00001AF0  C$animation.c$56$1_1$147           animation
     00001AF1  A$lcc1026418$327                   animation
     00001AF2  A$lcc1026418$328                   animation
     00001AF3  A$lcc1026418$329                   animation
     00001AF4  A$lcc1026418$330                   animation
     00001AF6  A$lcc1026418$331                   animation
     00001AF7  A$lcc1026418$335                   animation
     00001AF7  C$animation.c$57$1_1$147           animation
     00001AF8  A$lcc1026418$336                   animation
     00001AF9  A$lcc1026418$337                   animation
     00001AFA  A$lcc1026418$338                   animation
     00001AFB  A$lcc1026418$339                   animation
     00001AFC  A$lcc1026418$340                   animation
     00001AFD  A$lcc1026418$344                   animation
     00001AFD  C$animation.c$58$1_1$147           animation
     00001B00  A$lcc1026418$345                   animation
     00001B01  A$lcc1026418$346                   animation
     00001B03  A$lcc1026418$354                   animation
     00001B03  C$animation.c$59$1_1$145           animation
     00001B03  XG$set_animation$0$0               animation
     00001B04  A$lcc1026420$52                    char_to_tile
     00001B04  C$char_to_tile.c$3$0_0$3           char_to_tile
     00001B04  G$char_to_tile$0$0                 char_to_tile
     00001B04  _char_to_tile                      char_to_tile
     00001B06  A$lcc1026420$53                    char_to_tile
     00001B08  A$lcc1026420$54                    char_to_tile
     00001B09  A$lcc1026420$58                    char_to_tile
     00001B09  C$char_to_tile.c$4$2_0$3           char_to_tile
     00001B0B  A$lcc1026420$59                    char_to_tile
     00001B0D  A$lcc1026420$60                    char_to_tile
     00001B0E  A$lcc1026420$61                    char_to_tile
     00001B10  A$lcc1026420$62                    char_to_tile
     00001B11  A$lcc1026420$63                    char_to_tile
ASxxxx Linker V03.00/V05.40 + sdld,  page 22.
Hexadecimal  [32-Bits]

Area                                    Addr        Size        Decimal Bytes (Attributes)
--------------------------------        ----        ----        ------- ----- ------------
_CODE                               00000200    000028FB =       10491. bytes (REL,CON)

      Value  Global                              Global Defined In Module
      -----  --------------------------------   ------------------------
     00001B13  A$lcc1026420$64                    char_to_tile
     00001B14  A$lcc1026420$65                    char_to_tile
     00001B16  A$lcc1026420$66                    char_to_tile
     00001B17  A$lcc1026420$67                    char_to_tile
     00001B19  A$lcc1026420$68                    char_to_tile
     00001B1A  A$lcc1026420$69                    char_to_tile
     00001B1C  A$lcc1026420$70                    char_to_tile
     00001B1D  A$lcc1026420$71                    char_to_tile
     00001B1F  A$lcc1026420$72                    char_to_tile
     00001B20  A$lcc1026420$73                    char_to_tile
     00001B22  A$lcc1026420$74                    char_to_tile
     00001B23  A$lcc1026420$75                    char_to_tile
     00001B25  A$lcc1026420$76                    char_to_tile
     00001B26  A$lcc1026420$77                    char_to_tile
     00001B28  A$lcc1026420$78                    char_to_tile
     00001B29  A$lcc1026420$79                    char_to_tile
     00001B2B  A$lcc1026420$80                    char_to_tile
     00001B2C  A$lcc1026420$81                    char_to_tile
     00001B2E  A$lcc1026420$82                    char_to_tile
     00001B2F  A$lcc1026420$83                    char_to_tile
     00001B31  A$lcc1026420$84                    char_to_tile
     00001B32  A$lcc1026420$85                    char_to_tile
     00001B34  A$lcc1026420$86                    char_to_tile
     00001B35  A$lcc1026420$87                    char_to_tile
     00001B37  A$lcc1026420$88                    char_to_tile
     00001B38  A$lcc1026420$89                    char_to_tile
     00001B3A  A$lcc1026420$90                    char_to_tile
     00001B3B  A$lcc1026420$91                    char_to_tile
     00001B3D  A$lcc1026420$92                    char_to_tile
     00001B3E  A$lcc1026420$93                    char_to_tile
     00001B40  A$lcc1026420$94                    char_to_tile
     00001B41  A$lcc1026420$95                    char_to_tile
     00001B43  A$lcc1026420$96                    char_to_tile
     00001B44  A$lcc1026420$97                    char_to_tile
     00001B46  A$lcc1026420$98                    char_to_tile
     00001B47  A$lcc1026420$99                    char_to_tile
     00001B49  A$lcc1026420$100                   char_to_tile
     00001B4A  A$lcc1026420$101                   char_to_tile
     00001B4C  A$lcc1026420$102                   char_to_tile
     00001B4D  A$lcc1026420$103                   char_to_tile
     00001B4F  A$lcc1026420$104                   char_to_tile
     00001B50  A$lcc1026420$105                   char_to_tile
     00001B52  A$lcc1026420$106                   char_to_tile
     00001B53  A$lcc1026420$107                   char_to_tile
     00001B55  A$lcc1026420$108                   char_to_tile
     00001B56  A$lcc1026420$109                   char_to_tile
     00001B58  A$lcc1026420$110                   char_to_tile
     00001B59  A$lcc1026420$111                   char_to_tile
     00001B5B  A$lcc1026420$112                   char_to_tile
     00001B5C  A$lcc1026420$113                   char_to_tile
     00001B5E  A$lcc1026420$114                   char_to_tile
ASxxxx Linker V03.00/V05.40 + sdld,  page 23.
Hexadecimal  [32-Bits]

Area                                    Addr        Size        Decimal Bytes (Attributes)
--------------------------------        ----        ----        ------- ----- ------------
_CODE                               00000200    000028FB =       10491. bytes (REL,CON)

      Value  Global                              Global Defined In Module
      -----  --------------------------------   ------------------------
     00001B5F  A$lcc1026420$115                   char_to_tile
     00001B61  A$lcc1026420$116                   char_to_tile
     00001B62  A$lcc1026420$117                   char_to_tile
     00001B64  A$lcc1026420$118                   char_to_tile
     00001B65  A$lcc1026420$122                   char_to_tile
     00001B65  C$char_to_tile.c$5$3_0$4           char_to_tile
     00001B66  A$lcc1026420$123                   char_to_tile
     00001B67  A$lcc1026420$124                   char_to_tile
     00001B68  A$lcc1026420$125                   char_to_tile
     00001B69  A$lcc1026420$126                   char_to_tile
     00001B6C  A$lcc1026420$128                   char_to_tile
     00001B6D  A$lcc1026420$129                   char_to_tile
     00001B6F  A$lcc1026420$130                   char_to_tile
     00001B71  A$lcc1026420$134                   char_to_tile
     00001B71  C$char_to_tile.c$6$4_0$6           char_to_tile
     00001B74  A$lcc1026420$135                   char_to_tile
     00001B75  A$lcc1026420$136                   char_to_tile
     00001B76  A$lcc1026420$137                   char_to_tile
     00001B77  A$lcc1026420$138                   char_to_tile
     00001B79  A$lcc1026420$139                   char_to_tile
     00001B7A  A$lcc1026420$140                   char_to_tile
     00001B7B  A$lcc1026420$141                   char_to_tile
     00001B7D  A$lcc1026420$145                   char_to_tile
     00001B7D  C$char_to_tile.c$7$5_0$7           char_to_tile
     00001B7F  A$lcc1026420$146                   char_to_tile
     00001B80  A$lcc1026420$147                   char_to_tile
     00001B82  A$lcc1026420$148                   char_to_tile
     00001B83  A$lcc1026420$149                   char_to_tile
     00001B85  A$lcc1026420$154                   char_to_tile
     00001B85  C$char_to_tile.c$5$2_0$4           char_to_tile
     00001B86  A$lcc1026420$155                   char_to_tile
     00001B88  A$lcc1026420$156                   char_to_tile
     00001B89  A$lcc1026420$157                   char_to_tile
     00001B8A  A$lcc1026420$158                   char_to_tile
     00001B8B  A$lcc1026420$159                   char_to_tile
     00001B8D  A$lcc1026420$164                   char_to_tile
     00001B8D  C$char_to_tile.c$11$1_0$3          char_to_tile
     00001B90  A$lcc1026420$169                   char_to_tile
     00001B92  A$lcc1026420$174                   char_to_tile
     00001B92  C$char_to_tile.c$12$1_0$3          char_to_tile
     00001B92  XG$char_to_tile$0$0                char_to_tile
     00001B93  A$lcc1026421$52                    draw
     00001B93  C$draw.c$6$0_0$136                 draw
     00001B93  G$draw_actor$0$0                   draw
     00001B93  _draw_actor                        draw
     00001B95  A$lcc1026421$53                    draw
     00001B97  A$lcc1026421$54                    draw
     00001B98  A$lcc1026421$58                    draw
     00001B98  C$draw.c$8$1_0$136                 draw
     00001B9B  A$lcc1026421$59                    draw
     00001B9C  A$lcc1026421$60                    draw
ASxxxx Linker V03.00/V05.40 + sdld,  page 24.
Hexadecimal  [32-Bits]

Area                                    Addr        Size        Decimal Bytes (Attributes)
--------------------------------        ----        ----        ------- ----- ------------
_CODE                               00000200    000028FB =       10491. bytes (REL,CON)

      Value  Global                              Global Defined In Module
      -----  --------------------------------   ------------------------
     00001B9E  A$lcc1026421$61                    draw
     00001B9F  A$lcc1026421$62                    draw
     00001BA0  A$lcc1026421$63                    draw
     00001BA1  A$lcc1026421$64                    draw
     00001BA2  A$lcc1026421$65                    draw
     00001BA4  A$lcc1026421$66                    draw
     00001BA5  A$lcc1026421$70                    draw
     00001BA5  C$draw.c$9$1_0$136                 draw
     00001BA8  A$lcc1026421$71                    draw
     00001BAA  A$lcc1026421$72                    draw
     00001BAB  A$lcc1026421$73                    draw
     00001BAD  A$lcc1026421$74                    draw
     00001BAE  A$lcc1026421$75                    draw
     00001BAF  A$lcc1026421$76                    draw
     00001BB0  A$lcc1026421$77                    draw
     00001BB1  A$lcc1026421$78                    draw
     00001BB3  A$lcc1026421$79                    draw
     00001BB4  A$lcc1026421$83                    draw
     00001BB4  C$draw.c$11$1_0$136                draw
     00001BB7  A$lcc1026421$84                    draw
     00001BB9  A$lcc1026421$85                    draw
     00001BBA  A$lcc1026421$86                    draw
     00001BBC  A$lcc1026421$87                    draw
     00001BBD  A$lcc1026421$88                    draw
     00001BBE  A$lcc1026421$89                    draw
     00001BBF  A$lcc1026421$90                    draw
     00001BC0  A$lcc1026421$91                    draw
     00001BC1  A$lcc1026421$92                    draw
     00001BC2  A$lcc1026421$93                    draw
     00001BC3  A$lcc1026421$94                    draw
     00001BC4  A$lcc1026421$95                    draw
     00001BC5  A$lcc1026421$96                    draw
     00001BC6  A$lcc1026421$97                    draw
     00001BC7  A$lcc1026421$98                    draw
     00001BC8  A$lcc1026421$102                   draw
     00001BC8  C$draw.c$12$1_0$136                draw
     00001BCB  A$lcc1026421$103                   draw
     00001BCC  A$lcc1026421$104                   draw
     00001BCD  A$lcc1026421$105                   draw
     00001BCE  A$lcc1026421$106                   draw
     00001BCF  A$lcc1026421$107                   draw
     00001BD0  A$lcc1026421$108                   draw
     00001BD1  A$lcc1026421$109                   draw
     00001BD2  A$lcc1026421$110                   draw
     00001BD3  A$lcc1026421$111                   draw
     00001BD5  A$lcc1026421$112                   draw
     00001BD6  A$lcc1026421$113                   draw
     00001BD7  A$lcc1026421$117                   draw
     00001BD7  C$draw.c$14$1_0$136                draw
     00001BDA  A$lcc1026421$118                   draw
     00001BDB  A$lcc1026421$119                   draw
ASxxxx Linker V03.00/V05.40 + sdld,  page 25.
Hexadecimal  [32-Bits]

Area                                    Addr        Size        Decimal Bytes (Attributes)
--------------------------------        ----        ----        ------- ----- ------------
_CODE                               00000200    000028FB =       10491. bytes (REL,CON)

      Value  Global                              Global Defined In Module
      -----  --------------------------------   ------------------------
     00001BDC  A$lcc1026421$120                   draw
     00001BDE  A$lcc1026421$121                   draw
     00001BDF  A$lcc1026421$125                   draw
     00001BDF  C$draw.c$15$1_0$136                draw
     00001BE0  A$lcc1026421$126                   draw
     00001BE1  A$lcc1026421$127                   draw
     00001BE2  A$lcc1026421$128                   draw
     00001BE3  A$lcc1026421$129                   draw
     00001BE4  A$lcc1026421$130                   draw
     00001BE5  A$lcc1026421$131                   draw
[...]
--------------------------------        ----        ----        ------- ----- ------------
_INITIALIZER                        00002C27    000001DC =         476. bytes (REL,CON)

      Value  Global                              Global Defined In Module
      -----  --------------------------------   ------------------------
     00002C27  Fspr_InventoryArrow_idle$__xinit   spr_InventoryArrow_idle
     00002C37  Fexample_npc$__xinit_spr_adolfit   example_npc
     00002C47  Fexample_npc$__xinit_spr_adolfit   example_npc
     00002C57  Fexample_npc$__xinit_spr_adolfit   example_npc
     00002C67  Fexample_npc$__xinit_spr_adolfit   example_npc
     00002C77  Fspr_Player_down0$__xinit_spr_Pl   spr_Player_down0
     00002C87  Fspr_Player_down0$__xinit_spr_Pl   spr_Player_down0
     00002C97  Fspr_Player_down0$__xinit_spr_Pl   spr_Player_down0
     00002CA7  Fspr_Player_down0$__xinit_spr_Pl   spr_Player_down0
     00002CB7  Fspr_Player_down1$__xinit_spr_Pl   spr_Player_down1
     00002CC7  Fspr_Player_down1$__xinit_spr_Pl   spr_Player_down1
     00002CD7  Fspr_Player_down1$__xinit_spr_Pl   spr_Player_down1
     00002CE7  Fspr_Player_down1$__xinit_spr_Pl   spr_Player_down1
     00002CF7  Fspr_Player_down2$__xinit_spr_Pl   spr_Player_down2
     00002D07  Fspr_Player_down2$__xinit_spr_Pl   spr_Player_down2
     00002D17  Fspr_Player_down2$__xinit_spr_Pl   spr_Player_down2
     00002D27  Fspr_Player_down2$__xinit_spr_Pl   spr_Player_down2
     00002D37  Fspr_Player_up0$__xinit_spr_Play   spr_Player_up0
     00002D47  Fspr_Player_up0$__xinit_spr_Play   spr_Player_up0
     00002D57  Fspr_Player_up0$__xinit_spr_Play   spr_Player_up0
     00002D67  Fspr_Player_up0$__xinit_spr_Play   spr_Player_up0
     00002D77  Fspr_Player_up1$__xinit_spr_Play   spr_Player_up1
     00002D87  Fspr_Player_up1$__xinit_spr_Play   spr_Player_up1
     00002D97  Fspr_Player_up1$__xinit_spr_Play   spr_Player_up1
     00002DA7  Fspr_Player_up1$__xinit_spr_Play   spr_Player_up1
     00002DB7  Fspr_Player_up2$__xinit_spr_Play   spr_Player_up2
     00002DC7  Fspr_Player_up2$__xinit_spr_Play   spr_Player_up2
     00002DD7  Fspr_Player_up2$__xinit_spr_Play   spr_Player_up2
     00002DE7  Fspr_Player_up2$__xinit_spr_Play   spr_Player_up2
     00002DF7  Faction$__xinit_MOVE_SPEED$0_0$0   action
     00002DF8  Faction$__xinit_current_directio   action
     00002DF9  Faction$__xinit_last_keys$0_0$0    action
     00002DFA  Fcan_move$__xinit_can_move$0_0$0   can_move
     00002DFE  Fentity$__xinit_next_entity_id$0   entity
     00002DFF  Fgender_selection$__xinit_GENDER   gender_selection
     00002E00  Finventory_input$__xinit_prev_ke   inventory_input
     00002E01  Fload$__xinit_vram_next_index$0_   load

ASxxxx Linker V03.00/V05.40 + sdld,  page 90.
Hexadecimal  [32-Bits]

Area                                    Addr        Size        Decimal Bytes (Attributes)
--------------------------------        ----        ----        ------- ----- ------------
_GSINIT                             00002E03    0000000F =          15. bytes (REL,CON)

      Value  Global                              Global Defined In Module
      -----  --------------------------------   ------------------------
     00002E03  gsinit                             Runtime

ASxxxx Linker V03.00/V05.40 + sdld,  page 91.
Hexadecimal  [32-Bits]

Area                                    Addr        Size        Decimal Bytes (Attributes)
--------------------------------        ----        ----        ------- ----- ------------
_GSFINAL                            00002E12    00000001 =           1. bytes (REL,CON)

      Value  Global                              Global Defined In Module
      -----  --------------------------------   ------------------------
ASxxxx Linker V03.00/V05.40 + sdld,  page 92.
Hexadecimal  [32-Bits]

Area                                    Addr        Size        Decimal Bytes (Attributes)
--------------------------------        ----        ----        ------- ----- ------------
_DATA                               0000C0A0    0000016C =         364. bytes (REL,CON)

      Value  Global                              Global Defined In Module
      -----  --------------------------------   ------------------------
     0000C0A0  __cpu                              Runtime
     0000C0A1  __is_GBA                           Runtime
     0000C0A2  .mode                              Runtime
     0000C0A3  .sys_time                          Runtime
     0000C0A3  _sys_time                          Runtime
     0000C0A5  .int_0x40                          Runtime
     0000C0B1  G$animation$0_0$0                  animation
     0000C0B1  _animation                         animation
     0000C1A6  G$arrow$0_0$0                      inventory
     0000C1A6  _arrow                             inventory
     0000C1A7  G$player$0_0$0                     player
     0000C1A7  _player                            player
     0000C1A8  G$player_animations$0_0$0          player
     0000C1A8  _player_animations                 player
     0000C1AC  G$position$0_0$0                   position
     0000C1AC  _position                          position
     0000C1CA  G$render$0_0$0                     render
     0000C1CA  _render                            render
     0000C1D9  G$npc_1$0_0$0                      scene
     0000C1D9  _npc_1                             scene
     0000C1DA  G$npc_2$0_0$0                      scene
     0000C1DA  _npc_2                             scene
     0000C1DB  G$scene_manager$0_0$0              scene_manager
     0000C1DB  _scene_manager                     scene_manager
     0000C1DD  G$GenderSelect$0_0$0               gender_select
     0000C1DD  _GenderSelect                      gender_select
     0000C1E5  G$InventoryScene$0_0$0             inventory_scene
     0000C1E5  _InventoryScene                    inventory_scene
     0000C1ED  G$CurrentMapData$0_0$0             map_data
     0000C1ED  _CurrentMapData                    map_data
     0000C1FE  G$Map_00$0_0$0                     map_00
     0000C1FE  _Map_00                            map_00
     0000C206  Lmain.main$game$1_1$182            main
     0000C20A  ___sdcc_heap_free                  malloc

ASxxxx Linker V03.00/V05.40 + sdld,  page 93.
Hexadecimal  [32-Bits]

Area                                    Addr        Size        Decimal Bytes (Attributes)
--------------------------------        ----        ----        ------- ----- ------------
_INITIALIZED                        0000C20C    000001DC =         476. bytes (REL,CON)

      Value  Global                              Global Defined In Module
      -----  --------------------------------   ------------------------
     0000C20C  G$spr_InventoryArrow_idle$0_0$0    spr_InventoryArrow_idle
     0000C20C  _spr_InventoryArrow_idle           spr_InventoryArrow_idle
     0000C21C  G$spr_adolfito_00$0_0$0            example_npc
     0000C21C  _spr_adolfito_00                   example_npc
     0000C22C  G$spr_adolfito_01$0_0$0            example_npc
     0000C22C  _spr_adolfito_01                   example_npc
     0000C23C  G$spr_adolfito_10$0_0$0            example_npc
     0000C23C  _spr_adolfito_10                   example_npc
     0000C24C  G$spr_adolfito_11$0_0$0            example_npc
     0000C24C  _spr_adolfito_11                   example_npc
     0000C25C  G$spr_Player_down0_00$0_0$0        spr_Player_down0
     0000C25C  _spr_Player_down0_00               spr_Player_down0
     0000C26C  G$spr_Player_down0_10$0_0$0        spr_Player_down0
     0000C26C  _spr_Player_down0_10               spr_Player_down0
     0000C27C  G$spr_Player_down0_01$0_0$0        spr_Player_down0
     0000C27C  _spr_Player_down0_01               spr_Player_down0
     0000C28C  G$spr_Player_down0_11$0_0$0        spr_Player_down0
     0000C28C  _spr_Player_down0_11               spr_Player_down0
     0000C29C  G$spr_Player_down1_00$0_0$0        spr_Player_down1
     0000C29C  _spr_Player_down1_00               spr_Player_down1
     0000C2AC  G$spr_Player_down1_10$0_0$0        spr_Player_down1
     0000C2AC  _spr_Player_down1_10               spr_Player_down1
     0000C2BC  G$spr_Player_down1_01$0_0$0        spr_Player_down1
     0000C2BC  _spr_Player_down1_01               spr_Player_down1
     0000C2CC  G$spr_Player_down1_11$0_0$0        spr_Player_down1
     0000C2CC  _spr_Player_down1_11               spr_Player_down1
     0000C2DC  G$spr_Player_down2_00$0_0$0        spr_Player_down2
     0000C2DC  _spr_Player_down2_00               spr_Player_down2
     0000C2EC  G$spr_Player_down2_10$0_0$0        spr_Player_down2
     0000C2EC  _spr_Player_down2_10               spr_Player_down2
     0000C2FC  G$spr_Player_down2_01$0_0$0        spr_Player_down2
     0000C2FC  _spr_Player_down2_01               spr_Player_down2
     0000C30C  G$spr_Player_down2_11$0_0$0        spr_Player_down2
     0000C30C  _spr_Player_down2_11               spr_Player_down2
     0000C31C  G$spr_Player_up0_00$0_0$0          spr_Player_up0
     0000C31C  _spr_Player_up0_00                 spr_Player_up0
     0000C32C  G$spr_Player_up0_10$0_0$0          spr_Player_up0
     0000C32C  _spr_Player_up0_10                 spr_Player_up0
     0000C33C  G$spr_Player_up0_01$0_0$0          spr_Player_up0
     0000C33C  _spr_Player_up0_01                 spr_Player_up0
     0000C34C  G$spr_Player_up0_11$0_0$0          spr_Player_up0
     0000C34C  _spr_Player_up0_11                 spr_Player_up0
     0000C35C  G$spr_Player_up1_00$0_0$0          spr_Player_up1
     0000C35C  _spr_Player_up1_00                 spr_Player_up1
     0000C36C  G$spr_Player_up1_10$0_0$0          spr_Player_up1
     0000C36C  _spr_Player_up1_10                 spr_Player_up1
     0000C37C  G$spr_Player_up1_01$0_0$0          spr_Player_up1
     0000C37C  _spr_Player_up1_01                 spr_Player_up1
     0000C38C  G$spr_Player_up1_11$0_0$0          spr_Player_up1
     0000C38C  _spr_Player_up1_11                 spr_Player_up1
ASxxxx Linker V03.00/V05.40 + sdld,  page 94.
Hexadecimal  [32-Bits]

Area                                    Addr        Size        Decimal Bytes (Attributes)
--------------------------------        ----        ----        ------- ----- ------------
_INITIALIZED                        0000C20C    000001DC =         476. bytes (REL,CON)

      Value  Global                              Global Defined In Module
      -----  --------------------------------   ------------------------
     0000C39C  G$spr_Player_up2_00$0_0$0          spr_Player_up2
     0000C39C  _spr_Player_up2_00                 spr_Player_up2
     0000C3AC  G$spr_Player_up2_10$0_0$0          spr_Player_up2
     0000C3AC  _spr_Player_up2_10                 spr_Player_up2
     0000C3BC  G$spr_Player_up2_01$0_0$0          spr_Player_up2
     0000C3BC  _spr_Player_up2_01                 spr_Player_up2
     0000C3CC  G$spr_Player_up2_11$0_0$0          spr_Player_up2
     0000C3CC  _spr_Player_up2_11                 spr_Player_up2
     0000C3DC  G$MOVE_SPEED$0_0$0                 action
     0000C3DC  _MOVE_SPEED                        action
     0000C3DD  G$current_direction$0_0$0          action
     0000C3DD  _current_direction                 action
     0000C3DE  G$last_keys$0_0$0                  action
     0000C3DE  _last_keys                         action
     0000C3DF  G$can_move$0_0$0                   can_move
     0000C3DF  _can_move                          can_move
     0000C3E3  G$next_entity_id$0_0$0             entity
     0000C3E3  _next_entity_id                    entity
     0000C3E4  G$GENDER$0_0$0                     gender_selection
     0000C3E4  _GENDER                            gender_selection
     0000C3E5  G$prev_keys$0_0$0                  inventory_input
     0000C3E5  _prev_keys                         inventory_input
     0000C3E6  G$vram_next_index$0_0$0            load
     0000C3E6  _vram_next_index                   load
     0000C3E7  __map_tile_offset                  SetTileMap
ASxxxx Linker V03.00/V05.40 + sdld,  page 95.
Hexadecimal  [32-Bits]

Area                                    Addr        Size        Decimal Bytes (Attributes)
--------------------------------        ----        ----        ------- ----- ------------
_HEAP                               0000C3E8    000007FF =        2047. bytes (REL,CON)

      Value  Global                              Global Defined In Module
      -----  --------------------------------   ------------------------
     0000C3E8  ___sdcc_heap                       

ASxxxx Linker V03.00/V05.40 + sdld,  page 96.
Hexadecimal  [32-Bits]

Area                                    Addr        Size        Decimal Bytes (Attributes)
--------------------------------        ----        ----        ------- ----- ------------
_HEAP_END                           0000CBE7    00000001 =           1. bytes (REL,CON)

      Value  Global                              Global Defined In Module
      -----  --------------------------------   ------------------------
     0000CBE7  ___sdcc_heap_end                   

ASxxxx Linker V03.00/V05.40 + sdld,  page 97.
Hexadecimal  [32-Bits]

Area                                    Addr        Size        Decimal Bytes (Attributes)
--------------------------------        ----        ----        ------- ----- ------------
_HRAM                               0000FF80    00000013 =          19. bytes (REL,CON)

      Value  Global                              Global Defined In Module
      -----  --------------------------------   ------------------------
     0000FF80  .refresh_OAM                       Runtime
     0000FF90  __current_bank                     Runtime
     0000FF91  __vbl_done                         Runtime
     0000FF92  __shadow_OAM_base                  Runtime

ASxxxx Linker V03.00/V05.40 + sdld,  page 98.

Files Linked                              [ module(s) ]

C:\Program Files\GBDK\lib/gb/crt0.o       [ Runtime ]
C:\Users\Bau_M\AppData\Local\Temp/lcc102640.o
                                          [ chars ]
C:\Users\Bau_M\AppData\Local\Temp/lcc102641.o
                                          [ numbers ]
C:\Users\Bau_M\AppData\Local\Temp/lcc102642.o
                                          [ gender_select_tilemap ]
C:\Users\Bau_M\AppData\Local\Temp/lcc102643.o
                                          [ gender_select_tileset ]
C:\Users\Bau_M\AppData\Local\Temp/lcc102644.o
                                          [ inventory_bkg ]
C:\Users\Bau_M\AppData\Local\Temp/lcc102645.o
                                          [ map_example ]
C:\Users\Bau_M\AppData\Local\Temp/lcc102646.o
                                          [ template_tilemap ]
C:\Users\Bau_M\AppData\Local\Temp/lcc102647.o
                                          [ template_tileset ]
C:\Users\Bau_M\AppData\Local\Temp/lcc102648.o
                                          [ spr_InventoryArrow_idle ]
C:\Users\Bau_M\AppData\Local\Temp/lcc102649.o
                                          [ spr_Branch ]
C:\Users\Bau_M\AppData\Local\Temp/lcc1026410.o
                                          [ example_npc ]
C:\Users\Bau_M\AppData\Local\Temp/lcc1026411.o
                                          [ spr_Player_down0 ]
C:\Users\Bau_M\AppData\Local\Temp/lcc1026412.o
                                          [ spr_Player_down1 ]
C:\Users\Bau_M\AppData\Local\Temp/lcc1026413.o
                                          [ spr_Player_down2 ]
C:\Users\Bau_M\AppData\Local\Temp/lcc1026414.o
                                          [ spr_Player_up0 ]
C:\Users\Bau_M\AppData\Local\Temp/lcc1026415.o
                                          [ spr_Player_up1 ]
C:\Users\Bau_M\AppData\Local\Temp/lcc1026416.o
                                          [ spr_Player_up2 ]
C:\Users\Bau_M\AppData\Local\Temp/lcc1026417.o
                                          [ action ]
C:\Users\Bau_M\AppData\Local\Temp/lcc1026418.o
                                          [ animation ]
C:\Users\Bau_M\AppData\Local\Temp/lcc1026419.o
                                          [ can_move ]
C:\Users\Bau_M\AppData\Local\Temp/lcc1026420.o
                                          [ char_to_tile ]
C:\Users\Bau_M\AppData\Local\Temp/lcc1026421.o
                                          [ draw ]
C:\Users\Bau_M\AppData\Local\Temp/lcc1026422.o
                                          [ entity ]
C:\Users\Bau_M\AppData\Local\Temp/lcc1026423.o
                                          [ gender_selection ]
C:\Users\Bau_M\AppData\Local\Temp/lcc1026424.o
                                          [ global_action ]
C:\Users\Bau_M\AppData\Local\Temp/lcc1026425.o
                                          [ inventory ]
C:\Users\Bau_M\AppData\Local\Temp/lcc1026426.o
                                          [ inventory_input ]
C:\Users\Bau_M\AppData\Local\Temp/lcc1026427.o
                                          [ load ]
C:\Users\Bau_M\AppData\Local\Temp/lcc1026428.o
                                          [ map_scenes ]
C:\Users\Bau_M\AppData\Local\Temp/lcc1026429.o
                                          [ player ]
C:\Users\Bau_M\AppData\Local\Temp/lcc1026430.o
                                          [ position ]
C:\Users\Bau_M\AppData\Local\Temp/lcc1026431.o
                                          [ render ]
C:\Users\Bau_M\AppData\Local\Temp/lcc1026432.o
                                          [ scene ]
C:\Users\Bau_M\AppData\Local\Temp/lcc1026433.o
                                          [ scene_manager ]
C:\Users\Bau_M\AppData\Local\Temp/lcc1026434.o
                                          [ gender_select ]
C:\Users\Bau_M\AppData\Local\Temp/lcc1026435.o
                                          [ gender_select_init ]
C:\Users\Bau_M\AppData\Local\Temp/lcc1026436.o
                                          [ gender_select_update ]
C:\Users\Bau_M\AppData\Local\Temp/lcc1026437.o
                                          [ inventory_scene ]
C:\Users\Bau_M\AppData\Local\Temp/lcc1026438.o
                                          [ inventory_scene_init ]
C:\Users\Bau_M\AppData\Local\Temp/lcc1026439.o
                                          [ inventory_scene_update ]
C:\Users\Bau_M\AppData\Local\Temp/lcc1026440.o
                                          [ map_collision ]
C:\Users\Bau_M\AppData\Local\Temp/lcc1026441.o
                                          [ map_data ]
C:\Users\Bau_M\AppData\Local\Temp/lcc1026442.o
                                          [ map_00 ]
C:\Users\Bau_M\AppData\Local\Temp/lcc1026443.o
                                          [ map_00_collision ]
C:\Users\Bau_M\AppData\Local\Temp/lcc1026444.o
                                          [ map_00_init ]
C:\Users\Bau_M\AppData\Local\Temp/lcc1026445.o
                                          [ map_00_init_npc ]
C:\Users\Bau_M\AppData\Local\Temp/lcc1026446.o
                                          [ map_00_update ]
C:\Users\Bau_M\AppData\Local\Temp/lcc1026447.o
                                          [ main ]


Libraries Linked                          [ object file ]

C:\Program Files\GBDK\lib/sm83/sm83.lib   [ free.o ]
C:\Program Files\GBDK\lib/sm83/sm83.lib   [ malloc.o ]
C:\Program Files\GBDK\lib/gb/gb.lib       [ set_data.o ]
C:\Program Files\GBDK\lib/sm83/sm83.lib   [ mul.o ]
C:\Program Files\GBDK\lib/gb/gb.lib       [ pad.o ]
C:\Program Files\GBDK\lib/sm83/sm83.lib   [ __sdcc_call_hl.o ]
C:\Program Files\GBDK\lib/gb/gb.lib       [ sfr.o ]
C:\Program Files\GBDK\lib/gb/gb.lib       [ heap.o ]
C:\Program Files\GBDK\lib/gb/gb.lib       [ set_bk_t.o ]
C:\Program Files\GBDK\lib/gb/gb.lib       [ set_xy_t.o ]

ASxxxx Linker V03.00/V05.40 + sdld,  page 99.

User Base Address Definitions

_DATA=0xC0A0
_CODE=0x0200
_HRAM=0xFF80
ASxxxx Linker V03.00/V05.40 + sdld,  page 100.

User Global Definitions

_shadow_OAM=0xC000
.STACK=0xE000

