ASxxxx Linker V03.00/V05.40 + sdld,  page 1.
Hexadecimal  [32-Bits]

Area                                    Addr        Size        Decimal Bytes (Attributes)
--------------------------------        ----        ----        ------- ----- ------------
.  .ABS.                            00000000    00000000 =           0. bytes (ABS,CON)

      Value  Global                              Global Defined In Module
      -----  --------------------------------   ------------------------
     00000000  .__.ABS.                           SetTileMap
     00000000  _rMBC7_SRAM_ENABLE_1               
     00000000  _rRAMG                             
     00000000  l__BASE                         
     00000000  l__BSS                          
     00000000  l__CABS                         
     00000000  l__CODE_0                       
     00000000  l__DABS                         
     00000000  l__HEADER                       
     00000000  l__LIT                          
     00000000  s__CABS                         
     00000000  s__DABS                         
     00000000  s__HEADER                       
     00000000  s__HEADER0                      
     00000000  s__HEADER1                      
     00000000  s__HEADER10                     
     00000000  s__HEADER11                     
     00000000  s__HEADER2                      
     00000000  s__HEADER3                      
     00000000  s__HEADER4                      
     00000000  s__HEADER5                      
     00000000  s__HEADER6                      
     00000000  s__HEADER7                      
     00000000  s__HEADER8                      
     00000000  s__HEADER9                      
     00000000  s__HEADERa                      
     00000000  s__HEADERb                      
     00000000  s__HEADERc                      
     00000000  s__HEADERd                      
     00000000  s__HEADERe                      
     00000000  s__HEADERf                      
     00000001  l__GSFINAL                      
     00000001  l__HEADER0                      
     00000001  l__HEADER5                      
     00000001  l__HEADERa                      
     00000001  l__HEADERb                      
     00000001  l__HEADERc                      
     00000001  l__HEADERe                      
     00000001  l__HEADERf                      
     00000001  l__HEAP_END                     
     00000002  l__HEADER10                     
     00000002  l__HEADER6                      
     00000002  l__HEADERd                      
     00000003  l__HEADER9                      
     00000005  l__HEADER1                      
     00000006  l__HEADER8                      
     00000007  l__HEADER2                      
     00000008  l__HEADER3                      
     0000000F  l__GSINIT                       
     00000013  l__HRAM                         
ASxxxx Linker V03.00/V05.40 + sdld,  page 2.
Hexadecimal  [32-Bits]

Area                                    Addr        Size        Decimal Bytes (Attributes)
--------------------------------        ----        ----        ------- ----- ------------
.  .ABS.                            00000000    00000000 =           0. bytes (ABS,CON)

      Value  Global                              Global Defined In Module
      -----  --------------------------------   ------------------------
     00000030  l__HEADER7                      
     00000060  l__HEADER4                      
     000000AB  l__HEADER11                     
     0000012C  l__HOME                         
     00000200  s__CODE                         
     00000217  l__INITIALIZED                  
     00000217  l__INITIALIZER                  
     000002C4  l__DATA                         
     0000035D  l__CODE_2                       
     000007FF  l__HEAP                         
     00001220  l__CODE_1                       
     00002000  _rROMB0                            
     00002728  l__CODE                         
     00002928  s__HOME                         
     00002A54  s__BASE                         
     00002A54  s__CODE_0                       
     00002A54  s__INITIALIZER                  
     00002A54  s__LIT                          
     00002C6B  s__GSINIT                       
     00002C7A  s__GSFINAL                      
     00003000  _rROMB1                            
     00004000  _rMBC7_SRAM_ENABLE_2               
     00004000  _rRAMB                             
     00008000  __VRAM                             
     00008000  __VRAM8000                         
     00008800  __VRAM8800                         
     00009000  __VRAM9000                         
     00009800  __SCRN0                            
     00009C00  __SCRN1                            
     0000A000  __SRAM                             
     0000A000  _rMBC7_LATCH_1                     
     0000A010  _rMBC7_LATCH_2                     
     0000A020  _rMBC7_ACCEL_X_LO                  
     0000A030  _rMBC7_ACCEL_X_HI                  
     0000A040  _rMBC7_ACCEL_Y_LO                  
     0000A050  _rMBC7_ACCEL_Y_HI                  
     0000C000  __RAM                              
     0000C000  _shadow_OAM                     
     0000C0A0  s__DATA                         
     0000C364  s__BSS                          
     0000C364  s__INITIALIZED                  
     0000C57B  s__HEAP                         
     0000CD7A  s__HEAP_END                     
     0000D000  __RAMBANK                          
     0000E000  .STACK                          
     0000FE00  __OAMRAM                           
     0000FF00  _P1_REG                            
     0000FF00  __IO                               
     0000FF01  _SB_REG                            
     0000FF02  _SC_REG                            
     0000FF04  _DIV_REG                           
ASxxxx Linker V03.00/V05.40 + sdld,  page 3.
Hexadecimal  [32-Bits]

Area                                    Addr        Size        Decimal Bytes (Attributes)
--------------------------------        ----        ----        ------- ----- ------------
.  .ABS.                            00000000    00000000 =           0. bytes (ABS,CON)

      Value  Global                              Global Defined In Module
      -----  --------------------------------   ------------------------
     0000FF05  _TIMA_REG                          
     0000FF06  _TMA_REG                           
     0000FF07  _TAC_REG                           
     0000FF0F  _IF_REG                            
     0000FF10  _NR10_REG                          
     0000FF11  _NR11_REG                          
     0000FF12  _NR12_REG                          
     0000FF13  _NR13_REG                          
     0000FF14  _NR14_REG                          
     0000FF16  _NR21_REG                          
     0000FF17  _NR22_REG                          
     0000FF18  _NR23_REG                          
     0000FF19  _NR24_REG                          
     0000FF1A  _NR30_REG                          
     0000FF1B  _NR31_REG                          
     0000FF1C  _NR32_REG                          
     0000FF1D  _NR33_REG                          
     0000FF1E  _NR34_REG                          
     0000FF20  _NR41_REG                          
     0000FF21  _NR42_REG                          
     0000FF22  _NR43_REG                          
     0000FF23  _NR44_REG                          
     0000FF24  _NR50_REG                          
     0000FF25  _NR51_REG                          
     0000FF26  _NR52_REG                          
     0000FF30  _AUD3WAVE                          
     0000FF30  _PCM_SAMPLE                        
     0000FF30  __AUD3WAVERAM                      
     0000FF40  _LCDC_REG                          
     0000FF41  _STAT_REG                          
     0000FF42  _SCY_REG                           
     0000FF43  _SCX_REG                           
     0000FF44  _LY_REG                            
     0000FF45  _LYC_REG                           
     0000FF46  _DMA_REG                           
     0000FF47  _BGP_REG                           
     0000FF48  _OBP0_REG                          
     0000FF49  _OBP1_REG                          
     0000FF4A  _WY_REG                            
     0000FF4B  _WX_REG                            
     0000FF4D  _KEY1_REG                          
     0000FF4F  _VBK_REG                           
     0000FF51  _HDMA1_REG                         
     0000FF52  _HDMA2_REG                         
     0000FF53  _HDMA3_REG                         
     0000FF54  _HDMA4_REG                         
     0000FF55  _HDMA5_REG                         
     0000FF56  _RP_REG                            
     0000FF68  _BCPS_REG                          
     0000FF69  _BCPD_REG                          
     0000FF6A  _OCPS_REG                          
ASxxxx Linker V03.00/V05.40 + sdld,  page 4.
Hexadecimal  [32-Bits]

Area                                    Addr        Size        Decimal Bytes (Attributes)
--------------------------------        ----        ----        ------- ----- ------------
.  .ABS.                            00000000    00000000 =           0. bytes (ABS,CON)

      Value  Global                              Global Defined In Module
      -----  --------------------------------   ------------------------
     0000FF6B  _OCPD_REG                          
     0000FF70  _SVBK_REG                          
     0000FF76  _PCM12_REG                         
     0000FF77  _PCM34_REG                         
     0000FF80  __HRAM                             
     0000FF80  s__HRAM                         
     0000FFFF  _IE_REG                            
     00014000  s__CODE_1                       
     00024000  s__CODE_2                       

ASxxxx Linker V03.00/V05.40 + sdld,  page 5.
Hexadecimal  [32-Bits]

Area                                    Addr        Size        Decimal Bytes (Attributes)
--------------------------------        ----        ----        ------- ----- ------------
_CODE                               00000200    00002728 =       10024. bytes (REL,CON)

      Value  Global                              Global Defined In Module
      -----  --------------------------------   ------------------------
     00000200  G$chars_tileset$0_0$0              chars
     00000200  _chars_tileset                     chars
     00000400  G$chars_tilemap$0_0$0              chars
     00000400  _chars_tilemap                     chars
     0000041F  G$numbers_tileset$0_0$0            numbers
     0000041F  _numbers_tileset                   numbers
     000004BF  G$numbers_tilemap$0_0$0            numbers
     000004BF  _numbers_tilemap                   numbers
     000004C9  G$gender_select_tilemap$0_0$0      gender_select_tilemap
     000004C9  _gender_select_tilemap             gender_select_tilemap
     00000631  G$gender_select_tileset$0_0$0      gender_select_tileset
     00000631  _gender_select_tileset             gender_select_tileset
     00000921  A$lcc76167$58                      npc_icons
     00000921  C$npc_icons.c$27$0_0$127           npc_icons
     00000921  C$npc_icons.c$28$1_0$127           npc_icons
     00000921  G$InitNPCIcons$0$0                 npc_icons
     00000921  _InitNPCIcons                      npc_icons
     00000924  A$lcc76167$59                      npc_icons
     00000925  A$lcc76167$60                      npc_icons
     00000928  A$lcc76167$61                      npc_icons
     00000929  A$lcc76167$62                      npc_icons
     0000092C  A$lcc76167$63                      npc_icons
     0000092E  A$lcc76167$71                      npc_icons
     0000092E  C$npc_icons.c$29$1_0$127           npc_icons
     0000092E  XG$InitNPCIcons$0$0                npc_icons
     0000092F  G$npc_icons_tileset$0_0$0          npc_icons
     0000092F  _npc_icons_tileset                 npc_icons
     0000098F  G$npc_icons_tilemap$0_0$0          npc_icons
     0000098F  _npc_icons_tilemap                 npc_icons
     00000995  G$spr_Branch$0_0$0                 spr_Branch
     00000995  _spr_Branch                        spr_Branch
     000009A5  A$lcc761620$59                     action
     000009A5  C$action.c$11$0_0$169              action
     000009A5  G$move_up$0$0                      action
     000009A5  _move_up                           action
     000009A7  A$lcc761620$60                     action
     000009A9  A$lcc761620$61                     action
     000009AA  A$lcc761620$65                     action
     000009AA  C$action.c$13$2_0$170              action
     000009AD  A$lcc761620$66                     action
     000009AF  A$lcc761620$70                     action
     000009AF  C$action.c$14$2_0$170              action
     000009B1  A$lcc761620$74                     action
     000009B1  C$action.c$16$1_0$169              action
     000009B3  A$lcc761620$75                     action
     000009B4  A$lcc761620$76                     action
     000009B5  A$lcc761620$77                     action
     000009B7  A$lcc761620$78                     action
     000009B8  A$lcc761620$79                     action
     000009BA  A$lcc761620$80                     action
ASxxxx Linker V03.00/V05.40 + sdld,  page 6.
Hexadecimal  [32-Bits]

Area                                    Addr        Size        Decimal Bytes (Attributes)
--------------------------------        ----        ----        ------- ----- ------------
_CODE                               00000200    00002728 =       10024. bytes (REL,CON)

      Value  Global                              Global Defined In Module
      -----  --------------------------------   ------------------------
     000009BC  A$lcc761620$81                     action
     000009BD  A$lcc761620$82                     action
     000009BE  A$lcc761620$83                     action
     000009BF  A$lcc761620$84                     action
     000009C0  A$lcc761620$85                     action
     000009C1  A$lcc761620$86                     action
     000009C2  A$lcc761620$87                     action
     000009C5  A$lcc761620$88                     action
     000009C6  A$lcc761620$89                     action
     000009C7  A$lcc761620$90                     action
     000009C8  A$lcc761620$91                     action
     000009C9  A$lcc761620$92                     action
     000009CB  A$lcc761620$93                     action
     000009CC  A$lcc761620$94                     action
     000009CD  A$lcc761620$95                     action
     000009CE  A$lcc761620$96                     action
     000009CF  A$lcc761620$97                     action
     000009D0  A$lcc761620$98                     action
     000009D1  A$lcc761620$99                     action
     000009D2  A$lcc761620$100                    action
     000009D4  A$lcc761620$101                    action
     000009D5  A$lcc761620$102                    action
     000009D6  A$lcc761620$103                    action
     000009D7  A$lcc761620$104                    action
     000009D8  A$lcc761620$105                    action
     000009D9  A$lcc761620$106                    action
     000009DA  A$lcc761620$107                    action
     000009DB  A$lcc761620$108                    action
     000009DC  A$lcc761620$109                    action
     000009DD  A$lcc761620$110                    action
     000009DE  A$lcc761620$111                    action
     000009DF  A$lcc761620$112                    action
     000009E0  A$lcc761620$113                    action
     000009E1  A$lcc761620$114                    action
     000009E2  A$lcc761620$115                    action
     000009E4  A$lcc761620$116                    action
     000009E5  A$lcc761620$117                    action
     000009E6  A$lcc761620$118                    action
     000009E7  A$lcc761620$119                    action
     000009E8  A$lcc761620$120                    action
     000009E9  A$lcc761620$124                    action
     000009E9  C$action.c$17$1_0$169              action
     000009EA  A$lcc761620$125                    action
     000009EB  A$lcc761620$126                    action
     000009EE  A$lcc761620$127                    action
     000009EF  A$lcc761620$128                    action
     000009F1  A$lcc761620$129                    action
     000009F2  A$lcc761620$130                    action
     000009F3  A$lcc761620$131                    action
     000009F4  A$lcc761620$132                    action
     000009F6  A$lcc761620$133                    action
ASxxxx Linker V03.00/V05.40 + sdld,  page 7.
Hexadecimal  [32-Bits]

Area                                    Addr        Size        Decimal Bytes (Attributes)
--------------------------------        ----        ----        ------- ----- ------------
_CODE                               00000200    00002728 =       10024. bytes (REL,CON)

      Value  Global                              Global Defined In Module
      -----  --------------------------------   ------------------------
     000009F7  A$lcc761620$134                    action
     000009F8  A$lcc761620$139                    action
     000009FA  A$lcc761620$144                    action
     000009FA  C$action.c$18$1_0$169              action
     000009FA  XG$move_up$0$0                     action
     000009FB  A$lcc761620$154                    action
     000009FB  C$action.c$20$1_0$172              action
     000009FB  G$move_down$0$0                    action
     000009FB  _move_down                         action
     000009FD  A$lcc761620$155                    action
     000009FF  A$lcc761620$156                    action
     00000A00  A$lcc761620$160                    action
     00000A00  C$action.c$22$2_0$173              action
     00000A03  A$lcc761620$161                    action
     00000A05  A$lcc761620$165                    action
     00000A05  C$action.c$23$2_0$173              action
     00000A07  A$lcc761620$169                    action
     00000A07  C$action.c$25$1_0$172              action
     00000A09  A$lcc761620$170                    action
     00000A0A  A$lcc761620$171                    action
     00000A0B  A$lcc761620$172                    action
     00000A0D  A$lcc761620$173                    action
     00000A0E  A$lcc761620$174                    action
     00000A10  A$lcc761620$175                    action
     00000A12  A$lcc761620$176                    action
     00000A13  A$lcc761620$177                    action
     00000A14  A$lcc761620$178                    action
     00000A15  A$lcc761620$179                    action
     00000A16  A$lcc761620$180                    action
     00000A17  A$lcc761620$181                    action
     00000A18  A$lcc761620$182                    action
     00000A1B  A$lcc761620$183                    action
     00000A1C  A$lcc761620$184                    action
     00000A1D  A$lcc761620$185                    action
     00000A1E  A$lcc761620$186                    action
     00000A1F  A$lcc761620$187                    action
     00000A21  A$lcc761620$188                    action
     00000A22  A$lcc761620$189                    action
     00000A23  A$lcc761620$190                    action
     00000A24  A$lcc761620$191                    action
     00000A25  A$lcc761620$192                    action
     00000A26  A$lcc761620$193                    action
     00000A27  A$lcc761620$194                    action
     00000A28  A$lcc761620$195                    action
     00000A2A  A$lcc761620$196                    action
     00000A2B  A$lcc761620$197                    action
     00000A2C  A$lcc761620$198                    action
     00000A2D  A$lcc761620$199                    action
     00000A2E  A$lcc761620$200                    action
     00000A2F  A$lcc761620$201                    action
     00000A30  A$lcc761620$202                    action
ASxxxx Linker V03.00/V05.40 + sdld,  page 8.
Hexadecimal  [32-Bits]

Area                                    Addr        Size        Decimal Bytes (Attributes)
--------------------------------        ----        ----        ------- ----- ------------
_CODE                               00000200    00002728 =       10024. bytes (REL,CON)

      Value  Global                              Global Defined In Module
      -----  --------------------------------   ------------------------
     00000A31  A$lcc761620$203                    action
     00000A32  A$lcc761620$204                    action
     00000A33  A$lcc761620$205                    action
     00000A34  A$lcc761620$206                    action
     00000A35  A$lcc761620$207                    action
     00000A36  A$lcc761620$208                    action
     00000A37  A$lcc761620$209                    action
     00000A38  A$lcc761620$210                    action
     00000A39  A$lcc761620$211                    action
     00000A3A  A$lcc761620$212                    action
     00000A3B  A$lcc761620$216                    action
     00000A3B  C$action.c$26$1_0$172              action
     00000A3E  A$lcc761620$217                    action
     00000A40  A$lcc761620$218                    action
     00000A41  A$lcc761620$219                    action
     00000A43  A$lcc761620$220                    action
     00000A44  A$lcc761620$221                    action
     00000A45  A$lcc761620$222                    action
     00000A46  A$lcc761620$223                    action
     00000A47  A$lcc761620$224                    action
     00000A48  A$lcc761620$229                    action
     00000A4A  A$lcc761620$234                    action
     00000A4A  C$action.c$27$1_0$172              action
     00000A4A  XG$move_down$0$0                   action
     00000A4B  A$lcc761620$244                    action
     00000A4B  C$action.c$29$1_0$175              action
     00000A4B  G$move_left$0$0                    action
     00000A4B  _move_left                         action
     00000A4D  A$lcc761620$245                    action
     00000A4F  A$lcc761620$246                    action
     00000A50  A$lcc761620$250                    action
     00000A50  C$action.c$31$2_0$176              action
     00000A53  A$lcc761620$251                    action
     00000A55  A$lcc761620$255                    action
     00000A55  C$action.c$32$2_0$176              action
     00000A57  A$lcc761620$259                    action
     00000A57  C$action.c$34$1_0$175              action
     00000A59  A$lcc761620$260                    action
     00000A5A  A$lcc761620$261                    action
     00000A5B  A$lcc761620$262                    action
     00000A5D  A$lcc761620$263                    action
     00000A5E  A$lcc761620$264                    action
     00000A60  A$lcc761620$265                    action
     00000A62  A$lcc761620$266                    action
     00000A63  A$lcc761620$267                    action
     00000A64  A$lcc761620$268                    action
     00000A65  A$lcc761620$269                    action
     00000A66  A$lcc761620$270                    action
     00000A67  A$lcc761620$271                    action
     00000A68  A$lcc761620$272                    action
     00000A6B  A$lcc761620$273                    action
ASxxxx Linker V03.00/V05.40 + sdld,  page 9.
Hexadecimal  [32-Bits]

Area                                    Addr        Size        Decimal Bytes (Attributes)
--------------------------------        ----        ----        ------- ----- ------------
_CODE                               00000200    00002728 =       10024. bytes (REL,CON)

      Value  Global                              Global Defined In Module
      -----  --------------------------------   ------------------------
     00000A6C  A$lcc761620$274                    action
     00000A6D  A$lcc761620$275                    action
     00000A6E  A$lcc761620$276                    action
     00000A6F  A$lcc761620$277                    action
     00000A71  A$lcc761620$278                    action
     00000A72  A$lcc761620$279                    action
     00000A73  A$lcc761620$280                    action
     00000A74  A$lcc761620$281                    action
     00000A75  A$lcc761620$282                    action
     00000A76  A$lcc761620$283                    action
     00000A77  A$lcc761620$284                    action
     00000A78  A$lcc761620$285                    action
     00000A7A  A$lcc761620$286                    action
     00000A7B  A$lcc761620$287                    action
     00000A7C  A$lcc761620$288                    action
     00000A7D  A$lcc761620$289                    action
     00000A7E  A$lcc761620$290                    action
     00000A7F  A$lcc761620$291                    action
     00000A80  A$lcc761620$292                    action
     00000A81  A$lcc761620$293                    action
     00000A82  A$lcc761620$294                    action
     00000A83  A$lcc761620$295                    action
     00000A84  A$lcc761620$296                    action
     00000A85  A$lcc761620$297                    action
     00000A86  A$lcc761620$298                    action
     00000A87  A$lcc761620$299                    action
     00000A88  A$lcc761620$300                    action
     00000A8A  A$lcc761620$301                    action
     00000A8B  A$lcc761620$302                    action
     00000A8C  A$lcc761620$303                    action
     00000A8D  A$lcc761620$304                    action
     00000A8E  A$lcc761620$305                    action
     00000A8F  A$lcc761620$309                    action
     00000A8F  C$action.c$35$1_0$175              action
     00000A90  A$lcc761620$310                    action
     00000A91  A$lcc761620$311                    action
     00000A94  A$lcc761620$312                    action
     00000A95  A$lcc761620$313                    action
     00000A97  A$lcc761620$314                    action
     00000A98  A$lcc761620$315                    action
     00000A99  A$lcc761620$316                    action
     00000A9A  A$lcc761620$317                    action
     00000A9C  A$lcc761620$318                    action
     00000A9D  A$lcc761620$319                    action
     00000A9E  A$lcc761620$324                    action
     00000AA0  A$lcc761620$329                    action
     00000AA0  C$action.c$36$1_0$175              action
     00000AA0  XG$move_left$0$0                   action
     00000AA1  A$lcc761620$339                    action
     00000AA1  C$action.c$38$1_0$178              action
     00000AA1  G$move_right$0$0                   action
ASxxxx Linker V03.00/V05.40 + sdld,  page 10.
Hexadecimal  [32-Bits]

Area                                    Addr        Size        Decimal Bytes (Attributes)
--------------------------------        ----        ----        ------- ----- ------------
_CODE                               00000200    00002728 =       10024. bytes (REL,CON)

      Value  Global                              Global Defined In Module
      -----  --------------------------------   ------------------------
     00000AA1  _move_right                        action
     00000AA3  A$lcc761620$340                    action
     00000AA5  A$lcc761620$341                    action
     00000AA6  A$lcc761620$345                    action
     00000AA6  C$action.c$40$2_0$179              action
     00000AA9  A$lcc761620$346                    action
     00000AAB  A$lcc761620$350                    action
     00000AAB  C$action.c$41$2_0$179              action
     00000AAD  A$lcc761620$354                    action
     00000AAD  C$action.c$43$1_0$178              action
     00000AAF  A$lcc761620$355                    action
     00000AB0  A$lcc761620$356                    action
     00000AB1  A$lcc761620$357                    action
     00000AB3  A$lcc761620$358                    action
     00000AB4  A$lcc761620$359                    action
     00000AB6  A$lcc761620$360                    action
     00000AB8  A$lcc761620$361                    action
     00000AB9  A$lcc761620$362                    action
     00000ABA  A$lcc761620$363                    action
     00000ABB  A$lcc761620$364                    action
     00000ABC  A$lcc761620$365                    action
     00000ABD  A$lcc761620$366                    action
     00000ABE  A$lcc761620$367                    action
     00000AC1  A$lcc761620$368                    action
     00000AC2  A$lcc761620$369                    action
     00000AC3  A$lcc761620$370                    action
     00000AC4  A$lcc761620$371                    action
     00000AC5  A$lcc761620$372                    action
     00000AC7  A$lcc761620$373                    action
     00000AC8  A$lcc761620$374                    action
     00000AC9  A$lcc761620$375                    action
     00000ACA  A$lcc761620$376                    action
     00000ACB  A$lcc761620$377                    action
     00000ACC  A$lcc761620$378                    action
     00000ACD  A$lcc761620$379                    action
     00000ACE  A$lcc761620$380                    action
     00000AD0  A$lcc761620$381                    action
     00000AD1  A$lcc761620$382                    action
     00000AD2  A$lcc761620$383                    action
     00000AD3  A$lcc761620$384                    action
     00000AD4  A$lcc761620$385                    action
     00000AD5  A$lcc761620$386                    action
     00000AD6  A$lcc761620$387                    action
     00000AD7  A$lcc761620$388                    action
     00000AD8  A$lcc761620$389                    action
     00000AD9  A$lcc761620$390                    action
     00000ADA  A$lcc761620$391                    action
     00000ADB  A$lcc761620$392                    action
     00000ADC  A$lcc761620$393                    action
     00000ADD  A$lcc761620$394                    action
     00000ADE  A$lcc761620$395                    action
ASxxxx Linker V03.00/V05.40 + sdld,  page 11.
Hexadecimal  [32-Bits]

Area                                    Addr        Size        Decimal Bytes (Attributes)
--------------------------------        ----        ----        ------- ----- ------------
_CODE                               00000200    00002728 =       10024. bytes (REL,CON)

      Value  Global                              Global Defined In Module
      -----  --------------------------------   ------------------------
     00000ADF  A$lcc761620$396                    action
     00000AE0  A$lcc761620$397                    action
     00000AE1  A$lcc761620$401                    action
     00000AE1  C$action.c$44$1_0$178              action
     00000AE2  A$lcc761620$402                    action
     00000AE5  A$lcc761620$403                    action
     00000AE7  A$lcc761620$404                    action
     00000AE8  A$lcc761620$405                    action
     00000AEA  A$lcc761620$406                    action
     00000AEB  A$lcc761620$407                    action
     00000AEC  A$lcc761620$408                    action
     00000AED  A$lcc761620$409                    action
     00000AEE  A$lcc761620$410                    action
     00000AEF  A$lcc761620$411                    action
     00000AF0  A$lcc761620$416                    action
     00000AF2  A$lcc761620$421                    action
     00000AF2  C$action.c$45$1_0$178              action
     00000AF2  XG$move_right$0$0                  action
     00000AF3  A$lcc761621$59                     animation
     00000AF3  C$animation.c$7$0_0$137            animation
     00000AF3  G$init_animation$0$0               animation
     00000AF3  _init_animation                    animation
     00000AF5  A$lcc761621$60                     animation
     00000AF7  A$lcc761621$61                     animation
     00000AF8  A$lcc761621$62                     animation
     00000AF9  A$lcc761621$63                     animation
     00000AFA  A$lcc761621$64                     animation
     00000AFB  A$lcc761621$65                     animation
     00000AFC  A$lcc761621$69                     animation
     00000AFC  C$animation.c$12$1_0$137           animation
     00000AFE  A$lcc761621$70                     animation
     00000AFF  A$lcc761621$71                     animation
     00000B00  A$lcc761621$72                     animation
     00000B01  A$lcc761621$73                     animation
     00000B02  A$lcc761621$74                     animation
     00000B03  A$lcc761621$75                     animation
     00000B04  A$lcc761621$76                     animation
     00000B06  A$lcc761621$77                     animation
     00000B08  A$lcc761621$78                     animation
     00000B09  A$lcc761621$79                     animation
     00000B0A  A$lcc761621$80                     animation
     00000B0B  A$lcc761621$81                     animation
     00000B0C  A$lcc761621$82                     animation
     00000B0D  A$lcc761621$83                     animation
     00000B0E  A$lcc761621$87                     animation
     00000B0E  C$animation.c$14$1_0$137           animation
     00000B0F  A$lcc761621$88                     animation
     00000B10  A$lcc761621$89                     animation
     00000B11  A$lcc761621$90                     animation
     00000B13  A$lcc761621$91                     animation
     00000B14  A$lcc761621$92                     animation
ASxxxx Linker V03.00/V05.40 + sdld,  page 12.
Hexadecimal  [32-Bits]

Area                                    Addr        Size        Decimal Bytes (Attributes)
--------------------------------        ----        ----        ------- ----- ------------
_CODE                               00000200    00002728 =       10024. bytes (REL,CON)

      Value  Global                              Global Defined In Module
      -----  --------------------------------   ------------------------
     00000B15  A$lcc761621$96                     animation
     00000B15  C$animation.c$15$1_0$137           animation
     00000B16  A$lcc761621$97                     animation
     00000B17  A$lcc761621$98                     animation
     00000B18  A$lcc761621$99                     animation
     00000B19  A$lcc761621$100                    animation
     00000B1A  A$lcc761621$101                    animation
     00000B1B  A$lcc761621$102                    animation
     00000B1D  A$lcc761621$103                    animation
     00000B1E  A$lcc761621$104                    animation
     00000B1F  A$lcc761621$105                    animation
     00000B20  A$lcc761621$109                    animation
     00000B20  C$animation.c$16$1_0$137           animation
     00000B23  A$lcc761621$110                    animation
     00000B24  A$lcc761621$111                    animation
     00000B26  A$lcc761621$115                    animation
     00000B26  C$animation.c$17$1_0$137           animation
     00000B27  A$lcc761621$116                    animation
     00000B28  A$lcc761621$117                    animation
     00000B29  A$lcc761621$118                    animation
     00000B2A  A$lcc761621$119                    animation
     00000B2C  A$lcc761621$123                    animation
     00000B2C  C$animation.c$18$1_0$137           animation
     00000B2F  A$lcc761621$124                    animation
     00000B30  A$lcc761621$125                    animation
     00000B31  A$lcc761621$126                    animation
     00000B33  A$lcc761621$127                    animation
     00000B34  A$lcc761621$128                    animation
     00000B35  A$lcc761621$129                    animation
     00000B36  A$lcc761621$133                    animation
     00000B36  C$animation.c$21$1_0$137           animation
     00000B37  A$lcc761621$134                    animation
     00000B38  A$lcc761621$135                    animation
     00000B39  A$lcc761621$136                    animation
     00000B3A  A$lcc761621$137                    animation
     00000B3C  A$lcc761621$138                    animation
     00000B3D  A$lcc761621$139                    animation
     00000B3E  A$lcc761621$140                    animation
     00000B3F  A$lcc761621$141                    animation
     00000B40  A$lcc761621$142                    animation
     00000B43  A$lcc761621$143                    animation
     00000B44  A$lcc761621$144                    animation
     00000B45  A$lcc761621$145                    animation
     00000B46  A$lcc761621$146                    animation
     00000B48  A$lcc761621$147                    animation
     00000B49  A$lcc761621$148                    animation
     00000B4A  A$lcc761621$149                    animation
     00000B4B  A$lcc761621$150                    animation
     00000B4D  A$lcc761621$151                    animation
     00000B4E  A$lcc761621$152                    animation
     00000B51  A$lcc761621$153                    animation
ASxxxx Linker V03.00/V05.40 + sdld,  page 13.
Hexadecimal  [32-Bits]

Area                                    Addr        Size        Decimal Bytes (Attributes)
--------------------------------        ----        ----        ------- ----- ------------
_CODE                               00000200    00002728 =       10024. bytes (REL,CON)

      Value  Global                              Global Defined In Module
      -----  --------------------------------   ------------------------
     00000B52  A$lcc761621$154                    animation
     00000B53  A$lcc761621$155                    animation
     00000B54  A$lcc761621$156                    animation
     00000B55  A$lcc761621$160                    animation
     00000B55  C$animation.c$24$2_0$137           animation
     00000B57  A$lcc761621$162                    animation
     00000B58  A$lcc761621$163                    animation
     00000B59  A$lcc761621$164                    animation
     00000B5A  A$lcc761621$165                    animation
     00000B5B  A$lcc761621$166                    animation
     00000B5D  A$lcc761621$167                    animation
     00000B5E  A$lcc761621$168                    animation
     00000B60  A$lcc761621$173                    animation
     00000B60  C$animation.c$32$2_0$140           animation
     00000B62  A$lcc761621$174                    animation
     00000B63  A$lcc761621$175                    animation
     00000B64  A$lcc761621$176                    animation
     00000B65  A$lcc761621$177                    animation
     00000B68  A$lcc761621$178                    animation
     00000B69  A$lcc761621$179                    animation
     00000B6A  A$lcc761621$180                    animation
     00000B6B  A$lcc761621$181                    animation
     00000B6C  A$lcc761621$182                    animation
     00000B6D  A$lcc761621$183                    animation
     00000B6F  A$lcc761621$187                    animation
     00000B6F  C$animation.c$33$2_0$140           animation
     00000B71  A$lcc761621$188                    animation
     00000B72  A$lcc761621$189                    animation
     00000B73  A$lcc761621$194                    animation
     00000B73  C$animation.c$34$2_0$137           animation
     00000B75  A$lcc761621$195                    animation
     00000B76  A$lcc761621$196                    animation
     00000B78  A$lcc761621$197                    animation
     00000B79  A$lcc761621$207                    animation
     00000B79  C$animation.c$36$2_0$142           animation
     00000B79  G$update_animation$0$0             animation
     00000B79  _update_animation                  animation
     00000B7A  A$lcc761621$208                    animation
     00000B7B  A$lcc761621$209                    animation
     00000B7C  A$lcc761621$210                    animation
     00000B7D  A$lcc761621$214                    animation
     00000B7D  C$animation.c$38$1_0$142           animation
     00000B80  A$lcc761621$215                    animation
     00000B81  A$lcc761621$216                    animation
     00000B82  A$lcc761621$217                    animation
     00000B83  A$lcc761621$218                    animation
     00000B84  A$lcc761621$219                    animation
     00000B85  A$lcc761621$220                    animation
     00000B86  A$lcc761621$221                    animation
     00000B87  A$lcc761621$222                    animation
     00000B88  A$lcc761621$223                    animation
ASxxxx Linker V03.00/V05.40 + sdld,  page 14.
Hexadecimal  [32-Bits]

Area                                    Addr        Size        Decimal Bytes (Attributes)
--------------------------------        ----        ----        ------- ----- ------------
_CODE                               00000200    00002728 =       10024. bytes (REL,CON)

      Value  Global                              Global Defined In Module
      -----  --------------------------------   ------------------------
     00000B8A  A$lcc761621$224                    animation
     00000B8B  A$lcc761621$225                    animation
     00000B8C  A$lcc761621$229                    animation
     00000B8C  C$animation.c$40$1_0$142           animation
     00000B8F  A$lcc761621$230                    animation
     00000B90  A$lcc761621$231                    animation
     00000B91  A$lcc761621$232                    animation
     00000B92  A$lcc761621$233                    animation
     00000B93  A$lcc761621$234                    animation
     00000B94  A$lcc761621$235                    animation
     00000B96  A$lcc761621$236                    animation
     00000B97  A$lcc761621$237                    animation
     00000B98  A$lcc761621$241                    animation
     00000B98  C$animation.c$41$2_0$143           animation
     00000B99  A$lcc761621$242                    animation
     00000B9A  A$lcc761621$243                    animation
     00000B9B  A$lcc761621$244                    animation
     00000B9C  A$lcc761621$245                    animation
     00000B9D  A$lcc761621$246                    animation
     00000B9E  A$lcc761621$247                    animation
     00000BA0  A$lcc761621$248                    animation
     00000BA1  A$lcc761621$249                    animation
     00000BA3  A$lcc761621$250                    animation
     00000BA4  A$lcc761621$251                    animation
     00000BA5  A$lcc761621$252                    animation
     00000BA7  A$lcc761621$256                    animation
     00000BA7  C$animation.c$43$3_0$144           animation
     00000BA8  A$lcc761621$257                    animation
     00000BA9  A$lcc761621$261                    animation
     00000BA9  C$animation.c$44$3_0$144           animation
     00000BAA  A$lcc761621$262                    animation
     00000BAB  A$lcc761621$263                    animation
     00000BAC  A$lcc761621$264                    animation
     00000BAD  A$lcc761621$265                    animation
     00000BAE  A$lcc761621$266                    animation
     00000BAF  A$lcc761621$270                    animation
     00000BAF  C$animation.c$45$4_0$145           animation
     00000BB0  A$lcc761621$271                    animation
     00000BB1  A$lcc761621$272                    animation
     00000BB2  A$lcc761621$273                    animation
     00000BB3  A$lcc761621$274                    animation
     00000BB4  A$lcc761621$275                    animation
     00000BB6  A$lcc761621$279                    animation
     00000BB6  C$animation.c$46$4_0$145           animation
     00000BB8  A$lcc761621$284                    animation
     00000BB9  A$lcc761621$285                    animation
     00000BBA  A$lcc761621$290                    animation
     00000BBA  C$animation.c$48$2_0$142           animation
     00000BBA  XG$update_animation$0$0            animation
     00000BBB  A$lcc761621$300                    animation
     00000BBB  C$animation.c$50$2_0$147           animation
ASxxxx Linker V03.00/V05.40 + sdld,  page 15.
Hexadecimal  [32-Bits]

Area                                    Addr        Size        Decimal Bytes (Attributes)
--------------------------------        ----        ----        ------- ----- ------------
_CODE                               00000200    00002728 =       10024. bytes (REL,CON)

      Value  Global                              Global Defined In Module
      -----  --------------------------------   ------------------------
     00000BBB  G$set_animation$0$0                animation
     00000BBB  _set_animation                     animation
     00000BBC  A$lcc761621$301                    animation
     00000BBD  A$lcc761621$302                    animation
     00000BBE  A$lcc761621$306                    animation
     00000BBE  C$animation.c$52$2_0$148           animation
     00000BBF  A$lcc761621$307                    animation
     00000BC1  A$lcc761621$308                    animation
     00000BC2  A$lcc761621$309                    animation
     00000BC3  A$lcc761621$310                    animation
     00000BC5  A$lcc761621$311                    animation
     00000BC6  A$lcc761621$312                    animation
     00000BC7  A$lcc761621$313                    animation
     00000BC8  A$lcc761621$314                    animation
     00000BC9  A$lcc761621$321                    animation
     00000BC9  C$animation.c$53$2_0$148           animation
     00000BC9  C$animation.c$55$1_0$147           animation
     00000BCA  A$lcc761621$322                    animation
     00000BCB  A$lcc761621$326                    animation
     00000BCB  C$animation.c$56$1_1$149           animation
     00000BCC  A$lcc761621$327                    animation
     00000BCD  A$lcc761621$328                    animation
     00000BCE  A$lcc761621$329                    animation
     00000BCF  A$lcc761621$330                    animation
     00000BD1  A$lcc761621$331                    animation
     00000BD2  A$lcc761621$335                    animation
     00000BD2  C$animation.c$57$1_1$149           animation
     00000BD3  A$lcc761621$336                    animation
     00000BD4  A$lcc761621$337                    animation
     00000BD5  A$lcc761621$338                    animation
     00000BD6  A$lcc761621$339                    animation
     00000BD7  A$lcc761621$340                    animation
     00000BD8  A$lcc761621$344                    animation
     00000BD8  C$animation.c$58$1_1$149           animation
     00000BDB  A$lcc761621$345                    animation
     00000BDC  A$lcc761621$346                    animation
     00000BDE  A$lcc761621$354                    animation
     00000BDE  C$animation.c$59$1_1$147           animation
     00000BDE  XG$set_animation$0$0               animation
     00000BDF  A$lcc761623$52                     char_to_tile
     00000BDF  C$char_to_tile.c$3$0_0$3           char_to_tile
     00000BDF  G$char_to_tile$0$0                 char_to_tile
     00000BDF  _char_to_tile                      char_to_tile
     00000BE1  A$lcc761623$53                     char_to_tile
     00000BE3  A$lcc761623$54                     char_to_tile
     00000BE4  A$lcc761623$58                     char_to_tile
     00000BE4  C$char_to_tile.c$4$2_0$3           char_to_tile
     00000BE6  A$lcc761623$59                     char_to_tile
     00000BE8  A$lcc761623$60                     char_to_tile
     00000BE9  A$lcc761623$61                     char_to_tile
     00000BEB  A$lcc761623$62                     char_to_tile
ASxxxx Linker V03.00/V05.40 + sdld,  page 16.
Hexadecimal  [32-Bits]

Area                                    Addr        Size        Decimal Bytes (Attributes)
--------------------------------        ----        ----        ------- ----- ------------
_CODE                               00000200    00002728 =       10024. bytes (REL,CON)

      Value  Global                              Global Defined In Module
      -----  --------------------------------   ------------------------
     00000BEC  A$lcc761623$63                     char_to_tile
     00000BEE  A$lcc761623$64                     char_to_tile
     00000BEF  A$lcc761623$65                     char_to_tile
     00000BF1  A$lcc761623$66                     char_to_tile
     00000BF2  A$lcc761623$67                     char_to_tile
     00000BF4  A$lcc761623$68                     char_to_tile
     00000BF5  A$lcc761623$69                     char_to_tile
     00000BF7  A$lcc761623$70                     char_to_tile
     00000BF8  A$lcc761623$71                     char_to_tile
     00000BFA  A$lcc761623$72                     char_to_tile
     00000BFB  A$lcc761623$73                     char_to_tile
     00000BFD  A$lcc761623$74                     char_to_tile
     00000BFE  A$lcc761623$75                     char_to_tile
     00000C00  A$lcc761623$76                     char_to_tile
     00000C01  A$lcc761623$77                     char_to_tile
     00000C03  A$lcc761623$78                     char_to_tile
     00000C04  A$lcc761623$79                     char_to_tile
     00000C06  A$lcc761623$80                     char_to_tile
     00000C07  A$lcc761623$81                     char_to_tile
     00000C09  A$lcc761623$82                     char_to_tile
     00000C0A  A$lcc761623$83                     char_to_tile
     00000C0C  A$lcc761623$84                     char_to_tile
     00000C0D  A$lcc761623$85                     char_to_tile
     00000C0F  A$lcc761623$86                     char_to_tile
     00000C10  A$lcc761623$87                     char_to_tile
     00000C12  A$lcc761623$88                     char_to_tile
     00000C13  A$lcc761623$89                     char_to_tile
     00000C15  A$lcc761623$90                     char_to_tile
     00000C16  A$lcc761623$91                     char_to_tile
     00000C18  A$lcc761623$92                     char_to_tile
     00000C19  A$lcc761623$93                     char_to_tile
     00000C1B  A$lcc761623$94                     char_to_tile
     00000C1C  A$lcc761623$95                     char_to_tile
     00000C1E  A$lcc761623$96                     char_to_tile
     00000C1F  A$lcc761623$97                     char_to_tile
     00000C21  A$lcc761623$98                     char_to_tile
     00000C22  A$lcc761623$99                     char_to_tile
     00000C24  A$lcc761623$100                    char_to_tile
     00000C25  A$lcc761623$101                    char_to_tile
     00000C27  A$lcc761623$102                    char_to_tile
     00000C28  A$lcc761623$103                    char_to_tile
     00000C2A  A$lcc761623$104                    char_to_tile
     00000C2B  A$lcc761623$105                    char_to_tile
     00000C2D  A$lcc761623$106                    char_to_tile
     00000C2E  A$lcc761623$107                    char_to_tile
     00000C30  A$lcc761623$108                    char_to_tile
     00000C31  A$lcc761623$109                    char_to_tile
     00000C33  A$lcc761623$110                    char_to_tile
     00000C34  A$lcc761623$111                    char_to_tile
     00000C36  A$lcc761623$112                    char_to_tile
     00000C37  A$lcc761623$113                    char_to_tile
ASxxxx Linker V03.00/V05.40 + sdld,  page 17.
Hexadecimal  [32-Bits]

Area                                    Addr        Size        Decimal Bytes (Attributes)
--------------------------------        ----        ----        ------- ----- ------------
_CODE                               00000200    00002728 =       10024. bytes (REL,CON)

      Value  Global                              Global Defined In Module
      -----  --------------------------------   ------------------------
     00000C39  A$lcc761623$114                    char_to_tile
     00000C3A  A$lcc761623$115                    char_to_tile
     00000C3C  A$lcc761623$116                    char_to_tile
     00000C3D  A$lcc761623$117                    char_to_tile
     00000C3F  A$lcc761623$118                    char_to_tile
     00000C40  A$lcc761623$119                    char_to_tile
     00000C42  A$lcc761623$120                    char_to_tile
     00000C43  A$lcc761623$124                    char_to_tile
     00000C43  C$char_to_tile.c$5$3_0$4           char_to_tile
     00000C44  A$lcc761623$125                    char_to_tile
     00000C45  A$lcc761623$126                    char_to_tile
     00000C46  A$lcc761623$127                    char_to_tile
     00000C47  A$lcc761623$128                    char_to_tile
     00000C4A  A$lcc761623$130                    char_to_tile
     00000C4B  A$lcc761623$131                    char_to_tile
     00000C4D  A$lcc761623$132                    char_to_tile
     00000C4F  A$lcc761623$136                    char_to_tile
     00000C4F  C$char_to_tile.c$6$4_0$6           char_to_tile
     00000C52  A$lcc761623$137                    char_to_tile
     00000C53  A$lcc761623$138                    char_to_tile
     00000C54  A$lcc761623$139                    char_to_tile
     00000C55  A$lcc761623$140                    char_to_tile
     00000C57  A$lcc761623$141                    char_to_tile
     00000C58  A$lcc761623$142                    char_to_tile
     00000C59  A$lcc761623$143                    char_to_tile
     00000C5B  A$lcc761623$147                    char_to_tile
     00000C5B  C$char_to_tile.c$7$5_0$7           char_to_tile
     00000C5D  A$lcc761623$148                    char_to_tile
     00000C5E  A$lcc761623$149                    char_to_tile
     00000C60  A$lcc761623$150                    char_to_tile
     00000C61  A$lcc761623$151                    char_to_tile
     00000C63  A$lcc761623$156                    char_to_tile
     00000C63  C$char_to_tile.c$5$2_0$4           char_to_tile
     00000C64  A$lcc761623$157                    char_to_tile
     00000C66  A$lcc761623$158                    char_to_tile
     00000C67  A$lcc761623$159                    char_to_tile
     00000C68  A$lcc761623$160                    char_to_tile
     00000C69  A$lcc761623$161                    char_to_tile
     00000C6B  A$lcc761623$166                    char_to_tile
     00000C6B  C$char_to_tile.c$11$1_0$3          char_to_tile
     00000C6E  A$lcc761623$171                    char_to_tile
     00000C70  A$lcc761623$176                    char_to_tile
     00000C70  C$char_to_tile.c$12$1_0$3          char_to_tile
     00000C70  XG$char_to_tile$0$0                char_to_tile
     00000C71  A$lcc761624$52                     collision
     00000C71  C$collision.c$3$0_0$3              collision
     00000C71  G$check_collision$0$0              collision
     00000C71  _check_collision                   collision
     00000C73  A$lcc761624$53                     collision
     00000C74  A$lcc761624$54                     collision
     00000C76  A$lcc761624$55                     collision
ASxxxx Linker V03.00/V05.40 + sdld,  page 18.
Hexadecimal  [32-Bits]

Area                                    Addr        Size        Decimal Bytes (Attributes)
--------------------------------        ----        ----        ------- ----- ------------
_CODE                               00000200    00002728 =       10024. bytes (REL,CON)

      Value  Global                              Global Defined In Module
      -----  --------------------------------   ------------------------
     00000C77  A$lcc761624$59                     collision
     00000C77  C$collision.c$8$1_0$3              collision
     00000C79  A$lcc761624$60                     collision
     00000C7A  A$lcc761624$61                     collision
     00000C7C  A$lcc761624$62                     collision
     00000C7D  A$lcc761624$63                     collision
     00000C7F  A$lcc761624$64                     collision
     00000C81  A$lcc761624$65                     collision
     00000C82  A$lcc761624$66                     collision
     00000C84  A$lcc761624$67                     collision
     00000C85  A$lcc761624$68                     collision
     00000C86  A$lcc761624$69                     collision
     00000C87  A$lcc761624$70                     collision
     00000C88  A$lcc761624$71                     collision
     00000C89  A$lcc761624$72                     collision
     00000C8A  A$lcc761624$73                     collision
     00000C8B  A$lcc761624$74                     collision
     00000C8C  A$lcc761624$75                     collision
     00000C8D  A$lcc761624$76                     collision
     00000C8E  A$lcc761624$77                     collision
     00000C8F  A$lcc761624$78                     collision
     00000C91  A$lcc761624$79                     collision
     00000C92  A$lcc761624$80                     collision
     00000C93  A$lcc761624$81                     collision
     00000C94  A$lcc761624$82                     collision
     00000C96  A$lcc761624$83                     collision
     00000C97  A$lcc761624$84                     collision
     00000C99  A$lcc761624$85                     collision
     00000C9A  A$lcc761624$86                     collision
     00000C9B  A$lcc761624$87                     collision
     00000C9C  A$lcc761624$88                     collision
     00000C9D  A$lcc761624$89                     collision
     00000C9E  A$lcc761624$90                     collision
     00000CA0  A$lcc761624$94                     collision
     00000CA0  C$collision.c$9$1_0$3              collision
     00000CA1  A$lcc761624$95                     collision
     00000CA2  A$lcc761624$96                     collision
     00000CA3  A$lcc761624$97                     collision
     00000CA4  A$lcc761624$98                     collision
     00000CA5  A$lcc761624$99                     collision
     00000CA7  A$lcc761624$100                    collision
     00000CA8  A$lcc761624$101                    collision
     00000CA9  A$lcc761624$102                    collision
     00000CAA  A$lcc761624$103                    collision
     00000CAB  A$lcc761624$104                    collision
     00000CAD  A$lcc761624$108                    collision
     00000CAD  C$collision.c$10$1_0$3             collision
     00000CAF  A$lcc761624$109                    collision
     00000CB0  A$lcc761624$110                    collision
     00000CB2  A$lcc761624$111                    collision
     00000CB3  A$lcc761624$112                    collision
ASxxxx Linker V03.00/V05.40 + sdld,  page 19.
Hexadecimal  [32-Bits]

Area                                    Addr        Size        Decimal Bytes (Attributes)
--------------------------------        ----        ----        ------- ----- ------------
_CODE                               00000200    00002728 =       10024. bytes (REL,CON)

      Value  Global                              Global Defined In Module
      -----  --------------------------------   ------------------------
     00000CB4  A$lcc761624$113                    collision
     00000CB5  A$lcc761624$114                    collision
     00000CB6  A$lcc761624$115                    collision
     00000CB7  A$lcc761624$116                    collision
     00000CB8  A$lcc761624$117                    collision
     00000CB9  A$lcc761624$118                    collision
     00000CBA  A$lcc761624$119                    collision
     00000CBB  A$lcc761624$120                    collision
     00000CBC  A$lcc761624$121                    collision
     00000CBD  A$lcc761624$122                    collision
     00000CBF  A$lcc761624$123                    collision
     00000CC0  A$lcc761624$124                    collision
     00000CC1  A$lcc761624$125                    collision
     00000CC2  A$lcc761624$126                    collision
     00000CC4  A$lcc761624$127                    collision
     00000CC5  A$lcc761624$128                    collision
     00000CC6  A$lcc761624$129                    collision
     00000CC7  A$lcc761624$130                    collision
     00000CC8  A$lcc761624$131                    collision
     00000CCA  A$lcc761624$132                    collision
     00000CCB  A$lcc761624$133                    collision
     00000CCC  A$lcc761624$134                    collision
     00000CCD  A$lcc761624$135                    collision
     00000CCE  A$lcc761624$136                    collision
     00000CCF  A$lcc761624$137                    collision
     00000CD1  A$lcc761624$141                    collision
     00000CD1  C$collision.c$11$1_0$3             collision
     00000CD2  A$lcc761624$142                    collision
     00000CD3  A$lcc761624$143                    collision
     00000CD4  A$lcc761624$144                    collision
     00000CD5  A$lcc761624$145                    collision
     00000CD6  A$lcc761624$146                    collision
     00000CD8  A$lcc761624$147                    collision
     00000CD9  A$lcc761624$148                    collision
     00000CDA  A$lcc761624$149                    collision
     00000CDB  A$lcc761624$150                    collision
     00000CDC  A$lcc761624$151                    collision
     00000CDE  A$lcc761624$153                    collision
     00000CDF  A$lcc761624$154                    collision
     00000CE1  A$lcc761624$156                    collision
     00000CE3  A$lcc761624$161                    collision
     00000CE3  C$collision.c$12$1_0$3             collision
     00000CE5  A$lcc761624$162                    collision
     00000CE6  A$lcc761624$163                    collision
     00000CE8  A$lcc761624$164                    collision
     00000CE9  A$lcc761625$53                     draw
     00000CE9  C$draw.c$7$0_0$139                 draw
     00000CE9  G$draw_actor$0$0                   draw
     00000CE9  _draw_actor                        draw
     00000CEB  A$lcc761625$54                     draw
     00000CED  A$lcc761625$55                     draw
ASxxxx Linker V03.00/V05.40 + sdld,  page 20.
Hexadecimal  [32-Bits]

Area                                    Addr        Size        Decimal Bytes (Attributes)
--------------------------------        ----        ----        ------- ----- ------------
_CODE                               00000200    00002728 =       10024. bytes (REL,CON)

      Value  Global                              Global Defined In Module
      -----  --------------------------------   ------------------------
     00000CEE  A$lcc761625$59                     draw
     00000CEE  C$draw.c$9$1_0$139                 draw
     00000CF1  A$lcc761625$60                     draw
     00000CF2  A$lcc761625$61                     draw
     00000CF4  A$lcc761625$62                     draw
     00000CF5  A$lcc761625$63                     draw
     00000CF6  A$lcc761625$64                     draw
     00000CF7  A$lcc761625$65                     draw
     00000CF8  A$lcc761625$66                     draw
     00000CFA  A$lcc761625$67                     draw
     00000CFB  A$lcc761625$71                     draw
     00000CFB  C$draw.c$10$1_0$139                draw
     00000CFE  A$lcc761625$72                     draw
     00000D00  A$lcc761625$73                     draw
     00000D01  A$lcc761625$74                     draw
     00000D03  A$lcc761625$75                     draw
     00000D04  A$lcc761625$76                     draw
     00000D05  A$lcc761625$77                     draw
     00000D06  A$lcc761625$78                     draw
     00000D07  A$lcc761625$79                     draw
     00000D09  A$lcc761625$80                     draw
     00000D0A  A$lcc761625$84                     draw
     00000D0A  C$draw.c$12$1_0$139                draw
     00000D0D  A$lcc761625$85                     draw
     00000D0F  A$lcc761625$86                     draw
     00000D10  A$lcc761625$87                     draw
     00000D12  A$lcc761625$88                     draw
     00000D13  A$lcc761625$89                     draw
     00000D14  A$lcc761625$90                     draw
     00000D15  A$lcc761625$91                     draw
     00000D16  A$lcc761625$92                     draw
     00000D17  A$lcc761625$93                     draw
     00000D18  A$lcc761625$94                     draw
     00000D19  A$lcc761625$95                     draw
     00000D1A  A$lcc761625$96                     draw
     00000D1B  A$lcc761625$97                     draw
     00000D1C  A$lcc761625$98                     draw
     00000D1D  A$lcc761625$99                     draw
     00000D1E  A$lcc761625$103                    draw
     00000D1E  C$draw.c$13$1_0$139                draw
     00000D21  A$lcc761625$104                    draw
     00000D22  A$lcc761625$105                    draw
     00000D23  A$lcc761625$106                    draw
     00000D24  A$lcc761625$107                    draw
     00000D25  A$lcc761625$108                    draw
     00000D26  A$lcc761625$109                    draw
     00000D27  A$lcc761625$110                    draw
     00000D28  A$lcc761625$111                    draw
     00000D29  A$lcc761625$112                    draw
     00000D2B  A$lcc761625$113                    draw
     00000D2C  A$lcc761625$114                    draw
ASxxxx Linker V03.00/V05.40 + sdld,  page 21.
Hexadecimal  [32-Bits]

Area                                    Addr        Size        Decimal Bytes (Attributes)
--------------------------------        ----        ----        ------- ----- ------------
_CODE                               00000200    00002728 =       10024. bytes (REL,CON)

      Value  Global                              Global Defined In Module
      -----  --------------------------------   ------------------------
     00000D2D  A$lcc761625$118                    draw
     00000D2D  C$draw.c$15$1_0$139                draw
     00000D30  A$lcc761625$119                    draw
     00000D31  A$lcc761625$120                    draw
     00000D32  A$lcc761625$121                    draw
     00000D34  A$lcc761625$122                    draw
     00000D35  A$lcc761625$126                    draw
     00000D35  C$draw.c$16$1_0$139                draw
     00000D36  A$lcc761625$127                    draw
     00000D37  A$lcc761625$128                    draw
     00000D38  A$lcc761625$129                    draw
     00000D39  A$lcc761625$130                    draw
     00000D3A  A$lcc761625$131                    draw
     00000D3B  A$lcc761625$132                    draw
     00000D3E  A$lcc761625$133                    draw
     00000D3F  A$lcc761625$134                    draw
     00000D40  A$lcc761625$135                    draw
     00000D41  A$lcc761625$136                    draw
     00000D43  A$lcc761625$140                    draw
     00000D43  C$draw.c$18$1_0$139                draw
     00000D44  A$lcc761625$141                    draw
     00000D45  A$lcc761625$142                    draw
     00000D46  A$lcc761625$143                    draw
     00000D47  A$lcc761625$144                    draw
     00000D48  A$lcc761625$148                    draw
     00000D48  C$draw.c$19$1_0$139                draw
     00000D4A  A$lcc761625$149                    draw
     00000D4B  A$lcc761625$150                    draw
     00000D4C  A$lcc761625$151                    draw
     00000D4D  A$lcc761625$152                    draw
     00000D4E  A$lcc761625$153                    draw
     00000D4F  A$lcc761625$154                    draw
     00000D50  A$lcc761625$155                    draw
     00000D51  A$lcc761625$156                    draw
     00000D52  A$lcc761625$157                    draw
     00000D53  A$lcc761625$158                    draw
     00000D54  A$lcc761625$159                    draw
     00000D55  A$lcc761625$160                    draw
     00000D56  A$lcc761625$161                    draw
     00000D57  A$lcc761625$162                    draw
     00000D58  A$lcc761625$166                    draw
     00000D58  C$draw.c$21$2_0$140                draw
     00000D5A  A$lcc761625$167                    draw
     00000D5B  A$lcc761625$174                    draw
     00000D5B  C$draw.c$22$2_0$140                draw
     00000D5B  C$draw.c$25$2_0$139                draw
     00000D5E  A$lcc761625$175                    draw
     00000D60  A$lcc761625$177                    draw
     00000D61  A$lcc761625$178                    draw
     00000D63  A$lcc761625$179                    draw
     00000D64  A$lcc761625$180                    draw
ASxxxx Linker V03.00/V05.40 + sdld,  page 22.
Hexadecimal  [32-Bits]

Area                                    Addr        Size        Decimal Bytes (Attributes)
--------------------------------        ----        ----        ------- ----- ------------
_CODE                               00000200    00002728 =       10024. bytes (REL,CON)

      Value  Global                              Global Defined In Module
      -----  --------------------------------   ------------------------
     00000D66  A$lcc761625$182                    draw
     00000D67  A$lcc761625$183                    draw
     00000D68  A$lcc761625$184                    draw
     00000D69  A$lcc761625$185                    draw
     00000D6A  A$lcc761625$186                    draw
     00000D6B  A$lcc761625$187                    draw
     00000D6D  A$lcc761625$188                    draw
     00000D70  A$lcc761625$189                    draw
     00000D71  A$lcc761625$190                    draw
     00000D72  A$lcc761625$191                    draw
     00000D73  A$lcc761625$192                    draw
     00000D74  A$lcc761625$194                    draw
     00000D75  A$lcc761625$195                    draw
     00000D76  A$lcc761625$196                    draw
     00000D77  A$lcc761625$197                    draw
     00000D78  A$lcc761625$198                    draw
     00000D79  A$lcc761625$199                    draw
     00000D7A  A$lcc761625$200                    draw
     00000D7D  A$lcc761625$201                    draw
     00000D7E  A$lcc761625$202                    draw
     00000D7F  A$lcc761625$203                    draw
     00000D80  A$lcc761625$204                    draw
     00000D81  A$lcc761625$205                    draw
     00000D82  A$lcc761625$209                    draw
     00000D82  C$draw.c$25$2_0$141                draw
     00000D83  A$lcc761625$210                    draw
     00000D85  A$lcc761625$215                    draw
     00000D85  C$draw.c$29$2_0$142                draw
     00000D87  A$lcc761625$216                    draw
     00000D88  A$lcc761625$217                    draw
     00000D89  A$lcc761625$218                    draw
     00000D8B  A$lcc761625$220                    draw
     00000D8D  A$lcc761625$221                    draw
     00000D8E  A$lcc761625$223                    draw
     00000D8F  A$lcc761625$224                    draw
     00000D90  A$lcc761625$225                    draw
     00000D91  A$lcc761625$226                    draw
     00000D92  A$lcc761625$227                    draw
     00000D93  A$lcc761625$228                    draw
     00000D96  A$lcc761625$229                    draw
     00000D97  A$lcc761625$230                    draw
     00000D98  A$lcc761625$231                    draw
     00000D99  A$lcc761625$233                    draw
     00000D9B  A$lcc761625$234                    draw
     00000D9C  A$lcc761625$235                    draw
     00000D9D  A$lcc761625$236                    draw
     00000D9E  A$lcc761625$237                    draw
     00000D9F  A$lcc761625$238                    draw
     00000DA0  A$lcc761625$242                    draw
     00000DA0  C$draw.c$31$2_0$142                draw
     00000DA3  A$lcc761625$247                    draw
ASxxxx Linker V03.00/V05.40 + sdld,  page 23.
Hexadecimal  [32-Bits]

Area                                    Addr        Size        Decimal Bytes (Attributes)
--------------------------------        ----        ----        ------- ----- ------------
_CODE                               00000200    00002728 =       10024. bytes (REL,CON)

      Value  Global                              Global Defined In Module
      -----  --------------------------------   ------------------------
     00000DA3  C$draw.c$33$3_0$144                draw
     00000DA5  A$lcc761625$248                    draw
     00000DA6  A$lcc761625$249                    draw
     00000DA8  A$lcc761625$250                    draw
     00000DAA  A$lcc761625$254                    draw
     00000DAD  A$lcc761625$255                    draw
     00000DAF  A$lcc761625$256                    draw
     00000DB0  A$lcc761625$257                    draw
     00000DB2  A$lcc761625$258                    draw
     00000DB3  A$lcc761625$259                    draw
     00000DB4  A$lcc761625$260                    draw
     00000DB5  A$lcc761625$261                    draw
     00000DB6  A$lcc761625$262                    draw
     00000DB7  A$lcc761625$266                    draw
     00000DB7  C$draw.c$31$2_0$139                draw
     00000DB9  A$lcc761625$267                    draw
     00000DBA  A$lcc761625$271                    draw
     00000DBA  C$draw.c$35$5_0$146                draw
     00000DBC  A$lcc761625$272                    draw
     00000DBE  A$lcc761625$275                    draw
     00000DBF  A$lcc761625$276                    draw
     00000DC0  A$lcc761625$277                    draw
     00000DC1  A$lcc761625$278                    draw
     00000DC2  A$lcc761625$279                    draw
     00000DC3  A$lcc761625$280                    draw
     00000DC6  A$lcc761625$281                    draw
     00000DC7  A$lcc761625$282                    draw
     00000DC8  A$lcc761625$283                    draw
     00000DC9  A$lcc761625$285                    draw
     00000DCB  A$lcc761625$286                    draw
     00000DCC  A$lcc761625$287                    draw
     00000DCD  A$lcc761625$288                    draw
     00000DCE  A$lcc761625$290                    draw
     00000DCF  A$lcc761625$291                    draw
     00000DD0  A$lcc761625$292                    draw
     00000DD1  A$lcc761625$293                    draw
     00000DD3  A$lcc761625$294                    draw
     00000DD4  A$lcc761625$295                    draw
     00000DD6  A$lcc761625$297                    draw
     00000DD7  A$lcc761625$298                    draw
     00000DDA  A$lcc761625$299                    draw
     00000DDB  A$lcc761625$300                    draw
     00000DDC  A$lcc761625$301                    draw
     00000DDD  A$lcc761625$302                    draw
     00000DDE  A$lcc761625$303                    draw
     00000DDF  A$lcc761625$304                    draw
     00000DE0  A$lcc761625$305                    draw
     00000DE1  A$lcc761625$307                    draw
     00000DE2  A$lcc761625$308                    draw
     00000DE3  A$lcc761625$309                    draw
     00000DE4  A$lcc761625$310                    draw
ASxxxx Linker V03.00/V05.40 + sdld,  page 24.
Hexadecimal  [32-Bits]

Area                                    Addr        Size        Decimal Bytes (Attributes)
--------------------------------        ----        ----        ------- ----- ------------
_CODE                               00000200    00002728 =       10024. bytes (REL,CON)

      Value  Global                              Global Defined In Module
      -----  --------------------------------   ------------------------
     00000DE6  A$lcc761625$311                    draw
     00000DE7  A$lcc761625$312                    draw
     00000DE8  A$lcc761625$316                    draw
     00000DE8  C$draw.c$38$5_0$146                draw
     00000DEB  A$lcc761625$320                    draw
     00000DEC  A$lcc761625$321                    draw
     00000DED  A$lcc761625$322                    draw
     00000DEE  A$lcc761625$323                    draw
     00000DEF  A$lcc761625$324                    draw
     00000DF0  A$lcc761625$325                    draw
     00000DF3  A$lcc761625$326                    draw
     00000DF4  A$lcc761625$327                    draw
     00000DF5  A$lcc761625$328                    draw
     00000DF6  A$lcc761625$330                    draw
     00000DF8  A$lcc761625$331                    draw
     00000DF9  A$lcc761625$332                    draw
     00000DFA  A$lcc761625$333                    draw
     00000DFB  A$lcc761625$334                    draw
     00000DFC  A$lcc761625$335                    draw
     00000DFD  A$lcc761625$337                    draw
     00000DFE  A$lcc761625$338                    draw
     00000E00  A$lcc761625$339                    draw
     00000E01  A$lcc761625$340                    draw
     00000E03  A$lcc761625$342                    draw
     00000E04  A$lcc761625$343                    draw
     00000E05  A$lcc761625$344                    draw
     00000E06  A$lcc761625$345                    draw
     00000E07  A$lcc761625$346                    draw
     00000E08  A$lcc761625$347                    draw
     00000E0B  A$lcc761625$348                    draw
     00000E0C  A$lcc761625$350                    draw
     00000E0D  A$lcc761625$351                    draw
     00000E0F  A$lcc761625$352                    draw
     00000E10  A$lcc761625$353                    draw
     00000E11  A$lcc761625$354                    draw
     00000E12  A$lcc761625$355                    draw
     00000E13  A$lcc761625$359                    draw
     00000E13  C$draw.c$43$3_0$144                draw
     00000E15  A$lcc761625$364                    draw
     00000E15  C$draw.c$46$4_0$149                draw
     00000E17  A$lcc761625$365                    draw
     00000E18  A$lcc761625$366                    draw
     00000E1A  A$lcc761625$367                    draw
     00000E1C  A$lcc761625$369                    draw
     00000E1E  A$lcc761625$370                    draw
     00000E1F  A$lcc761625$372                    draw
     00000E20  A$lcc761625$373                    draw
     00000E21  A$lcc761625$374                    draw
     00000E22  A$lcc761625$375                    draw
     00000E23  A$lcc761625$376                    draw
     00000E24  A$lcc761625$377                    draw
ASxxxx Linker V03.00/V05.40 + sdld,  page 25.
Hexadecimal  [32-Bits]

Area                                    Addr        Size        Decimal Bytes (Attributes)
--------------------------------        ----        ----        ------- ----- ------------
_CODE                               00000200    00002728 =       10024. bytes (REL,CON)

      Value  Global                              Global Defined In Module
      -----  --------------------------------   ------------------------
     00000E27  A$lcc761625$378                    draw
     00000E28  A$lcc761625$379                    draw
     00000E29  A$lcc761625$380                    draw
     00000E2A  A$lcc761625$382                    draw
     00000E2C  A$lcc761625$383                    draw
     00000E2D  A$lcc761625$384                    draw
     00000E2E  A$lcc761625$385                    draw
     00000E2F  A$lcc761625$386                    draw
[...]
     000242A8  A$lcc761672$366                    mg_leaves_update
     000242A9  A$lcc761672$367                    mg_leaves_update
     000242AA  A$lcc761672$368                    mg_leaves_update
     000242AB  A$lcc761672$369                    mg_leaves_update
     000242AD  A$lcc761672$370                    mg_leaves_update
     000242AE  A$lcc761672$371                    mg_leaves_update
     000242AF  A$lcc761672$372                    mg_leaves_update
     000242B0  A$lcc761672$373                    mg_leaves_update
     000242B2  A$lcc761672$374                    mg_leaves_update
     000242B3  A$lcc761672$375                    mg_leaves_update
     000242B4  A$lcc761672$376                    mg_leaves_update
     000242B5  A$lcc761672$377                    mg_leaves_update
     000242B6  A$lcc761672$378                    mg_leaves_update
     000242B7  A$lcc761672$379                    mg_leaves_update
ASxxxx Linker V03.00/V05.40 + sdld,  page 146.
Hexadecimal  [32-Bits]

Area                                    Addr        Size        Decimal Bytes (Attributes)
--------------------------------        ----        ----        ------- ----- ------------
_CODE_2                             00024000    0000035D =         861. bytes (REL,CON)

      Value  Global                              Global Defined In Module
      -----  --------------------------------   ------------------------
     000242B9  A$lcc761672$380                    mg_leaves_update
     000242BA  A$lcc761672$381                    mg_leaves_update
     000242BB  A$lcc761672$382                    mg_leaves_update
     000242BD  A$lcc761672$386                    mg_leaves_update
     000242BD  C$mg_leaves_update.c$57$3_1$183    mg_leaves_update
     000242BE  A$lcc761672$387                    mg_leaves_update
     000242C1  A$lcc761672$388                    mg_leaves_update
     000242C2  A$lcc761672$389                    mg_leaves_update
     000242C4  A$lcc761672$390                    mg_leaves_update
     000242C5  A$lcc761672$391                    mg_leaves_update
     000242C6  A$lcc761672$392                    mg_leaves_update
     000242C7  A$lcc761672$393                    mg_leaves_update
     000242C8  A$lcc761672$394                    mg_leaves_update
     000242CA  A$lcc761672$395                    mg_leaves_update
     000242CB  A$lcc761672$399                    mg_leaves_update
     000242CB  C$mg_leaves_update.c$59$4_1$184    mg_leaves_update
     000242CC  A$lcc761672$400                    mg_leaves_update
     000242CD  A$lcc761672$401                    mg_leaves_update
     000242CE  A$lcc761672$402                    mg_leaves_update
     000242CF  A$lcc761672$403                    mg_leaves_update
     000242D0  A$lcc761672$404                    mg_leaves_update
     000242D1  A$lcc761672$405                    mg_leaves_update
     000242D2  A$lcc761672$406                    mg_leaves_update
     000242D5  A$lcc761672$407                    mg_leaves_update
     000242D6  A$lcc761672$408                    mg_leaves_update
     000242D7  A$lcc761672$409                    mg_leaves_update
     000242D8  A$lcc761672$410                    mg_leaves_update
     000242DA  A$lcc761672$411                    mg_leaves_update
     000242DB  A$lcc761672$412                    mg_leaves_update
     000242DC  A$lcc761672$413                    mg_leaves_update
     000242DD  A$lcc761672$414                    mg_leaves_update
     000242DF  A$lcc761672$415                    mg_leaves_update
     000242E0  A$lcc761672$416                    mg_leaves_update
     000242E2  A$lcc761672$417                    mg_leaves_update
     000242E3  A$lcc761672$418                    mg_leaves_update
     000242E5  A$lcc761672$419                    mg_leaves_update
     000242E7  A$lcc761672$420                    mg_leaves_update
     000242E8  A$lcc761672$421                    mg_leaves_update
     000242E9  A$lcc761672$422                    mg_leaves_update
     000242EA  A$lcc761672$423                    mg_leaves_update
     000242EB  A$lcc761672$424                    mg_leaves_update
     000242EC  A$lcc761672$425                    mg_leaves_update
     000242EE  A$lcc761672$426                    mg_leaves_update
     000242F1  A$lcc761672$427                    mg_leaves_update
     000242F2  A$lcc761672$428                    mg_leaves_update
     000242F3  A$lcc761672$429                    mg_leaves_update
     000242F4  A$lcc761672$430                    mg_leaves_update
     000242F6  A$lcc761672$431                    mg_leaves_update
     000242F7  A$lcc761672$432                    mg_leaves_update
     000242F8  A$lcc761672$433                    mg_leaves_update
     000242F9  A$lcc761672$434                    mg_leaves_update
ASxxxx Linker V03.00/V05.40 + sdld,  page 147.
Hexadecimal  [32-Bits]

Area                                    Addr        Size        Decimal Bytes (Attributes)
--------------------------------        ----        ----        ------- ----- ------------
_CODE_2                             00024000    0000035D =         861. bytes (REL,CON)

      Value  Global                              Global Defined In Module
      -----  --------------------------------   ------------------------
     000242FB  A$lcc761672$435                    mg_leaves_update
     000242FC  A$lcc761672$436                    mg_leaves_update
     000242FE  A$lcc761672$437                    mg_leaves_update
     000242FF  A$lcc761672$438                    mg_leaves_update
     00024300  A$lcc761672$439                    mg_leaves_update
     00024302  A$lcc761672$440                    mg_leaves_update
     00024303  A$lcc761672$441                    mg_leaves_update
     00024304  A$lcc761672$442                    mg_leaves_update
     00024305  A$lcc761672$443                    mg_leaves_update
     00024306  A$lcc761672$444                    mg_leaves_update
     00024307  A$lcc761672$445                    mg_leaves_update
     00024308  A$lcc761672$446                    mg_leaves_update
     0002430A  A$lcc761672$450                    mg_leaves_update
     0002430A  C$mg_leaves_update.c$61$6_1$186    mg_leaves_update
     0002430C  A$lcc761672$451                    mg_leaves_update
     0002430D  A$lcc761672$452                    mg_leaves_update
     0002430F  A$lcc761672$453                    mg_leaves_update
     00024310  A$lcc761672$454                    mg_leaves_update
     00024312  A$lcc761672$458                    mg_leaves_update
     00024312  C$mg_leaves_update.c$62$6_1$186    mg_leaves_update
     00024313  A$lcc761672$459                    mg_leaves_update
     00024314  A$lcc761672$460                    mg_leaves_update
     00024315  A$lcc761672$461                    mg_leaves_update
     00024316  A$lcc761672$462                    mg_leaves_update
     00024318  A$lcc761672$467                    mg_leaves_update
     00024318  C$mg_leaves_update.c$64$6_1$187    mg_leaves_update
     0002431A  A$lcc761672$468                    mg_leaves_update
     0002431B  A$lcc761672$469                    mg_leaves_update
     0002431D  A$lcc761672$470                    mg_leaves_update
     0002431E  A$lcc761672$471                    mg_leaves_update
     00024320  A$lcc761672$475                    mg_leaves_update
     00024320  C$mg_leaves_update.c$65$6_1$187    mg_leaves_update
     00024321  A$lcc761672$476                    mg_leaves_update
     00024322  A$lcc761672$477                    mg_leaves_update
     00024323  A$lcc761672$478                    mg_leaves_update
     00024324  A$lcc761672$479                    mg_leaves_update
     00024326  A$lcc761672$480                    mg_leaves_update
     00024328  A$lcc761672$485                    mg_leaves_update
     00024328  C$mg_leaves_update.c$69$5_1$188    mg_leaves_update
     0002432A  A$lcc761672$486                    mg_leaves_update
     0002432B  A$lcc761672$487                    mg_leaves_update
     0002432C  A$lcc761672$488                    mg_leaves_update
     0002432D  A$lcc761672$489                    mg_leaves_update
     0002432F  A$lcc761672$494                    mg_leaves_update
     0002432F  C$mg_leaves_update.c$52$2_0$180    mg_leaves_update
     00024331  A$lcc761672$495                    mg_leaves_update
     00024332  A$lcc761672$496                    mg_leaves_update
     00024335  A$lcc761672$501                    mg_leaves_update
     00024337  A$lcc761672$506                    mg_leaves_update
     00024337  C$mg_leaves_update.c$72$2_0$180    mg_leaves_update
     00024337  XG$check_leaf_collision$0$0        mg_leaves_update
ASxxxx Linker V03.00/V05.40 + sdld,  page 148.
Hexadecimal  [32-Bits]

Area                                    Addr        Size        Decimal Bytes (Attributes)
--------------------------------        ----        ----        ------- ----- ------------
_CODE_2                             00024000    0000035D =         861. bytes (REL,CON)

      Value  Global                              Global Defined In Module
      -----  --------------------------------   ------------------------
     00024338  A$lcc761672$519                    mg_leaves_update
     00024338  C$mg_leaves_update.c$74$2_0$190    mg_leaves_update
     00024338  C$mg_leaves_update.c$77$2_0$191    mg_leaves_update
     00024338  G$Mg_Leaves_Update$0$0             mg_leaves_update
     00024338  _Mg_Leaves_Update                  mg_leaves_update
     0002433B  A$lcc761672$520                    mg_leaves_update
     0002433D  A$lcc761672$521                    mg_leaves_update
     0002433F  A$lcc761672$525                    mg_leaves_update
     0002433F  C$mg_leaves_update.c$78$2_0$191    mg_leaves_update
     00024342  A$lcc761672$526                    mg_leaves_update
     00024344  A$lcc761672$527                    mg_leaves_update
     00024346  A$lcc761672$532                    mg_leaves_update
     00024346  C$mg_leaves_update.c$80$2_0$191    mg_leaves_update
     00024347  A$lcc761672$533                    mg_leaves_update
     0002434A  A$lcc761672$538                    mg_leaves_update
     0002434A  C$mg_leaves_update.c$82$1_0$190    mg_leaves_update
     0002434C  A$lcc761672$539                    mg_leaves_update
     0002434E  A$lcc761672$540                    mg_leaves_update
     00024351  A$lcc761672$544                    mg_leaves_update
     00024351  C$mg_leaves_update.c$84$1_0$190    mg_leaves_update
     00024354  A$lcc761672$548                    mg_leaves_update
     00024354  C$mg_leaves_update.c$85$1_0$190    mg_leaves_update
     00024357  A$lcc761672$552                    mg_leaves_update
     00024357  C$mg_leaves_update.c$87$1_0$190    mg_leaves_update
     0002435A  A$lcc761672$563                    mg_leaves_update
     0002435A  C$mg_leaves_update.c$89$1_0$190    mg_leaves_update
     0002435A  C$mg_leaves_update.c$90$1_0$190    mg_leaves_update
     0002435A  XG$Mg_Leaves_Update$0$0            mg_leaves_update
ASxxxx Linker V03.00/V05.40 + sdld,  page 149.

Files Linked                              [ module(s) ]

C:\Program Files\GBDK\lib/gb/crt0.o       [ Runtime ]
C:\Users\Bau_M\AppData\Local\Temp/lcc76160.o
                                          [ chars ]
C:\Users\Bau_M\AppData\Local\Temp/lcc76161.o
                                          [ numbers ]
C:\Users\Bau_M\AppData\Local\Temp/lcc76162.o
                                          [ gender_select_tilemap ]
C:\Users\Bau_M\AppData\Local\Temp/lcc76163.o
                                          [ gender_select_tileset ]
C:\Users\Bau_M\AppData\Local\Temp/lcc76164.o
                                          [ inventory_bkg ]
C:\Users\Bau_M\AppData\Local\Temp/lcc76165.o
                                          [ bkg_MainMenu ]
C:\Users\Bau_M\AppData\Local\Temp/lcc76166.o
                                          [ map_example ]
C:\Users\Bau_M\AppData\Local\Temp/lcc76167.o
                                          [ npc_icons ]
C:\Users\Bau_M\AppData\Local\Temp/lcc76168.o
                                          [ template_tileset ]
C:\Users\Bau_M\AppData\Local\Temp/lcc76169.o
                                          [ spr_InventoryArrow_idle ]
C:\Users\Bau_M\AppData\Local\Temp/lcc761610.o
                                          [ spr_Branch ]
C:\Users\Bau_M\AppData\Local\Temp/lcc761611.o
                                          [ broom ]
C:\Users\Bau_M\AppData\Local\Temp/lcc761612.o
                                          [ leaf ]
C:\Users\Bau_M\AppData\Local\Temp/lcc761613.o
                                          [ example_npc ]
C:\Users\Bau_M\AppData\Local\Temp/lcc761614.o
                                          [ spr_Player_down0 ]
C:\Users\Bau_M\AppData\Local\Temp/lcc761615.o
                                          [ spr_Player_down1 ]
C:\Users\Bau_M\AppData\Local\Temp/lcc761616.o
                                          [ spr_Player_down2 ]
C:\Users\Bau_M\AppData\Local\Temp/lcc761617.o
                                          [ spr_Player_up0 ]
C:\Users\Bau_M\AppData\Local\Temp/lcc761618.o
                                          [ spr_Player_up1 ]
C:\Users\Bau_M\AppData\Local\Temp/lcc761619.o
                                          [ spr_Player_up2 ]
C:\Users\Bau_M\AppData\Local\Temp/lcc761620.o
                                          [ action ]
C:\Users\Bau_M\AppData\Local\Temp/lcc761621.o
                                          [ animation ]
C:\Users\Bau_M\AppData\Local\Temp/lcc761622.o
                                          [ can_move ]
C:\Users\Bau_M\AppData\Local\Temp/lcc761623.o
                                          [ char_to_tile ]
C:\Users\Bau_M\AppData\Local\Temp/lcc761624.o
                                          [ collision ]
C:\Users\Bau_M\AppData\Local\Temp/lcc761625.o
                                          [ draw ]
C:\Users\Bau_M\AppData\Local\Temp/lcc761626.o
                                          [ entity ]
C:\Users\Bau_M\AppData\Local\Temp/lcc761627.o
                                          [ extra_actors ]
C:\Users\Bau_M\AppData\Local\Temp/lcc761628.o
                                          [ gender_selection ]
C:\Users\Bau_M\AppData\Local\Temp/lcc761629.o
                                          [ input ]
C:\Users\Bau_M\AppData\Local\Temp/lcc761630.o
                                          [ inventory ]
C:\Users\Bau_M\AppData\Local\Temp/lcc761631.o
                                          [ inventory_input ]
C:\Users\Bau_M\AppData\Local\Temp/lcc761632.o
                                          [ load ]
C:\Users\Bau_M\AppData\Local\Temp/lcc761633.o
                                          [ map_scenes ]
C:\Users\Bau_M\AppData\Local\Temp/lcc761634.o
                                          [ money ]
C:\Users\Bau_M\AppData\Local\Temp/lcc761635.o
                                          [ name ]
C:\Users\Bau_M\AppData\Local\Temp/lcc761636.o
                                          [ npcs ]
C:\Users\Bau_M\AppData\Local\Temp/lcc761637.o
                                          [ npc_lines ]
C:\Users\Bau_M\AppData\Local\Temp/lcc761638.o
                                          [ player ]
C:\Users\Bau_M\AppData\Local\Temp/lcc761639.o
                                          [ position ]
C:\Users\Bau_M\AppData\Local\Temp/lcc761640.o
                                          [ random ]
C:\Users\Bau_M\AppData\Local\Temp/lcc761641.o
                                          [ render ]
C:\Users\Bau_M\AppData\Local\Temp/lcc761642.o
                                          [ scene ]
C:\Users\Bau_M\AppData\Local\Temp/lcc761643.o
                                          [ scene_manager ]
C:\Users\Bau_M\AppData\Local\Temp/lcc761644.o
                                          [ speed ]
C:\Users\Bau_M\AppData\Local\Temp/lcc761645.o
                                          [ gender_select ]
C:\Users\Bau_M\AppData\Local\Temp/lcc761646.o
                                          [ gender_select_init ]
C:\Users\Bau_M\AppData\Local\Temp/lcc761647.o
                                          [ gender_select_update ]
C:\Users\Bau_M\AppData\Local\Temp/lcc761648.o
                                          [ inventory_scene ]
C:\Users\Bau_M\AppData\Local\Temp/lcc761649.o
                                          [ inventory_scene_init ]
C:\Users\Bau_M\AppData\Local\Temp/lcc761650.o
                                          [ inventory_scene_update ]
C:\Users\Bau_M\AppData\Local\Temp/lcc761651.o
                                          [ main_menu ]
C:\Users\Bau_M\AppData\Local\Temp/lcc761652.o
                                          [ main_menu_init ]
C:\Users\Bau_M\AppData\Local\Temp/lcc761653.o
                                          [ main_menu_init_stats ]
C:\Users\Bau_M\AppData\Local\Temp/lcc761654.o
                                          [ main_menu_input ]
C:\Users\Bau_M\AppData\Local\Temp/lcc761655.o
                                          [ main_menu_update ]
C:\Users\Bau_M\AppData\Local\Temp/lcc761656.o
                                          [ clean_text ]
C:\Users\Bau_M\AppData\Local\Temp/lcc761657.o
                                          [ map_collision ]
C:\Users\Bau_M\AppData\Local\Temp/lcc761658.o
                                          [ map_data ]
C:\Users\Bau_M\AppData\Local\Temp/lcc761659.o
                                          [ map_player_movement ]
C:\Users\Bau_M\AppData\Local\Temp/lcc761660.o
                                          [ map_00 ]
C:\Users\Bau_M\AppData\Local\Temp/lcc761661.o
                                          [ map_00_collision ]
C:\Users\Bau_M\AppData\Local\Temp/lcc761662.o
                                          [ map_00_init ]
C:\Users\Bau_M\AppData\Local\Temp/lcc761663.o
                                          [ map_00_init_dialogues ]
C:\Users\Bau_M\AppData\Local\Temp/lcc761664.o
                                          [ map_00_init_npc ]
C:\Users\Bau_M\AppData\Local\Temp/lcc761665.o
                                          [ map_00_update ]
C:\Users\Bau_M\AppData\Local\Temp/lcc761666.o
                                          [ mg_player_movement ]
C:\Users\Bau_M\AppData\Local\Temp/lcc761667.o
                                          [ mini_games ]
C:\Users\Bau_M\AppData\Local\Temp/lcc761668.o
                                          [ mg_leaves ]
C:\Users\Bau_M\AppData\Local\Temp/lcc761669.o
                                          [ mg_leaves_init ]
C:\Users\Bau_M\AppData\Local\Temp/lcc761670.o
                                          [ mg_leaves_load_bkg ]
C:\Users\Bau_M\AppData\Local\Temp/lcc761671.o
                                          [ mg_leaves_player_init ]
C:\Users\Bau_M\AppData\Local\Temp/lcc761672.o
                                          [ mg_leaves_update ]
C:\Users\Bau_M\AppData\Local\Temp/lcc761673.o
                                          [ main ]


Libraries Linked                          [ object file ]

C:\Program Files\GBDK\lib/gb/gb.lib       [ sfr.o ]
C:\Program Files\GBDK\lib/sm83/sm83.lib   [ div.o ]
C:\Program Files\GBDK\lib/sm83/sm83.lib   [ free.o ]
C:\Program Files\GBDK\lib/sm83/sm83.lib   [ malloc.o ]
C:\Program Files\GBDK\lib/gb/gb.lib       [ set_data.o ]
C:\Program Files\GBDK\lib/sm83/sm83.lib   [ mul.o ]
C:\Program Files\GBDK\lib/gb/gb.lib       [ pad.o ]
C:\Program Files\GBDK\lib/sm83/sm83.lib   [ memcpy.o ]
C:\Program Files\GBDK\lib/sm83/sm83.lib   [ __sdcc_call_hl.o ]
C:\Program Files\GBDK\lib/gb/gb.lib       [ heap.o ]
C:\Program Files\GBDK\lib/gb/gb.lib       [ set_bk_t.o ]
C:\Program Files\GBDK\lib/gb/gb.lib       [ set_xy_t.o ]

ASxxxx Linker V03.00/V05.40 + sdld,  page 150.

User Base Address Definitions

_DATA=0xC0A0
_CODE=0x0200
_HRAM=0xFF80
ASxxxx Linker V03.00/V05.40 + sdld,  page 151.

User Global Definitions

_shadow_OAM=0xC000
.STACK=0xE000

