ASxxxx Linker V03.00/V05.40 + sdld,  page 1.
Hexadecimal  [32-Bits]

Area                                    Addr        Size        Decimal Bytes (Attributes)
--------------------------------        ----        ----        ------- ----- ------------
.  .ABS.                            00000000    00000000 =           0. bytes (ABS,CON)

      Value  Global                              Global Defined In Module
      -----  --------------------------------   ------------------------
     00000000  .__.ABS.                           SetTileMap
     00000000  _rMBC7_SRAM_ENABLE_1               
     00000000  _rRAMG                             
     00000000  l__BASE                         
     00000000  l__BSS                          
     00000000  l__CABS                         
     00000000  l__CODE_0                       
     00000000  l__DABS                         
     00000000  l__HEADER                       
     00000000  l__LIT                          
     00000000  s__CABS                         
     00000000  s__DABS                         
     00000000  s__HEADER                       
     00000000  s__HEADER0                      
     00000000  s__HEADER1                      
     00000000  s__HEADER10                     
     00000000  s__HEADER11                     
     00000000  s__HEADER2                      
     00000000  s__HEADER3                      
     00000000  s__HEADER4                      
     00000000  s__HEADER5                      
     00000000  s__HEADER6                      
     00000000  s__HEADER7                      
     00000000  s__HEADER8                      
     00000000  s__HEADER9                      
     00000000  s__HEADERa                      
     00000000  s__HEADERb                      
     00000000  s__HEADERc                      
     00000000  s__HEADERd                      
     00000000  s__HEADERe                      
     00000000  s__HEADERf                      
     00000001  l__GSFINAL                      
     00000001  l__HEADER0                      
     00000001  l__HEADER5                      
     00000001  l__HEADERa                      
     00000001  l__HEADERb                      
     00000001  l__HEADERc                      
     00000001  l__HEADERe                      
     00000001  l__HEADERf                      
     00000001  l__HEAP_END                     
     00000002  l__HEADER10                     
     00000002  l__HEADER6                      
     00000002  l__HEADERd                      
     00000003  l__HEADER9                      
     00000005  l__HEADER1                      
     00000006  l__HEADER8                      
     00000007  l__HEADER2                      
     00000008  l__HEADER3                      
     0000000F  l__GSINIT                       
     00000013  l__HRAM                         
ASxxxx Linker V03.00/V05.40 + sdld,  page 2.
Hexadecimal  [32-Bits]

Area                                    Addr        Size        Decimal Bytes (Attributes)
--------------------------------        ----        ----        ------- ----- ------------
.  .ABS.                            00000000    00000000 =           0. bytes (ABS,CON)

      Value  Global                              Global Defined In Module
      -----  --------------------------------   ------------------------
     00000030  l__HEADER7                      
     00000060  l__HEADER4                      
     000000AB  l__HEADER11                     
     0000012C  l__HOME                         
     00000187  l__INITIALIZED                  
     00000187  l__INITIALIZER                  
     00000200  s__CODE                         
     000007FF  l__HEAP                         
     00000FC1  l__CODE                         
     000011C1  s__HOME                         
     000012ED  s__BASE                         
     000012ED  s__CODE_0                       
     000012ED  s__INITIALIZER                  
     000012ED  s__LIT                          
     00001474  s__GSINIT                       
     00001483  s__GSFINAL                      
     00001D25  l__DATA                         
     00002000  _rROMB0                            
     00003000  _rROMB1                            
     00004000  _rMBC7_SRAM_ENABLE_2               
     00004000  _rRAMB                             
     00008000  __VRAM                             
     00008000  __VRAM8000                         
     00008800  __VRAM8800                         
     00009000  __VRAM9000                         
     00009800  __SCRN0                            
     00009C00  __SCRN1                            
     0000A000  __SRAM                             
     0000A000  _rMBC7_LATCH_1                     
     0000A010  _rMBC7_LATCH_2                     
     0000A020  _rMBC7_ACCEL_X_LO                  
     0000A030  _rMBC7_ACCEL_X_HI                  
     0000A040  _rMBC7_ACCEL_Y_LO                  
     0000A050  _rMBC7_ACCEL_Y_HI                  
     0000C000  __RAM                              
     0000C000  _shadow_OAM                     
     0000C0A0  s__DATA                         
     0000D000  __RAMBANK                          
     0000DDC5  s__BSS                          
     0000DDC5  s__INITIALIZED                  
     0000DF4C  s__HEAP                         
     0000E000  .STACK                          
     0000E74B  s__HEAP_END                     
     0000FE00  __OAMRAM                           
     0000FF00  _P1_REG                            
     0000FF00  __IO                               
     0000FF01  _SB_REG                            
     0000FF02  _SC_REG                            
     0000FF04  _DIV_REG                           
     0000FF05  _TIMA_REG                          
     0000FF06  _TMA_REG                           
ASxxxx Linker V03.00/V05.40 + sdld,  page 3.
Hexadecimal  [32-Bits]

Area                                    Addr        Size        Decimal Bytes (Attributes)
--------------------------------        ----        ----        ------- ----- ------------
.  .ABS.                            00000000    00000000 =           0. bytes (ABS,CON)

      Value  Global                              Global Defined In Module
      -----  --------------------------------   ------------------------
     0000FF07  _TAC_REG                           
     0000FF0F  _IF_REG                            
     0000FF10  _NR10_REG                          
     0000FF11  _NR11_REG                          
     0000FF12  _NR12_REG                          
     0000FF13  _NR13_REG                          
     0000FF14  _NR14_REG                          
     0000FF16  _NR21_REG                          
     0000FF17  _NR22_REG                          
     0000FF18  _NR23_REG                          
     0000FF19  _NR24_REG                          
     0000FF1A  _NR30_REG                          
     0000FF1B  _NR31_REG                          
     0000FF1C  _NR32_REG                          
     0000FF1D  _NR33_REG                          
     0000FF1E  _NR34_REG                          
     0000FF20  _NR41_REG                          
     0000FF21  _NR42_REG                          
     0000FF22  _NR43_REG                          
     0000FF23  _NR44_REG                          
     0000FF24  _NR50_REG                          
     0000FF25  _NR51_REG                          
     0000FF26  _NR52_REG                          
     0000FF30  _AUD3WAVE                          
     0000FF30  _PCM_SAMPLE                        
     0000FF30  __AUD3WAVERAM                      
     0000FF40  _LCDC_REG                          
     0000FF41  _STAT_REG                          
     0000FF42  _SCY_REG                           
     0000FF43  _SCX_REG                           
     0000FF44  _LY_REG                            
     0000FF45  _LYC_REG                           
     0000FF46  _DMA_REG                           
     0000FF47  _BGP_REG                           
     0000FF48  _OBP0_REG                          
     0000FF49  _OBP1_REG                          
     0000FF4A  _WY_REG                            
     0000FF4B  _WX_REG                            
     0000FF4D  _KEY1_REG                          
     0000FF4F  _VBK_REG                           
     0000FF51  _HDMA1_REG                         
     0000FF52  _HDMA2_REG                         
     0000FF53  _HDMA3_REG                         
     0000FF54  _HDMA4_REG                         
     0000FF55  _HDMA5_REG                         
     0000FF56  _RP_REG                            
     0000FF68  _BCPS_REG                          
     0000FF69  _BCPD_REG                          
     0000FF6A  _OCPS_REG                          
     0000FF6B  _OCPD_REG                          
     0000FF70  _SVBK_REG                          
ASxxxx Linker V03.00/V05.40 + sdld,  page 4.
Hexadecimal  [32-Bits]

Area                                    Addr        Size        Decimal Bytes (Attributes)
--------------------------------        ----        ----        ------- ----- ------------
.  .ABS.                            00000000    00000000 =           0. bytes (ABS,CON)

      Value  Global                              Global Defined In Module
      -----  --------------------------------   ------------------------
     0000FF76  _PCM12_REG                         
     0000FF77  _PCM34_REG                         
     0000FF80  __HRAM                             
     0000FF80  s__HRAM                         
     0000FFFF  _IE_REG                            

ASxxxx Linker V03.00/V05.40 + sdld,  page 5.
Hexadecimal  [32-Bits]

Area                                    Addr        Size        Decimal Bytes (Attributes)
--------------------------------        ----        ----        ------- ----- ------------
_CODE                               00000200    00000FC1 =        4033. bytes (REL,CON)

      Value  Global                              Global Defined In Module
      -----  --------------------------------   ------------------------
     00000200  G$template_tilemap$0_0$0           template_tilemap
     00000200  _template_tilemap                  template_tilemap
     00000368  G$template_tileset$0_0$0           template_tileset
     00000368  _template_tileset                  template_tileset
     00000538  A$lcc95008$70                      action
     00000538  C$action.c$9$0_0$140               action
     00000538  G$move_up$0$0                      action
     00000538  _move_up                           action
     0000053A  A$lcc95008$71                      action
     0000053C  A$lcc95008$72                      action
     0000053D  A$lcc95008$73                      action
     0000053E  A$lcc95008$77                      action
     0000053E  C$action.c$11$1_0$140              action
     0000053F  A$lcc95008$78                      action
     00000540  A$lcc95008$79                      action
     00000541  A$lcc95008$80                      action
     00000542  A$lcc95008$81                      action
     00000543  A$lcc95008$82                      action
     00000545  A$lcc95008$83                      action
     00000546  A$lcc95008$84                      action
     00000549  A$lcc95008$85                      action
     0000054A  A$lcc95008$86                      action
     0000054B  A$lcc95008$87                      action
     0000054C  A$lcc95008$88                      action
     0000054D  A$lcc95008$89                      action
     00000550  A$lcc95008$90                      action
     00000551  A$lcc95008$91                      action
     00000552  A$lcc95008$92                      action
     00000553  A$lcc95008$93                      action
     00000554  A$lcc95008$94                      action
     00000555  A$lcc95008$95                      action
     00000556  A$lcc95008$96                      action
     00000557  A$lcc95008$97                      action
     00000558  A$lcc95008$98                      action
     00000559  A$lcc95008$99                      action
     0000055B  A$lcc95008$100                     action
     0000055C  A$lcc95008$101                     action
     0000055D  A$lcc95008$102                     action
     0000055E  A$lcc95008$103                     action
     0000055F  A$lcc95008$104                     action
     00000560  A$lcc95008$105                     action
     00000561  A$lcc95008$106                     action
     00000562  A$lcc95008$107                     action
     00000563  A$lcc95008$108                     action
     00000564  A$lcc95008$109                     action
     00000565  A$lcc95008$113                     action
     00000565  C$action.c$12$1_0$140              action
     00000568  A$lcc95008$114                     action
     0000056A  A$lcc95008$115                     action
     0000056B  A$lcc95008$116                     action
ASxxxx Linker V03.00/V05.40 + sdld,  page 6.
Hexadecimal  [32-Bits]

Area                                    Addr        Size        Decimal Bytes (Attributes)
--------------------------------        ----        ----        ------- ----- ------------
_CODE                               00000200    00000FC1 =        4033. bytes (REL,CON)

      Value  Global                              Global Defined In Module
      -----  --------------------------------   ------------------------
     0000056C  A$lcc95008$117                     action
     0000056D  A$lcc95008$118                     action
     0000056E  A$lcc95008$119                     action
     0000056F  A$lcc95008$120                     action
     00000570  A$lcc95008$121                     action
     00000571  A$lcc95008$122                     action
     00000572  A$lcc95008$126                     action
     00000574  A$lcc95008$131                     action
     00000574  C$action.c$13$1_0$140              action
     00000574  XG$move_up$0$0                     action
     00000575  A$lcc95008$141                     action
     00000575  C$action.c$15$1_0$142              action
     00000575  G$move_down$0$0                    action
     00000575  _move_down                         action
     00000577  A$lcc95008$142                     action
     00000579  A$lcc95008$143                     action
     0000057A  A$lcc95008$144                     action
     0000057B  A$lcc95008$148                     action
     0000057B  C$action.c$17$1_0$142              action
     0000057C  A$lcc95008$149                     action
     0000057D  A$lcc95008$150                     action
     0000057E  A$lcc95008$151                     action
     0000057F  A$lcc95008$152                     action
     00000580  A$lcc95008$153                     action
     00000582  A$lcc95008$154                     action
     00000584  A$lcc95008$155                     action
     00000585  A$lcc95008$156                     action
     00000586  A$lcc95008$157                     action
     00000588  A$lcc95008$158                     action
     00000589  A$lcc95008$159                     action
     0000058C  A$lcc95008$160                     action
     0000058E  A$lcc95008$161                     action
     0000058F  A$lcc95008$162                     action
     00000590  A$lcc95008$163                     action
     00000591  A$lcc95008$164                     action
     00000592  A$lcc95008$165                     action
     00000593  A$lcc95008$166                     action
     00000594  A$lcc95008$167                     action
     00000595  A$lcc95008$168                     action
     00000597  A$lcc95008$169                     action
     00000598  A$lcc95008$170                     action
     00000599  A$lcc95008$171                     action
     0000059B  A$lcc95008$172                     action
     0000059C  A$lcc95008$173                     action
     0000059D  A$lcc95008$174                     action
     0000059E  A$lcc95008$175                     action
     0000059F  A$lcc95008$176                     action
     000005A0  A$lcc95008$177                     action
     000005A1  A$lcc95008$178                     action
     000005A2  A$lcc95008$179                     action
     000005A3  A$lcc95008$180                     action
ASxxxx Linker V03.00/V05.40 + sdld,  page 7.
Hexadecimal  [32-Bits]

Area                                    Addr        Size        Decimal Bytes (Attributes)
--------------------------------        ----        ----        ------- ----- ------------
_CODE                               00000200    00000FC1 =        4033. bytes (REL,CON)

      Value  Global                              Global Defined In Module
      -----  --------------------------------   ------------------------
     000005A4  A$lcc95008$181                     action
     000005A5  A$lcc95008$185                     action
     000005A5  C$action.c$18$1_0$142              action
     000005A8  A$lcc95008$186                     action
     000005AA  A$lcc95008$187                     action
     000005AB  A$lcc95008$188                     action
     000005AC  A$lcc95008$189                     action
     000005AD  A$lcc95008$190                     action
     000005AE  A$lcc95008$191                     action
     000005AF  A$lcc95008$192                     action
     000005B0  A$lcc95008$193                     action
     000005B1  A$lcc95008$194                     action
     000005B2  A$lcc95008$198                     action
     000005B4  A$lcc95008$203                     action
     000005B4  C$action.c$19$1_0$142              action
     000005B4  XG$move_down$0$0                   action
     000005B5  A$lcc95008$213                     action
     000005B5  C$action.c$21$1_0$144              action
     000005B5  G$move_left$0$0                    action
     000005B5  _move_left                         action
     000005B7  A$lcc95008$214                     action
     000005B9  A$lcc95008$215                     action
     000005BA  A$lcc95008$216                     action
     000005BB  A$lcc95008$220                     action
     000005BB  C$action.c$23$1_0$144              action
     000005BC  A$lcc95008$221                     action
     000005BD  A$lcc95008$222                     action
     000005BE  A$lcc95008$223                     action
     000005BF  A$lcc95008$224                     action
     000005C0  A$lcc95008$225                     action
     000005C2  A$lcc95008$226                     action
     000005C3  A$lcc95008$227                     action
     000005C6  A$lcc95008$228                     action
     000005C7  A$lcc95008$229                     action
     000005C8  A$lcc95008$230                     action
     000005C9  A$lcc95008$231                     action
     000005CA  A$lcc95008$232                     action
     000005CD  A$lcc95008$233                     action
     000005CE  A$lcc95008$234                     action
     000005CF  A$lcc95008$235                     action
     000005D0  A$lcc95008$236                     action
     000005D1  A$lcc95008$237                     action
     000005D2  A$lcc95008$238                     action
     000005D3  A$lcc95008$239                     action
     000005D4  A$lcc95008$240                     action
     000005D5  A$lcc95008$241                     action
     000005D6  A$lcc95008$242                     action
     000005D8  A$lcc95008$243                     action
     000005D9  A$lcc95008$244                     action
     000005DA  A$lcc95008$245                     action
     000005DB  A$lcc95008$246                     action
ASxxxx Linker V03.00/V05.40 + sdld,  page 8.
Hexadecimal  [32-Bits]

Area                                    Addr        Size        Decimal Bytes (Attributes)
--------------------------------        ----        ----        ------- ----- ------------
_CODE                               00000200    00000FC1 =        4033. bytes (REL,CON)

      Value  Global                              Global Defined In Module
      -----  --------------------------------   ------------------------
     000005DC  A$lcc95008$247                     action
     000005DD  A$lcc95008$248                     action
     000005DE  A$lcc95008$249                     action
     000005DF  A$lcc95008$250                     action
     000005E0  A$lcc95008$251                     action
     000005E1  A$lcc95008$252                     action
     000005E2  A$lcc95008$256                     action
     000005E2  C$action.c$24$1_0$144              action
     000005E5  A$lcc95008$257                     action
     000005E7  A$lcc95008$258                     action
     000005E8  A$lcc95008$259                     action
     000005E9  A$lcc95008$260                     action
     000005EA  A$lcc95008$261                     action
     000005EB  A$lcc95008$262                     action
     000005EC  A$lcc95008$263                     action
     000005ED  A$lcc95008$264                     action
     000005EE  A$lcc95008$265                     action
     000005EF  A$lcc95008$269                     action
     000005F1  A$lcc95008$274                     action
     000005F1  C$action.c$25$1_0$144              action
     000005F1  XG$move_left$0$0                   action
     000005F2  A$lcc95008$284                     action
     000005F2  C$action.c$27$1_0$146              action
     000005F2  G$move_right$0$0                   action
     000005F2  _move_right                        action
     000005F4  A$lcc95008$285                     action
     000005F6  A$lcc95008$286                     action
     000005F7  A$lcc95008$287                     action
     000005F8  A$lcc95008$291                     action
     000005F8  C$action.c$29$1_0$146              action
     000005F9  A$lcc95008$292                     action
     000005FA  A$lcc95008$293                     action
     000005FB  A$lcc95008$294                     action
     000005FC  A$lcc95008$295                     action
     000005FD  A$lcc95008$296                     action
     000005FF  A$lcc95008$297                     action
     00000600  A$lcc95008$298                     action
     00000603  A$lcc95008$299                     action
     00000604  A$lcc95008$300                     action
     00000605  A$lcc95008$301                     action
     00000606  A$lcc95008$302                     action
     00000607  A$lcc95008$303                     action
     0000060A  A$lcc95008$304                     action
     0000060B  A$lcc95008$305                     action
     0000060C  A$lcc95008$306                     action
     0000060D  A$lcc95008$307                     action
     0000060E  A$lcc95008$308                     action
     0000060F  A$lcc95008$309                     action
     00000610  A$lcc95008$310                     action
     00000611  A$lcc95008$311                     action
     00000612  A$lcc95008$312                     action
ASxxxx Linker V03.00/V05.40 + sdld,  page 9.
Hexadecimal  [32-Bits]

Area                                    Addr        Size        Decimal Bytes (Attributes)
--------------------------------        ----        ----        ------- ----- ------------
_CODE                               00000200    00000FC1 =        4033. bytes (REL,CON)

      Value  Global                              Global Defined In Module
      -----  --------------------------------   ------------------------
     00000614  A$lcc95008$313                     action
     00000615  A$lcc95008$314                     action
     00000616  A$lcc95008$315                     action
     00000617  A$lcc95008$316                     action
     00000618  A$lcc95008$317                     action
     00000619  A$lcc95008$318                     action
     0000061A  A$lcc95008$319                     action
     0000061B  A$lcc95008$320                     action
     0000061C  A$lcc95008$324                     action
     0000061C  C$action.c$30$1_0$146              action
     0000061F  A$lcc95008$325                     action
     00000621  A$lcc95008$326                     action
     00000622  A$lcc95008$327                     action
     00000623  A$lcc95008$328                     action
     00000624  A$lcc95008$329                     action
     00000625  A$lcc95008$330                     action
     00000626  A$lcc95008$331                     action
     00000627  A$lcc95008$332                     action
     00000628  A$lcc95008$333                     action
     00000629  A$lcc95008$337                     action
     0000062B  A$lcc95008$342                     action
     0000062B  C$action.c$31$1_0$146              action
     0000062B  XG$move_right$0$0                  action
     0000062C  A$lcc95008$352                     action
     0000062C  C$action.c$33$1_0$148              action
     0000062C  G$check_input$0$0                  action
     0000062C  _check_input                       action
     0000062E  A$lcc95008$356                     action
     0000062E  C$action.c$35$1_0$148              action
     00000631  A$lcc95008$360                     action
     00000631  C$action.c$40$2_0$148              action
     00000632  A$lcc95008$361                     action
     00000634  A$lcc95008$362                     action
     00000635  A$lcc95008$366                     action
     00000635  C$action.c$42$2_0$148              action
     00000636  A$lcc95008$367                     action
     00000638  A$lcc95008$368                     action
     0000063A  A$lcc95008$369                     action
     0000063B  A$lcc95008$373                     action
     0000063B  C$action.c$44$2_0$148              action
     0000063C  A$lcc95008$374                     action
     0000063E  A$lcc95008$375                     action
     00000640  A$lcc95008$379                     action
     00000640  C$action.c$46$2_0$148              action
     00000641  A$lcc95008$380                     action
     00000642  A$lcc95008$381                     action
     00000644  A$lcc95008$382                     action
     00000645  A$lcc95008$386                     action
     00000645  C$action.c$38$2_0$149              action
     00000648  A$lcc95008$387                     action
     00000649  A$lcc95008$391                     action
ASxxxx Linker V03.00/V05.40 + sdld,  page 10.
Hexadecimal  [32-Bits]

Area                                    Addr        Size        Decimal Bytes (Attributes)
--------------------------------        ----        ----        ------- ----- ------------
_CODE                               00000200    00000FC1 =        4033. bytes (REL,CON)

      Value  Global                              Global Defined In Module
      -----  --------------------------------   ------------------------
     00000649  C$action.c$40$4_0$151              action
     0000064A  A$lcc95008$392                     action
     0000064C  A$lcc95008$393                     action
     0000064D  A$lcc95008$394                     action
     0000064F  A$lcc95008$398                     action
     0000064F  C$action.c$41$4_0$151              action
     00000651  A$lcc95008$399                     action
     00000653  A$lcc95008$404                     action
     00000653  C$action.c$42$5_0$152              action
     00000655  A$lcc95008$405                     action
     00000656  A$lcc95008$406                     action
     00000657  A$lcc95008$407                     action
     00000659  A$lcc95008$411                     action
     00000659  C$action.c$43$5_0$152              action
     0000065C  A$lcc95008$412                     action
     0000065E  A$lcc95008$413                     action
     00000660  A$lcc95008$418                     action
     00000660  C$action.c$44$6_0$153              action
     00000662  A$lcc95008$419                     action
     00000663  A$lcc95008$420                     action
     00000664  A$lcc95008$421                     action
     00000666  A$lcc95008$425                     action
     00000666  C$action.c$45$6_0$153              action
     00000669  A$lcc95008$426                     action
     0000066B  A$lcc95008$427                     action
     0000066D  A$lcc95008$432                     action
     0000066D  C$action.c$46$7_0$154              action
     0000066F  A$lcc95008$433                     action
     00000670  A$lcc95008$434                     action
     00000671  A$lcc95008$435                     action
     00000673  A$lcc95008$439                     action
     00000673  C$action.c$47$7_0$154              action
     00000676  A$lcc95008$440                     action
     00000678  A$lcc95008$445                     action
     00000678  C$action.c$51$2_0$155              action
     0000067B  A$lcc95008$446                     action
     0000067C  A$lcc95008$447                     action
     0000067E  A$lcc95008$448                     action
     00000681  A$lcc95008$449                     action
     00000683  A$lcc95008$450                     action
     00000685  A$lcc95008$451                     action
     00000687  A$lcc95008$452                     action
     00000689  A$lcc95008$453                     action
     0000068B  A$lcc95008$454                     action
     0000068D  A$lcc95008$455                     action
     00000690  A$lcc95008$463                     action
     00000690  C$action.c$53$3_0$156              action
     00000690  C$action.c$54$3_0$156              action
     00000691  A$lcc95008$464                     action
     00000694  A$lcc95008$465                     action
     00000695  A$lcc95008$466                     action
ASxxxx Linker V03.00/V05.40 + sdld,  page 11.
Hexadecimal  [32-Bits]

Area                                    Addr        Size        Decimal Bytes (Attributes)
--------------------------------        ----        ----        ------- ----- ------------
_CODE                               00000200    00000FC1 =        4033. bytes (REL,CON)

      Value  Global                              Global Defined In Module
      -----  --------------------------------   ------------------------
     00000698  A$lcc95008$467                     action
     00000699  A$lcc95008$468                     action
     0000069C  A$lcc95008$469                     action
     0000069D  A$lcc95008$473                     action
     0000069D  C$action.c$55$3_0$156              action
     000006A0  A$lcc95008$474                     action
     000006A1  A$lcc95008$475                     action
     000006A4  A$lcc95008$476                     action
     000006A5  A$lcc95008$477                     action
     000006A6  A$lcc95008$478                     action
     000006A7  A$lcc95008$479                     action
     000006A8  A$lcc95008$480                     action
     000006A9  A$lcc95008$481                     action
     000006AA  A$lcc95008$482                     action
     000006AB  A$lcc95008$483                     action
     000006AC  A$lcc95008$484                     action
     000006AD  A$lcc95008$485                     action
     000006AE  A$lcc95008$486                     action
     000006AF  A$lcc95008$487                     action
     000006B0  A$lcc95008$488                     action
     000006B1  A$lcc95008$489                     action
     000006B2  A$lcc95008$490                     action
     000006B3  A$lcc95008$491                     action
     000006B6  A$lcc95008$492                     action
     000006B7  A$lcc95008$493                     action
     000006B8  A$lcc95008$494                     action
     000006B9  A$lcc95008$495                     action
     000006BA  A$lcc95008$496                     action
     000006BB  A$lcc95008$497                     action
     000006BC  A$lcc95008$498                     action
     000006BD  A$lcc95008$499                     action
     000006C0  A$lcc95008$500                     action
     000006C1  A$lcc95008$504                     action
     000006C1  C$action.c$56$3_0$156              action
     000006C3  A$lcc95008$512                     action
     000006C3  C$action.c$57$3_0$156              action
     000006C3  C$action.c$58$3_0$156              action
     000006C4  A$lcc95008$513                     action
     000006C7  A$lcc95008$514                     action
     000006C8  A$lcc95008$515                     action
     000006CB  A$lcc95008$516                     action
     000006CC  A$lcc95008$517                     action
     000006CF  A$lcc95008$518                     action
     000006D0  A$lcc95008$522                     action
     000006D0  C$action.c$59$3_0$156              action
     000006D3  A$lcc95008$523                     action
     000006D4  A$lcc95008$524                     action
     000006D7  A$lcc95008$525                     action
     000006D8  A$lcc95008$526                     action
     000006D9  A$lcc95008$527                     action
     000006DA  A$lcc95008$528                     action
ASxxxx Linker V03.00/V05.40 + sdld,  page 12.
Hexadecimal  [32-Bits]

Area                                    Addr        Size        Decimal Bytes (Attributes)
--------------------------------        ----        ----        ------- ----- ------------
_CODE                               00000200    00000FC1 =        4033. bytes (REL,CON)

      Value  Global                              Global Defined In Module
      -----  --------------------------------   ------------------------
     000006DB  A$lcc95008$529                     action
     000006DC  A$lcc95008$530                     action
     000006DD  A$lcc95008$531                     action
     000006DE  A$lcc95008$532                     action
     000006DF  A$lcc95008$533                     action
     000006E0  A$lcc95008$534                     action
     000006E1  A$lcc95008$535                     action
     000006E2  A$lcc95008$536                     action
     000006E3  A$lcc95008$537                     action
     000006E4  A$lcc95008$538                     action
     000006E5  A$lcc95008$539                     action
     000006E6  A$lcc95008$540                     action
     000006E9  A$lcc95008$541                     action
     000006EA  A$lcc95008$542                     action
     000006EB  A$lcc95008$543                     action
     000006EC  A$lcc95008$544                     action
     000006ED  A$lcc95008$545                     action
     000006EE  A$lcc95008$546                     action
     000006EF  A$lcc95008$547                     action
     000006F0  A$lcc95008$548                     action
     000006F3  A$lcc95008$549                     action
     000006F4  A$lcc95008$553                     action
     000006F4  C$action.c$60$3_0$156              action
     000006F6  A$lcc95008$561                     action
     000006F6  C$action.c$61$3_0$156              action
     000006F6  C$action.c$62$3_0$156              action
     000006F7  A$lcc95008$562                     action
     000006FA  A$lcc95008$563                     action
     000006FB  A$lcc95008$564                     action
     000006FE  A$lcc95008$565                     action
     000006FF  A$lcc95008$566                     action
     00000702  A$lcc95008$567                     action
     00000703  A$lcc95008$571                     action
     00000703  C$action.c$63$3_0$156              action
     00000705  A$lcc95008$579                     action
     00000705  C$action.c$64$3_0$156              action
     00000705  C$action.c$65$3_0$156              action
     00000706  A$lcc95008$580                     action
     00000709  A$lcc95008$581                     action
     0000070A  A$lcc95008$582                     action
     0000070D  A$lcc95008$583                     action
     0000070E  A$lcc95008$584                     action
     00000711  A$lcc95008$585                     action
     00000712  A$lcc95008$593                     action
     00000712  C$action.c$69$2_0$155              action
     00000712  C$action.c$72$2_0$157              action
     00000715  A$lcc95008$594                     action
     00000716  A$lcc95008$595                     action
     00000718  A$lcc95008$596                     action
     00000719  A$lcc95008$600                     action
     00000719  C$action.c$73$3_0$158              action
ASxxxx Linker V03.00/V05.40 + sdld,  page 13.
Hexadecimal  [32-Bits]

Area                                    Addr        Size        Decimal Bytes (Attributes)
--------------------------------        ----        ----        ------- ----- ------------
_CODE                               00000200    00000FC1 =        4033. bytes (REL,CON)

      Value  Global                              Global Defined In Module
      -----  --------------------------------   ------------------------
     0000071A  A$lcc95008$601                     action
     0000071C  A$lcc95008$602                     action
     0000071F  A$lcc95008$606                     action
     0000071F  C$action.c$74$3_0$158              action
     00000722  A$lcc95008$607                     action
     00000724  A$lcc95008$608                     action
     00000725  A$lcc95008$609                     action
     00000728  A$lcc95008$610                     action
     00000729  A$lcc95008$611                     action
     0000072A  A$lcc95008$612                     action
     0000072B  A$lcc95008$613                     action
     0000072C  A$lcc95008$614                     action
     0000072D  A$lcc95008$615                     action
     0000072E  A$lcc95008$616                     action
     0000072F  A$lcc95008$617                     action
     00000730  A$lcc95008$618                     action
     00000731  A$lcc95008$619                     action
     00000732  A$lcc95008$620                     action
     00000733  A$lcc95008$621                     action
     00000734  A$lcc95008$622                     action
     00000737  A$lcc95008$623                     action
     00000738  A$lcc95008$624                     action
     00000739  A$lcc95008$625                     action
     0000073A  A$lcc95008$626                     action
     0000073C  A$lcc95008$627                     action
     0000073D  A$lcc95008$628                     action
     00000740  A$lcc95008$633                     action
     00000740  C$action.c$77$2_0$159              action
     00000743  A$lcc95008$634                     action
     00000745  A$lcc95008$635                     action
     00000747  A$lcc95008$636                     action
     00000749  A$lcc95008$637                     action
     0000074A  A$lcc95008$641                     action
     0000074A  C$action.c$79$3_0$160              action
     0000074B  A$lcc95008$642                     action
     0000074D  A$lcc95008$643                     action
     00000750  A$lcc95008$647                     action
     00000750  C$action.c$80$3_0$160              action
     00000753  A$lcc95008$648                     action
     00000755  A$lcc95008$649                     action
     00000756  A$lcc95008$650                     action
     00000759  A$lcc95008$651                     action
     0000075A  A$lcc95008$652                     action
     0000075B  A$lcc95008$653                     action
     0000075C  A$lcc95008$654                     action
     0000075D  A$lcc95008$655                     action
     0000075E  A$lcc95008$656                     action
     0000075F  A$lcc95008$657                     action
     00000760  A$lcc95008$658                     action
     00000761  A$lcc95008$659                     action
     00000762  A$lcc95008$660                     action
ASxxxx Linker V03.00/V05.40 + sdld,  page 14.
Hexadecimal  [32-Bits]

Area                                    Addr        Size        Decimal Bytes (Attributes)
--------------------------------        ----        ----        ------- ----- ------------
_CODE                               00000200    00000FC1 =        4033. bytes (REL,CON)

      Value  Global                              Global Defined In Module
      -----  --------------------------------   ------------------------
     00000763  A$lcc95008$661                     action
     00000764  A$lcc95008$662                     action
     00000765  A$lcc95008$663                     action
     00000766  A$lcc95008$664                     action
     00000767  A$lcc95008$665                     action
     00000768  A$lcc95008$666                     action
     00000769  A$lcc95008$667                     action
     0000076A  A$lcc95008$668                     action
     0000076D  A$lcc95008$669                     action
     0000076E  A$lcc95008$670                     action
     0000076F  A$lcc95008$671                     action
     00000770  A$lcc95008$672                     action
     00000772  A$lcc95008$673                     action
     00000773  A$lcc95008$674                     action
     00000774  A$lcc95008$675                     action
     00000775  A$lcc95008$676                     action
     00000777  A$lcc95008$677                     action
     00000778  A$lcc95008$678                     action
     00000779  A$lcc95008$679                     action
     0000077A  A$lcc95008$680                     action
     0000077B  A$lcc95008$681                     action
     0000077C  A$lcc95008$682                     action
     0000077D  A$lcc95008$683                     action
     00000780  A$lcc95008$688                     action
     00000780  C$action.c$83$2_0$161              action
     00000783  A$lcc95008$689                     action
     00000785  A$lcc95008$690                     action
     00000787  A$lcc95008$691                     action
     00000789  A$lcc95008$692                     action
     0000078A  A$lcc95008$696                     action
     0000078A  C$action.c$84$2_0$161              action
     0000078B  A$lcc95008$697                     action
     0000078D  A$lcc95008$698                     action
     00000790  A$lcc95008$703                     action
     00000790  C$action.c$85$2_0$162              action
     00000793  A$lcc95008$704                     action
     00000795  A$lcc95008$705                     action
     00000797  A$lcc95008$706                     action
     00000799  A$lcc95008$707                     action
     0000079A  A$lcc95008$711                     action
     0000079A  C$action.c$86$2_0$162              action
     0000079B  A$lcc95008$712                     action
     0000079D  A$lcc95008$713                     action
     000007A0  A$lcc95008$718                     action
     000007A2  A$lcc95008$723                     action
     000007A2  C$action.c$87$2_0$148              action
     000007A2  XG$check_input$0$0                 action
     000007A3  A$lcc95009$59                      animation
     000007A3  C$animation.c$7$0_0$134            animation
     000007A3  G$init_animation$0$0               animation
     000007A3  _init_animation                    animation
ASxxxx Linker V03.00/V05.40 + sdld,  page 15.
Hexadecimal  [32-Bits]

Area                                    Addr        Size        Decimal Bytes (Attributes)
--------------------------------        ----        ----        ------- ----- ------------
_CODE                               00000200    00000FC1 =        4033. bytes (REL,CON)

      Value  Global                              Global Defined In Module
      -----  --------------------------------   ------------------------
     000007A5  A$lcc95009$60                      animation
     000007A7  A$lcc95009$61                      animation
     000007A8  A$lcc95009$62                      animation
     000007A9  A$lcc95009$63                      animation
     000007AA  A$lcc95009$64                      animation
     000007AB  A$lcc95009$65                      animation
     000007AC  A$lcc95009$66                      animation
     000007AD  A$lcc95009$70                      animation
     000007AD  C$animation.c$12$1_0$134           animation
     000007AF  A$lcc95009$71                      animation
     000007B0  A$lcc95009$72                      animation
     000007B1  A$lcc95009$73                      animation
     000007B2  A$lcc95009$74                      animation
     000007B3  A$lcc95009$75                      animation
     000007B4  A$lcc95009$76                      animation
     000007B5  A$lcc95009$77                      animation
     000007B7  A$lcc95009$78                      animation
     000007B8  A$lcc95009$79                      animation
     000007B9  A$lcc95009$80                      animation
     000007BA  A$lcc95009$81                      animation
     000007BB  A$lcc95009$82                      animation
     000007BC  A$lcc95009$86                      animation
     000007BC  C$animation.c$14$1_0$134           animation
     000007BD  A$lcc95009$87                      animation
     000007BE  A$lcc95009$88                      animation
     000007BF  A$lcc95009$89                      animation
     000007C1  A$lcc95009$90                      animation
     000007C2  A$lcc95009$91                      animation
     000007C3  A$lcc95009$95                      animation
     000007C3  C$animation.c$15$1_0$134           animation
     000007C4  A$lcc95009$96                      animation
     000007C5  A$lcc95009$97                      animation
     000007C6  A$lcc95009$98                      animation
     000007C7  A$lcc95009$99                      animation
     000007C8  A$lcc95009$100                     animation
     000007C9  A$lcc95009$101                     animation
     000007CB  A$lcc95009$102                     animation
     000007CC  A$lcc95009$103                     animation
     000007CD  A$lcc95009$104                     animation
     000007CE  A$lcc95009$108                     animation
     000007CE  C$animation.c$16$1_0$134           animation
     000007D1  A$lcc95009$109                     animation
     000007D2  A$lcc95009$110                     animation
     000007D4  A$lcc95009$114                     animation
     000007D4  C$animation.c$17$1_0$134           animation
     000007D5  A$lcc95009$115                     animation
     000007D6  A$lcc95009$116                     animation
     000007D7  A$lcc95009$117                     animation
     000007D8  A$lcc95009$118                     animation
     000007DA  A$lcc95009$122                     animation
     000007DA  C$animation.c$18$1_0$134           animation
ASxxxx Linker V03.00/V05.40 + sdld,  page 16.
Hexadecimal  [32-Bits]

Area                                    Addr        Size        Decimal Bytes (Attributes)
--------------------------------        ----        ----        ------- ----- ------------
_CODE                               00000200    00000FC1 =        4033. bytes (REL,CON)

      Value  Global                              Global Defined In Module
      -----  --------------------------------   ------------------------
     000007DD  A$lcc95009$123                     animation
     000007DE  A$lcc95009$124                     animation
     000007DF  A$lcc95009$125                     animation
     000007E1  A$lcc95009$126                     animation
     000007E2  A$lcc95009$127                     animation
     000007E3  A$lcc95009$128                     animation
     000007E4  A$lcc95009$132                     animation
     000007E4  C$animation.c$21$1_0$134           animation
     000007E5  A$lcc95009$133                     animation
     000007E6  A$lcc95009$134                     animation
     000007E7  A$lcc95009$135                     animation
     000007E8  A$lcc95009$136                     animation
     000007E9  A$lcc95009$137                     animation
     000007EB  A$lcc95009$138                     animation
     000007EC  A$lcc95009$139                     animation
     000007EE  A$lcc95009$140                     animation
     000007EF  A$lcc95009$141                     animation
     000007F0  A$lcc95009$142                     animation
     000007F3  A$lcc95009$143                     animation
     000007F4  A$lcc95009$144                     animation
     000007F5  A$lcc95009$145                     animation
     000007F6  A$lcc95009$146                     animation
     000007F7  A$lcc95009$147                     animation
     000007F8  A$lcc95009$148                     animation
     000007F9  A$lcc95009$149                     animation
     000007FA  A$lcc95009$150                     animation
     000007FB  A$lcc95009$151                     animation
     000007FD  A$lcc95009$152                     animation
     000007FE  A$lcc95009$153                     animation
     00000800  A$lcc95009$154                     animation
     00000801  A$lcc95009$155                     animation
     00000803  A$lcc95009$156                     animation
     00000804  A$lcc95009$157                     animation
     00000806  A$lcc95009$158                     animation
     00000807  A$lcc95009$159                     animation
     00000808  A$lcc95009$160                     animation
     0000080B  A$lcc95009$161                     animation
     0000080C  A$lcc95009$162                     animation
     0000080D  A$lcc95009$163                     animation
     0000080E  A$lcc95009$167                     animation
     0000080E  C$animation.c$24$2_0$134           animation
     00000810  A$lcc95009$169                     animation
     00000811  A$lcc95009$170                     animation
     00000812  A$lcc95009$171                     animation
     00000813  A$lcc95009$172                     animation
     00000814  A$lcc95009$173                     animation
     00000816  A$lcc95009$174                     animation
     00000817  A$lcc95009$175                     animation
     00000819  A$lcc95009$180                     animation
     00000819  C$animation.c$32$2_0$137           animation
     0000081A  A$lcc95009$181                     animation
ASxxxx Linker V03.00/V05.40 + sdld,  page 17.
Hexadecimal  [32-Bits]

Area                                    Addr        Size        Decimal Bytes (Attributes)
--------------------------------        ----        ----        ------- ----- ------------
_CODE                               00000200    00000FC1 =        4033. bytes (REL,CON)

      Value  Global                              Global Defined In Module
      -----  --------------------------------   ------------------------
     0000081B  A$lcc95009$182                     animation
     0000081E  A$lcc95009$183                     animation
     0000081F  A$lcc95009$184                     animation
     00000820  A$lcc95009$185                     animation
     00000821  A$lcc95009$186                     animation
     00000822  A$lcc95009$187                     animation
     00000823  A$lcc95009$188                     animation
     00000825  A$lcc95009$192                     animation
     00000825  C$animation.c$33$2_0$137           animation
     00000827  A$lcc95009$193                     animation
     00000828  A$lcc95009$194                     animation
     00000829  A$lcc95009$199                     animation
     00000829  C$animation.c$34$2_0$134           animation
     0000082B  A$lcc95009$200                     animation
     0000082C  A$lcc95009$201                     animation
     0000082E  A$lcc95009$202                     animation
     0000082F  A$lcc95009$212                     animation
     0000082F  C$animation.c$36$2_0$139           animation
     0000082F  G$update_animation$0$0             animation
     0000082F  _update_animation                  animation
     00000830  A$lcc95009$213                     animation
     00000831  A$lcc95009$214                     animation
     00000832  A$lcc95009$215                     animation
     00000833  A$lcc95009$219                     animation
     00000833  C$animation.c$38$1_0$139           animation
     00000836  A$lcc95009$220                     animation
     00000837  A$lcc95009$221                     animation
     00000838  A$lcc95009$222                     animation
     00000839  A$lcc95009$223                     animation
     0000083A  A$lcc95009$224                     animation
     0000083B  A$lcc95009$225                     animation
     0000083C  A$lcc95009$226                     animation
     0000083D  A$lcc95009$227                     animation
     0000083E  A$lcc95009$228                     animation
     00000840  A$lcc95009$229                     animation
     00000841  A$lcc95009$230                     animation
     00000842  A$lcc95009$234                     animation
     00000842  C$animation.c$40$1_0$139           animation
     00000845  A$lcc95009$235                     animation
     00000846  A$lcc95009$236                     animation
     00000847  A$lcc95009$237                     animation
     00000848  A$lcc95009$238                     animation
     00000849  A$lcc95009$239                     animation
     0000084A  A$lcc95009$240                     animation
     0000084C  A$lcc95009$241                     animation
     0000084D  A$lcc95009$242                     animation
     0000084E  A$lcc95009$246                     animation
     0000084E  C$animation.c$41$2_0$140           animation
     0000084F  A$lcc95009$247                     animation
     00000850  A$lcc95009$248                     animation
     00000851  A$lcc95009$249                     animation
ASxxxx Linker V03.00/V05.40 + sdld,  page 18.
Hexadecimal  [32-Bits]

Area                                    Addr        Size        Decimal Bytes (Attributes)
--------------------------------        ----        ----        ------- ----- ------------
_CODE                               00000200    00000FC1 =        4033. bytes (REL,CON)

      Value  Global                              Global Defined In Module
      -----  --------------------------------   ------------------------
     00000852  A$lcc95009$250                     animation
     00000853  A$lcc95009$251                     animation
     00000854  A$lcc95009$252                     animation
     00000856  A$lcc95009$253                     animation
     00000857  A$lcc95009$254                     animation
     00000859  A$lcc95009$255                     animation
     0000085A  A$lcc95009$256                     animation
     0000085B  A$lcc95009$257                     animation
     0000085D  A$lcc95009$261                     animation
     0000085D  C$animation.c$43$3_0$141           animation
     0000085E  A$lcc95009$262                     animation
     0000085F  A$lcc95009$266                     animation
     0000085F  C$animation.c$44$3_0$141           animation
     00000860  A$lcc95009$267                     animation
     00000861  A$lcc95009$268                     animation
     00000862  A$lcc95009$269                     animation
     00000863  A$lcc95009$270                     animation
     00000864  A$lcc95009$271                     animation
     00000865  A$lcc95009$275                     animation
     00000865  C$animation.c$45$4_0$142           animation
     00000866  A$lcc95009$276                     animation
     00000867  A$lcc95009$277                     animation
     00000868  A$lcc95009$278                     animation
     00000869  A$lcc95009$279                     animation
     0000086A  A$lcc95009$280                     animation
     0000086C  A$lcc95009$284                     animation
     0000086C  C$animation.c$46$4_0$142           animation
     0000086E  A$lcc95009$289                     animation
     0000086F  A$lcc95009$290                     animation
     00000870  A$lcc95009$295                     animation
     00000870  C$animation.c$48$2_0$139           animation
     00000870  XG$update_animation$0$0            animation
     00000871  A$lcc95009$305                     animation
     00000871  C$animation.c$50$2_0$144           animation
     00000871  G$set_animation$0$0                animation
     00000871  _set_animation                     animation
     00000872  A$lcc95009$306                     animation
     00000873  A$lcc95009$307                     animation
     00000874  A$lcc95009$311                     animation
     00000874  C$animation.c$52$2_0$145           animation
     00000875  A$lcc95009$312                     animation
     00000877  A$lcc95009$313                     animation
     00000878  A$lcc95009$314                     animation
     00000879  A$lcc95009$315                     animation
     0000087B  A$lcc95009$316                     animation
     0000087C  A$lcc95009$317                     animation
     0000087D  A$lcc95009$318                     animation
     0000087E  A$lcc95009$319                     animation
     0000087F  A$lcc95009$326                     animation
     0000087F  C$animation.c$53$2_0$145           animation
     0000087F  C$animation.c$55$1_0$144           animation
ASxxxx Linker V03.00/V05.40 + sdld,  page 19.
Hexadecimal  [32-Bits]

Area                                    Addr        Size        Decimal Bytes (Attributes)
--------------------------------        ----        ----        ------- ----- ------------
_CODE                               00000200    00000FC1 =        4033. bytes (REL,CON)

      Value  Global                              Global Defined In Module
      -----  --------------------------------   ------------------------
     00000880  A$lcc95009$327                     animation
     00000881  A$lcc95009$331                     animation
     00000881  C$animation.c$56$1_1$146           animation
     00000882  A$lcc95009$332                     animation
     00000883  A$lcc95009$333                     animation
     00000884  A$lcc95009$334                     animation
     00000885  A$lcc95009$335                     animation
     00000887  A$lcc95009$336                     animation
     00000888  A$lcc95009$340                     animation
     00000888  C$animation.c$57$1_1$146           animation
     00000889  A$lcc95009$341                     animation
     0000088A  A$lcc95009$342                     animation
     0000088B  A$lcc95009$343                     animation
     0000088C  A$lcc95009$344                     animation
     0000088D  A$lcc95009$345                     animation
     0000088E  A$lcc95009$349                     animation
     0000088E  C$animation.c$58$1_1$146           animation
     00000891  A$lcc95009$350                     animation
     00000892  A$lcc95009$351                     animation
     00000894  A$lcc95009$359                     animation
     00000894  C$animation.c$59$1_1$144           animation
     00000894  XG$set_animation$0$0               animation
     00000895  A$lcc950010$52                     draw
     00000895  C$draw.c$6$0_0$135                 draw
     00000895  G$draw_actor$0$0                   draw
     00000895  _draw_actor                        draw
     00000897  A$lcc950010$53                     draw
     00000899  A$lcc950010$54                     draw
     0000089A  A$lcc950010$55                     draw
     0000089B  A$lcc950010$56                     draw
     0000089C  A$lcc950010$60                     draw
     0000089C  C$draw.c$8$1_0$135                 draw
     0000089F  A$lcc950010$61                     draw
     000008A0  A$lcc950010$62                     draw
     000008A1  A$lcc950010$63                     draw
     000008A2  A$lcc950010$64                     draw
     000008A3  A$lcc950010$65                     draw
     000008A4  A$lcc950010$66                     draw
     000008A5  A$lcc950010$67                     draw
     000008A6  A$lcc950010$68                     draw
     000008A8  A$lcc950010$69                     draw
     000008A9  A$lcc950010$73                     draw
     000008A9  C$draw.c$9$1_0$135                 draw
     000008AB  A$lcc950010$74                     draw
     000008AC  A$lcc950010$75                     draw
     000008AD  A$lcc950010$76                     draw
     000008AE  A$lcc950010$77                     draw
     000008B1  A$lcc950010$78                     draw
     000008B2  A$lcc950010$79                     draw
     000008B3  A$lcc950010$80                     draw
     000008B4  A$lcc950010$81                     draw
ASxxxx Linker V03.00/V05.40 + sdld,  page 20.
Hexadecimal  [32-Bits]

Area                                    Addr        Size        Decimal Bytes (Attributes)
--------------------------------        ----        ----        ------- ----- ------------
_CODE                               00000200    00000FC1 =        4033. bytes (REL,CON)

      Value  Global                              Global Defined In Module
      -----  --------------------------------   ------------------------
     000008B6  A$lcc950010$82                     draw
     000008B7  A$lcc950010$83                     draw
     000008B8  A$lcc950010$84                     draw
     000008B9  A$lcc950010$85                     draw
     000008BB  A$lcc950010$86                     draw
     000008BC  A$lcc950010$87                     draw
     000008BD  A$lcc950010$88                     draw
     000008BE  A$lcc950010$89                     draw
     000008BF  A$lcc950010$90                     draw
     000008C0  A$lcc950010$91                     draw
     000008C2  A$lcc950010$92                     draw
     000008C3  A$lcc950010$96                     draw
     000008C3  C$draw.c$11$1_0$135                draw
     000008C5  A$lcc950010$97                     draw
     000008C6  A$lcc950010$98                     draw
     000008C7  A$lcc950010$99                     draw
     000008C8  A$lcc950010$100                    draw
     000008C9  A$lcc950010$101                    draw
     000008CA  A$lcc950010$102                    draw
     000008CB  A$lcc950010$103                    draw
     000008CC  A$lcc950010$104                    draw
     000008CD  A$lcc950010$105                    draw
     000008CE  A$lcc950010$106                    draw
     000008CF  A$lcc950010$107                    draw
     000008D0  A$lcc950010$108                    draw
     000008D1  A$lcc950010$109                    draw
     000008D4  A$lcc950010$110                    draw
     000008D5  A$lcc950010$111                    draw
     000008D6  A$lcc950010$112                    draw
     000008D7  A$lcc950010$113                    draw
     000008D9  A$lcc950010$114                    draw
     000008DA  A$lcc950010$115                    draw
     000008DB  A$lcc950010$116                    draw
     000008DC  A$lcc950010$117                    draw
     000008DE  A$lcc950010$118                    draw
     000008DF  A$lcc950010$119                    draw
     000008E0  A$lcc950010$120                    draw
     000008E1  A$lcc950010$121                    draw
     000008E2  A$lcc950010$122                    draw
     000008E4  A$lcc950010$123                    draw
     000008E5  A$lcc950010$124                    draw
     000008E6  A$lcc950010$128                    draw
     000008E6  C$draw.c$12$1_0$135                draw
     000008E7  A$lcc950010$129                    draw
     000008E8  A$lcc950010$130                    draw
     000008E9  A$lcc950010$131                    draw
     000008EA  A$lcc950010$132                    draw
     000008ED  A$lcc950010$133                    draw
     000008EE  A$lcc950010$134                    draw
     000008EF  A$lcc950010$135                    draw
     000008F0  A$lcc950010$136                    draw
ASxxxx Linker V03.00/V05.40 + sdld,  page 21.
Hexadecimal  [32-Bits]

Area                                    Addr        Size        Decimal Bytes (Attributes)
--------------------------------        ----        ----        ------- ----- ------------
_CODE                               00000200    00000FC1 =        4033. bytes (REL,CON)

      Value  Global                              Global Defined In Module
      -----  --------------------------------   ------------------------
     000008F2  A$lcc950010$137                    draw
     000008F3  A$lcc950010$138                    draw
     000008F4  A$lcc950010$139                    draw
     000008F5  A$lcc950010$140                    draw
     000008F7  A$lcc950010$141                    draw
     000008F8  A$lcc950010$142                    draw
     000008F9  A$lcc950010$143                    draw
     000008FA  A$lcc950010$144                    draw
     000008FB  A$lcc950010$145                    draw
     000008FC  A$lcc950010$146                    draw
     000008FD  A$lcc950010$147                    draw
     000008FE  A$lcc950010$148                    draw
     000008FF  A$lcc950010$149                    draw
     00000900  A$lcc950010$150                    draw
     00000901  A$lcc950010$151                    draw
     00000903  A$lcc950010$152                    draw
     00000905  A$lcc950010$153                    draw
     00000906  A$lcc950010$154                    draw
     00000907  A$lcc950010$155                    draw
     00000908  A$lcc950010$156                    draw
     00000909  A$lcc950010$157                    draw
     0000090A  A$lcc950010$158                    draw
     0000090B  A$lcc950010$162                    draw
     0000090B  C$draw.c$14$1_0$135                draw
     0000090E  A$lcc950010$163                    draw
     0000090F  A$lcc950010$164                    draw
     00000910  A$lcc950010$165                    draw
     00000912  A$lcc950010$169                    draw
     00000912  C$draw.c$15$1_0$135                draw
     00000913  A$lcc950010$170                    draw
     00000914  A$lcc950010$171                    draw
     00000915  A$lcc950010$172                    draw
     00000916  A$lcc950010$173                    draw
     00000917  A$lcc950010$174                    draw
     00000918  A$lcc950010$175                    draw
     00000919  A$lcc950010$176                    draw
     0000091C  A$lcc950010$177                    draw
     0000091E  A$lcc950010$178                    draw
     0000091F  A$lcc950010$179                    draw
     00000920  A$lcc950010$180                    draw
     00000921  A$lcc950010$181                    draw
     00000922  A$lcc950010$182                    draw
     00000923  A$lcc950010$183                    draw
     00000924  A$lcc950010$184                    draw
     00000925  A$lcc950010$188                    draw
     00000925  C$draw.c$17$1_0$135                draw
     00000927  A$lcc950010$189                    draw
     00000928  A$lcc950010$190                    draw
     00000929  A$lcc950010$191                    draw
     0000092B  A$lcc950010$192                    draw
     0000092C  A$lcc950010$193                    draw
ASxxxx Linker V03.00/V05.40 + sdld,  page 22.
Hexadecimal  [32-Bits]

Area                                    Addr        Size        Decimal Bytes (Attributes)
--------------------------------        ----        ----        ------- ----- ------------
_CODE                               00000200    00000FC1 =        4033. bytes (REL,CON)

      Value  Global                              Global Defined In Module
      -----  --------------------------------   ------------------------
     0000092E  A$lcc950010$194                    draw
     0000092F  A$lcc950010$195                    draw
     00000931  A$lcc950010$199                    draw
     00000931  C$draw.c$20$2_0$135                draw
     00000933  A$lcc950010$201                    draw
     00000934  A$lcc950010$202                    draw
     00000936  A$lcc950010$203                    draw
     00000937  A$lcc950010$204                    draw
     00000939  A$lcc950010$206                    draw
     0000093A  A$lcc950010$207                    draw
     0000093B  A$lcc950010$208                    draw
     0000093C  A$lcc950010$209                    draw
     0000093D  A$lcc950010$210                    draw
     0000093E  A$lcc950010$211                    draw
     00000940  A$lcc950010$212                    draw
     00000943  A$lcc950010$213                    draw
     00000944  A$lcc950010$214                    draw
     00000945  A$lcc950010$215                    draw
     00000946  A$lcc950010$216                    draw
     00000947  A$lcc950010$218                    draw
     00000948  A$lcc950010$219                    draw
     00000949  A$lcc950010$220                    draw
     0000094A  A$lcc950010$221                    draw
     0000094B  A$lcc950010$222                    draw
     0000094C  A$lcc950010$223                    draw
     0000094D  A$lcc950010$224                    draw
     00000950  A$lcc950010$225                    draw
     00000951  A$lcc950010$226                    draw
     00000952  A$lcc950010$227                    draw
     00000953  A$lcc950010$228                    draw
     00000954  A$lcc950010$229                    draw
     00000955  A$lcc950010$233                    draw
     00000955  C$draw.c$20$2_0$136                draw
     00000956  A$lcc950010$234                    draw
     00000958  A$lcc950010$239                    draw
     00000958  C$draw.c$24$2_0$137                draw
     0000095A  A$lcc950010$240                    draw
     0000095B  A$lcc950010$241                    draw
     0000095C  A$lcc950010$242                    draw
     0000095E  A$lcc950010$244                    draw
     00000960  A$lcc950010$245                    draw
     00000961  A$lcc950010$247                    draw
     00000963  A$lcc950010$248                    draw
     00000964  A$lcc950010$249                    draw
     00000965  A$lcc950010$250                    draw
     00000966  A$lcc950010$251                    draw
     00000967  A$lcc950010$252                    draw
     00000968  A$lcc950010$253                    draw
     00000969  A$lcc950010$254                    draw
     0000096A  A$lcc950010$255                    draw
     0000096C  A$lcc950010$256                    draw
ASxxxx Linker V03.00/V05.40 + sdld,  page 23.
Hexadecimal  [32-Bits]

Area                                    Addr        Size        Decimal Bytes (Attributes)
--------------------------------        ----        ----        ------- ----- ------------
_CODE                               00000200    00000FC1 =        4033. bytes (REL,CON)

      Value  Global                              Global Defined In Module
      -----  --------------------------------   ------------------------
     0000096E  A$lcc950010$258                    draw
     00000970  A$lcc950010$259                    draw
     00000972  A$lcc950010$260                    draw
     00000973  A$lcc950010$261                    draw
     00000975  A$lcc950010$262                    draw
     00000976  A$lcc950010$263                    draw
     00000978  A$lcc950010$264                    draw
     00000979  A$lcc950010$265                    draw
     0000097A  A$lcc950010$266                    draw
     0000097B  A$lcc950010$267                    draw
     0000097C  A$lcc950010$268                    draw
     0000097F  A$lcc950010$269                    draw
     00000980  A$lcc950010$270                    draw
     00000981  A$lcc950010$271                    draw
     00000982  A$lcc950010$272                    draw
     00000984  A$lcc950010$273                    draw
     00000985  A$lcc950010$274                    draw
     00000986  A$lcc950010$275                    draw
     00000987  A$lcc950010$276                    draw
     00000989  A$lcc950010$278                    draw
     0000098A  A$lcc950010$279                    draw
     0000098B  A$lcc950010$280                    draw
     0000098C  A$lcc950010$281                    draw
     0000098D  A$lcc950010$282                    draw
     0000098F  A$lcc950010$283                    draw
     00000990  A$lcc950010$284                    draw
     00000991  A$lcc950010$285                    draw
     00000993  A$lcc950010$286                    draw
     00000994  A$lcc950010$287                    draw
     00000995  A$lcc950010$288                    draw
     00000996  A$lcc950010$289                    draw
     00000997  A$lcc950010$290                    draw
     00000999  A$lcc950010$291                    draw
     0000099A  A$lcc950010$292                    draw
     0000099B  A$lcc950010$296                    draw
     0000099B  C$draw.c$26$2_0$137                draw
     0000099E  A$lcc950010$301                    draw
     0000099E  C$draw.c$28$3_0$139                draw
     000009A0  A$lcc950010$302                    draw
     000009A1  A$lcc950010$303                    draw
     000009A3  A$lcc950010$304                    draw
     000009A6  A$lcc950010$308                    draw
     000009A9  A$lcc950010$309                    draw
     000009AB  A$lcc950010$310                    draw
     000009AC  A$lcc950010$311                    draw
     000009AD  A$lcc950010$312                    draw
     000009AE  A$lcc950010$313                    draw
     000009AF  A$lcc950010$314                    draw
     000009B0  A$lcc950010$315                    draw
     000009B1  A$lcc950010$316                    draw
     000009B2  A$lcc950010$317                    draw
ASxxxx Linker V03.00/V05.40 + sdld,  page 24.
Hexadecimal  [32-Bits]

Area                                    Addr        Size        Decimal Bytes (Attributes)
--------------------------------        ----        ----        ------- ----- ------------
_CODE                               00000200    00000FC1 =        4033. bytes (REL,CON)

      Value  Global                              Global Defined In Module
      -----  --------------------------------   ------------------------
     000009B3  A$lcc950010$321                    draw
     000009B3  C$draw.c$26$2_0$135                draw
     000009B5  A$lcc950010$322                    draw
     000009B6  A$lcc950010$323                    draw
     000009B8  A$lcc950010$324                    draw
     000009B9  A$lcc950010$328                    draw
     000009B9  C$draw.c$30$5_0$141                draw
     000009BB  A$lcc950010$329                    draw
     000009BE  A$lcc950010$332                    draw
     000009BF  A$lcc950010$333                    draw
     000009C0  A$lcc950010$334                    draw
     000009C1  A$lcc950010$335                    draw
     000009C2  A$lcc950010$336                    draw
     000009C3  A$lcc950010$337                    draw
     000009C4  A$lcc950010$338                    draw
     000009C5  A$lcc950010$339                    draw
     000009C7  A$lcc950010$340                    draw
     000009C9  A$lcc950010$342                    draw
     000009CB  A$lcc950010$343                    draw
     000009CD  A$lcc950010$344                    draw
     000009CE  A$lcc950010$345                    draw
     000009D0  A$lcc950010$346                    draw
     000009D1  A$lcc950010$347                    draw
     000009D3  A$lcc950010$348                    draw
     000009D4  A$lcc950010$349                    draw
     000009D5  A$lcc950010$350                    draw
     000009D6  A$lcc950010$351                    draw
     000009D7  A$lcc950010$352                    draw
     000009DA  A$lcc950010$353                    draw
     000009DB  A$lcc950010$354                    draw
     000009DC  A$lcc950010$355                    draw
     000009DD  A$lcc950010$356                    draw
     000009DF  A$lcc950010$357                    draw
     000009E0  A$lcc950010$358                    draw
     000009E1  A$lcc950010$359                    draw
     000009E2  A$lcc950010$360                    draw
     000009E4  A$lcc950010$361                    draw
     000009E5  A$lcc950010$362                    draw
     000009E6  A$lcc950010$363                    draw
     000009E7  A$lcc950010$364                    draw
     000009E8  A$lcc950010$365                    draw
     000009EA  A$lcc950010$366                    draw
     000009EB  A$lcc950010$367                    draw
     000009EC  A$lcc950010$369                    draw
     000009ED  A$lcc950010$370                    draw
     000009EE  A$lcc950010$371                    draw
     000009EF  A$lcc950010$372                    draw
     000009F0  A$lcc950010$373                    draw
     000009F2  A$lcc950010$374                    draw
     000009F3  A$lcc950010$375                    draw
     000009F4  A$lcc950010$376                    draw
ASxxxx Linker V03.00/V05.40 + sdld,  page 25.
Hexadecimal  [32-Bits]

Area                                    Addr        Size        Decimal Bytes (Attributes)
--------------------------------        ----        ----        ------- ----- ------------
_CODE                               00000200    00000FC1 =        4033. bytes (REL,CON)

      Value  Global                              Global Defined In Module
      -----  --------------------------------   ------------------------
     000009F6  A$lcc950010$377                    draw
     000009F7  A$lcc950010$378                    draw
     000009F8  A$lcc950010$379                    draw
     000009F9  A$lcc950010$380                    draw
     000009FA  A$lcc950010$381                    draw
     000009FB  A$lcc950010$382                    draw
     000009FC  A$lcc950010$383                    draw
     000009FD  A$lcc950010$384                    draw
     000009FE  A$lcc950010$385                    draw
     00000A00  A$lcc950010$386                    draw
     00000A01  A$lcc950010$387                    draw
     00000A02  A$lcc950010$388                    draw
     00000A03  A$lcc950010$389                    draw
     00000A05  A$lcc950010$390                    draw
     00000A06  A$lcc950010$391                    draw
     00000A07  A$lcc950010$392                    draw
     00000A08  A$lcc950010$393                    draw
     00000A09  A$lcc950010$394                    draw
     00000A0B  A$lcc950010$395                    draw
     00000A0C  A$lcc950010$396                    draw
     00000A0D  A$lcc950010$398                    draw
     00000A0F  A$lcc950010$399                    draw
     00000A10  A$lcc950010$400                    draw
     00000A12  A$lcc950010$401                    draw
     00000A13  A$lcc950010$402                    draw
     00000A14  A$lcc950010$403                    draw
     00000A15  A$lcc950010$404                    draw
     00000A17  A$lcc950010$405                    draw
     00000A18  A$lcc950010$406                    draw
     00000A1A  A$lcc950010$407                    draw
     00000A1B  A$lcc950010$408                    draw
[...]
_HEADERc                            00000000    00000001 =           1. bytes (ABS,CON)

      Value  Global                              Global Defined In Module
      -----  --------------------------------   ------------------------
ASxxxx Linker V03.00/V05.40 + sdld,  page 64.
Hexadecimal  [32-Bits]

Area                                    Addr        Size        Decimal Bytes (Attributes)
--------------------------------        ----        ----        ------- ----- ------------
_HEADERd                            00000000    00000002 =           2. bytes (ABS,CON)

      Value  Global                              Global Defined In Module
      -----  --------------------------------   ------------------------
ASxxxx Linker V03.00/V05.40 + sdld,  page 65.
Hexadecimal  [32-Bits]

Area                                    Addr        Size        Decimal Bytes (Attributes)
--------------------------------        ----        ----        ------- ----- ------------
_HEADERe                            00000000    00000001 =           1. bytes (ABS,CON)

      Value  Global                              Global Defined In Module
      -----  --------------------------------   ------------------------
ASxxxx Linker V03.00/V05.40 + sdld,  page 66.
Hexadecimal  [32-Bits]

Area                                    Addr        Size        Decimal Bytes (Attributes)
--------------------------------        ----        ----        ------- ----- ------------
_HEADERf                            00000000    00000001 =           1. bytes (ABS,CON)

      Value  Global                              Global Defined In Module
      -----  --------------------------------   ------------------------
ASxxxx Linker V03.00/V05.40 + sdld,  page 67.
Hexadecimal  [32-Bits]

Area                                    Addr        Size        Decimal Bytes (Attributes)
--------------------------------        ----        ----        ------- ----- ------------
_HEADER10                           00000000    00000002 =           2. bytes (ABS,CON)

      Value  Global                              Global Defined In Module
      -----  --------------------------------   ------------------------
ASxxxx Linker V03.00/V05.40 + sdld,  page 68.
Hexadecimal  [32-Bits]

Area                                    Addr        Size        Decimal Bytes (Attributes)
--------------------------------        ----        ----        ------- ----- ------------
_HEADER11                           00000000    000000AB =         171. bytes (ABS,CON)

      Value  Global                              Global Defined In Module
      -----  --------------------------------   ------------------------
     00000150  .reset                             Runtime
     00000150  _reset                             Runtime
     00000157  .code_start                        Runtime
     000001B9  _exit                              Runtime
     000001BD  .wait_vbl_done                     Runtime
     000001BD  _vsync                             Runtime
     000001BD  _wait_vbl_done                     Runtime
     000001CD  .remove_VBL                        Runtime
     000001CD  _remove_VBL                        Runtime
     000001D0  .remove_int                        Runtime
     000001ED  .add_VBL                           Runtime
     000001ED  _add_VBL                           Runtime
     000001F0  .add_int                           Runtime

ASxxxx Linker V03.00/V05.40 + sdld,  page 69.
Hexadecimal  [32-Bits]

Area                                    Addr        Size        Decimal Bytes (Attributes)
--------------------------------        ----        ----        ------- ----- ------------
_HOME                               000011C1    0000012C =         300. bytes (REL,CON)

      Value  Global                              Global Defined In Module
      -----  --------------------------------   ------------------------
     000011C1  .memset_simple                     Runtime
     000011CA  .memcpy_simple                     Runtime
     000011E7  .display_off                       Runtime
     000011E7  _display_off                       Runtime
     000011FF  _set_tile_data                     
     00001204  _set_bkg_data                      
     00001204  _set_win_data                      
     0000120C  _set_sprite_data                   
     0000123C  .padup                             
     0000123C  _waitpadup                         
     0000124C  .jpad                              
     0000124C  _joypad                            
     00001274  _waitpad                           
     00001275  .wait_pad                          
     0000127C  ___sdcc_call_hl                    call_hl
     0000127D  _set_bkg_tiles                     
     00001291  .set_xy_wtt                        SetTileMap
     0000129A  .set_xy_btt                        SetTileMap
     000012A9  .set_xy_tt                         SetTileMap

ASxxxx Linker V03.00/V05.40 + sdld,  page 70.
Hexadecimal  [32-Bits]

Area                                    Addr        Size        Decimal Bytes (Attributes)
--------------------------------        ----        ----        ------- ----- ------------
_INITIALIZER                        000012ED    00000187 =         391. bytes (REL,CON)

      Value  Global                              Global Defined In Module
      -----  --------------------------------   ------------------------
     000012ED  Fspr_Player_down0$__xinit_spr_Pl   spr_Player_down0
     000012FD  Fspr_Player_down0$__xinit_spr_Pl   spr_Player_down0
     0000130D  Fspr_Player_down0$__xinit_spr_Pl   spr_Player_down0
     0000131D  Fspr_Player_down0$__xinit_spr_Pl   spr_Player_down0
     0000132D  Fspr_Player_down1$__xinit_spr_Pl   spr_Player_down1
     0000133D  Fspr_Player_down1$__xinit_spr_Pl   spr_Player_down1
     0000134D  Fspr_Player_down1$__xinit_spr_Pl   spr_Player_down1
     0000135D  Fspr_Player_down1$__xinit_spr_Pl   spr_Player_down1
     0000136D  Fspr_Player_down2$__xinit_spr_Pl   spr_Player_down2
     0000137D  Fspr_Player_down2$__xinit_spr_Pl   spr_Player_down2
     0000138D  Fspr_Player_down2$__xinit_spr_Pl   spr_Player_down2
     0000139D  Fspr_Player_down2$__xinit_spr_Pl   spr_Player_down2
     000013AD  Fspr_Player_up0$__xinit_spr_Play   spr_Player_up0
     000013BD  Fspr_Player_up0$__xinit_spr_Play   spr_Player_up0
     000013CD  Fspr_Player_up0$__xinit_spr_Play   spr_Player_up0
     000013DD  Fspr_Player_up0$__xinit_spr_Play   spr_Player_up0
     000013ED  Fspr_Player_up1$__xinit_spr_Play   spr_Player_up1
     000013FD  Fspr_Player_up1$__xinit_spr_Play   spr_Player_up1
     0000140D  Fspr_Player_up1$__xinit_spr_Play   spr_Player_up1
     0000141D  Fspr_Player_up1$__xinit_spr_Play   spr_Player_up1
     0000142D  Fspr_Player_up2$__xinit_spr_Play   spr_Player_up2
     0000143D  Fspr_Player_up2$__xinit_spr_Play   spr_Player_up2
     0000144D  Fspr_Player_up2$__xinit_spr_Play   spr_Player_up2
     0000145D  Fspr_Player_up2$__xinit_spr_Play   spr_Player_up2
     0000146D  Faction$__xinit_MOVE_SPEED$0_0$0   action
     0000146E  Faction$__xinit_current_directio   action
     0000146F  Faction$__xinit_last_keys$0_0$0    action
     00001470  Fentity$__xinit_next_entity_id$0   entity
     00001472  Fload$__xinit_vram_next_index$0_   load

ASxxxx Linker V03.00/V05.40 + sdld,  page 71.
Hexadecimal  [32-Bits]

Area                                    Addr        Size        Decimal Bytes (Attributes)
--------------------------------        ----        ----        ------- ----- ------------
_GSINIT                             00001474    0000000F =          15. bytes (REL,CON)

      Value  Global                              Global Defined In Module
      -----  --------------------------------   ------------------------
     00001474  gsinit                             Runtime

ASxxxx Linker V03.00/V05.40 + sdld,  page 72.
Hexadecimal  [32-Bits]

Area                                    Addr        Size        Decimal Bytes (Attributes)
--------------------------------        ----        ----        ------- ----- ------------
_GSFINAL                            00001483    00000001 =           1. bytes (REL,CON)

      Value  Global                              Global Defined In Module
      -----  --------------------------------   ------------------------
ASxxxx Linker V03.00/V05.40 + sdld,  page 73.
Hexadecimal  [32-Bits]

Area                                    Addr        Size        Decimal Bytes (Attributes)
--------------------------------        ----        ----        ------- ----- ------------
_DATA                               0000C0A0    00001D25 =        7461. bytes (REL,CON)

      Value  Global                              Global Defined In Module
      -----  --------------------------------   ------------------------
     0000C0A0  __cpu                              Runtime
     0000C0A1  __is_GBA                           Runtime
     0000C0A2  .mode                              Runtime
     0000C0A3  .sys_time                          Runtime
     0000C0A3  _sys_time                          Runtime
     0000C0A5  .int_0x40                          Runtime
     0000C0B1  G$animation$0_0$0                  animation
     0000C0B1  _animation                         animation
     0000D931  G$player$0_0$0                     player
     0000D931  _player                            player
     0000D933  G$player_animations$0_0$0          player
     0000D933  _player_animations                 player
     0000D937  G$position$0_0$0                   position
     0000D937  _position                          position
     0000DC37  G$render$0_0$0                     render
     0000DC37  _render                            render
     0000DDB7  G$GenderSelect$0_0$0               gender_select
     0000DDB7  _GenderSelect                      gender_select
     0000DDBD  G$Map_00$0_0$0                     map_00
     0000DDBD  _Map_00                            map_00
     0000DDC3  ___sdcc_heap_free                  malloc
ASxxxx Linker V03.00/V05.40 + sdld,  page 74.
Hexadecimal  [32-Bits]

Area                                    Addr        Size        Decimal Bytes (Attributes)
--------------------------------        ----        ----        ------- ----- ------------
_INITIALIZED                        0000DDC5    00000187 =         391. bytes (REL,CON)

      Value  Global                              Global Defined In Module
      -----  --------------------------------   ------------------------
     0000DDC5  G$spr_Player_down0_00$0_0$0        spr_Player_down0
     0000DDC5  _spr_Player_down0_00               spr_Player_down0
     0000DDD5  G$spr_Player_down0_10$0_0$0        spr_Player_down0
     0000DDD5  _spr_Player_down0_10               spr_Player_down0
     0000DDE5  G$spr_Player_down0_01$0_0$0        spr_Player_down0
     0000DDE5  _spr_Player_down0_01               spr_Player_down0
     0000DDF5  G$spr_Player_down0_11$0_0$0        spr_Player_down0
     0000DDF5  _spr_Player_down0_11               spr_Player_down0
     0000DE05  G$spr_Player_down1_00$0_0$0        spr_Player_down1
     0000DE05  _spr_Player_down1_00               spr_Player_down1
     0000DE15  G$spr_Player_down1_10$0_0$0        spr_Player_down1
     0000DE15  _spr_Player_down1_10               spr_Player_down1
     0000DE25  G$spr_Player_down1_01$0_0$0        spr_Player_down1
     0000DE25  _spr_Player_down1_01               spr_Player_down1
     0000DE35  G$spr_Player_down1_11$0_0$0        spr_Player_down1
     0000DE35  _spr_Player_down1_11               spr_Player_down1
     0000DE45  G$spr_Player_down2_00$0_0$0        spr_Player_down2
     0000DE45  _spr_Player_down2_00               spr_Player_down2
     0000DE55  G$spr_Player_down2_10$0_0$0        spr_Player_down2
     0000DE55  _spr_Player_down2_10               spr_Player_down2
     0000DE65  G$spr_Player_down2_01$0_0$0        spr_Player_down2
     0000DE65  _spr_Player_down2_01               spr_Player_down2
     0000DE75  G$spr_Player_down2_11$0_0$0        spr_Player_down2
     0000DE75  _spr_Player_down2_11               spr_Player_down2
     0000DE85  G$spr_Player_up0_00$0_0$0          spr_Player_up0
     0000DE85  _spr_Player_up0_00                 spr_Player_up0
     0000DE95  G$spr_Player_up0_10$0_0$0          spr_Player_up0
     0000DE95  _spr_Player_up0_10                 spr_Player_up0
     0000DEA5  G$spr_Player_up0_01$0_0$0          spr_Player_up0
     0000DEA5  _spr_Player_up0_01                 spr_Player_up0
     0000DEB5  G$spr_Player_up0_11$0_0$0          spr_Player_up0
     0000DEB5  _spr_Player_up0_11                 spr_Player_up0
     0000DEC5  G$spr_Player_up1_00$0_0$0          spr_Player_up1
     0000DEC5  _spr_Player_up1_00                 spr_Player_up1
     0000DED5  G$spr_Player_up1_10$0_0$0          spr_Player_up1
     0000DED5  _spr_Player_up1_10                 spr_Player_up1
     0000DEE5  G$spr_Player_up1_01$0_0$0          spr_Player_up1
     0000DEE5  _spr_Player_up1_01                 spr_Player_up1
     0000DEF5  G$spr_Player_up1_11$0_0$0          spr_Player_up1
     0000DEF5  _spr_Player_up1_11                 spr_Player_up1
     0000DF05  G$spr_Player_up2_00$0_0$0          spr_Player_up2
     0000DF05  _spr_Player_up2_00                 spr_Player_up2
     0000DF15  G$spr_Player_up2_10$0_0$0          spr_Player_up2
     0000DF15  _spr_Player_up2_10                 spr_Player_up2
     0000DF25  G$spr_Player_up2_01$0_0$0          spr_Player_up2
     0000DF25  _spr_Player_up2_01                 spr_Player_up2
     0000DF35  G$spr_Player_up2_11$0_0$0          spr_Player_up2
     0000DF35  _spr_Player_up2_11                 spr_Player_up2
     0000DF45  G$MOVE_SPEED$0_0$0                 action
     0000DF45  _MOVE_SPEED                        action
ASxxxx Linker V03.00/V05.40 + sdld,  page 75.
Hexadecimal  [32-Bits]

Area                                    Addr        Size        Decimal Bytes (Attributes)
--------------------------------        ----        ----        ------- ----- ------------
_INITIALIZED                        0000DDC5    00000187 =         391. bytes (REL,CON)

      Value  Global                              Global Defined In Module
      -----  --------------------------------   ------------------------
     0000DF46  G$current_direction$0_0$0          action
     0000DF46  _current_direction                 action
     0000DF47  G$last_keys$0_0$0                  action
     0000DF47  _last_keys                         action
     0000DF48  G$next_entity_id$0_0$0             entity
     0000DF48  _next_entity_id                    entity
     0000DF4A  G$vram_next_index$0_0$0            load
     0000DF4A  _vram_next_index                   load
     0000DF4B  __map_tile_offset                  SetTileMap

ASxxxx Linker V03.00/V05.40 + sdld,  page 76.
Hexadecimal  [32-Bits]

Area                                    Addr        Size        Decimal Bytes (Attributes)
--------------------------------        ----        ----        ------- ----- ------------
_HEAP                               0000DF4C    000007FF =        2047. bytes (REL,CON)

      Value  Global                              Global Defined In Module
      -----  --------------------------------   ------------------------
     0000DF4C  ___sdcc_heap                       

ASxxxx Linker V03.00/V05.40 + sdld,  page 77.
Hexadecimal  [32-Bits]

Area                                    Addr        Size        Decimal Bytes (Attributes)
--------------------------------        ----        ----        ------- ----- ------------
_HEAP_END                           0000E74B    00000001 =           1. bytes (REL,CON)

      Value  Global                              Global Defined In Module
      -----  --------------------------------   ------------------------
     0000E74B  ___sdcc_heap_end                   

ASxxxx Linker V03.00/V05.40 + sdld,  page 78.
Hexadecimal  [32-Bits]

Area                                    Addr        Size        Decimal Bytes (Attributes)
--------------------------------        ----        ----        ------- ----- ------------
_HRAM                               0000FF80    00000013 =          19. bytes (REL,CON)

      Value  Global                              Global Defined In Module
      -----  --------------------------------   ------------------------
     0000FF80  .refresh_OAM                       Runtime
     0000FF90  __current_bank                     Runtime
     0000FF91  __vbl_done                         Runtime
     0000FF92  __shadow_OAM_base                  Runtime

ASxxxx Linker V03.00/V05.40 + sdld,  page 79.

Files Linked                              [ module(s) ]

C:\Program Files\GBDK\lib/gb/crt0.o       [ Runtime ]
C:\Users\Bau_M\AppData\Local\Temp/lcc95000.o
                                          [ template_tilemap ]
C:\Users\Bau_M\AppData\Local\Temp/lcc95001.o
                                          [ template_tileset ]
C:\Users\Bau_M\AppData\Local\Temp/lcc95002.o
                                          [ spr_Player_down0 ]
C:\Users\Bau_M\AppData\Local\Temp/lcc95003.o
                                          [ spr_Player_down1 ]
C:\Users\Bau_M\AppData\Local\Temp/lcc95004.o
                                          [ spr_Player_down2 ]
C:\Users\Bau_M\AppData\Local\Temp/lcc95005.o
                                          [ spr_Player_up0 ]
C:\Users\Bau_M\AppData\Local\Temp/lcc95006.o
                                          [ spr_Player_up1 ]
C:\Users\Bau_M\AppData\Local\Temp/lcc95007.o
                                          [ spr_Player_up2 ]
C:\Users\Bau_M\AppData\Local\Temp/lcc95008.o
                                          [ action ]
C:\Users\Bau_M\AppData\Local\Temp/lcc95009.o
                                          [ animation ]
C:\Users\Bau_M\AppData\Local\Temp/lcc950010.o
                                          [ draw ]
C:\Users\Bau_M\AppData\Local\Temp/lcc950011.o
                                          [ entity ]
C:\Users\Bau_M\AppData\Local\Temp/lcc950012.o
                                          [ load ]
C:\Users\Bau_M\AppData\Local\Temp/lcc950013.o
                                          [ player ]
C:\Users\Bau_M\AppData\Local\Temp/lcc950014.o
                                          [ position ]
C:\Users\Bau_M\AppData\Local\Temp/lcc950015.o
                                          [ render ]
C:\Users\Bau_M\AppData\Local\Temp/lcc950016.o
                                          [ gender_select ]
C:\Users\Bau_M\AppData\Local\Temp/lcc950017.o
                                          [ gender_select_init ]
C:\Users\Bau_M\AppData\Local\Temp/lcc950018.o
                                          [ gender_select_update ]
C:\Users\Bau_M\AppData\Local\Temp/lcc950019.o
                                          [ map_00 ]
C:\Users\Bau_M\AppData\Local\Temp/lcc950020.o
                                          [ map_00_init ]
C:\Users\Bau_M\AppData\Local\Temp/lcc950021.o
                                          [ map_00_update ]
C:\Users\Bau_M\AppData\Local\Temp/lcc950022.o
                                          [ main ]


Libraries Linked                          [ object file ]

C:\Program Files\GBDK\lib/sm83/sm83.lib   [ malloc.o ]
C:\Program Files\GBDK\lib/gb/gb.lib       [ set_data.o ]
C:\Program Files\GBDK\lib/sm83/sm83.lib   [ mul.o ]
C:\Program Files\GBDK\lib/gb/gb.lib       [ pad.o ]
C:\Program Files\GBDK\lib/sm83/sm83.lib   [ __sdcc_call_hl.o ]
C:\Program Files\GBDK\lib/gb/gb.lib       [ sfr.o ]
C:\Program Files\GBDK\lib/gb/gb.lib       [ heap.o ]
C:\Program Files\GBDK\lib/gb/gb.lib       [ set_bk_t.o ]
C:\Program Files\GBDK\lib/gb/gb.lib       [ set_xy_t.o ]

ASxxxx Linker V03.00/V05.40 + sdld,  page 80.

User Base Address Definitions

_DATA=0xC0A0
_CODE=0x0200
_HRAM=0xFF80
ASxxxx Linker V03.00/V05.40 + sdld,  page 81.

User Global Definitions

_shadow_OAM=0xC000
.STACK=0xE000

