ASxxxx Linker V03.00/V05.40 + sdld,  page 1.
Hexadecimal  [32-Bits]

Area                                    Addr        Size        Decimal Bytes (Attributes)
--------------------------------        ----        ----        ------- ----- ------------
.  .ABS.                            00000000    00000000 =           0. bytes (ABS,CON)

      Value  Global                              Global Defined In Module
      -----  --------------------------------   ------------------------
     00000000  .__.ABS.                           
     00000000  _rMBC7_SRAM_ENABLE_1               
     00000000  _rRAMG                             
     00000000  l__BASE                         
     00000000  l__BSS                          
     00000000  l__CABS                         
     00000000  l__CODE_0                       
     00000000  l__DABS                         
     00000000  l__HEADER                       
     00000000  l__HEAP                         
     00000000  l__HEAP_END                     
     00000000  l__LIT                          
     00000000  s__CABS                         
     00000000  s__DABS                         
     00000000  s__HEADER                       
     00000000  s__HEADER0                      
     00000000  s__HEADER1                      
     00000000  s__HEADER10                     
     00000000  s__HEADER11                     
     00000000  s__HEADER2                      
     00000000  s__HEADER3                      
     00000000  s__HEADER4                      
     00000000  s__HEADER5                      
     00000000  s__HEADER6                      
     00000000  s__HEADER7                      
     00000000  s__HEADER8                      
     00000000  s__HEADER9                      
     00000000  s__HEADERa                      
     00000000  s__HEADERb                      
     00000000  s__HEADERc                      
     00000000  s__HEADERd                      
     00000000  s__HEADERe                      
     00000000  s__HEADERf                      
     00000001  l__GSFINAL                      
     00000001  l__HEADER0                      
     00000001  l__HEADER5                      
     00000001  l__HEADERa                      
     00000001  l__HEADERb                      
     00000001  l__HEADERc                      
     00000001  l__HEADERe                      
     00000001  l__HEADERf                      
     00000002  l__HEADER10                     
     00000002  l__HEADER6                      
     00000002  l__HEADERd                      
     00000003  l__HEADER9                      
     00000005  l__HEADER1                      
     00000006  l__HEADER8                      
     00000007  l__HEADER2                      
     00000008  l__HEADER3                      
     0000000C  l__GSINIT                       
ASxxxx Linker V03.00/V05.40 + sdld,  page 2.
Hexadecimal  [32-Bits]

Area                                    Addr        Size        Decimal Bytes (Attributes)
--------------------------------        ----        ----        ------- ----- ------------
.  .ABS.                            00000000    00000000 =           0. bytes (ABS,CON)

      Value  Global                              Global Defined In Module
      -----  --------------------------------   ------------------------
     00000013  l__HRAM                         
     00000030  l__HEADER7                      
     00000060  l__HEADER4                      
     000000AB  l__HEADER11                     
     000000BB  l__HOME                         
     00000185  l__INITIALIZED                  
     00000185  l__INITIALIZER                  
     00000200  s__CODE                         
     00000A4C  l__CODE                         
     00000C4C  s__HOME                         
     00000D07  s__BASE                         
     00000D07  s__CODE_0                       
     00000D07  s__INITIALIZER                  
     00000D07  s__LIT                          
     00000E8C  s__GSINIT                       
     00000E98  s__GSFINAL                      
     00001D17  l__DATA                         
     00002000  _rROMB0                            
     00003000  _rROMB1                            
     00004000  _rMBC7_SRAM_ENABLE_2               
     00004000  _rRAMB                             
     00008000  __VRAM                             
     00008000  __VRAM8000                         
     00008800  __VRAM8800                         
     00009000  __VRAM9000                         
     00009800  __SCRN0                            
     00009C00  __SCRN1                            
     0000A000  __SRAM                             
     0000A000  _rMBC7_LATCH_1                     
     0000A010  _rMBC7_LATCH_2                     
     0000A020  _rMBC7_ACCEL_X_LO                  
     0000A030  _rMBC7_ACCEL_X_HI                  
     0000A040  _rMBC7_ACCEL_Y_LO                  
     0000A050  _rMBC7_ACCEL_Y_HI                  
     0000C000  __RAM                              
     0000C000  _shadow_OAM                     
     0000C0A0  s__DATA                         
     0000D000  __RAMBANK                          
     0000DDB7  s__BSS                          
     0000DDB7  s__INITIALIZED                  
     0000DF3C  s__HEAP                         
     0000DF3C  s__HEAP_END                     
     0000E000  .STACK                          
     0000FE00  __OAMRAM                           
     0000FF00  _P1_REG                            
     0000FF00  __IO                               
     0000FF01  _SB_REG                            
     0000FF02  _SC_REG                            
     0000FF04  _DIV_REG                           
     0000FF05  _TIMA_REG                          
     0000FF06  _TMA_REG                           
ASxxxx Linker V03.00/V05.40 + sdld,  page 3.
Hexadecimal  [32-Bits]

Area                                    Addr        Size        Decimal Bytes (Attributes)
--------------------------------        ----        ----        ------- ----- ------------
.  .ABS.                            00000000    00000000 =           0. bytes (ABS,CON)

      Value  Global                              Global Defined In Module
      -----  --------------------------------   ------------------------
     0000FF07  _TAC_REG                           
     0000FF0F  _IF_REG                            
     0000FF10  _NR10_REG                          
     0000FF11  _NR11_REG                          
     0000FF12  _NR12_REG                          
     0000FF13  _NR13_REG                          
     0000FF14  _NR14_REG                          
     0000FF16  _NR21_REG                          
     0000FF17  _NR22_REG                          
     0000FF18  _NR23_REG                          
     0000FF19  _NR24_REG                          
     0000FF1A  _NR30_REG                          
     0000FF1B  _NR31_REG                          
     0000FF1C  _NR32_REG                          
     0000FF1D  _NR33_REG                          
     0000FF1E  _NR34_REG                          
     0000FF20  _NR41_REG                          
     0000FF21  _NR42_REG                          
     0000FF22  _NR43_REG                          
     0000FF23  _NR44_REG                          
     0000FF24  _NR50_REG                          
     0000FF25  _NR51_REG                          
     0000FF26  _NR52_REG                          
     0000FF30  _AUD3WAVE                          
     0000FF30  _PCM_SAMPLE                        
     0000FF30  __AUD3WAVERAM                      
     0000FF40  _LCDC_REG                          
     0000FF41  _STAT_REG                          
     0000FF42  _SCY_REG                           
     0000FF43  _SCX_REG                           
     0000FF44  _LY_REG                            
     0000FF45  _LYC_REG                           
     0000FF46  _DMA_REG                           
     0000FF47  _BGP_REG                           
     0000FF48  _OBP0_REG                          
     0000FF49  _OBP1_REG                          
     0000FF4A  _WY_REG                            
     0000FF4B  _WX_REG                            
     0000FF4D  _KEY1_REG                          
     0000FF4F  _VBK_REG                           
     0000FF51  _HDMA1_REG                         
     0000FF52  _HDMA2_REG                         
     0000FF53  _HDMA3_REG                         
     0000FF54  _HDMA4_REG                         
     0000FF55  _HDMA5_REG                         
     0000FF56  _RP_REG                            
     0000FF68  _BCPS_REG                          
     0000FF69  _BCPD_REG                          
     0000FF6A  _OCPS_REG                          
     0000FF6B  _OCPD_REG                          
     0000FF70  _SVBK_REG                          
ASxxxx Linker V03.00/V05.40 + sdld,  page 4.
Hexadecimal  [32-Bits]

Area                                    Addr        Size        Decimal Bytes (Attributes)
--------------------------------        ----        ----        ------- ----- ------------
.  .ABS.                            00000000    00000000 =           0. bytes (ABS,CON)

      Value  Global                              Global Defined In Module
      -----  --------------------------------   ------------------------
     0000FF76  _PCM12_REG                         
     0000FF77  _PCM34_REG                         
     0000FF80  __HRAM                             
     0000FF80  s__HRAM                         
     0000FFFF  _IE_REG                            

ASxxxx Linker V03.00/V05.40 + sdld,  page 5.
Hexadecimal  [32-Bits]

Area                                    Addr        Size        Decimal Bytes (Attributes)
--------------------------------        ----        ----        ------- ----- ------------
_CODE                               00000200    00000A4C =        2636. bytes (REL,CON)

      Value  Global                              Global Defined In Module
      -----  --------------------------------   ------------------------
     00000200  A$lcc248320$204                    main
     00000200  C$entity.h$10$0_0$133              main
     00000200  C$entity.h$11$1_0$133              main
     00000200  G$create_entity$0$0                main
     00000200  _create_entity                     main
     00000203  A$lcc248320$205                    main
     00000204  A$lcc248320$206                    main
     00000207  A$lcc248320$207                    main
     00000208  A$lcc248320$208                    main
     00000209  A$lcc248320$209                    main
     0000020A  A$lcc248320$210                    main
     0000020B  A$lcc248320$211                    main
     0000020C  A$lcc248320$212                    main
     0000020D  A$lcc248320$220                    main
     0000020D  C$entity.h$12$1_0$133              main
     0000020D  XG$create_entity$0$0               main
     0000020E  A$lcc248320$233                    main
     0000020E  C$render.h$19$1_0$135              main
     0000020E  C$render.h$20$1_0$135              main
     0000020E  G$render_reset$0$0                 main
     0000020E  _render_reset                      main
     00000211  A$lcc248320$234                    main
     00000212  A$lcc248320$235                    main
     00000214  A$lcc248320$239                    main
     00000214  C$render.h$21$1_0$135              main
     00000217  A$lcc248320$240                    main
     00000218  A$lcc248320$241                    main
     0000021A  A$lcc248320$249                    main
     0000021A  C$render.h$22$1_0$135              main
     0000021A  XG$render_reset$0$0                main
     0000021B  A$lcc248320$259                    main
     0000021B  C$load.h$17$1_0$137                main
     0000021B  G$load_actor_tiles$0$0             main
     0000021B  _load_actor_tiles                  main
     0000021D  A$lcc248320$260                    main
     0000021F  A$lcc248320$261                    main
     00000220  A$lcc248320$262                    main
     00000221  A$lcc248320$263                    main
     00000222  A$lcc248320$267                    main
     00000222  C$load.h$18$2_0$137                main
     00000225  A$lcc248320$268                    main
     00000227  A$lcc248320$269                    main
     00000228  A$lcc248320$273                    main
     00000228  C$load.h$21$1_0$137                main
     0000022A  A$lcc248320$274                    main
     0000022C  A$lcc248320$276                    main
     0000022E  A$lcc248320$277                    main
     0000022F  A$lcc248320$278                    main
     00000231  A$lcc248320$279                    main
     00000232  A$lcc248320$280                    main
ASxxxx Linker V03.00/V05.40 + sdld,  page 6.
Hexadecimal  [32-Bits]

Area                                    Addr        Size        Decimal Bytes (Attributes)
--------------------------------        ----        ----        ------- ----- ------------
_CODE                               00000200    00000A4C =        2636. bytes (REL,CON)

      Value  Global                              Global Defined In Module
      -----  --------------------------------   ------------------------
     00000234  A$lcc248320$284                    main
     00000234  C$load.h$22$3_0$139                main
     00000236  A$lcc248320$285                    main
     00000237  A$lcc248320$286                    main
     00000238  A$lcc248320$287                    main
     00000239  A$lcc248320$288                    main
     0000023A  A$lcc248320$289                    main
     0000023B  A$lcc248320$290                    main
     0000023C  A$lcc248320$291                    main
     0000023D  A$lcc248320$292                    main
     0000023E  A$lcc248320$293                    main
     0000023F  A$lcc248320$294                    main
     00000241  A$lcc248320$295                    main
     00000242  A$lcc248320$296                    main
     00000243  A$lcc248320$297                    main
     00000244  A$lcc248320$298                    main
     00000245  A$lcc248320$299                    main
     00000247  A$lcc248320$300                    main
     00000248  A$lcc248320$301                    main
     0000024A  A$lcc248320$302                    main
     0000024B  A$lcc248320$303                    main
     0000024D  A$lcc248320$304                    main
     0000024E  A$lcc248320$305                    main
     0000024F  A$lcc248320$306                    main
     00000250  A$lcc248320$307                    main
     00000251  A$lcc248320$308                    main
     00000253  A$lcc248320$309                    main
     00000254  A$lcc248320$310                    main
     00000255  A$lcc248320$311                    main
     00000256  A$lcc248320$312                    main
     00000257  A$lcc248320$313                    main
     0000025A  A$lcc248320$314                    main
     0000025C  A$lcc248320$318                    main
     0000025C  C$load.h$21$2_0$138                main
     0000025E  A$lcc248320$319                    main
     0000025F  A$lcc248320$320                    main
     00000261  A$lcc248320$325                    main
     00000261  C$load.h$26$1_0$137                main
     00000264  A$lcc248320$326                    main
     00000266  A$lcc248320$327                    main
     00000267  A$lcc248320$328                    main
     00000268  A$lcc248320$329                    main
     00000269  A$lcc248320$330                    main
     0000026A  A$lcc248320$331                    main
     0000026B  A$lcc248320$332                    main
     0000026C  A$lcc248320$333                    main
     0000026E  A$lcc248320$334                    main
     0000026F  A$lcc248320$335                    main
     00000270  A$lcc248320$339                    main
     00000270  C$load.h$27$1_0$137                main
     00000273  A$lcc248320$340                    main
ASxxxx Linker V03.00/V05.40 + sdld,  page 7.
Hexadecimal  [32-Bits]

Area                                    Addr        Size        Decimal Bytes (Attributes)
--------------------------------        ----        ----        ------- ----- ------------
_CODE                               00000200    00000A4C =        2636. bytes (REL,CON)

      Value  Global                              Global Defined In Module
      -----  --------------------------------   ------------------------
     00000275  A$lcc248320$341                    main
     00000276  A$lcc248320$342                    main
     00000277  A$lcc248320$343                    main
     00000278  A$lcc248320$344                    main
     00000279  A$lcc248320$345                    main
     0000027A  A$lcc248320$346                    main
     0000027B  A$lcc248320$347                    main
     0000027D  A$lcc248320$348                    main
     0000027E  A$lcc248320$349                    main
     0000027F  A$lcc248320$350                    main
     00000280  A$lcc248320$351                    main
     00000282  A$lcc248320$352                    main
     00000283  A$lcc248320$353                    main
     00000284  A$lcc248320$354                    main
     00000285  A$lcc248320$355                    main
     00000286  A$lcc248320$356                    main
     00000288  A$lcc248320$357                    main
     00000289  A$lcc248320$358                    main
     0000028A  A$lcc248320$362                    main
     0000028A  C$load.h$30$1_0$137                main
     0000028D  A$lcc248320$363                    main
     0000028F  A$lcc248320$364                    main
     00000290  A$lcc248320$365                    main
     00000293  A$lcc248320$369                    main
     00000293  C$load.h$32$1_0$137                main
     00000295  A$lcc248320$370                    main
     00000296  A$lcc248320$374                    main
     00000296  C$load.h$33$1_0$137                main
     00000298  A$lcc248320$375                    main
     00000299  A$lcc248320$376                    main
     0000029A  A$lcc248320$377                    main
     0000029B  A$lcc248320$390                    main
     0000029B  C$load.h$35$1_0$140                main
     0000029B  C$load.h$36$3_0$142                main
     0000029B  G$reset_render_component$0$0       main
     0000029B  _reset_render_component            main
     0000029E  A$lcc248320$392                    main
     000002A1  A$lcc248320$393                    main
     000002A2  A$lcc248320$394                    main
     000002A3  A$lcc248320$395                    main
     000002A4  A$lcc248320$396                    main
     000002A5  A$lcc248320$397                    main
     000002A6  A$lcc248320$398                    main
     000002A8  A$lcc248320$402                    main
     000002A8  C$load.h$37$3_0$142                main
     000002AB  A$lcc248320$403                    main
     000002AC  A$lcc248320$404                    main
     000002AE  A$lcc248320$408                    main
     000002AE  C$load.h$38$3_0$142                main
     000002B1  A$lcc248320$409                    main
     000002B2  A$lcc248320$410                    main
ASxxxx Linker V03.00/V05.40 + sdld,  page 8.
Hexadecimal  [32-Bits]

Area                                    Addr        Size        Decimal Bytes (Attributes)
--------------------------------        ----        ----        ------- ----- ------------
_CODE                               00000200    00000A4C =        2636. bytes (REL,CON)

      Value  Global                              Global Defined In Module
      -----  --------------------------------   ------------------------
     000002B4  A$lcc248320$414                    main
     000002B4  C$load.h$36$2_0$141                main
     000002B5  A$lcc248320$415                    main
     000002B7  A$lcc248320$420                    main
     000002B7  C$load.h$41$1_0$140                main
     000002B8  A$lcc248320$421                    main
     000002BB  A$lcc248320$429                    main
     000002BB  C$load.h$42$1_0$140                main
     000002BB  XG$reset_render_component$0$0      main
     000002BC  A$lcc248320$439                    main
     000002BC  C$animation.h$30$1_0$144           main
     000002BC  G$init_animation$0$0               main
     000002BC  _init_animation                    main
     000002BE  A$lcc248320$440                    main
     000002C0  A$lcc248320$441                    main
     000002C1  A$lcc248320$442                    main
     000002C2  A$lcc248320$443                    main
     000002C3  A$lcc248320$444                    main
     000002C4  A$lcc248320$445                    main
     000002C5  A$lcc248320$446                    main
     000002C6  A$lcc248320$450                    main
     000002C6  C$animation.h$35$1_0$144           main
     000002C8  A$lcc248320$451                    main
     000002C9  A$lcc248320$452                    main
     000002CA  A$lcc248320$453                    main
     000002CB  A$lcc248320$454                    main
     000002CC  A$lcc248320$455                    main
     000002CD  A$lcc248320$456                    main
     000002CE  A$lcc248320$457                    main
     000002D0  A$lcc248320$458                    main
     000002D1  A$lcc248320$459                    main
     000002D2  A$lcc248320$460                    main
     000002D3  A$lcc248320$461                    main
     000002D4  A$lcc248320$462                    main
     000002D5  A$lcc248320$466                    main
     000002D5  C$animation.h$37$1_0$144           main
     000002D6  A$lcc248320$467                    main
     000002D7  A$lcc248320$468                    main
     000002D8  A$lcc248320$469                    main
     000002DA  A$lcc248320$470                    main
     000002DB  A$lcc248320$471                    main
     000002DC  A$lcc248320$475                    main
     000002DC  C$animation.h$38$1_0$144           main
     000002DD  A$lcc248320$476                    main
     000002DE  A$lcc248320$477                    main
     000002DF  A$lcc248320$478                    main
     000002E0  A$lcc248320$479                    main
     000002E1  A$lcc248320$480                    main
     000002E2  A$lcc248320$481                    main
     000002E4  A$lcc248320$482                    main
     000002E5  A$lcc248320$483                    main
ASxxxx Linker V03.00/V05.40 + sdld,  page 9.
Hexadecimal  [32-Bits]

Area                                    Addr        Size        Decimal Bytes (Attributes)
--------------------------------        ----        ----        ------- ----- ------------
_CODE                               00000200    00000A4C =        2636. bytes (REL,CON)

      Value  Global                              Global Defined In Module
      -----  --------------------------------   ------------------------
     000002E6  A$lcc248320$484                    main
     000002E7  A$lcc248320$488                    main
     000002E7  C$animation.h$39$1_0$144           main
     000002EA  A$lcc248320$489                    main
     000002EB  A$lcc248320$490                    main
     000002ED  A$lcc248320$494                    main
     000002ED  C$animation.h$40$1_0$144           main
     000002EE  A$lcc248320$495                    main
     000002EF  A$lcc248320$496                    main
     000002F0  A$lcc248320$497                    main
     000002F1  A$lcc248320$498                    main
     000002F3  A$lcc248320$502                    main
     000002F3  C$animation.h$41$1_0$144           main
     000002F6  A$lcc248320$503                    main
     000002F7  A$lcc248320$504                    main
     000002F8  A$lcc248320$505                    main
     000002FA  A$lcc248320$506                    main
     000002FB  A$lcc248320$507                    main
     000002FC  A$lcc248320$508                    main
     000002FD  A$lcc248320$512                    main
     000002FD  C$animation.h$44$1_0$144           main
     000002FE  A$lcc248320$513                    main
     000002FF  A$lcc248320$514                    main
     00000300  A$lcc248320$515                    main
     00000301  A$lcc248320$516                    main
     00000302  A$lcc248320$517                    main
     00000304  A$lcc248320$518                    main
     00000305  A$lcc248320$519                    main
     00000307  A$lcc248320$520                    main
     00000308  A$lcc248320$521                    main
     00000309  A$lcc248320$522                    main
     0000030C  A$lcc248320$523                    main
     0000030D  A$lcc248320$524                    main
     0000030E  A$lcc248320$525                    main
     0000030F  A$lcc248320$526                    main
     00000310  A$lcc248320$527                    main
     00000311  A$lcc248320$528                    main
     00000312  A$lcc248320$529                    main
     00000313  A$lcc248320$530                    main
     00000314  A$lcc248320$531                    main
     00000316  A$lcc248320$532                    main
     00000317  A$lcc248320$533                    main
     00000319  A$lcc248320$534                    main
     0000031A  A$lcc248320$535                    main
     0000031C  A$lcc248320$536                    main
     0000031D  A$lcc248320$537                    main
     0000031F  A$lcc248320$538                    main
     00000320  A$lcc248320$539                    main
     00000321  A$lcc248320$540                    main
     00000324  A$lcc248320$541                    main
     00000325  A$lcc248320$542                    main
ASxxxx Linker V03.00/V05.40 + sdld,  page 10.
Hexadecimal  [32-Bits]

Area                                    Addr        Size        Decimal Bytes (Attributes)
--------------------------------        ----        ----        ------- ----- ------------
_CODE                               00000200    00000A4C =        2636. bytes (REL,CON)

      Value  Global                              Global Defined In Module
      -----  --------------------------------   ------------------------
     00000326  A$lcc248320$543                    main
     00000327  A$lcc248320$547                    main
     00000327  C$animation.h$47$2_0$144           main
     00000329  A$lcc248320$549                    main
     0000032A  A$lcc248320$550                    main
     0000032B  A$lcc248320$551                    main
     0000032C  A$lcc248320$552                    main
     0000032D  A$lcc248320$553                    main
     0000032F  A$lcc248320$554                    main
     00000330  A$lcc248320$555                    main
     00000332  A$lcc248320$560                    main
     00000332  C$animation.h$55$2_0$147           main
     00000333  A$lcc248320$561                    main
     00000334  A$lcc248320$562                    main
     00000337  A$lcc248320$563                    main
     00000338  A$lcc248320$564                    main
     00000339  A$lcc248320$565                    main
     0000033A  A$lcc248320$566                    main
     0000033B  A$lcc248320$567                    main
     0000033C  A$lcc248320$568                    main
     0000033E  A$lcc248320$572                    main
     0000033E  C$animation.h$56$2_0$147           main
     00000340  A$lcc248320$573                    main
     00000341  A$lcc248320$574                    main
     00000342  A$lcc248320$579                    main
     00000342  C$animation.h$57$2_0$144           main
     00000344  A$lcc248320$580                    main
     00000345  A$lcc248320$581                    main
     00000347  A$lcc248320$582                    main
     00000348  A$lcc248320$592                    main
     00000348  C$animation.h$59$2_0$149           main
     00000348  G$update_animation$0$0             main
     00000348  _update_animation                  main
     00000349  A$lcc248320$593                    main
     0000034A  A$lcc248320$594                    main
     0000034B  A$lcc248320$595                    main
     0000034C  A$lcc248320$599                    main
     0000034C  C$animation.h$61$1_0$149           main
     0000034F  A$lcc248320$600                    main
     00000350  A$lcc248320$601                    main
     00000351  A$lcc248320$602                    main
     00000352  A$lcc248320$603                    main
     00000353  A$lcc248320$604                    main
     00000354  A$lcc248320$605                    main
     00000355  A$lcc248320$606                    main
     00000356  A$lcc248320$607                    main
     00000357  A$lcc248320$608                    main
     00000359  A$lcc248320$609                    main
     0000035A  A$lcc248320$610                    main
     0000035B  A$lcc248320$614                    main
     0000035B  C$animation.h$63$1_0$149           main
ASxxxx Linker V03.00/V05.40 + sdld,  page 11.
Hexadecimal  [32-Bits]

Area                                    Addr        Size        Decimal Bytes (Attributes)
--------------------------------        ----        ----        ------- ----- ------------
_CODE                               00000200    00000A4C =        2636. bytes (REL,CON)

      Value  Global                              Global Defined In Module
      -----  --------------------------------   ------------------------
     0000035E  A$lcc248320$615                    main
     0000035F  A$lcc248320$616                    main
     00000360  A$lcc248320$617                    main
     00000361  A$lcc248320$618                    main
     00000362  A$lcc248320$619                    main
     00000363  A$lcc248320$620                    main
     00000365  A$lcc248320$621                    main
     00000366  A$lcc248320$622                    main
     00000367  A$lcc248320$626                    main
     00000367  C$animation.h$64$2_0$150           main
     00000368  A$lcc248320$627                    main
     00000369  A$lcc248320$628                    main
     0000036A  A$lcc248320$629                    main
     0000036B  A$lcc248320$630                    main
     0000036C  A$lcc248320$631                    main
     0000036D  A$lcc248320$632                    main
     0000036F  A$lcc248320$633                    main
     00000370  A$lcc248320$634                    main
     00000372  A$lcc248320$635                    main
     00000373  A$lcc248320$636                    main
     00000374  A$lcc248320$637                    main
     00000376  A$lcc248320$641                    main
     00000376  C$animation.h$66$3_0$151           main
     00000377  A$lcc248320$642                    main
     00000378  A$lcc248320$646                    main
     00000378  C$animation.h$67$3_0$151           main
     00000379  A$lcc248320$647                    main
     0000037A  A$lcc248320$648                    main
     0000037B  A$lcc248320$649                    main
     0000037C  A$lcc248320$650                    main
     0000037D  A$lcc248320$651                    main
     0000037E  A$lcc248320$655                    main
     0000037E  C$animation.h$68$4_0$152           main
     0000037F  A$lcc248320$656                    main
     00000380  A$lcc248320$657                    main
     00000381  A$lcc248320$658                    main
     00000382  A$lcc248320$659                    main
     00000383  A$lcc248320$660                    main
     00000385  A$lcc248320$664                    main
     00000385  C$animation.h$69$4_0$152           main
     00000387  A$lcc248320$669                    main
     00000388  A$lcc248320$670                    main
     00000389  A$lcc248320$675                    main
     00000389  C$animation.h$71$2_0$149           main
     00000389  XG$update_animation$0$0            main
     0000038A  A$lcc248320$685                    main
     0000038A  C$animation.h$73$2_0$154           main
     0000038A  G$set_animation$0$0                main
     0000038A  _set_animation                     main
     0000038B  A$lcc248320$686                    main
     0000038C  A$lcc248320$687                    main
ASxxxx Linker V03.00/V05.40 + sdld,  page 12.
Hexadecimal  [32-Bits]

Area                                    Addr        Size        Decimal Bytes (Attributes)
--------------------------------        ----        ----        ------- ----- ------------
_CODE                               00000200    00000A4C =        2636. bytes (REL,CON)

      Value  Global                              Global Defined In Module
      -----  --------------------------------   ------------------------
     0000038D  A$lcc248320$691                    main
     0000038D  C$animation.h$75$2_0$155           main
     0000038E  A$lcc248320$692                    main
     00000390  A$lcc248320$693                    main
     00000391  A$lcc248320$694                    main
     00000392  A$lcc248320$695                    main
     00000394  A$lcc248320$696                    main
     00000395  A$lcc248320$697                    main
     00000396  A$lcc248320$698                    main
     00000397  A$lcc248320$699                    main
     00000398  A$lcc248320$706                    main
     00000398  C$animation.h$76$2_0$155           main
     00000398  C$animation.h$78$1_0$154           main
     00000399  A$lcc248320$707                    main
     0000039A  A$lcc248320$711                    main
     0000039A  C$animation.h$79$1_1$156           main
     0000039B  A$lcc248320$712                    main
     0000039C  A$lcc248320$713                    main
     0000039D  A$lcc248320$714                    main
     0000039E  A$lcc248320$715                    main
     000003A0  A$lcc248320$716                    main
     000003A1  A$lcc248320$720                    main
     000003A1  C$animation.h$80$1_1$156           main
     000003A2  A$lcc248320$721                    main
     000003A3  A$lcc248320$722                    main
     000003A4  A$lcc248320$723                    main
     000003A5  A$lcc248320$724                    main
     000003A6  A$lcc248320$725                    main
     000003A7  A$lcc248320$729                    main
     000003A7  C$animation.h$81$1_1$156           main
     000003AA  A$lcc248320$730                    main
     000003AB  A$lcc248320$731                    main
     000003AD  A$lcc248320$739                    main
     000003AD  C$animation.h$82$1_1$154           main
     000003AD  XG$set_animation$0$0               main
     000003AE  A$lcc248320$749                    main
     000003AE  C$draw.h$11$1_1$158                main
     000003AE  G$draw_actor$0$0                   main
     000003AE  _draw_actor                        main
     000003B0  A$lcc248320$750                    main
     000003B2  A$lcc248320$751                    main
     000003B3  A$lcc248320$752                    main
     000003B4  A$lcc248320$753                    main
     000003B5  A$lcc248320$757                    main
     000003B5  C$draw.h$13$1_0$158                main
     000003B8  A$lcc248320$758                    main
     000003B9  A$lcc248320$759                    main
     000003BA  A$lcc248320$760                    main
     000003BB  A$lcc248320$761                    main
     000003BC  A$lcc248320$762                    main
     000003BD  A$lcc248320$763                    main
ASxxxx Linker V03.00/V05.40 + sdld,  page 13.
Hexadecimal  [32-Bits]

Area                                    Addr        Size        Decimal Bytes (Attributes)
--------------------------------        ----        ----        ------- ----- ------------
_CODE                               00000200    00000A4C =        2636. bytes (REL,CON)

      Value  Global                              Global Defined In Module
      -----  --------------------------------   ------------------------
     000003BE  A$lcc248320$764                    main
     000003BF  A$lcc248320$765                    main
     000003C1  A$lcc248320$766                    main
     000003C2  A$lcc248320$770                    main
     000003C2  C$draw.h$14$1_0$158                main
     000003C4  A$lcc248320$771                    main
     000003C5  A$lcc248320$772                    main
     000003C6  A$lcc248320$773                    main
     000003C7  A$lcc248320$774                    main
     000003CA  A$lcc248320$775                    main
     000003CB  A$lcc248320$776                    main
     000003CC  A$lcc248320$777                    main
     000003CD  A$lcc248320$778                    main
     000003CF  A$lcc248320$779                    main
     000003D0  A$lcc248320$780                    main
     000003D1  A$lcc248320$781                    main
     000003D2  A$lcc248320$782                    main
     000003D4  A$lcc248320$783                    main
     000003D5  A$lcc248320$784                    main
     000003D6  A$lcc248320$785                    main
     000003D7  A$lcc248320$786                    main
     000003D8  A$lcc248320$787                    main
     000003D9  A$lcc248320$788                    main
     000003DB  A$lcc248320$789                    main
     000003DC  A$lcc248320$793                    main
     000003DC  C$draw.h$16$1_0$158                main
     000003DE  A$lcc248320$794                    main
     000003DF  A$lcc248320$795                    main
     000003E0  A$lcc248320$796                    main
     000003E1  A$lcc248320$797                    main
     000003E2  A$lcc248320$798                    main
     000003E3  A$lcc248320$799                    main
     000003E4  A$lcc248320$800                    main
     000003E5  A$lcc248320$801                    main
     000003E6  A$lcc248320$802                    main
     000003E7  A$lcc248320$803                    main
     000003E8  A$lcc248320$804                    main
     000003E9  A$lcc248320$805                    main
     000003EA  A$lcc248320$806                    main
     000003ED  A$lcc248320$807                    main
     000003EE  A$lcc248320$808                    main
     000003EF  A$lcc248320$809                    main
     000003F0  A$lcc248320$810                    main
     000003F2  A$lcc248320$811                    main
     000003F3  A$lcc248320$812                    main
     000003F4  A$lcc248320$813                    main
     000003F5  A$lcc248320$814                    main
     000003F7  A$lcc248320$815                    main
     000003F8  A$lcc248320$816                    main
     000003F9  A$lcc248320$817                    main
     000003FA  A$lcc248320$818                    main
ASxxxx Linker V03.00/V05.40 + sdld,  page 14.
Hexadecimal  [32-Bits]

Area                                    Addr        Size        Decimal Bytes (Attributes)
--------------------------------        ----        ----        ------- ----- ------------
_CODE                               00000200    00000A4C =        2636. bytes (REL,CON)

      Value  Global                              Global Defined In Module
      -----  --------------------------------   ------------------------
     000003FB  A$lcc248320$819                    main
     000003FD  A$lcc248320$820                    main
     000003FE  A$lcc248320$821                    main
     000003FF  A$lcc248320$825                    main
     000003FF  C$draw.h$17$1_0$158                main
     00000400  A$lcc248320$826                    main
     00000401  A$lcc248320$827                    main
     00000402  A$lcc248320$828                    main
     00000403  A$lcc248320$829                    main
     00000406  A$lcc248320$830                    main
     00000407  A$lcc248320$831                    main
     00000408  A$lcc248320$832                    main
     00000409  A$lcc248320$833                    main
     0000040B  A$lcc248320$834                    main
     0000040C  A$lcc248320$835                    main
     0000040D  A$lcc248320$836                    main
     0000040E  A$lcc248320$837                    main
     00000410  A$lcc248320$838                    main
     00000411  A$lcc248320$839                    main
     00000412  A$lcc248320$840                    main
     00000413  A$lcc248320$841                    main
     00000414  A$lcc248320$842                    main
     00000415  A$lcc248320$843                    main
     00000416  A$lcc248320$844                    main
     00000417  A$lcc248320$845                    main
     00000418  A$lcc248320$846                    main
     00000419  A$lcc248320$847                    main
     0000041A  A$lcc248320$848                    main
     0000041C  A$lcc248320$849                    main
     0000041E  A$lcc248320$850                    main
     0000041F  A$lcc248320$851                    main
     00000420  A$lcc248320$852                    main
     00000421  A$lcc248320$853                    main
     00000422  A$lcc248320$854                    main
     00000423  A$lcc248320$855                    main
     00000424  A$lcc248320$859                    main
     00000424  C$draw.h$19$1_0$158                main
     00000427  A$lcc248320$860                    main
     00000428  A$lcc248320$861                    main
     00000429  A$lcc248320$862                    main
     0000042B  A$lcc248320$866                    main
     0000042B  C$draw.h$20$1_0$158                main
     0000042C  A$lcc248320$867                    main
     0000042D  A$lcc248320$868                    main
     0000042E  A$lcc248320$869                    main
     0000042F  A$lcc248320$870                    main
     00000430  A$lcc248320$871                    main
     00000431  A$lcc248320$872                    main
     00000432  A$lcc248320$873                    main
     00000435  A$lcc248320$874                    main
     00000437  A$lcc248320$875                    main
ASxxxx Linker V03.00/V05.40 + sdld,  page 15.
Hexadecimal  [32-Bits]

Area                                    Addr        Size        Decimal Bytes (Attributes)
--------------------------------        ----        ----        ------- ----- ------------
_CODE                               00000200    00000A4C =        2636. bytes (REL,CON)

      Value  Global                              Global Defined In Module
      -----  --------------------------------   ------------------------
     00000438  A$lcc248320$876                    main
     00000439  A$lcc248320$877                    main
     0000043A  A$lcc248320$878                    main
     0000043B  A$lcc248320$879                    main
     0000043C  A$lcc248320$880                    main
     0000043D  A$lcc248320$881                    main
     0000043E  A$lcc248320$885                    main
     0000043E  C$draw.h$22$1_0$158                main
     00000440  A$lcc248320$886                    main
     00000441  A$lcc248320$887                    main
     00000442  A$lcc248320$888                    main
     00000444  A$lcc248320$889                    main
     00000445  A$lcc248320$890                    main
     00000447  A$lcc248320$891                    main
     00000448  A$lcc248320$892                    main
     0000044A  A$lcc248320$896                    main
     0000044A  C$draw.h$25$2_0$158                main
     0000044C  A$lcc248320$898                    main
     0000044D  A$lcc248320$899                    main
     0000044F  A$lcc248320$900                    main
     00000450  A$lcc248320$901                    main
     00000452  A$lcc248320$903                    main
     00000453  A$lcc248320$904                    main
     00000454  A$lcc248320$905                    main
     00000455  A$lcc248320$906                    main
     00000456  A$lcc248320$907                    main
     00000457  A$lcc248320$908                    main
     00000459  A$lcc248320$909                    main
     0000045C  A$lcc248320$910                    main
     0000045D  A$lcc248320$911                    main
     0000045E  A$lcc248320$912                    main
     0000045F  A$lcc248320$913                    main
     00000460  A$lcc248320$915                    main
     00000461  A$lcc248320$916                    main
     00000462  A$lcc248320$917                    main
     00000463  A$lcc248320$918                    main
     00000464  A$lcc248320$919                    main
     00000465  A$lcc248320$920                    main
     00000466  A$lcc248320$921                    main
     00000469  A$lcc248320$922                    main
     0000046A  A$lcc248320$923                    main
     0000046B  A$lcc248320$924                    main
     0000046C  A$lcc248320$925                    main
     0000046D  A$lcc248320$926                    main
     0000046E  A$lcc248320$930                    main
     0000046E  C$draw.h$25$2_0$159                main
     0000046F  A$lcc248320$931                    main
     00000471  A$lcc248320$936                    main
     00000471  C$draw.h$29$2_0$160                main
     00000473  A$lcc248320$937                    main
     00000474  A$lcc248320$938                    main
ASxxxx Linker V03.00/V05.40 + sdld,  page 16.
Hexadecimal  [32-Bits]

Area                                    Addr        Size        Decimal Bytes (Attributes)
--------------------------------        ----        ----        ------- ----- ------------
_CODE                               00000200    00000A4C =        2636. bytes (REL,CON)

      Value  Global                              Global Defined In Module
      -----  --------------------------------   ------------------------
     00000475  A$lcc248320$939                    main
     00000477  A$lcc248320$941                    main
     00000479  A$lcc248320$942                    main
     0000047A  A$lcc248320$944                    main
     0000047C  A$lcc248320$945                    main
     0000047D  A$lcc248320$946                    main
     0000047E  A$lcc248320$947                    main
     0000047F  A$lcc248320$948                    main
     00000480  A$lcc248320$949                    main
     00000481  A$lcc248320$950                    main
     00000482  A$lcc248320$951                    main
     00000483  A$lcc248320$952                    main
     00000485  A$lcc248320$953                    main
     00000487  A$lcc248320$955                    main
     00000489  A$lcc248320$956                    main
     0000048B  A$lcc248320$957                    main
     0000048C  A$lcc248320$958                    main
     0000048E  A$lcc248320$959                    main
     0000048F  A$lcc248320$960                    main
     00000491  A$lcc248320$961                    main
     00000492  A$lcc248320$962                    main
     00000493  A$lcc248320$963                    main
     00000494  A$lcc248320$964                    main
     00000495  A$lcc248320$965                    main
     00000498  A$lcc248320$966                    main
     00000499  A$lcc248320$967                    main
     0000049A  A$lcc248320$968                    main
     0000049B  A$lcc248320$969                    main
     0000049D  A$lcc248320$970                    main
     0000049E  A$lcc248320$971                    main
     0000049F  A$lcc248320$972                    main
     000004A0  A$lcc248320$973                    main
     000004A2  A$lcc248320$975                    main
     000004A3  A$lcc248320$976                    main
     000004A4  A$lcc248320$977                    main
     000004A5  A$lcc248320$978                    main
     000004A6  A$lcc248320$979                    main
     000004A8  A$lcc248320$980                    main
     000004A9  A$lcc248320$981                    main
     000004AA  A$lcc248320$982                    main
     000004AC  A$lcc248320$983                    main
     000004AD  A$lcc248320$984                    main
     000004AE  A$lcc248320$985                    main
     000004AF  A$lcc248320$986                    main
     000004B0  A$lcc248320$987                    main
     000004B2  A$lcc248320$988                    main
     000004B3  A$lcc248320$989                    main
     000004B4  A$lcc248320$993                    main
     000004B4  C$draw.h$31$2_0$160                main
     000004B7  A$lcc248320$998                    main
     000004B7  C$draw.h$33$3_0$162                main
ASxxxx Linker V03.00/V05.40 + sdld,  page 17.
Hexadecimal  [32-Bits]

Area                                    Addr        Size        Decimal Bytes (Attributes)
--------------------------------        ----        ----        ------- ----- ------------
_CODE                               00000200    00000A4C =        2636. bytes (REL,CON)

      Value  Global                              Global Defined In Module
      -----  --------------------------------   ------------------------
     000004B9  A$lcc248320$999                    main
     000004BA  A$lcc248320$1000                   main
     000004BC  A$lcc248320$1001                   main
     000004BF  A$lcc248320$1005                   main
     000004C2  A$lcc248320$1006                   main
     000004C4  A$lcc248320$1007                   main
     000004C5  A$lcc248320$1008                   main
     000004C6  A$lcc248320$1009                   main
     000004C7  A$lcc248320$1010                   main
     000004C8  A$lcc248320$1011                   main
     000004C9  A$lcc248320$1012                   main
     000004CA  A$lcc248320$1013                   main
     000004CB  A$lcc248320$1014                   main
     000004CC  A$lcc248320$1018                   main
     000004CC  C$draw.h$31$2_0$158                main
     000004CE  A$lcc248320$1019                   main
     000004CF  A$lcc248320$1020                   main
     000004D1  A$lcc248320$1021                   main
     000004D2  A$lcc248320$1025                   main
     000004D2  C$draw.h$35$5_0$164                main
     000004D4  A$lcc248320$1026                   main
     000004D7  A$lcc248320$1029                   main
     000004D8  A$lcc248320$1030                   main
     000004D9  A$lcc248320$1031                   main
     000004DA  A$lcc248320$1032                   main
     000004DB  A$lcc248320$1033                   main
     000004DC  A$lcc248320$1034                   main
     000004DD  A$lcc248320$1035                   main
     000004DE  A$lcc248320$1036                   main
     000004E0  A$lcc248320$1037                   main
     000004E2  A$lcc248320$1039                   main
     000004E4  A$lcc248320$1040                   main
     000004E6  A$lcc248320$1041                   main
     000004E7  A$lcc248320$1042                   main
     000004E9  A$lcc248320$1043                   main
     000004EA  A$lcc248320$1044                   main
     000004EC  A$lcc248320$1045                   main
     000004ED  A$lcc248320$1046                   main
     000004EE  A$lcc248320$1047                   main
     000004EF  A$lcc248320$1048                   main
     000004F0  A$lcc248320$1049                   main
     000004F3  A$lcc248320$1050                   main
     000004F4  A$lcc248320$1051                   main
     000004F5  A$lcc248320$1052                   main
     000004F6  A$lcc248320$1053                   main
     000004F8  A$lcc248320$1054                   main
     000004F9  A$lcc248320$1055                   main
     000004FA  A$lcc248320$1056                   main
     000004FB  A$lcc248320$1057                   main
     000004FD  A$lcc248320$1058                   main
     000004FE  A$lcc248320$1059                   main
ASxxxx Linker V03.00/V05.40 + sdld,  page 18.
Hexadecimal  [32-Bits]

Area                                    Addr        Size        Decimal Bytes (Attributes)
--------------------------------        ----        ----        ------- ----- ------------
_CODE                               00000200    00000A4C =        2636. bytes (REL,CON)

      Value  Global                              Global Defined In Module
      -----  --------------------------------   ------------------------
     000004FF  A$lcc248320$1060                   main
     00000500  A$lcc248320$1061                   main
     00000501  A$lcc248320$1062                   main
     00000503  A$lcc248320$1063                   main
     00000504  A$lcc248320$1064                   main
     00000505  A$lcc248320$1066                   main
     00000506  A$lcc248320$1067                   main
     00000507  A$lcc248320$1068                   main
     00000508  A$lcc248320$1069                   main
     00000509  A$lcc248320$1070                   main
     0000050B  A$lcc248320$1071                   main
     0000050C  A$lcc248320$1072                   main
     0000050D  A$lcc248320$1073                   main
     0000050F  A$lcc248320$1074                   main
     00000510  A$lcc248320$1075                   main
     00000511  A$lcc248320$1076                   main
     00000512  A$lcc248320$1077                   main
     00000513  A$lcc248320$1078                   main
     00000514  A$lcc248320$1079                   main
     00000515  A$lcc248320$1080                   main
     00000516  A$lcc248320$1081                   main
     00000517  A$lcc248320$1082                   main
     00000519  A$lcc248320$1083                   main
     0000051A  A$lcc248320$1084                   main
     0000051B  A$lcc248320$1085                   main
     0000051C  A$lcc248320$1086                   main
     0000051E  A$lcc248320$1087                   main
     0000051F  A$lcc248320$1088                   main
     00000520  A$lcc248320$1089                   main
     00000521  A$lcc248320$1090                   main
     00000522  A$lcc248320$1091                   main
     00000524  A$lcc248320$1092                   main
     00000525  A$lcc248320$1093                   main
     00000526  A$lcc248320$1095                   main
     00000528  A$lcc248320$1096                   main
     00000529  A$lcc248320$1097                   main
     0000052B  A$lcc248320$1098                   main
     0000052C  A$lcc248320$1099                   main
     0000052D  A$lcc248320$1100                   main
     0000052E  A$lcc248320$1101                   main
     00000530  A$lcc248320$1102                   main
     00000531  A$lcc248320$1103                   main
     00000533  A$lcc248320$1104                   main
     00000534  A$lcc248320$1105                   main
     00000536  A$lcc248320$1106                   main
     00000537  A$lcc248320$1108                   main
     00000538  A$lcc248320$1109                   main
     00000539  A$lcc248320$1110                   main
     0000053A  A$lcc248320$1111                   main
     0000053B  A$lcc248320$1112                   main
     0000053C  A$lcc248320$1113                   main
ASxxxx Linker V03.00/V05.40 + sdld,  page 19.
Hexadecimal  [32-Bits]

Area                                    Addr        Size        Decimal Bytes (Attributes)
--------------------------------        ----        ----        ------- ----- ------------
_CODE                               00000200    00000A4C =        2636. bytes (REL,CON)

      Value  Global                              Global Defined In Module
      -----  --------------------------------   ------------------------
     0000053E  A$lcc248320$1114                   main
     0000053F  A$lcc248320$1115                   main
     00000541  A$lcc248320$1116                   main
     00000543  A$lcc248320$1118                   main
     00000545  A$lcc248320$1119                   main
     00000547  A$lcc248320$1120                   main
     00000548  A$lcc248320$1121                   main
     0000054A  A$lcc248320$1122                   main
     0000054B  A$lcc248320$1123                   main
     0000054D  A$lcc248320$1124                   main
     0000054E  A$lcc248320$1125                   main
     0000054F  A$lcc248320$1126                   main
     00000550  A$lcc248320$1127                   main
     00000551  A$lcc248320$1128                   main
     00000554  A$lcc248320$1129                   main
     00000555  A$lcc248320$1130                   main
     00000556  A$lcc248320$1131                   main
     00000557  A$lcc248320$1132                   main
     00000559  A$lcc248320$1133                   main
     0000055A  A$lcc248320$1134                   main
     0000055B  A$lcc248320$1135                   main
     0000055C  A$lcc248320$1136                   main
     0000055E  A$lcc248320$1138                   main
     0000055F  A$lcc248320$1139                   main
     00000560  A$lcc248320$1140                   main
     00000561  A$lcc248320$1141                   main
     00000562  A$lcc248320$1142                   main
     00000563  A$lcc248320$1143                   main
     00000564  A$lcc248320$1144                   main
     00000565  A$lcc248320$1145                   main
     00000566  A$lcc248320$1146                   main
     00000567  A$lcc248320$1147                   main
     00000568  A$lcc248320$1148                   main
     00000569  A$lcc248320$1149                   main
     0000056A  A$lcc248320$1150                   main
     0000056B  A$lcc248320$1151                   main
     0000056C  A$lcc248320$1152                   main
     0000056D  A$lcc248320$1153                   main
     0000056E  A$lcc248320$1154                   main
     00000570  A$lcc248320$1155                   main
     00000571  A$lcc248320$1156                   main
     00000572  A$lcc248320$1157                   main
     00000573  A$lcc248320$1158                   main
     00000575  A$lcc248320$1159                   main
     00000576  A$lcc248320$1160                   main
     00000577  A$lcc248320$1161                   main
     00000578  A$lcc248320$1162                   main
     00000579  A$lcc248320$1163                   main
     0000057B  A$lcc248320$1164                   main
     0000057C  A$lcc248320$1165                   main
     0000057D  A$lcc248320$1169                   main
ASxxxx Linker V03.00/V05.40 + sdld,  page 20.
Hexadecimal  [32-Bits]

Area                                    Addr        Size        Decimal Bytes (Attributes)
--------------------------------        ----        ----        ------- ----- ------------
_CODE                               00000200    00000A4C =        2636. bytes (REL,CON)

      Value  Global                              Global Defined In Module
      -----  --------------------------------   ------------------------
     0000057D  C$draw.h$38$5_0$164                main
     00000580  A$lcc248320$1172                   main
     00000582  A$lcc248320$1174                   main
     00000583  A$lcc248320$1175                   main
     00000584  A$lcc248320$1176                   main
     00000585  A$lcc248320$1177                   main
     00000586  A$lcc248320$1178                   main
     00000587  A$lcc248320$1179                   main
     00000588  A$lcc248320$1180                   main
     00000589  A$lcc248320$1181                   main
     0000058B  A$lcc248320$1182                   main
     0000058D  A$lcc248320$1184                   main
     0000058F  A$lcc248320$1185                   main
     00000591  A$lcc248320$1186                   main
     00000592  A$lcc248320$1187                   main
     00000594  A$lcc248320$1188                   main
     00000595  A$lcc248320$1189                   main
     00000597  A$lcc248320$1190                   main
     00000598  A$lcc248320$1191                   main
     00000599  A$lcc248320$1192                   main
     0000059A  A$lcc248320$1193                   main
     0000059B  A$lcc248320$1194                   main
     0000059E  A$lcc248320$1195                   main
     0000059F  A$lcc248320$1196                   main
     000005A0  A$lcc248320$1197                   main
     000005A1  A$lcc248320$1198                   main
     000005A3  A$lcc248320$1199                   main
     000005A4  A$lcc248320$1200                   main
     000005A5  A$lcc248320$1201                   main
     000005A6  A$lcc248320$1202                   main
     000005A8  A$lcc248320$1204                   main
     000005A9  A$lcc248320$1205                   main
     000005AA  A$lcc248320$1206                   main
     000005AB  A$lcc248320$1207                   main
     000005AC  A$lcc248320$1208                   main
     000005AE  A$lcc248320$1209                   main
     000005AF  A$lcc248320$1210                   main
     000005B0  A$lcc248320$1211                   main
     000005B2  A$lcc248320$1212                   main
     000005B3  A$lcc248320$1213                   main
     000005B4  A$lcc248320$1214                   main
     000005B5  A$lcc248320$1215                   main
     000005B6  A$lcc248320$1216                   main
     000005B8  A$lcc248320$1217                   main
     000005B9  A$lcc248320$1218                   main
     000005BA  A$lcc248320$1220                   main
     000005BB  A$lcc248320$1221                   main
     000005BD  A$lcc248320$1222                   main
     000005BF  A$lcc248320$1223                   main
     000005C0  A$lcc248320$1224                   main
     000005C2  A$lcc248320$1225                   main
ASxxxx Linker V03.00/V05.40 + sdld,  page 21.
Hexadecimal  [32-Bits]

Area                                    Addr        Size        Decimal Bytes (Attributes)
--------------------------------        ----        ----        ------- ----- ------------
_CODE                               00000200    00000A4C =        2636. bytes (REL,CON)

      Value  Global                              Global Defined In Module
      -----  --------------------------------   ------------------------
     000005C3  A$lcc248320$1227                   main
     000005C5  A$lcc248320$1228                   main
     000005C6  A$lcc248320$1229                   main
     000005C7  A$lcc248320$1230                   main
     000005C8  A$lcc248320$1231                   main
     000005C9  A$lcc248320$1232                   main
     000005CA  A$lcc248320$1233                   main
     000005CC  A$lcc248320$1234                   main
     000005CD  A$lcc248320$1235                   main
     000005CF  A$lcc248320$1236                   main
     000005D1  A$lcc248320$1238                   main
     000005D3  A$lcc248320$1239                   main
     000005D5  A$lcc248320$1240                   main
     000005D6  A$lcc248320$1241                   main
     000005D8  A$lcc248320$1242                   main
     000005D9  A$lcc248320$1243                   main
     000005DB  A$lcc248320$1244                   main
     000005DC  A$lcc248320$1245                   main
     000005DD  A$lcc248320$1246                   main
     000005DE  A$lcc248320$1247                   main
     000005DF  A$lcc248320$1248                   main
     000005E2  A$lcc248320$1249                   main
     000005E3  A$lcc248320$1250                   main
     000005E4  A$lcc248320$1251                   main
     000005E5  A$lcc248320$1252                   main
     000005E7  A$lcc248320$1253                   main
     000005E8  A$lcc248320$1254                   main
     000005E9  A$lcc248320$1255                   main
     000005EA  A$lcc248320$1256                   main
     000005EC  A$lcc248320$1258                   main
     000005ED  A$lcc248320$1259                   main
     000005EE  A$lcc248320$1260                   main
     000005EF  A$lcc248320$1261                   main
     000005F0  A$lcc248320$1262                   main
     000005F2  A$lcc248320$1263                   main
     000005F3  A$lcc248320$1264                   main
     000005F4  A$lcc248320$1265                   main
     000005F6  A$lcc248320$1266                   main
     000005F7  A$lcc248320$1267                   main
     000005F8  A$lcc248320$1268                   main
     000005F9  A$lcc248320$1269                   main
     000005FA  A$lcc248320$1270                   main
     000005FB  A$lcc248320$1271                   main
     000005FC  A$lcc248320$1272                   main
     000005FD  A$lcc248320$1273                   main
     000005FE  A$lcc248320$1274                   main
     00000600  A$lcc248320$1275                   main
     00000601  A$lcc248320$1276                   main
     00000602  A$lcc248320$1277                   main
     00000603  A$lcc248320$1278                   main
     00000605  A$lcc248320$1279                   main
ASxxxx Linker V03.00/V05.40 + sdld,  page 22.
Hexadecimal  [32-Bits]

Area                                    Addr        Size        Decimal Bytes (Attributes)
--------------------------------        ----        ----        ------- ----- ------------
_CODE                               00000200    00000A4C =        2636. bytes (REL,CON)

      Value  Global                              Global Defined In Module
      -----  --------------------------------   ------------------------
     00000606  A$lcc248320$1280                   main
     00000607  A$lcc248320$1281                   main
     00000608  A$lcc248320$1282                   main
     00000609  A$lcc248320$1283                   main
     0000060A  A$lcc248320$1284                   main
     0000060B  A$lcc248320$1285                   main
     0000060C  A$lcc248320$1289                   main
     0000060C  C$draw.h$43$3_0$162                main
     0000060F  A$lcc248320$1294                   main
     0000060F  C$draw.h$46$4_0$167                main
     00000611  A$lcc248320$1295                   main
     00000612  A$lcc248320$1296                   main
     00000614  A$lcc248320$1297                   main
     00000617  A$lcc248320$1299                   main
     00000619  A$lcc248320$1300                   main
     0000061A  A$lcc248320$1302                   main
     0000061C  A$lcc248320$1303                   main
     0000061D  A$lcc248320$1304                   main
     0000061E  A$lcc248320$1305                   main
     0000061F  A$lcc248320$1306                   main
     00000620  A$lcc248320$1307                   main
     00000621  A$lcc248320$1308                   main
     00000622  A$lcc248320$1309                   main
     00000623  A$lcc248320$1310                   main
     00000625  A$lcc248320$1311                   main
     00000627  A$lcc248320$1313                   main
     00000629  A$lcc248320$1314                   main
     0000062B  A$lcc248320$1315                   main
     0000062C  A$lcc248320$1316                   main
     0000062E  A$lcc248320$1317                   main
     0000062F  A$lcc248320$1318                   main
     00000631  A$lcc248320$1319                   main
     00000632  A$lcc248320$1320                   main
     00000633  A$lcc248320$1321                   main
     00000634  A$lcc248320$1322                   main
     00000635  A$lcc248320$1323                   main
     00000638  A$lcc248320$1324                   main
     00000639  A$lcc248320$1325                   main
     0000063A  A$lcc248320$1326                   main
     0000063B  A$lcc248320$1327                   main
     0000063D  A$lcc248320$1328                   main
     0000063E  A$lcc248320$1329                   main
     0000063F  A$lcc248320$1330                   main
     00000640  A$lcc248320$1331                   main
     00000642  A$lcc248320$1333                   main
     00000643  A$lcc248320$1334                   main
     00000644  A$lcc248320$1335                   main
     00000645  A$lcc248320$1336                   main
     00000646  A$lcc248320$1337                   main
     00000648  A$lcc248320$1338                   main
     00000649  A$lcc248320$1339                   main
ASxxxx Linker V03.00/V05.40 + sdld,  page 23.
Hexadecimal  [32-Bits]

Area                                    Addr        Size        Decimal Bytes (Attributes)
--------------------------------        ----        ----        ------- ----- ------------
_CODE                               00000200    00000A4C =        2636. bytes (REL,CON)

      Value  Global                              Global Defined In Module
      -----  --------------------------------   ------------------------
     0000064A  A$lcc248320$1340                   main
     0000064C  A$lcc248320$1341                   main
     0000064D  A$lcc248320$1342                   main
     0000064E  A$lcc248320$1343                   main
     0000064F  A$lcc248320$1344                   main
     00000650  A$lcc248320$1345                   main
     00000652  A$lcc248320$1346                   main
     00000653  A$lcc248320$1347                   main
     00000654  A$lcc248320$1349                   main
     00000655  A$lcc248320$1350                   main
     00000657  A$lcc248320$1351                   main
     00000658  A$lcc248320$1352                   main
     00000659  A$lcc248320$1353                   main
     0000065B  A$lcc248320$1354                   main
     0000065C  A$lcc248320$1355                   main
     0000065D  A$lcc248320$1356                   main
     0000065E  A$lcc248320$1358                   main
     00000660  A$lcc248320$1359                   main
     00000661  A$lcc248320$1360                   main
     00000662  A$lcc248320$1361                   main
     00000663  A$lcc248320$1362                   main
     00000664  A$lcc248320$1363                   main
     00000665  A$lcc248320$1364                   main
     00000666  A$lcc248320$1365                   main
     00000667  A$lcc248320$1366                   main
     00000669  A$lcc248320$1367                   main
     0000066B  A$lcc248320$1369                   main
     0000066D  A$lcc248320$1370                   main
     0000066F  A$lcc248320$1371                   main
     00000670  A$lcc248320$1372                   main
     00000672  A$lcc248320$1373                   main
     00000673  A$lcc248320$1374                   main
     00000675  A$lcc248320$1375                   main
     00000678  A$lcc248320$1376                   main
     00000679  A$lcc248320$1377                   main
     0000067A  A$lcc248320$1378                   main
     0000067B  A$lcc248320$1379                   main
     0000067C  A$lcc248320$1380                   main
     0000067D  A$lcc248320$1381                   main
     0000067E  A$lcc248320$1382                   main
     00000680  A$lcc248320$1383                   main
     00000681  A$lcc248320$1384                   main
     00000682  A$lcc248320$1385                   main
     00000683  A$lcc248320$1386                   main
     00000685  A$lcc248320$1387                   main
     00000686  A$lcc248320$1388                   main
     00000687  A$lcc248320$1389                   main
     00000688  A$lcc248320$1390                   main
     00000689  A$lcc248320$1391                   main
     0000068B  A$lcc248320$1392                   main
     0000068C  A$lcc248320$1393                   main
ASxxxx Linker V03.00/V05.40 + sdld,  page 24.
Hexadecimal  [32-Bits]

Area                                    Addr        Size        Decimal Bytes (Attributes)
--------------------------------        ----        ----        ------- ----- ------------
_CODE                               00000200    00000A4C =        2636. bytes (REL,CON)

      Value  Global                              Global Defined In Module
      -----  --------------------------------   ------------------------
     0000068D  A$lcc248320$1395                   main
     0000068E  A$lcc248320$1396                   main
     0000068F  A$lcc248320$1397                   main
     00000690  A$lcc248320$1398                   main
     00000691  A$lcc248320$1399                   main
     00000693  A$lcc248320$1400                   main
     00000694  A$lcc248320$1401                   main
     00000695  A$lcc248320$1402                   main
     00000697  A$lcc248320$1403                   main
     00000698  A$lcc248320$1404                   main
     00000699  A$lcc248320$1405                   main
     0000069A  A$lcc248320$1406                   main
     0000069B  A$lcc248320$1407                   main
     0000069C  A$lcc248320$1408                   main
     0000069D  A$lcc248320$1409                   main
     0000069E  A$lcc248320$1410                   main
     0000069F  A$lcc248320$1411                   main
     000006A1  A$lcc248320$1412                   main
     000006A2  A$lcc248320$1413                   main
     000006A3  A$lcc248320$1414                   main
     000006A4  A$lcc248320$1415                   main
     000006A6  A$lcc248320$1416                   main
     000006A7  A$lcc248320$1417                   main
     000006A8  A$lcc248320$1418                   main
     000006A9  A$lcc248320$1419                   main
     000006AA  A$lcc248320$1420                   main
     000006AC  A$lcc248320$1422                   main
     000006AD  A$lcc248320$1423                   main
     000006AE  A$lcc248320$1424                   main
     000006AF  A$lcc248320$1425                   main
     000006B1  A$lcc248320$1426                   main
     000006B2  A$lcc248320$1427                   main
     000006B3  A$lcc248320$1428                   main
     000006B5  A$lcc248320$1429                   main
     000006B7  A$lcc248320$1430                   main
     000006B8  A$lcc248320$1431                   main
     000006B9  A$lcc248320$1432                   main
     000006BA  A$lcc248320$1433                   main
     000006BC  A$lcc248320$1434                   main
     000006BD  A$lcc248320$1436                   main
     000006BF  A$lcc248320$1437                   main
     000006C0  A$lcc248320$1438                   main
     000006C1  A$lcc248320$1439                   main
     000006C2  A$lcc248320$1440                   main
     000006C3  A$lcc248320$1441                   main
     000006C4  A$lcc248320$1442                   main
     000006C6  A$lcc248320$1443                   main
     000006C7  A$lcc248320$1444                   main
     000006C9  A$lcc248320$1445                   main
     000006CB  A$lcc248320$1447                   main
     000006CD  A$lcc248320$1448                   main
ASxxxx Linker V03.00/V05.40 + sdld,  page 25.
Hexadecimal  [32-Bits]

Area                                    Addr        Size        Decimal Bytes (Attributes)
--------------------------------        ----        ----        ------- ----- ------------
_CODE                               00000200    00000A4C =        2636. bytes (REL,CON)

      Value  Global                              Global Defined In Module
      -----  --------------------------------   ------------------------
     000006CF  A$lcc248320$1449                   main
     000006D0  A$lcc248320$1450                   main
     000006D2  A$lcc248320$1451                   main
     000006D3  A$lcc248320$1452                   main
     000006D5  A$lcc248320$1453                   main
     000006D6  A$lcc248320$1454                   main
     000006D7  A$lcc248320$1455                   main
     000006DA  A$lcc248320$1456                   main
     000006DB  A$lcc248320$1457                   main
     000006DC  A$lcc248320$1458                   main
     000006DD  A$lcc248320$1459                   main
     000006DF  A$lcc248320$1460                   main
     000006E0  A$lcc248320$1461                   main
     000006E1  A$lcc248320$1462                   main
     000006E2  A$lcc248320$1463                   main
     000006E4  A$lcc248320$1465                   main
     000006E5  A$lcc248320$1466                   main
     000006E6  A$lcc248320$1467                   main
     000006E7  A$lcc248320$1468                   main
     000006E8  A$lcc248320$1469                   main
     000006E9  A$lcc248320$1470                   main
     000006EA  A$lcc248320$1471                   main
     000006EB  A$lcc248320$1472                   main
     000006EC  A$lcc248320$1473                   main
     000006ED  A$lcc248320$1474                   main
     000006EE  A$lcc248320$1475                   main
     000006EF  A$lcc248320$1476                   main
     000006F0  A$lcc248320$1477                   main
     000006F1  A$lcc248320$1478                   main
     000006F2  A$lcc248320$1479                   main
     000006F3  A$lcc248320$1480                   main
     000006F4  A$lcc248320$1481                   main
     000006F5  A$lcc248320$1482                   main
     000006F6  A$lcc248320$1483                   main
     000006F7  A$lcc248320$1484                   main
     000006F9  A$lcc248320$1486                   main
     000006FA  A$lcc248320$1487                   main
     000006FB  A$lcc248320$1488                   main
     000006FC  A$lcc248320$1490                   main
     000006FE  A$lcc248320$1491                   main
     000006FF  A$lcc248320$1492                   main
     00000700  A$lcc248320$1493                   main
     00000701  A$lcc248320$1494                   main
     00000702  A$lcc248320$1495                   main
     00000703  A$lcc248320$1496                   main
     00000705  A$lcc248320$1497                   main
     00000706  A$lcc248320$1498                   main
     00000708  A$lcc248320$1499                   main
     0000070A  A$lcc248320$1501                   main
     0000070C  A$lcc248320$1502                   main
     0000070E  A$lcc248320$1503                   main
ASxxxx Linker V03.00/V05.40 + sdld,  page 26.
Hexadecimal  [32-Bits]

Area                                    Addr        Size        Decimal Bytes (Attributes)
--------------------------------        ----        ----        ------- ----- ------------
_CODE                               00000200    00000A4C =        2636. bytes (REL,CON)

      Value  Global                              Global Defined In Module
      -----  --------------------------------   ------------------------
     0000070F  A$lcc248320$1504                   main
     00000711  A$lcc248320$1505                   main
     00000712  A$lcc248320$1506                   main
     00000714  A$lcc248320$1507                   main
     00000715  A$lcc248320$1508                   main
     00000716  A$lcc248320$1509                   main
     00000719  A$lcc248320$1510                   main
     0000071A  A$lcc248320$1511                   main
     0000071B  A$lcc248320$1512                   main
     0000071C  A$lcc248320$1513                   main
     0000071E  A$lcc248320$1514                   main
[...]
--------------------------------        ----        ----        ------- ----- ------------
_HEADER2                            00000000    00000007 =           7. bytes (ABS,CON)

      Value  Global                              Global Defined In Module
      -----  --------------------------------   ------------------------
     00000030  .MemcpySmall                       Runtime

ASxxxx Linker V03.00/V05.40 + sdld,  page 49.
Hexadecimal  [32-Bits]

Area                                    Addr        Size        Decimal Bytes (Attributes)
--------------------------------        ----        ----        ------- ----- ------------
_HEADER3                            00000000    00000008 =           8. bytes (ABS,CON)

      Value  Global                              Global Defined In Module
      -----  --------------------------------   ------------------------
ASxxxx Linker V03.00/V05.40 + sdld,  page 50.
Hexadecimal  [32-Bits]

Area                                    Addr        Size        Decimal Bytes (Attributes)
--------------------------------        ----        ----        ------- ----- ------------
_HEADER4                            00000000    00000060 =          96. bytes (ABS,CON)

      Value  Global                              Global Defined In Module
      -----  --------------------------------   ------------------------
     00000080  .int                               Runtime
     0000008F  _wait_int_handler                  Runtime
     0000009C  __standard_VBL_handler             Runtime
     000000AB  _refresh_OAM                       Runtime
     000000CC  _set_interrupts                    Runtime

ASxxxx Linker V03.00/V05.40 + sdld,  page 51.
Hexadecimal  [32-Bits]

Area                                    Addr        Size        Decimal Bytes (Attributes)
--------------------------------        ----        ----        ------- ----- ------------
_HEADER5                            00000000    00000001 =           1. bytes (ABS,CON)

      Value  Global                              Global Defined In Module
      -----  --------------------------------   ------------------------
ASxxxx Linker V03.00/V05.40 + sdld,  page 52.
Hexadecimal  [32-Bits]

Area                                    Addr        Size        Decimal Bytes (Attributes)
--------------------------------        ----        ----        ------- ----- ------------
_HEADER6                            00000000    00000002 =           2. bytes (ABS,CON)

      Value  Global                              Global Defined In Module
      -----  --------------------------------   ------------------------
ASxxxx Linker V03.00/V05.40 + sdld,  page 53.
Hexadecimal  [32-Bits]

Area                                    Addr        Size        Decimal Bytes (Attributes)
--------------------------------        ----        ----        ------- ----- ------------
_HEADER7                            00000000    00000030 =          48. bytes (ABS,CON)

      Value  Global                              Global Defined In Module
      -----  --------------------------------   ------------------------
ASxxxx Linker V03.00/V05.40 + sdld,  page 54.
Hexadecimal  [32-Bits]

Area                                    Addr        Size        Decimal Bytes (Attributes)
--------------------------------        ----        ----        ------- ----- ------------
_HEADER8                            00000000    00000006 =           6. bytes (ABS,CON)

      Value  Global                              Global Defined In Module
      -----  --------------------------------   ------------------------
ASxxxx Linker V03.00/V05.40 + sdld,  page 55.
Hexadecimal  [32-Bits]

Area                                    Addr        Size        Decimal Bytes (Attributes)
--------------------------------        ----        ----        ------- ----- ------------
_HEADER9                            00000000    00000003 =           3. bytes (ABS,CON)

      Value  Global                              Global Defined In Module
      -----  --------------------------------   ------------------------
ASxxxx Linker V03.00/V05.40 + sdld,  page 56.
Hexadecimal  [32-Bits]

Area                                    Addr        Size        Decimal Bytes (Attributes)
--------------------------------        ----        ----        ------- ----- ------------
_HEADERa                            00000000    00000001 =           1. bytes (ABS,CON)

      Value  Global                              Global Defined In Module
      -----  --------------------------------   ------------------------
ASxxxx Linker V03.00/V05.40 + sdld,  page 57.
Hexadecimal  [32-Bits]

Area                                    Addr        Size        Decimal Bytes (Attributes)
--------------------------------        ----        ----        ------- ----- ------------
_HEADERb                            00000000    00000001 =           1. bytes (ABS,CON)

      Value  Global                              Global Defined In Module
      -----  --------------------------------   ------------------------
ASxxxx Linker V03.00/V05.40 + sdld,  page 58.
Hexadecimal  [32-Bits]

Area                                    Addr        Size        Decimal Bytes (Attributes)
--------------------------------        ----        ----        ------- ----- ------------
_HEADERc                            00000000    00000001 =           1. bytes (ABS,CON)

      Value  Global                              Global Defined In Module
      -----  --------------------------------   ------------------------
ASxxxx Linker V03.00/V05.40 + sdld,  page 59.
Hexadecimal  [32-Bits]

Area                                    Addr        Size        Decimal Bytes (Attributes)
--------------------------------        ----        ----        ------- ----- ------------
_HEADERd                            00000000    00000002 =           2. bytes (ABS,CON)

      Value  Global                              Global Defined In Module
      -----  --------------------------------   ------------------------
ASxxxx Linker V03.00/V05.40 + sdld,  page 60.
Hexadecimal  [32-Bits]

Area                                    Addr        Size        Decimal Bytes (Attributes)
--------------------------------        ----        ----        ------- ----- ------------
_HEADERe                            00000000    00000001 =           1. bytes (ABS,CON)

      Value  Global                              Global Defined In Module
      -----  --------------------------------   ------------------------
ASxxxx Linker V03.00/V05.40 + sdld,  page 61.
Hexadecimal  [32-Bits]

Area                                    Addr        Size        Decimal Bytes (Attributes)
--------------------------------        ----        ----        ------- ----- ------------
_HEADERf                            00000000    00000001 =           1. bytes (ABS,CON)

      Value  Global                              Global Defined In Module
      -----  --------------------------------   ------------------------
ASxxxx Linker V03.00/V05.40 + sdld,  page 62.
Hexadecimal  [32-Bits]

Area                                    Addr        Size        Decimal Bytes (Attributes)
--------------------------------        ----        ----        ------- ----- ------------
_HEADER10                           00000000    00000002 =           2. bytes (ABS,CON)

      Value  Global                              Global Defined In Module
      -----  --------------------------------   ------------------------
ASxxxx Linker V03.00/V05.40 + sdld,  page 63.
Hexadecimal  [32-Bits]

Area                                    Addr        Size        Decimal Bytes (Attributes)
--------------------------------        ----        ----        ------- ----- ------------
_HEADER11                           00000000    000000AB =         171. bytes (ABS,CON)

      Value  Global                              Global Defined In Module
      -----  --------------------------------   ------------------------
     00000150  .reset                             Runtime
     00000150  _reset                             Runtime
     00000157  .code_start                        Runtime
     000001B9  _exit                              Runtime
     000001BD  .wait_vbl_done                     Runtime
     000001BD  _vsync                             Runtime
     000001BD  _wait_vbl_done                     Runtime
     000001CD  .remove_VBL                        Runtime
     000001CD  _remove_VBL                        Runtime
     000001D0  .remove_int                        Runtime
     000001ED  .add_VBL                           Runtime
     000001ED  _add_VBL                           Runtime
     000001F0  .add_int                           Runtime

ASxxxx Linker V03.00/V05.40 + sdld,  page 64.
Hexadecimal  [32-Bits]

Area                                    Addr        Size        Decimal Bytes (Attributes)
--------------------------------        ----        ----        ------- ----- ------------
_HOME                               00000C4C    000000BB =         187. bytes (REL,CON)

      Value  Global                              Global Defined In Module
      -----  --------------------------------   ------------------------
     00000C4C  .memset_simple                     Runtime
     00000C55  .memcpy_simple                     Runtime
     00000C72  .display_off                       Runtime
     00000C72  _display_off                       Runtime
     00000C8A  _set_tile_data                     
     00000C8F  _set_bkg_data                      
     00000C8F  _set_win_data                      
     00000C97  _set_sprite_data                   
     00000CC7  .padup                             
     00000CC7  _waitpadup                         
     00000CD7  .jpad                              
     00000CD7  _joypad                            
     00000CFF  _waitpad                           
     00000D00  .wait_pad                          

ASxxxx Linker V03.00/V05.40 + sdld,  page 65.
Hexadecimal  [32-Bits]

Area                                    Addr        Size        Decimal Bytes (Attributes)
--------------------------------        ----        ----        ------- ----- ------------
_INITIALIZER                        00000D07    00000185 =         389. bytes (REL,CON)

      Value  Global                              Global Defined In Module
      -----  --------------------------------   ------------------------
     00000D07  Fmain$__xinit_next_entity_id$0_0   main
     00000D09  Fmain$__xinit_vram_next_index$0_   main
     00000D0A  Fmain$__xinit_spr_Player_down0_0   main
     00000D1A  Fmain$__xinit_spr_Player_down0_1   main
     00000D2A  Fmain$__xinit_spr_Player_down0_0   main
     00000D3A  Fmain$__xinit_spr_Player_down0_1   main
     00000D4A  Fmain$__xinit_spr_Player_down1_0   main
     00000D5A  Fmain$__xinit_spr_Player_down1_1   main
     00000D6A  Fmain$__xinit_spr_Player_down1_0   main
     00000D7A  Fmain$__xinit_spr_Player_down1_1   main
     00000D8A  Fmain$__xinit_spr_Player_down2_0   main
     00000D9A  Fmain$__xinit_spr_Player_down2_1   main
     00000DAA  Fmain$__xinit_spr_Player_down2_0   main
     00000DBA  Fmain$__xinit_spr_Player_down2_1   main
     00000DCA  Fmain$__xinit_spr_Player_up0_00$   main
     00000DDA  Fmain$__xinit_spr_Player_up0_10$   main
     00000DEA  Fmain$__xinit_spr_Player_up0_01$   main
     00000DFA  Fmain$__xinit_spr_Player_up0_11$   main
     00000E0A  Fmain$__xinit_spr_Player_up1_00$   main
     00000E1A  Fmain$__xinit_spr_Player_up1_10$   main
     00000E2A  Fmain$__xinit_spr_Player_up1_01$   main
     00000E3A  Fmain$__xinit_spr_Player_up1_11$   main
     00000E4A  Fmain$__xinit_spr_Player_up2_00$   main
     00000E5A  Fmain$__xinit_spr_Player_up2_10$   main
     00000E6A  Fmain$__xinit_spr_Player_up2_01$   main
     00000E7A  Fmain$__xinit_spr_Player_up2_11$   main
     00000E8A  Fmain$__xinit_current_direction$   main
     00000E8B  Fmain$__xinit_last_keys$0_0$0      main

ASxxxx Linker V03.00/V05.40 + sdld,  page 66.
Hexadecimal  [32-Bits]

Area                                    Addr        Size        Decimal Bytes (Attributes)
--------------------------------        ----        ----        ------- ----- ------------
_GSINIT                             00000E8C    0000000C =          12. bytes (REL,CON)

      Value  Global                              Global Defined In Module
      -----  --------------------------------   ------------------------
     00000E8C  gsinit                             Runtime

ASxxxx Linker V03.00/V05.40 + sdld,  page 67.
Hexadecimal  [32-Bits]

Area                                    Addr        Size        Decimal Bytes (Attributes)
--------------------------------        ----        ----        ------- ----- ------------
_GSFINAL                            00000E98    00000001 =           1. bytes (REL,CON)

      Value  Global                              Global Defined In Module
      -----  --------------------------------   ------------------------
ASxxxx Linker V03.00/V05.40 + sdld,  page 68.
Hexadecimal  [32-Bits]

Area                                    Addr        Size        Decimal Bytes (Attributes)
--------------------------------        ----        ----        ------- ----- ------------
_DATA                               0000C0A0    00001D17 =        7447. bytes (REL,CON)

      Value  Global                              Global Defined In Module
      -----  --------------------------------   ------------------------
     0000C0A0  __cpu                              Runtime
     0000C0A1  __is_GBA                           Runtime
     0000C0A2  .mode                              Runtime
     0000C0A3  .sys_time                          Runtime
     0000C0A3  _sys_time                          Runtime
     0000C0A5  .int_0x40                          Runtime
     0000C0B1  G$position$0_0$0                   main
     0000C0B1  _position                          main
     0000C3B1  G$render$0_0$0                     main
     0000C3B1  _render                            main
     0000C531  G$animation$0_0$0                  main
     0000C531  _animation                         main
     0000DDB1  G$player$0_0$0                     main
     0000DDB1  _player                            main
     0000DDB3  G$player_animations$0_0$0          main
     0000DDB3  _player_animations                 main

ASxxxx Linker V03.00/V05.40 + sdld,  page 69.
Hexadecimal  [32-Bits]

Area                                    Addr        Size        Decimal Bytes (Attributes)
--------------------------------        ----        ----        ------- ----- ------------
_INITIALIZED                        0000DDB7    00000185 =         389. bytes (REL,CON)

      Value  Global                              Global Defined In Module
      -----  --------------------------------   ------------------------
     0000DDB7  Fmain$next_entity_id$0_0$0         main
     0000DDB9  G$vram_next_index$0_0$0            main
     0000DDB9  _vram_next_index                   main
     0000DDBA  G$spr_Player_down0_00$0_0$0        main
     0000DDBA  _spr_Player_down0_00               main
     0000DDCA  G$spr_Player_down0_10$0_0$0        main
     0000DDCA  _spr_Player_down0_10               main
     0000DDDA  G$spr_Player_down0_01$0_0$0        main
     0000DDDA  _spr_Player_down0_01               main
     0000DDEA  G$spr_Player_down0_11$0_0$0        main
     0000DDEA  _spr_Player_down0_11               main
     0000DDFA  G$spr_Player_down1_00$0_0$0        main
     0000DDFA  _spr_Player_down1_00               main
     0000DE0A  G$spr_Player_down1_10$0_0$0        main
     0000DE0A  _spr_Player_down1_10               main
     0000DE1A  G$spr_Player_down1_01$0_0$0        main
     0000DE1A  _spr_Player_down1_01               main
     0000DE2A  G$spr_Player_down1_11$0_0$0        main
     0000DE2A  _spr_Player_down1_11               main
     0000DE3A  G$spr_Player_down2_00$0_0$0        main
     0000DE3A  _spr_Player_down2_00               main
     0000DE4A  G$spr_Player_down2_10$0_0$0        main
     0000DE4A  _spr_Player_down2_10               main
     0000DE5A  G$spr_Player_down2_01$0_0$0        main
     0000DE5A  _spr_Player_down2_01               main
     0000DE6A  G$spr_Player_down2_11$0_0$0        main
     0000DE6A  _spr_Player_down2_11               main
     0000DE7A  G$spr_Player_up0_00$0_0$0          main
     0000DE7A  _spr_Player_up0_00                 main
     0000DE8A  G$spr_Player_up0_10$0_0$0          main
     0000DE8A  _spr_Player_up0_10                 main
     0000DE9A  G$spr_Player_up0_01$0_0$0          main
     0000DE9A  _spr_Player_up0_01                 main
     0000DEAA  G$spr_Player_up0_11$0_0$0          main
     0000DEAA  _spr_Player_up0_11                 main
     0000DEBA  G$spr_Player_up1_00$0_0$0          main
     0000DEBA  _spr_Player_up1_00                 main
     0000DECA  G$spr_Player_up1_10$0_0$0          main
     0000DECA  _spr_Player_up1_10                 main
     0000DEDA  G$spr_Player_up1_01$0_0$0          main
     0000DEDA  _spr_Player_up1_01                 main
     0000DEEA  G$spr_Player_up1_11$0_0$0          main
     0000DEEA  _spr_Player_up1_11                 main
     0000DEFA  G$spr_Player_up2_00$0_0$0          main
     0000DEFA  _spr_Player_up2_00                 main
     0000DF0A  G$spr_Player_up2_10$0_0$0          main
     0000DF0A  _spr_Player_up2_10                 main
     0000DF1A  G$spr_Player_up2_01$0_0$0          main
     0000DF1A  _spr_Player_up2_01                 main
     0000DF2A  G$spr_Player_up2_11$0_0$0          main
ASxxxx Linker V03.00/V05.40 + sdld,  page 70.
Hexadecimal  [32-Bits]

Area                                    Addr        Size        Decimal Bytes (Attributes)
--------------------------------        ----        ----        ------- ----- ------------
_INITIALIZED                        0000DDB7    00000185 =         389. bytes (REL,CON)

      Value  Global                              Global Defined In Module
      -----  --------------------------------   ------------------------
     0000DF2A  _spr_Player_up2_11                 main
     0000DF3A  G$current_direction$0_0$0          main
     0000DF3A  _current_direction                 main
     0000DF3B  G$last_keys$0_0$0                  main
     0000DF3B  _last_keys                         main

ASxxxx Linker V03.00/V05.40 + sdld,  page 71.
Hexadecimal  [32-Bits]

Area                                    Addr        Size        Decimal Bytes (Attributes)
--------------------------------        ----        ----        ------- ----- ------------
_HRAM                               0000FF80    00000013 =          19. bytes (REL,CON)

      Value  Global                              Global Defined In Module
      -----  --------------------------------   ------------------------
     0000FF80  .refresh_OAM                       Runtime
     0000FF90  __current_bank                     Runtime
     0000FF91  __vbl_done                         Runtime
     0000FF92  __shadow_OAM_base                  Runtime

ASxxxx Linker V03.00/V05.40 + sdld,  page 72.

Files Linked                              [ module(s) ]

C:\Program Files\GBDK\lib/gb/crt0.o       [ Runtime ]
C:\Users\Bau_M\AppData\Local\Temp/lcc248320.o
                                          [ main ]


Libraries Linked                          [ object file ]

C:\Program Files\GBDK\lib/gb/gb.lib       [ set_data.o ]
C:\Program Files\GBDK\lib/sm83/sm83.lib   [ mul.o ]
C:\Program Files\GBDK\lib/gb/gb.lib       [ pad.o ]
C:\Program Files\GBDK\lib/gb/gb.lib       [ sfr.o ]

ASxxxx Linker V03.00/V05.40 + sdld,  page 73.

User Base Address Definitions

_DATA=0xC0A0
_CODE=0x0200
_HRAM=0xFF80
ASxxxx Linker V03.00/V05.40 + sdld,  page 74.

User Global Definitions

_shadow_OAM=0xC000
.STACK=0xE000

