ASxxxx Linker V03.00/V05.40 + sdld,  page 1.
Hexadecimal  [32-Bits]

Area                                    Addr        Size        Decimal Bytes (Attributes)
--------------------------------        ----        ----        ------- ----- ------------
.  .ABS.                            00000000    00000000 =           0. bytes (ABS,CON)

      Value  Global                              Global Defined In Module
      -----  --------------------------------   ------------------------
     00000000  .__.ABS.                           SetTileMap
     00000000  _rMBC7_SRAM_ENABLE_1               
     00000000  _rRAMG                             
     00000000  l__BASE                         
     00000000  l__BSS                          
     00000000  l__CABS                         
     00000000  l__CODE_0                       
     00000000  l__DABS                         
     00000000  l__HEADER                       
     00000000  l__LIT                          
     00000000  s__CABS                         
     00000000  s__DABS                         
     00000000  s__HEADER                       
     00000000  s__HEADER0                      
     00000000  s__HEADER1                      
     00000000  s__HEADER10                     
     00000000  s__HEADER11                     
     00000000  s__HEADER2                      
     00000000  s__HEADER3                      
     00000000  s__HEADER4                      
     00000000  s__HEADER5                      
     00000000  s__HEADER6                      
     00000000  s__HEADER7                      
     00000000  s__HEADER8                      
     00000000  s__HEADER9                      
     00000000  s__HEADERa                      
     00000000  s__HEADERb                      
     00000000  s__HEADERc                      
     00000000  s__HEADERd                      
     00000000  s__HEADERe                      
     00000000  s__HEADERf                      
     00000001  l__GSFINAL                      
     00000001  l__HEADER0                      
     00000001  l__HEADER5                      
     00000001  l__HEADERa                      
     00000001  l__HEADERb                      
     00000001  l__HEADERc                      
     00000001  l__HEADERe                      
     00000001  l__HEADERf                      
     00000001  l__HEAP_END                     
     00000002  l__HEADER10                     
     00000002  l__HEADER6                      
     00000002  l__HEADERd                      
     00000003  l__HEADER9                      
     00000005  l__HEADER1                      
     00000006  l__HEADER8                      
     00000007  l__HEADER2                      
     00000008  l__HEADER3                      
     0000000F  l__GSINIT                       
     00000013  l__HRAM                         
ASxxxx Linker V03.00/V05.40 + sdld,  page 2.
Hexadecimal  [32-Bits]

Area                                    Addr        Size        Decimal Bytes (Attributes)
--------------------------------        ----        ----        ------- ----- ------------
.  .ABS.                            00000000    00000000 =           0. bytes (ABS,CON)

      Value  Global                              Global Defined In Module
      -----  --------------------------------   ------------------------
     00000030  l__HEADER7                      
     00000060  l__HEADER4                      
     000000AB  l__HEADER11                     
     0000012C  l__HOME                         
     00000200  s__CODE                         
     00000239  l__INITIALIZED                  
     00000239  l__INITIALIZER                  
     00000319  l__DATA                         
     000007FF  l__HEAP                         
     00000E0F  l__CODE_2                       
     00001220  l__CODE_1                       
     00002000  _rROMB0                            
     00002F3E  l__CODE                         
     00003000  _rROMB1                            
     0000313E  s__HOME                         
     0000326A  s__BASE                         
     0000326A  s__CODE_0                       
     0000326A  s__INITIALIZER                  
     0000326A  s__LIT                          
     000034A3  s__GSINIT                       
     000034B2  s__GSFINAL                      
     00004000  _rMBC7_SRAM_ENABLE_2               
     00004000  _rRAMB                             
     00008000  __VRAM                             
     00008000  __VRAM8000                         
     00008800  __VRAM8800                         
     00009000  __VRAM9000                         
     00009800  __SCRN0                            
     00009C00  __SCRN1                            
     0000A000  __SRAM                             
     0000A000  _rMBC7_LATCH_1                     
     0000A010  _rMBC7_LATCH_2                     
     0000A020  _rMBC7_ACCEL_X_LO                  
     0000A030  _rMBC7_ACCEL_X_HI                  
     0000A040  _rMBC7_ACCEL_Y_LO                  
     0000A050  _rMBC7_ACCEL_Y_HI                  
     0000C000  __RAM                              
     0000C000  _shadow_OAM                     
     0000C0A0  s__DATA                         
     0000C3B9  s__BSS                          
     0000C3B9  s__INITIALIZED                  
     0000C5F2  s__HEAP                         
     0000CDF1  s__HEAP_END                     
     0000D000  __RAMBANK                          
     0000E000  .STACK                          
     0000FE00  __OAMRAM                           
     0000FF00  _P1_REG                            
     0000FF00  __IO                               
     0000FF01  _SB_REG                            
     0000FF02  _SC_REG                            
     0000FF04  _DIV_REG                           
ASxxxx Linker V03.00/V05.40 + sdld,  page 3.
Hexadecimal  [32-Bits]

Area                                    Addr        Size        Decimal Bytes (Attributes)
--------------------------------        ----        ----        ------- ----- ------------
.  .ABS.                            00000000    00000000 =           0. bytes (ABS,CON)

      Value  Global                              Global Defined In Module
      -----  --------------------------------   ------------------------
     0000FF05  _TIMA_REG                          
     0000FF06  _TMA_REG                           
     0000FF07  _TAC_REG                           
     0000FF0F  _IF_REG                            
     0000FF10  _NR10_REG                          
     0000FF11  _NR11_REG                          
     0000FF12  _NR12_REG                          
     0000FF13  _NR13_REG                          
     0000FF14  _NR14_REG                          
     0000FF16  _NR21_REG                          
     0000FF17  _NR22_REG                          
     0000FF18  _NR23_REG                          
     0000FF19  _NR24_REG                          
     0000FF1A  _NR30_REG                          
     0000FF1B  _NR31_REG                          
     0000FF1C  _NR32_REG                          
     0000FF1D  _NR33_REG                          
     0000FF1E  _NR34_REG                          
     0000FF20  _NR41_REG                          
     0000FF21  _NR42_REG                          
     0000FF22  _NR43_REG                          
     0000FF23  _NR44_REG                          
     0000FF24  _NR50_REG                          
     0000FF25  _NR51_REG                          
     0000FF26  _NR52_REG                          
     0000FF30  _AUD3WAVE                          
     0000FF30  _PCM_SAMPLE                        
     0000FF30  __AUD3WAVERAM                      
     0000FF40  _LCDC_REG                          
     0000FF41  _STAT_REG                          
     0000FF42  _SCY_REG                           
     0000FF43  _SCX_REG                           
     0000FF44  _LY_REG                            
     0000FF45  _LYC_REG                           
     0000FF46  _DMA_REG                           
     0000FF47  _BGP_REG                           
     0000FF48  _OBP0_REG                          
     0000FF49  _OBP1_REG                          
     0000FF4A  _WY_REG                            
     0000FF4B  _WX_REG                            
     0000FF4D  _KEY1_REG                          
     0000FF4F  _VBK_REG                           
     0000FF51  _HDMA1_REG                         
     0000FF52  _HDMA2_REG                         
     0000FF53  _HDMA3_REG                         
     0000FF54  _HDMA4_REG                         
     0000FF55  _HDMA5_REG                         
     0000FF56  _RP_REG                            
     0000FF68  _BCPS_REG                          
     0000FF69  _BCPD_REG                          
     0000FF6A  _OCPS_REG                          
ASxxxx Linker V03.00/V05.40 + sdld,  page 4.
Hexadecimal  [32-Bits]

Area                                    Addr        Size        Decimal Bytes (Attributes)
--------------------------------        ----        ----        ------- ----- ------------
.  .ABS.                            00000000    00000000 =           0. bytes (ABS,CON)

      Value  Global                              Global Defined In Module
      -----  --------------------------------   ------------------------
     0000FF6B  _OCPD_REG                          
     0000FF70  _SVBK_REG                          
     0000FF76  _PCM12_REG                         
     0000FF77  _PCM34_REG                         
     0000FF80  __HRAM                             
     0000FF80  s__HRAM                         
     0000FFFF  _IE_REG                            
     00014000  s__CODE_1                       
     00024000  s__CODE_2                       

ASxxxx Linker V03.00/V05.40 + sdld,  page 5.
Hexadecimal  [32-Bits]

Area                                    Addr        Size        Decimal Bytes (Attributes)
--------------------------------        ----        ----        ------- ----- ------------
_CODE                               00000200    00002F3E =       12094. bytes (REL,CON)

      Value  Global                              Global Defined In Module
      -----  --------------------------------   ------------------------
     00000200  A$lcc187720$58                     buttons
     00000200  C$buttons.c$21$0_0$126             buttons
     00000200  C$buttons.c$22$1_0$126             buttons
     00000200  G$init_buttons_tileset$0$0         buttons
     00000200  _init_buttons_tileset              buttons
     00000203  A$lcc187720$59                     buttons
     00000204  A$lcc187720$60                     buttons
     00000207  A$lcc187720$61                     buttons
     00000208  A$lcc187720$62                     buttons
     0000020B  A$lcc187720$63                     buttons
     0000020D  A$lcc187720$71                     buttons
     0000020D  C$buttons.c$23$1_0$126             buttons
     0000020D  XG$init_buttons_tileset$0$0        buttons
     0000020E  G$buttons_tileset$0_0$0            buttons
     0000020E  _buttons_tileset                   buttons
     0000023E  G$buttons_tilemap$0_0$0            buttons
     0000023E  _buttons_tilemap                   buttons
     00000241  G$chars_tileset$0_0$0              chars
     00000241  _chars_tileset                     chars
     00000441  G$chars_tilemap$0_0$0              chars
     00000441  _chars_tilemap                     chars
     00000460  G$numbers_tileset$0_0$0            numbers
     00000460  _numbers_tileset                   numbers
     00000500  G$numbers_tilemap$0_0$0            numbers
     00000500  _numbers_tilemap                   numbers
     0000050A  G$gender_select_tilemap$0_0$0      gender_select_tilemap
     0000050A  _gender_select_tilemap             gender_select_tilemap
     00000672  G$gender_select_tileset$0_0$0      gender_select_tileset
     00000672  _gender_select_tileset             gender_select_tileset
     00000962  A$lcc187729$58                     npc_icons
     00000962  C$npc_icons.c$27$0_0$127           npc_icons
     00000962  C$npc_icons.c$28$1_0$127           npc_icons
     00000962  G$InitNPCIcons$0$0                 npc_icons
     00000962  _InitNPCIcons                      npc_icons
     00000965  A$lcc187729$59                     npc_icons
     00000966  A$lcc187729$60                     npc_icons
     00000969  A$lcc187729$61                     npc_icons
     0000096A  A$lcc187729$62                     npc_icons
     0000096D  A$lcc187729$63                     npc_icons
     0000096F  A$lcc187729$71                     npc_icons
     0000096F  C$npc_icons.c$29$1_0$127           npc_icons
     0000096F  XG$InitNPCIcons$0$0                npc_icons
     00000970  G$npc_icons_tileset$0_0$0          npc_icons
     00000970  _npc_icons_tileset                 npc_icons
     000009D0  G$npc_icons_tilemap$0_0$0          npc_icons
     000009D0  _npc_icons_tilemap                 npc_icons
     000009D6  G$text_frame_tileset$0_0$0         text_frame
     000009D6  _text_frame_tileset                text_frame
     00000B36  G$text_frame_tilemap$0_0$0         text_frame
     00000B36  _text_frame_tilemap                text_frame
ASxxxx Linker V03.00/V05.40 + sdld,  page 6.
Hexadecimal  [32-Bits]

Area                                    Addr        Size        Decimal Bytes (Attributes)
--------------------------------        ----        ----        ------- ----- ------------
_CODE                               00000200    00002F3E =       12094. bytes (REL,CON)

      Value  Global                              Global Defined In Module
      -----  --------------------------------   ------------------------
     00000B4F  A$lcc1877212$54                    text_frame_init
     00000B4F  C$text_frame_init.c$5$0_0$128      text_frame_init
     00000B4F  G$TextFrame_Init$0$0               text_frame_init
     00000B4F  _TextFrame_Init                    text_frame_init
     00000B51  A$lcc1877212$55                    text_frame_init
     00000B53  A$lcc1877212$56                    text_frame_init
     00000B54  A$lcc1877212$57                    text_frame_init
     00000B55  A$lcc1877212$61                    text_frame_init
     00000B55  C$text_frame_init.c$7$1_0$128      text_frame_init
     00000B58  A$lcc1877212$62                    text_frame_init
     00000B59  A$lcc1877212$63                    text_frame_init
     00000B5C  A$lcc1877212$64                    text_frame_init
     00000B5D  A$lcc1877212$65                    text_frame_init
     00000B60  A$lcc1877212$66                    text_frame_init
     00000B62  A$lcc1877212$70                    text_frame_init
     00000B62  C$text_frame_init.c$14$3_1$131     text_frame_init
     00000B64  A$lcc1877212$71                    text_frame_init
     00000B65  A$lcc1877212$72                    text_frame_init
     00000B66  A$lcc1877212$73                    text_frame_init
     00000B67  A$lcc1877212$78                    text_frame_init
     00000B67  C$text_frame_init.c$16$3_1$131     text_frame_init
     00000B69  A$lcc1877212$79                    text_frame_init
     00000B6A  A$lcc1877212$80                    text_frame_init
     00000B6B  A$lcc1877212$81                    text_frame_init
     00000B6C  A$lcc1877212$82                    text_frame_init
     00000B6D  A$lcc1877212$83                    text_frame_init
     00000B6E  A$lcc1877212$87                    text_frame_init
     00000B6E  C$text_frame_init.c$19$3_1$131     text_frame_init
     00000B6F  A$lcc1877212$88                    text_frame_init
     00000B70  A$lcc1877212$89                    text_frame_init
     00000B71  A$lcc1877212$90                    text_frame_init
     00000B73  A$lcc1877212$91                    text_frame_init
     00000B76  A$lcc1877212$92                    text_frame_init
     00000B77  A$lcc1877212$93                    text_frame_init
     00000B78  A$lcc1877212$94                    text_frame_init
     00000B7A  A$lcc1877212$95                    text_frame_init
     00000B7B  A$lcc1877212$96                    text_frame_init
     00000B7D  A$lcc1877212$97                    text_frame_init
     00000B7E  A$lcc1877212$98                    text_frame_init
     00000B80  A$lcc1877212$99                    text_frame_init
     00000B81  A$lcc1877212$100                   text_frame_init
     00000B82  A$lcc1877212$101                   text_frame_init
     00000B83  A$lcc1877212$102                   text_frame_init
     00000B84  A$lcc1877212$103                   text_frame_init
     00000B85  A$lcc1877212$104                   text_frame_init
     00000B87  A$lcc1877212$105                   text_frame_init
     00000B8A  A$lcc1877212$106                   text_frame_init
     00000B8B  A$lcc1877212$110                   text_frame_init
     00000B8B  C$text_frame_init.c$20$3_1$131     text_frame_init
     00000B8C  A$lcc1877212$111                   text_frame_init
     00000B8D  A$lcc1877212$112                   text_frame_init
ASxxxx Linker V03.00/V05.40 + sdld,  page 7.
Hexadecimal  [32-Bits]

Area                                    Addr        Size        Decimal Bytes (Attributes)
--------------------------------        ----        ----        ------- ----- ------------
_CODE                               00000200    00002F3E =       12094. bytes (REL,CON)

      Value  Global                              Global Defined In Module
      -----  --------------------------------   ------------------------
     00000B8F  A$lcc1877212$113                   text_frame_init
     00000B92  A$lcc1877212$114                   text_frame_init
     00000B93  A$lcc1877212$115                   text_frame_init
     00000B94  A$lcc1877212$116                   text_frame_init
     00000B96  A$lcc1877212$117                   text_frame_init
     00000B97  A$lcc1877212$118                   text_frame_init
     00000B98  A$lcc1877212$119                   text_frame_init
     00000B99  A$lcc1877212$120                   text_frame_init
     00000B9B  A$lcc1877212$121                   text_frame_init
     00000B9C  A$lcc1877212$122                   text_frame_init
     00000B9E  A$lcc1877212$123                   text_frame_init
     00000BA1  A$lcc1877212$124                   text_frame_init
     00000BA2  A$lcc1877212$128                   text_frame_init
     00000BA2  C$text_frame_init.c$23$3_2$132     text_frame_init
     00000BA3  A$lcc1877212$129                   text_frame_init
     00000BA4  A$lcc1877212$130                   text_frame_init
     00000BA5  A$lcc1877212$131                   text_frame_init
     00000BA7  A$lcc1877212$132                   text_frame_init
     00000BA8  A$lcc1877212$133                   text_frame_init
     00000BA9  A$lcc1877212$134                   text_frame_init
     00000BAB  A$lcc1877212$135                   text_frame_init
     00000BAE  A$lcc1877212$136                   text_frame_init
     00000BAF  A$lcc1877212$137                   text_frame_init
     00000BB0  A$lcc1877212$138                   text_frame_init
     00000BB2  A$lcc1877212$139                   text_frame_init
     00000BB4  A$lcc1877212$143                   text_frame_init
     00000BB4  C$text_frame_init.c$24$2_1$128     text_frame_init
     00000BB5  A$lcc1877212$144                   text_frame_init
     00000BB6  A$lcc1877212$145                   text_frame_init
     00000BB8  A$lcc1877212$147                   text_frame_init
     00000BBA  A$lcc1877212$148                   text_frame_init
     00000BBB  A$lcc1877212$149                   text_frame_init
     00000BBC  A$lcc1877212$150                   text_frame_init
     00000BBD  A$lcc1877212$151                   text_frame_init
     00000BBF  A$lcc1877212$155                   text_frame_init
     00000BBF  C$text_frame_init.c$26$5_2$134     text_frame_init
     00000BC0  A$lcc1877212$156                   text_frame_init
     00000BC1  A$lcc1877212$157                   text_frame_init
     00000BC2  A$lcc1877212$158                   text_frame_init
     00000BC3  A$lcc1877212$159                   text_frame_init
     00000BC4  A$lcc1877212$160                   text_frame_init
     00000BC5  A$lcc1877212$161                   text_frame_init
     00000BC6  A$lcc1877212$162                   text_frame_init
     00000BC7  A$lcc1877212$163                   text_frame_init
     00000BC8  A$lcc1877212$164                   text_frame_init
     00000BC9  A$lcc1877212$165                   text_frame_init
     00000BCA  A$lcc1877212$166                   text_frame_init
     00000BCC  A$lcc1877212$167                   text_frame_init
     00000BCD  A$lcc1877212$168                   text_frame_init
     00000BD0  A$lcc1877212$172                   text_frame_init
     00000BD0  C$text_frame_init.c$24$4_2$133     text_frame_init
ASxxxx Linker V03.00/V05.40 + sdld,  page 8.
Hexadecimal  [32-Bits]

Area                                    Addr        Size        Decimal Bytes (Attributes)
--------------------------------        ----        ----        ------- ----- ------------
_CODE                               00000200    00002F3E =       12094. bytes (REL,CON)

      Value  Global                              Global Defined In Module
      -----  --------------------------------   ------------------------
     00000BD2  A$lcc1877212$173                   text_frame_init
     00000BD3  A$lcc1877212$174                   text_frame_init
     00000BD5  A$lcc1877212$179                   text_frame_init
     00000BD5  C$text_frame_init.c$30$3_2$132     text_frame_init
     00000BD7  A$lcc1877212$180                   text_frame_init
     00000BD8  A$lcc1877212$181                   text_frame_init
     00000BD9  A$lcc1877212$182                   text_frame_init
     00000BDA  A$lcc1877212$183                   text_frame_init
     00000BDB  A$lcc1877212$184                   text_frame_init
     00000BDD  A$lcc1877212$185                   text_frame_init
     00000BE0  A$lcc1877212$186                   text_frame_init
     00000BE1  A$lcc1877212$187                   text_frame_init
     00000BE2  A$lcc1877212$188                   text_frame_init
     00000BE4  A$lcc1877212$189                   text_frame_init
     00000BE5  A$lcc1877212$190                   text_frame_init
     00000BE7  A$lcc1877212$191                   text_frame_init
     00000BE8  A$lcc1877212$192                   text_frame_init
     00000BE9  A$lcc1877212$193                   text_frame_init
     00000BEB  A$lcc1877212$194                   text_frame_init
     00000BED  A$lcc1877212$195                   text_frame_init
     00000BEE  A$lcc1877212$196                   text_frame_init
     00000BEF  A$lcc1877212$197                   text_frame_init
     00000BF0  A$lcc1877212$198                   text_frame_init
     00000BF1  A$lcc1877212$199                   text_frame_init
     00000BF3  A$lcc1877212$200                   text_frame_init
     00000BF4  A$lcc1877212$201                   text_frame_init
     00000BF6  A$lcc1877212$202                   text_frame_init
     00000BF7  A$lcc1877212$203                   text_frame_init
     00000BFA  A$lcc1877212$204                   text_frame_init
     00000BFB  A$lcc1877212$208                   text_frame_init
     00000BFB  C$text_frame_init.c$31$3_2$132     text_frame_init
     00000BFD  A$lcc1877212$209                   text_frame_init
     00000BFE  A$lcc1877212$210                   text_frame_init
     00000BFF  A$lcc1877212$211                   text_frame_init
     00000C01  A$lcc1877212$212                   text_frame_init
     00000C03  A$lcc1877212$213                   text_frame_init
     00000C04  A$lcc1877212$214                   text_frame_init
     00000C05  A$lcc1877212$215                   text_frame_init
     00000C07  A$lcc1877212$216                   text_frame_init
     00000C08  A$lcc1877212$217                   text_frame_init
     00000C09  A$lcc1877212$218                   text_frame_init
     00000C0B  A$lcc1877212$219                   text_frame_init
     00000C0D  A$lcc1877212$220                   text_frame_init
     00000C0E  A$lcc1877212$221                   text_frame_init
     00000C0F  A$lcc1877212$222                   text_frame_init
     00000C10  A$lcc1877212$223                   text_frame_init
     00000C12  A$lcc1877212$224                   text_frame_init
     00000C13  A$lcc1877212$225                   text_frame_init
     00000C15  A$lcc1877212$226                   text_frame_init
     00000C16  A$lcc1877212$227                   text_frame_init
     00000C19  A$lcc1877212$231                   text_frame_init
ASxxxx Linker V03.00/V05.40 + sdld,  page 9.
Hexadecimal  [32-Bits]

Area                                    Addr        Size        Decimal Bytes (Attributes)
--------------------------------        ----        ----        ------- ----- ------------
_CODE                               00000200    00002F3E =       12094. bytes (REL,CON)

      Value  Global                              Global Defined In Module
      -----  --------------------------------   ------------------------
     00000C19  C$text_frame_init.c$33$3_2$132     text_frame_init
     00000C1B  A$lcc1877212$232                   text_frame_init
     00000C1C  A$lcc1877212$236                   text_frame_init
     00000C1C  C$text_frame_init.c$14$2_1$130     text_frame_init
     00000C1D  A$lcc1877212$237                   text_frame_init
     00000C1E  A$lcc1877212$238                   text_frame_init
     00000C1F  A$lcc1877212$239                   text_frame_init
     00000C21  A$lcc1877212$240                   text_frame_init
     00000C24  A$lcc1877212$244                   text_frame_init
     00000C24  C$text_frame_init.c$37$3_1$136     text_frame_init
     00000C25  A$lcc1877212$245                   text_frame_init
     00000C26  A$lcc1877212$246                   text_frame_init
     00000C28  A$lcc1877212$248                   text_frame_init
     00000C29  A$lcc1877212$249                   text_frame_init
     00000C2B  A$lcc1877212$250                   text_frame_init
     00000C2C  A$lcc1877212$251                   text_frame_init
     00000C2E  A$lcc1877212$255                   text_frame_init
     00000C2E  C$text_frame_init.c$41$3_1$136     text_frame_init
     00000C31  A$lcc1877212$256                   text_frame_init
     00000C33  A$lcc1877212$257                   text_frame_init
     00000C34  A$lcc1877212$258                   text_frame_init
     00000C35  A$lcc1877212$259                   text_frame_init
     00000C37  A$lcc1877212$260                   text_frame_init
     00000C39  A$lcc1877212$261                   text_frame_init
     00000C3A  A$lcc1877212$262                   text_frame_init
     00000C3B  A$lcc1877212$263                   text_frame_init
     00000C3C  A$lcc1877212$264                   text_frame_init
     00000C3D  A$lcc1877212$265                   text_frame_init
     00000C3E  A$lcc1877212$266                   text_frame_init
     00000C40  A$lcc1877212$267                   text_frame_init
     00000C43  A$lcc1877212$268                   text_frame_init
     00000C44  A$lcc1877212$272                   text_frame_init
     00000C44  C$text_frame_init.c$42$3_1$136     text_frame_init
     00000C47  A$lcc1877212$273                   text_frame_init
     00000C49  A$lcc1877212$274                   text_frame_init
     00000C4A  A$lcc1877212$275                   text_frame_init
     00000C4B  A$lcc1877212$276                   text_frame_init
     00000C4C  A$lcc1877212$277                   text_frame_init
     00000C4E  A$lcc1877212$278                   text_frame_init
     00000C4F  A$lcc1877212$279                   text_frame_init
     00000C51  A$lcc1877212$280                   text_frame_init
     00000C54  A$lcc1877212$281                   text_frame_init
     00000C55  A$lcc1877212$285                   text_frame_init
     00000C55  C$text_frame_init.c$44$3_2$137     text_frame_init
     00000C58  A$lcc1877212$286                   text_frame_init
     00000C5A  A$lcc1877212$287                   text_frame_init
     00000C5C  A$lcc1877212$288                   text_frame_init
     00000C5D  A$lcc1877212$292                   text_frame_init
     00000C5D  C$text_frame_init.c$45$2_1$128     text_frame_init
     00000C5F  A$lcc1877212$294                   text_frame_init
     00000C60  A$lcc1877212$295                   text_frame_init
ASxxxx Linker V03.00/V05.40 + sdld,  page 10.
Hexadecimal  [32-Bits]

Area                                    Addr        Size        Decimal Bytes (Attributes)
--------------------------------        ----        ----        ------- ----- ------------
_CODE                               00000200    00002F3E =       12094. bytes (REL,CON)

      Value  Global                              Global Defined In Module
      -----  --------------------------------   ------------------------
     00000C62  A$lcc1877212$296                   text_frame_init
     00000C63  A$lcc1877212$297                   text_frame_init
     00000C65  A$lcc1877212$301                   text_frame_init
     00000C65  C$text_frame_init.c$47$5_2$139     text_frame_init
     00000C66  A$lcc1877212$302                   text_frame_init
     00000C68  A$lcc1877212$303                   text_frame_init
     00000C69  A$lcc1877212$304                   text_frame_init
     00000C6A  A$lcc1877212$305                   text_frame_init
     00000C6C  A$lcc1877212$306                   text_frame_init
     00000C6D  A$lcc1877212$307                   text_frame_init
     00000C6E  A$lcc1877212$308                   text_frame_init
     00000C6F  A$lcc1877212$309                   text_frame_init
     00000C71  A$lcc1877212$310                   text_frame_init
     00000C72  A$lcc1877212$311                   text_frame_init
     00000C75  A$lcc1877212$312                   text_frame_init
     00000C76  A$lcc1877212$313                   text_frame_init
     00000C77  A$lcc1877212$317                   text_frame_init
     00000C77  C$text_frame_init.c$45$4_2$138     text_frame_init
     00000C78  A$lcc1877212$318                   text_frame_init
     00000C7A  A$lcc1877212$323                   text_frame_init
     00000C7A  C$text_frame_init.c$50$3_2$137     text_frame_init
     00000C7D  A$lcc1877212$324                   text_frame_init
     00000C7F  A$lcc1877212$325                   text_frame_init
     00000C80  A$lcc1877212$326                   text_frame_init
     00000C81  A$lcc1877212$327                   text_frame_init
     00000C82  A$lcc1877212$328                   text_frame_init
     00000C84  A$lcc1877212$329                   text_frame_init
     00000C85  A$lcc1877212$330                   text_frame_init
     00000C87  A$lcc1877212$331                   text_frame_init
     00000C88  A$lcc1877212$332                   text_frame_init
     00000C8B  A$lcc1877212$333                   text_frame_init
     00000C8C  A$lcc1877212$337                   text_frame_init
     00000C8C  C$text_frame_init.c$51$3_2$137     text_frame_init
     00000C8F  A$lcc1877212$338                   text_frame_init
     00000C91  A$lcc1877212$339                   text_frame_init
     00000C92  A$lcc1877212$340                   text_frame_init
     00000C93  A$lcc1877212$341                   text_frame_init
     00000C94  A$lcc1877212$342                   text_frame_init
     00000C96  A$lcc1877212$343                   text_frame_init
     00000C97  A$lcc1877212$344                   text_frame_init
     00000C99  A$lcc1877212$345                   text_frame_init
     00000C9A  A$lcc1877212$346                   text_frame_init
     00000C9D  A$lcc1877212$347                   text_frame_init
     00000C9E  A$lcc1877212$351                   text_frame_init
     00000C9E  C$text_frame_init.c$53$3_2$137     text_frame_init
     00000C9F  A$lcc1877212$355                   text_frame_init
     00000C9F  C$text_frame_init.c$37$2_1$135     text_frame_init
     00000CA0  A$lcc1877212$356                   text_frame_init
     00000CA2  A$lcc1877212$361                   text_frame_init
     00000CA2  C$text_frame_init.c$57$2_1$128     text_frame_init
     00000CA4  A$lcc1877212$362                   text_frame_init
ASxxxx Linker V03.00/V05.40 + sdld,  page 11.
Hexadecimal  [32-Bits]

Area                                    Addr        Size        Decimal Bytes (Attributes)
--------------------------------        ----        ----        ------- ----- ------------
_CODE                               00000200    00002F3E =       12094. bytes (REL,CON)

      Value  Global                              Global Defined In Module
      -----  --------------------------------   ------------------------
     00000CA5  A$lcc1877212$363                   text_frame_init
     00000CA6  A$lcc1877212$364                   text_frame_init
     00000CA8  A$lcc1877212$369                   text_frame_init
     00000CA8  C$text_frame_init.c$59$3_1$141     text_frame_init
     00000CAA  A$lcc1877212$370                   text_frame_init
     00000CAB  A$lcc1877212$371                   text_frame_init
     00000CAD  A$lcc1877212$372                   text_frame_init
     00000CAE  A$lcc1877212$373                   text_frame_init
     00000CAF  A$lcc1877212$374                   text_frame_init
     00000CB0  A$lcc1877212$375                   text_frame_init
     00000CB1  A$lcc1877212$376                   text_frame_init
     00000CB2  A$lcc1877212$380                   text_frame_init
     00000CB2  C$text_frame_init.c$61$3_1$141     text_frame_init
     00000CB3  A$lcc1877212$381                   text_frame_init
     00000CB4  A$lcc1877212$382                   text_frame_init
     00000CB6  A$lcc1877212$383                   text_frame_init
     00000CB9  A$lcc1877212$384                   text_frame_init
     00000CBA  A$lcc1877212$385                   text_frame_init
     00000CBB  A$lcc1877212$386                   text_frame_init
     00000CBD  A$lcc1877212$387                   text_frame_init
     00000CBE  A$lcc1877212$388                   text_frame_init
     00000CC0  A$lcc1877212$389                   text_frame_init
     00000CC1  A$lcc1877212$390                   text_frame_init
     00000CC3  A$lcc1877212$391                   text_frame_init
     00000CC5  A$lcc1877212$392                   text_frame_init
     00000CC6  A$lcc1877212$393                   text_frame_init
     00000CC7  A$lcc1877212$394                   text_frame_init
     00000CC8  A$lcc1877212$395                   text_frame_init
     00000CC9  A$lcc1877212$396                   text_frame_init
     00000CCA  A$lcc1877212$397                   text_frame_init
     00000CCC  A$lcc1877212$398                   text_frame_init
     00000CCF  A$lcc1877212$399                   text_frame_init
     00000CD0  A$lcc1877212$403                   text_frame_init
     00000CD0  C$text_frame_init.c$62$3_1$141     text_frame_init
     00000CD1  A$lcc1877212$404                   text_frame_init
     00000CD2  A$lcc1877212$405                   text_frame_init
     00000CD4  A$lcc1877212$406                   text_frame_init
     00000CD7  A$lcc1877212$407                   text_frame_init
     00000CD8  A$lcc1877212$408                   text_frame_init
     00000CD9  A$lcc1877212$409                   text_frame_init
     00000CDB  A$lcc1877212$410                   text_frame_init
     00000CDC  A$lcc1877212$411                   text_frame_init
     00000CDD  A$lcc1877212$412                   text_frame_init
     00000CDE  A$lcc1877212$413                   text_frame_init
     00000CE0  A$lcc1877212$414                   text_frame_init
     00000CE1  A$lcc1877212$415                   text_frame_init
     00000CE3  A$lcc1877212$416                   text_frame_init
     00000CE6  A$lcc1877212$417                   text_frame_init
     00000CE7  A$lcc1877212$421                   text_frame_init
     00000CE7  C$text_frame_init.c$64$3_2$142     text_frame_init
     00000CE8  A$lcc1877212$422                   text_frame_init
ASxxxx Linker V03.00/V05.40 + sdld,  page 12.
Hexadecimal  [32-Bits]

Area                                    Addr        Size        Decimal Bytes (Attributes)
--------------------------------        ----        ----        ------- ----- ------------
_CODE                               00000200    00002F3E =       12094. bytes (REL,CON)

      Value  Global                              Global Defined In Module
      -----  --------------------------------   ------------------------
     00000CE9  A$lcc1877212$423                   text_frame_init
     00000CEA  A$lcc1877212$424                   text_frame_init
     00000CEC  A$lcc1877212$425                   text_frame_init
     00000CED  A$lcc1877212$426                   text_frame_init
     00000CEE  A$lcc1877212$427                   text_frame_init
     00000CF0  A$lcc1877212$428                   text_frame_init
     00000CF3  A$lcc1877212$429                   text_frame_init
     00000CF4  A$lcc1877212$430                   text_frame_init
     00000CF5  A$lcc1877212$431                   text_frame_init
     00000CF7  A$lcc1877212$432                   text_frame_init
     00000CF9  A$lcc1877212$433                   text_frame_init
     00000CFA  A$lcc1877212$437                   text_frame_init
     00000CFA  C$text_frame_init.c$65$2_1$128     text_frame_init
     00000CFC  A$lcc1877212$438                   text_frame_init
     00000CFE  A$lcc1877212$440                   text_frame_init
     00000D00  A$lcc1877212$441                   text_frame_init
     00000D01  A$lcc1877212$442                   text_frame_init
     00000D03  A$lcc1877212$443                   text_frame_init
     00000D04  A$lcc1877212$444                   text_frame_init
     00000D06  A$lcc1877212$448                   text_frame_init
     00000D06  C$text_frame_init.c$67$5_2$144     text_frame_init
     00000D08  A$lcc1877212$449                   text_frame_init
     00000D09  A$lcc1877212$450                   text_frame_init
     00000D0B  A$lcc1877212$451                   text_frame_init
     00000D0C  A$lcc1877212$452                   text_frame_init
     00000D0D  A$lcc1877212$453                   text_frame_init
     00000D0E  A$lcc1877212$454                   text_frame_init
     00000D0F  A$lcc1877212$455                   text_frame_init
     00000D10  A$lcc1877212$456                   text_frame_init
     00000D11  A$lcc1877212$457                   text_frame_init
     00000D12  A$lcc1877212$458                   text_frame_init
     00000D13  A$lcc1877212$459                   text_frame_init
     00000D15  A$lcc1877212$460                   text_frame_init
     00000D16  A$lcc1877212$461                   text_frame_init
     00000D19  A$lcc1877212$465                   text_frame_init
     00000D19  C$text_frame_init.c$65$4_2$143     text_frame_init
     00000D1B  A$lcc1877212$466                   text_frame_init
     00000D1C  A$lcc1877212$467                   text_frame_init
     00000D1E  A$lcc1877212$472                   text_frame_init
     00000D1E  C$text_frame_init.c$70$3_2$142     text_frame_init
     00000D20  A$lcc1877212$473                   text_frame_init
     00000D21  A$lcc1877212$474                   text_frame_init
     00000D22  A$lcc1877212$475                   text_frame_init
     00000D23  A$lcc1877212$476                   text_frame_init
     00000D24  A$lcc1877212$477                   text_frame_init
     00000D26  A$lcc1877212$478                   text_frame_init
     00000D29  A$lcc1877212$479                   text_frame_init
     00000D2A  A$lcc1877212$480                   text_frame_init
     00000D2B  A$lcc1877212$481                   text_frame_init
     00000D2D  A$lcc1877212$482                   text_frame_init
     00000D2E  A$lcc1877212$483                   text_frame_init
ASxxxx Linker V03.00/V05.40 + sdld,  page 13.
Hexadecimal  [32-Bits]

Area                                    Addr        Size        Decimal Bytes (Attributes)
--------------------------------        ----        ----        ------- ----- ------------
_CODE                               00000200    00002F3E =       12094. bytes (REL,CON)

      Value  Global                              Global Defined In Module
      -----  --------------------------------   ------------------------
     00000D2F  A$lcc1877212$484                   text_frame_init
     00000D30  A$lcc1877212$485                   text_frame_init
     00000D32  A$lcc1877212$486                   text_frame_init
     00000D33  A$lcc1877212$487                   text_frame_init
     00000D34  A$lcc1877212$488                   text_frame_init
     00000D35  A$lcc1877212$489                   text_frame_init
     00000D36  A$lcc1877212$490                   text_frame_init
     00000D39  A$lcc1877212$491                   text_frame_init
     00000D3A  A$lcc1877212$495                   text_frame_init
     00000D3A  C$text_frame_init.c$71$3_2$142     text_frame_init
     00000D3B  A$lcc1877212$496                   text_frame_init
     00000D3D  A$lcc1877212$497                   text_frame_init
     00000D40  A$lcc1877212$498                   text_frame_init
     00000D41  A$lcc1877212$499                   text_frame_init
     00000D42  A$lcc1877212$500                   text_frame_init
     00000D44  A$lcc1877212$501                   text_frame_init
     00000D45  A$lcc1877212$502                   text_frame_init
     00000D46  A$lcc1877212$503                   text_frame_init
     00000D48  A$lcc1877212$504                   text_frame_init
     00000D49  A$lcc1877212$505                   text_frame_init
     00000D4A  A$lcc1877212$506                   text_frame_init
     00000D4B  A$lcc1877212$507                   text_frame_init
     00000D4E  A$lcc1877212$511                   text_frame_init
     00000D4E  C$text_frame_init.c$73$3_2$142     text_frame_init
     00000D50  A$lcc1877212$512                   text_frame_init
     00000D51  A$lcc1877212$516                   text_frame_init
     00000D51  C$text_frame_init.c$57$2_1$140     text_frame_init
     00000D52  A$lcc1877212$517                   text_frame_init
     00000D53  A$lcc1877212$518                   text_frame_init
     00000D54  A$lcc1877212$519                   text_frame_init
     00000D56  A$lcc1877212$520                   text_frame_init
     00000D59  A$lcc1877212$524                   text_frame_init
     00000D5B  A$lcc1877212$529                   text_frame_init
     00000D5B  C$text_frame_init.c$75$2_1$128     text_frame_init
     00000D5B  XG$TextFrame_Init$0$0              text_frame_init
     00000D5C  G$spr_Branch$0_0$0                 spr_Branch
     00000D5C  _spr_Branch                        spr_Branch
     00000D6C  A$lcc1877225$59                    action
     00000D6C  C$action.c$11$0_0$171              action
     00000D6C  G$move_up$0$0                      action
     00000D6C  _move_up                           action
     00000D6E  A$lcc1877225$60                    action
     00000D70  A$lcc1877225$61                    action
     00000D71  A$lcc1877225$65                    action
     00000D71  C$action.c$13$2_0$172              action
     00000D74  A$lcc1877225$66                    action
     00000D76  A$lcc1877225$70                    action
     00000D76  C$action.c$14$2_0$172              action
     00000D78  A$lcc1877225$74                    action
     00000D78  C$action.c$16$1_0$171              action
     00000D7A  A$lcc1877225$75                    action
ASxxxx Linker V03.00/V05.40 + sdld,  page 14.
Hexadecimal  [32-Bits]

Area                                    Addr        Size        Decimal Bytes (Attributes)
--------------------------------        ----        ----        ------- ----- ------------
_CODE                               00000200    00002F3E =       12094. bytes (REL,CON)

      Value  Global                              Global Defined In Module
      -----  --------------------------------   ------------------------
     00000D7B  A$lcc1877225$76                    action
     00000D7C  A$lcc1877225$77                    action
     00000D7E  A$lcc1877225$78                    action
     00000D7F  A$lcc1877225$79                    action
     00000D81  A$lcc1877225$80                    action
     00000D83  A$lcc1877225$81                    action
     00000D84  A$lcc1877225$82                    action
     00000D85  A$lcc1877225$83                    action
     00000D86  A$lcc1877225$84                    action
     00000D87  A$lcc1877225$85                    action
     00000D88  A$lcc1877225$86                    action
     00000D89  A$lcc1877225$87                    action
     00000D8C  A$lcc1877225$88                    action
     00000D8D  A$lcc1877225$89                    action
     00000D8E  A$lcc1877225$90                    action
     00000D8F  A$lcc1877225$91                    action
     00000D90  A$lcc1877225$92                    action
     00000D92  A$lcc1877225$93                    action
     00000D93  A$lcc1877225$94                    action
     00000D94  A$lcc1877225$95                    action
     00000D95  A$lcc1877225$96                    action
     00000D96  A$lcc1877225$97                    action
     00000D97  A$lcc1877225$98                    action
     00000D98  A$lcc1877225$99                    action
     00000D99  A$lcc1877225$100                   action
     00000D9B  A$lcc1877225$101                   action
     00000D9C  A$lcc1877225$102                   action
     00000D9D  A$lcc1877225$103                   action
     00000D9E  A$lcc1877225$104                   action
     00000D9F  A$lcc1877225$105                   action
     00000DA0  A$lcc1877225$106                   action
     00000DA1  A$lcc1877225$107                   action
     00000DA2  A$lcc1877225$108                   action
     00000DA3  A$lcc1877225$109                   action
     00000DA4  A$lcc1877225$110                   action
     00000DA5  A$lcc1877225$111                   action
     00000DA6  A$lcc1877225$112                   action
     00000DA7  A$lcc1877225$113                   action
     00000DA8  A$lcc1877225$114                   action
     00000DA9  A$lcc1877225$115                   action
     00000DAB  A$lcc1877225$116                   action
     00000DAC  A$lcc1877225$117                   action
     00000DAD  A$lcc1877225$118                   action
     00000DAE  A$lcc1877225$119                   action
     00000DAF  A$lcc1877225$120                   action
     00000DB0  A$lcc1877225$124                   action
     00000DB0  C$action.c$17$1_0$171              action
     00000DB1  A$lcc1877225$125                   action
     00000DB2  A$lcc1877225$126                   action
     00000DB5  A$lcc1877225$127                   action
     00000DB6  A$lcc1877225$128                   action
ASxxxx Linker V03.00/V05.40 + sdld,  page 15.
Hexadecimal  [32-Bits]

Area                                    Addr        Size        Decimal Bytes (Attributes)
--------------------------------        ----        ----        ------- ----- ------------
_CODE                               00000200    00002F3E =       12094. bytes (REL,CON)

      Value  Global                              Global Defined In Module
      -----  --------------------------------   ------------------------
     00000DB8  A$lcc1877225$129                   action
     00000DB9  A$lcc1877225$130                   action
     00000DBA  A$lcc1877225$131                   action
     00000DBB  A$lcc1877225$132                   action
     00000DBD  A$lcc1877225$133                   action
     00000DBE  A$lcc1877225$134                   action
     00000DBF  A$lcc1877225$139                   action
     00000DC1  A$lcc1877225$144                   action
     00000DC1  C$action.c$18$1_0$171              action
     00000DC1  XG$move_up$0$0                     action
     00000DC2  A$lcc1877225$154                   action
     00000DC2  C$action.c$20$1_0$174              action
     00000DC2  G$move_down$0$0                    action
     00000DC2  _move_down                         action
     00000DC4  A$lcc1877225$155                   action
     00000DC6  A$lcc1877225$156                   action
     00000DC7  A$lcc1877225$160                   action
     00000DC7  C$action.c$22$2_0$175              action
     00000DCA  A$lcc1877225$161                   action
     00000DCC  A$lcc1877225$165                   action
     00000DCC  C$action.c$23$2_0$175              action
     00000DCE  A$lcc1877225$169                   action
     00000DCE  C$action.c$25$1_0$174              action
     00000DD0  A$lcc1877225$170                   action
     00000DD1  A$lcc1877225$171                   action
     00000DD2  A$lcc1877225$172                   action
     00000DD4  A$lcc1877225$173                   action
     00000DD5  A$lcc1877225$174                   action
     00000DD7  A$lcc1877225$175                   action
     00000DD9  A$lcc1877225$176                   action
     00000DDA  A$lcc1877225$177                   action
     00000DDB  A$lcc1877225$178                   action
     00000DDC  A$lcc1877225$179                   action
     00000DDD  A$lcc1877225$180                   action
     00000DDE  A$lcc1877225$181                   action
     00000DDF  A$lcc1877225$182                   action
     00000DE2  A$lcc1877225$183                   action
     00000DE3  A$lcc1877225$184                   action
     00000DE4  A$lcc1877225$185                   action
     00000DE5  A$lcc1877225$186                   action
     00000DE6  A$lcc1877225$187                   action
     00000DE8  A$lcc1877225$188                   action
     00000DE9  A$lcc1877225$189                   action
     00000DEA  A$lcc1877225$190                   action
     00000DEB  A$lcc1877225$191                   action
     00000DEC  A$lcc1877225$192                   action
     00000DED  A$lcc1877225$193                   action
     00000DEE  A$lcc1877225$194                   action
     00000DEF  A$lcc1877225$195                   action
     00000DF1  A$lcc1877225$196                   action
     00000DF2  A$lcc1877225$197                   action
ASxxxx Linker V03.00/V05.40 + sdld,  page 16.
Hexadecimal  [32-Bits]

Area                                    Addr        Size        Decimal Bytes (Attributes)
--------------------------------        ----        ----        ------- ----- ------------
_CODE                               00000200    00002F3E =       12094. bytes (REL,CON)

      Value  Global                              Global Defined In Module
      -----  --------------------------------   ------------------------
     00000DF3  A$lcc1877225$198                   action
     00000DF4  A$lcc1877225$199                   action
     00000DF5  A$lcc1877225$200                   action
     00000DF6  A$lcc1877225$201                   action
     00000DF7  A$lcc1877225$202                   action
     00000DF8  A$lcc1877225$203                   action
     00000DF9  A$lcc1877225$204                   action
     00000DFA  A$lcc1877225$205                   action
     00000DFB  A$lcc1877225$206                   action
     00000DFC  A$lcc1877225$207                   action
     00000DFD  A$lcc1877225$208                   action
     00000DFE  A$lcc1877225$209                   action
     00000DFF  A$lcc1877225$210                   action
     00000E00  A$lcc1877225$211                   action
     00000E01  A$lcc1877225$212                   action
     00000E02  A$lcc1877225$216                   action
     00000E02  C$action.c$26$1_0$174              action
     00000E05  A$lcc1877225$217                   action
     00000E07  A$lcc1877225$218                   action
     00000E08  A$lcc1877225$219                   action
     00000E0A  A$lcc1877225$220                   action
     00000E0B  A$lcc1877225$221                   action
     00000E0C  A$lcc1877225$222                   action
     00000E0D  A$lcc1877225$223                   action
     00000E0E  A$lcc1877225$224                   action
     00000E0F  A$lcc1877225$229                   action
     00000E11  A$lcc1877225$234                   action
     00000E11  C$action.c$27$1_0$174              action
     00000E11  XG$move_down$0$0                   action
     00000E12  A$lcc1877225$244                   action
     00000E12  C$action.c$29$1_0$177              action
     00000E12  G$move_left$0$0                    action
     00000E12  _move_left                         action
     00000E14  A$lcc1877225$245                   action
     00000E16  A$lcc1877225$246                   action
     00000E17  A$lcc1877225$250                   action
     00000E17  C$action.c$31$2_0$178              action
     00000E1A  A$lcc1877225$251                   action
     00000E1C  A$lcc1877225$255                   action
     00000E1C  C$action.c$32$2_0$178              action
     00000E1E  A$lcc1877225$259                   action
     00000E1E  C$action.c$34$1_0$177              action
     00000E20  A$lcc1877225$260                   action
     00000E21  A$lcc1877225$261                   action
     00000E22  A$lcc1877225$262                   action
     00000E24  A$lcc1877225$263                   action
     00000E25  A$lcc1877225$264                   action
     00000E27  A$lcc1877225$265                   action
     00000E29  A$lcc1877225$266                   action
     00000E2A  A$lcc1877225$267                   action
     00000E2B  A$lcc1877225$268                   action
ASxxxx Linker V03.00/V05.40 + sdld,  page 17.
Hexadecimal  [32-Bits]

Area                                    Addr        Size        Decimal Bytes (Attributes)
--------------------------------        ----        ----        ------- ----- ------------
_CODE                               00000200    00002F3E =       12094. bytes (REL,CON)

      Value  Global                              Global Defined In Module
      -----  --------------------------------   ------------------------
     00000E2C  A$lcc1877225$269                   action
     00000E2D  A$lcc1877225$270                   action
     00000E2E  A$lcc1877225$271                   action
     00000E2F  A$lcc1877225$272                   action
     00000E32  A$lcc1877225$273                   action
     00000E33  A$lcc1877225$274                   action
     00000E34  A$lcc1877225$275                   action
     00000E35  A$lcc1877225$276                   action
     00000E36  A$lcc1877225$277                   action
     00000E38  A$lcc1877225$278                   action
     00000E39  A$lcc1877225$279                   action
     00000E3A  A$lcc1877225$280                   action
     00000E3B  A$lcc1877225$281                   action
     00000E3C  A$lcc1877225$282                   action
     00000E3D  A$lcc1877225$283                   action
     00000E3E  A$lcc1877225$284                   action
     00000E3F  A$lcc1877225$285                   action
     00000E41  A$lcc1877225$286                   action
     00000E42  A$lcc1877225$287                   action
     00000E43  A$lcc1877225$288                   action
     00000E44  A$lcc1877225$289                   action
     00000E45  A$lcc1877225$290                   action
     00000E46  A$lcc1877225$291                   action
     00000E47  A$lcc1877225$292                   action
     00000E48  A$lcc1877225$293                   action
     00000E49  A$lcc1877225$294                   action
     00000E4A  A$lcc1877225$295                   action
     00000E4B  A$lcc1877225$296                   action
     00000E4C  A$lcc1877225$297                   action
     00000E4D  A$lcc1877225$298                   action
     00000E4E  A$lcc1877225$299                   action
     00000E4F  A$lcc1877225$300                   action
     00000E51  A$lcc1877225$301                   action
     00000E52  A$lcc1877225$302                   action
     00000E53  A$lcc1877225$303                   action
     00000E54  A$lcc1877225$304                   action
     00000E55  A$lcc1877225$305                   action
     00000E56  A$lcc1877225$309                   action
     00000E56  C$action.c$35$1_0$177              action
     00000E57  A$lcc1877225$310                   action
     00000E58  A$lcc1877225$311                   action
     00000E5B  A$lcc1877225$312                   action
     00000E5C  A$lcc1877225$313                   action
     00000E5E  A$lcc1877225$314                   action
     00000E5F  A$lcc1877225$315                   action
     00000E60  A$lcc1877225$316                   action
     00000E61  A$lcc1877225$317                   action
     00000E63  A$lcc1877225$318                   action
     00000E64  A$lcc1877225$319                   action
     00000E65  A$lcc1877225$324                   action
     00000E67  A$lcc1877225$329                   action
ASxxxx Linker V03.00/V05.40 + sdld,  page 18.
Hexadecimal  [32-Bits]

Area                                    Addr        Size        Decimal Bytes (Attributes)
--------------------------------        ----        ----        ------- ----- ------------
_CODE                               00000200    00002F3E =       12094. bytes (REL,CON)

      Value  Global                              Global Defined In Module
      -----  --------------------------------   ------------------------
     00000E67  C$action.c$36$1_0$177              action
     00000E67  XG$move_left$0$0                   action
     00000E68  A$lcc1877225$339                   action
     00000E68  C$action.c$38$1_0$180              action
     00000E68  G$move_right$0$0                   action
     00000E68  _move_right                        action
     00000E6A  A$lcc1877225$340                   action
     00000E6C  A$lcc1877225$341                   action
     00000E6D  A$lcc1877225$345                   action
     00000E6D  C$action.c$40$2_0$181              action
     00000E70  A$lcc1877225$346                   action
     00000E72  A$lcc1877225$350                   action
     00000E72  C$action.c$41$2_0$181              action
     00000E74  A$lcc1877225$354                   action
     00000E74  C$action.c$43$1_0$180              action
     00000E76  A$lcc1877225$355                   action
     00000E77  A$lcc1877225$356                   action
     00000E78  A$lcc1877225$357                   action
     00000E7A  A$lcc1877225$358                   action
     00000E7B  A$lcc1877225$359                   action
     00000E7D  A$lcc1877225$360                   action
     00000E7F  A$lcc1877225$361                   action
     00000E80  A$lcc1877225$362                   action
     00000E81  A$lcc1877225$363                   action
     00000E82  A$lcc1877225$364                   action
     00000E83  A$lcc1877225$365                   action
     00000E84  A$lcc1877225$366                   action
     00000E85  A$lcc1877225$367                   action
     00000E88  A$lcc1877225$368                   action
     00000E89  A$lcc1877225$369                   action
     00000E8A  A$lcc1877225$370                   action
     00000E8B  A$lcc1877225$371                   action
     00000E8C  A$lcc1877225$372                   action
     00000E8E  A$lcc1877225$373                   action
     00000E8F  A$lcc1877225$374                   action
     00000E90  A$lcc1877225$375                   action
     00000E91  A$lcc1877225$376                   action
     00000E92  A$lcc1877225$377                   action
     00000E93  A$lcc1877225$378                   action
     00000E94  A$lcc1877225$379                   action
     00000E95  A$lcc1877225$380                   action
     00000E97  A$lcc1877225$381                   action
     00000E98  A$lcc1877225$382                   action
     00000E99  A$lcc1877225$383                   action
     00000E9A  A$lcc1877225$384                   action
     00000E9B  A$lcc1877225$385                   action
     00000E9C  A$lcc1877225$386                   action
     00000E9D  A$lcc1877225$387                   action
     00000E9E  A$lcc1877225$388                   action
     00000E9F  A$lcc1877225$389                   action
     00000EA0  A$lcc1877225$390                   action
ASxxxx Linker V03.00/V05.40 + sdld,  page 19.
Hexadecimal  [32-Bits]

Area                                    Addr        Size        Decimal Bytes (Attributes)
--------------------------------        ----        ----        ------- ----- ------------
_CODE                               00000200    00002F3E =       12094. bytes (REL,CON)

      Value  Global                              Global Defined In Module
      -----  --------------------------------   ------------------------
     00000EA1  A$lcc1877225$391                   action
     00000EA2  A$lcc1877225$392                   action
     00000EA3  A$lcc1877225$393                   action
     00000EA4  A$lcc1877225$394                   action
     00000EA5  A$lcc1877225$395                   action
     00000EA6  A$lcc1877225$396                   action
     00000EA7  A$lcc1877225$397                   action
     00000EA8  A$lcc1877225$401                   action
     00000EA8  C$action.c$44$1_0$180              action
     00000EA9  A$lcc1877225$402                   action
     00000EAC  A$lcc1877225$403                   action
     00000EAE  A$lcc1877225$404                   action
     00000EAF  A$lcc1877225$405                   action
     00000EB1  A$lcc1877225$406                   action
     00000EB2  A$lcc1877225$407                   action
     00000EB3  A$lcc1877225$408                   action
     00000EB4  A$lcc1877225$409                   action
     00000EB5  A$lcc1877225$410                   action
     00000EB6  A$lcc1877225$411                   action
     00000EB7  A$lcc1877225$416                   action
     00000EB9  A$lcc1877225$421                   action
     00000EB9  C$action.c$45$1_0$180              action
     00000EB9  XG$move_right$0$0                  action
     00000EBA  A$lcc1877226$59                    animation
     00000EBA  C$animation.c$7$0_0$137            animation
     00000EBA  G$init_animation$0$0               animation
     00000EBA  _init_animation                    animation
     00000EBC  A$lcc1877226$60                    animation
     00000EBE  A$lcc1877226$61                    animation
     00000EBF  A$lcc1877226$62                    animation
     00000EC0  A$lcc1877226$63                    animation
     00000EC1  A$lcc1877226$64                    animation
     00000EC2  A$lcc1877226$65                    animation
     00000EC3  A$lcc1877226$69                    animation
     00000EC3  C$animation.c$12$1_0$137           animation
     00000EC5  A$lcc1877226$70                    animation
     00000EC6  A$lcc1877226$71                    animation
     00000EC7  A$lcc1877226$72                    animation
     00000EC8  A$lcc1877226$73                    animation
     00000EC9  A$lcc1877226$74                    animation
     00000ECA  A$lcc1877226$75                    animation
     00000ECB  A$lcc1877226$76                    animation
     00000ECD  A$lcc1877226$77                    animation
     00000ECF  A$lcc1877226$78                    animation
     00000ED0  A$lcc1877226$79                    animation
     00000ED1  A$lcc1877226$80                    animation
     00000ED2  A$lcc1877226$81                    animation
     00000ED3  A$lcc1877226$82                    animation
     00000ED4  A$lcc1877226$83                    animation
     00000ED5  A$lcc1877226$87                    animation
     00000ED5  C$animation.c$14$1_0$137           animation
ASxxxx Linker V03.00/V05.40 + sdld,  page 20.
Hexadecimal  [32-Bits]

Area                                    Addr        Size        Decimal Bytes (Attributes)
--------------------------------        ----        ----        ------- ----- ------------
_CODE                               00000200    00002F3E =       12094. bytes (REL,CON)

      Value  Global                              Global Defined In Module
      -----  --------------------------------   ------------------------
     00000ED6  A$lcc1877226$88                    animation
     00000ED7  A$lcc1877226$89                    animation
     00000ED8  A$lcc1877226$90                    animation
     00000EDA  A$lcc1877226$91                    animation
     00000EDB  A$lcc1877226$92                    animation
     00000EDC  A$lcc1877226$96                    animation
     00000EDC  C$animation.c$15$1_0$137           animation
     00000EDD  A$lcc1877226$97                    animation
     00000EDE  A$lcc1877226$98                    animation
     00000EDF  A$lcc1877226$99                    animation
     00000EE0  A$lcc1877226$100                   animation
     00000EE1  A$lcc1877226$101                   animation
     00000EE2  A$lcc1877226$102                   animation
     00000EE4  A$lcc1877226$103                   animation
     00000EE5  A$lcc1877226$104                   animation
     00000EE6  A$lcc1877226$105                   animation
     00000EE7  A$lcc1877226$109                   animation
     00000EE7  C$animation.c$16$1_0$137           animation
     00000EEA  A$lcc1877226$110                   animation
     00000EEB  A$lcc1877226$111                   animation
     00000EED  A$lcc1877226$115                   animation
     00000EED  C$animation.c$17$1_0$137           animation
     00000EEE  A$lcc1877226$116                   animation
     00000EEF  A$lcc1877226$117                   animation
     00000EF0  A$lcc1877226$118                   animation
     00000EF1  A$lcc1877226$119                   animation
     00000EF3  A$lcc1877226$123                   animation
     00000EF3  C$animation.c$18$1_0$137           animation
     00000EF6  A$lcc1877226$124                   animation
     00000EF7  A$lcc1877226$125                   animation
     00000EF8  A$lcc1877226$126                   animation
     00000EFA  A$lcc1877226$127                   animation
     00000EFB  A$lcc1877226$128                   animation
     00000EFC  A$lcc1877226$129                   animation
     00000EFD  A$lcc1877226$133                   animation
     00000EFD  C$animation.c$21$1_0$137           animation
     00000EFE  A$lcc1877226$134                   animation
     00000EFF  A$lcc1877226$135                   animation
     00000F00  A$lcc1877226$136                   animation
     00000F01  A$lcc1877226$137                   animation
     00000F03  A$lcc1877226$138                   animation
     00000F04  A$lcc1877226$139                   animation
     00000F05  A$lcc1877226$140                   animation
     00000F06  A$lcc1877226$141                   animation
     00000F07  A$lcc1877226$142                   animation
     00000F0A  A$lcc1877226$143                   animation
     00000F0B  A$lcc1877226$144                   animation
     00000F0C  A$lcc1877226$145                   animation
     00000F0D  A$lcc1877226$146                   animation
     00000F0F  A$lcc1877226$147                   animation
     00000F10  A$lcc1877226$148                   animation
ASxxxx Linker V03.00/V05.40 + sdld,  page 21.
Hexadecimal  [32-Bits]

Area                                    Addr        Size        Decimal Bytes (Attributes)
--------------------------------        ----        ----        ------- ----- ------------
_CODE                               00000200    00002F3E =       12094. bytes (REL,CON)

      Value  Global                              Global Defined In Module
      -----  --------------------------------   ------------------------
     00000F11  A$lcc1877226$149                   animation
     00000F12  A$lcc1877226$150                   animation
     00000F14  A$lcc1877226$151                   animation
     00000F15  A$lcc1877226$152                   animation
     00000F18  A$lcc1877226$153                   animation
     00000F19  A$lcc1877226$154                   animation
     00000F1A  A$lcc1877226$155                   animation
     00000F1B  A$lcc1877226$156                   animation
     00000F1C  A$lcc1877226$160                   animation
     00000F1C  C$animation.c$24$2_0$137           animation
     00000F1E  A$lcc1877226$162                   animation
     00000F1F  A$lcc1877226$163                   animation
     00000F20  A$lcc1877226$164                   animation
     00000F21  A$lcc1877226$165                   animation
     00000F22  A$lcc1877226$166                   animation
     00000F24  A$lcc1877226$167                   animation
     00000F25  A$lcc1877226$168                   animation
     00000F27  A$lcc1877226$173                   animation
     00000F27  C$animation.c$32$2_0$140           animation
     00000F29  A$lcc1877226$174                   animation
     00000F2A  A$lcc1877226$175                   animation
     00000F2B  A$lcc1877226$176                   animation
     00000F2C  A$lcc1877226$177                   animation
     00000F2F  A$lcc1877226$178                   animation
     00000F30  A$lcc1877226$179                   animation
     00000F31  A$lcc1877226$180                   animation
     00000F32  A$lcc1877226$181                   animation
     00000F33  A$lcc1877226$182                   animation
     00000F34  A$lcc1877226$183                   animation
     00000F36  A$lcc1877226$187                   animation
     00000F36  C$animation.c$33$2_0$140           animation
     00000F38  A$lcc1877226$188                   animation
     00000F39  A$lcc1877226$189                   animation
     00000F3A  A$lcc1877226$194                   animation
     00000F3A  C$animation.c$34$2_0$137           animation
     00000F3C  A$lcc1877226$195                   animation
     00000F3D  A$lcc1877226$196                   animation
     00000F3F  A$lcc1877226$197                   animation
     00000F40  A$lcc1877226$207                   animation
     00000F40  C$animation.c$36$2_0$142           animation
     00000F40  G$update_animation$0$0             animation
     00000F40  _update_animation                  animation
     00000F41  A$lcc1877226$208                   animation
     00000F42  A$lcc1877226$209                   animation
     00000F43  A$lcc1877226$210                   animation
     00000F44  A$lcc1877226$214                   animation
     00000F44  C$animation.c$38$1_0$142           animation
     00000F47  A$lcc1877226$215                   animation
     00000F48  A$lcc1877226$216                   animation
     00000F49  A$lcc1877226$217                   animation
     00000F4A  A$lcc1877226$218                   animation
ASxxxx Linker V03.00/V05.40 + sdld,  page 22.
Hexadecimal  [32-Bits]

Area                                    Addr        Size        Decimal Bytes (Attributes)
--------------------------------        ----        ----        ------- ----- ------------
_CODE                               00000200    00002F3E =       12094. bytes (REL,CON)

      Value  Global                              Global Defined In Module
      -----  --------------------------------   ------------------------
     00000F4B  A$lcc1877226$219                   animation
     00000F4C  A$lcc1877226$220                   animation
     00000F4D  A$lcc1877226$221                   animation
     00000F4E  A$lcc1877226$222                   animation
     00000F4F  A$lcc1877226$223                   animation
     00000F51  A$lcc1877226$224                   animation
     00000F52  A$lcc1877226$225                   animation
     00000F53  A$lcc1877226$229                   animation
     00000F53  C$animation.c$40$1_0$142           animation
     00000F56  A$lcc1877226$230                   animation
     00000F57  A$lcc1877226$231                   animation
     00000F58  A$lcc1877226$232                   animation
     00000F59  A$lcc1877226$233                   animation
     00000F5A  A$lcc1877226$234                   animation
     00000F5B  A$lcc1877226$235                   animation
     00000F5D  A$lcc1877226$236                   animation
     00000F5E  A$lcc1877226$237                   animation
     00000F5F  A$lcc1877226$241                   animation
     00000F5F  C$animation.c$41$2_0$143           animation
     00000F60  A$lcc1877226$242                   animation
     00000F61  A$lcc1877226$243                   animation
     00000F62  A$lcc1877226$244                   animation
     00000F63  A$lcc1877226$245                   animation
     00000F64  A$lcc1877226$246                   animation
     00000F65  A$lcc1877226$247                   animation
     00000F67  A$lcc1877226$248                   animation
     00000F68  A$lcc1877226$249                   animation
     00000F6A  A$lcc1877226$250                   animation
     00000F6B  A$lcc1877226$251                   animation
     00000F6C  A$lcc1877226$252                   animation
     00000F6E  A$lcc1877226$256                   animation
     00000F6E  C$animation.c$43$3_0$144           animation
     00000F6F  A$lcc1877226$257                   animation
     00000F70  A$lcc1877226$261                   animation
     00000F70  C$animation.c$44$3_0$144           animation
     00000F71  A$lcc1877226$262                   animation
     00000F72  A$lcc1877226$263                   animation
     00000F73  A$lcc1877226$264                   animation
     00000F74  A$lcc1877226$265                   animation
     00000F75  A$lcc1877226$266                   animation
     00000F76  A$lcc1877226$270                   animation
     00000F76  C$animation.c$45$4_0$145           animation
     00000F77  A$lcc1877226$271                   animation
     00000F78  A$lcc1877226$272                   animation
     00000F79  A$lcc1877226$273                   animation
     00000F7A  A$lcc1877226$274                   animation
     00000F7B  A$lcc1877226$275                   animation
     00000F7D  A$lcc1877226$279                   animation
     00000F7D  C$animation.c$46$4_0$145           animation
     00000F7F  A$lcc1877226$284                   animation
     00000F80  A$lcc1877226$285                   animation
ASxxxx Linker V03.00/V05.40 + sdld,  page 23.
Hexadecimal  [32-Bits]

Area                                    Addr        Size        Decimal Bytes (Attributes)
--------------------------------        ----        ----        ------- ----- ------------
_CODE                               00000200    00002F3E =       12094. bytes (REL,CON)

      Value  Global                              Global Defined In Module
      -----  --------------------------------   ------------------------
     00000F81  A$lcc1877226$290                   animation
     00000F81  C$animation.c$48$2_0$142           animation
     00000F81  XG$update_animation$0$0            animation
     00000F82  A$lcc1877226$300                   animation
     00000F82  C$animation.c$50$2_0$147           animation
     00000F82  G$set_animation$0$0                animation
     00000F82  _set_animation                     animation
     00000F83  A$lcc1877226$301                   animation
     00000F84  A$lcc1877226$302                   animation
     00000F85  A$lcc1877226$306                   animation
     00000F85  C$animation.c$52$2_0$148           animation
     00000F86  A$lcc1877226$307                   animation
     00000F88  A$lcc1877226$308                   animation
     00000F89  A$lcc1877226$309                   animation
     00000F8A  A$lcc1877226$310                   animation
     00000F8C  A$lcc1877226$311                   animation
     00000F8D  A$lcc1877226$312                   animation
     00000F8E  A$lcc1877226$313                   animation
     00000F8F  A$lcc1877226$314                   animation
     00000F90  A$lcc1877226$321                   animation
     00000F90  C$animation.c$53$2_0$148           animation
     00000F90  C$animation.c$55$1_0$147           animation
     00000F91  A$lcc1877226$322                   animation
     00000F92  A$lcc1877226$326                   animation
     00000F92  C$animation.c$56$1_1$149           animation
     00000F93  A$lcc1877226$327                   animation
     00000F94  A$lcc1877226$328                   animation
     00000F95  A$lcc1877226$329                   animation
     00000F96  A$lcc1877226$330                   animation
     00000F98  A$lcc1877226$331                   animation
     00000F99  A$lcc1877226$335                   animation
     00000F99  C$animation.c$57$1_1$149           animation
     00000F9A  A$lcc1877226$336                   animation
     00000F9B  A$lcc1877226$337                   animation
     00000F9C  A$lcc1877226$338                   animation
     00000F9D  A$lcc1877226$339                   animation
     00000F9E  A$lcc1877226$340                   animation
     00000F9F  A$lcc1877226$344                   animation
     00000F9F  C$animation.c$58$1_1$149           animation
     00000FA2  A$lcc1877226$345                   animation
     00000FA3  A$lcc1877226$346                   animation
     00000FA5  A$lcc1877226$354                   animation
     00000FA5  C$animation.c$59$1_1$147           animation
     00000FA5  XG$set_animation$0$0               animation
     00000FA6  A$lcc1877228$52                    char_to_tile
     00000FA6  C$char_to_tile.c$3$0_0$3           char_to_tile
     00000FA6  G$char_to_tile$0$0                 char_to_tile
     00000FA6  _char_to_tile                      char_to_tile
     00000FA8  A$lcc1877228$53                    char_to_tile
     00000FAA  A$lcc1877228$54                    char_to_tile
     00000FAB  A$lcc1877228$58                    char_to_tile
ASxxxx Linker V03.00/V05.40 + sdld,  page 24.
Hexadecimal  [32-Bits]

Area                                    Addr        Size        Decimal Bytes (Attributes)
--------------------------------        ----        ----        ------- ----- ------------
_CODE                               00000200    00002F3E =       12094. bytes (REL,CON)

      Value  Global                              Global Defined In Module
      -----  --------------------------------   ------------------------
     00000FAB  C$char_to_tile.c$4$2_0$3           char_to_tile
     00000FAD  A$lcc1877228$59                    char_to_tile
     00000FAF  A$lcc1877228$60                    char_to_tile
     00000FB0  A$lcc1877228$61                    char_to_tile
     00000FB2  A$lcc1877228$62                    char_to_tile
     00000FB3  A$lcc1877228$63                    char_to_tile
     00000FB5  A$lcc1877228$64                    char_to_tile
     00000FB6  A$lcc1877228$65                    char_to_tile
     00000FB8  A$lcc1877228$66                    char_to_tile
     00000FB9  A$lcc1877228$67                    char_to_tile
     00000FBB  A$lcc1877228$68                    char_to_tile
[...]
     00024D4D  A$lcc1877283$1212                  mg_leaves_update
     00024D4F  A$lcc1877283$1213                  mg_leaves_update
     00024D52  A$lcc1877283$1217                  mg_leaves_update
     00024D52  C$mg_leaves_update.c$185$1_0$215   mg_leaves_update
     00024D55  A$lcc1877283$1221                  mg_leaves_update
     00024D55  C$mg_leaves_update.c$186$1_0$215   mg_leaves_update
     00024D58  A$lcc1877283$1225                  mg_leaves_update
     00024D58  C$mg_leaves_update.c$188$1_0$215   mg_leaves_update
     00024D5B  A$lcc1877283$1226                  mg_leaves_update
     00024D5E  A$lcc1877283$1230                  mg_leaves_update
     00024D5E  C$mg_leaves_update.c$190$2_0$222   mg_leaves_update
     00024D61  A$lcc1877283$1231                  mg_leaves_update
ASxxxx Linker V03.00/V05.40 + sdld,  page 191.
Hexadecimal  [32-Bits]

Area                                    Addr        Size        Decimal Bytes (Attributes)
--------------------------------        ----        ----        ------- ----- ------------
_CODE_2                             00024000    00000E0F =        3599. bytes (REL,CON)

      Value  Global                              Global Defined In Module
      -----  --------------------------------   ------------------------
     00024D64  A$lcc1877283$1232                  mg_leaves_update
     00024D65  A$lcc1877283$1233                  mg_leaves_update
     00024D67  A$lcc1877283$1237                  mg_leaves_update
     00024D67  C$mg_leaves_update.c$192$3_0$223   mg_leaves_update
     00024D6A  A$lcc1877283$1238                  mg_leaves_update
     00024D6D  A$lcc1877283$1242                  mg_leaves_update
     00024D6D  C$mg_leaves_update.c$194$3_1$224   mg_leaves_update
     00024D70  A$lcc1877283$1246                  mg_leaves_update
     00024D70  C$mg_leaves_update.c$195$1_1$215   mg_leaves_update
     00024D72  A$lcc1877283$1247                  mg_leaves_update
     00024D73  A$lcc1877283$1248                  mg_leaves_update
     00024D75  A$lcc1877283$1249                  mg_leaves_update
     00024D78  A$lcc1877283$1250                  mg_leaves_update
     00024D79  A$lcc1877283$1251                  mg_leaves_update
     00024D7B  A$lcc1877283$1252                  mg_leaves_update
     00024D7E  A$lcc1877283$1253                  mg_leaves_update
     00024D7F  A$lcc1877283$1254                  mg_leaves_update
     00024D81  A$lcc1877283$1255                  mg_leaves_update
     00024D83  A$lcc1877283$1259                  mg_leaves_update
     00024D83  C$mg_leaves_update.c$196$1_1$215   mg_leaves_update
     00024D84  A$lcc1877283$1260                  mg_leaves_update
     00024D85  A$lcc1877283$1261                  mg_leaves_update
     00024D87  A$lcc1877283$1262                  mg_leaves_update
     00024D88  A$lcc1877283$1263                  mg_leaves_update
     00024D8B  A$lcc1877283$1264                  mg_leaves_update
     00024D8C  A$lcc1877283$1265                  mg_leaves_update
     00024D8E  A$lcc1877283$1266                  mg_leaves_update
     00024D91  A$lcc1877283$1267                  mg_leaves_update
     00024D92  A$lcc1877283$1268                  mg_leaves_update
     00024D94  A$lcc1877283$1269                  mg_leaves_update
     00024D96  A$lcc1877283$1273                  mg_leaves_update
     00024D96  C$mg_leaves_update.c$197$1_1$215   mg_leaves_update
     00024D97  A$lcc1877283$1274                  mg_leaves_update
     00024D99  A$lcc1877283$1275                  mg_leaves_update
     00024D9A  A$lcc1877283$1276                  mg_leaves_update
     00024D9D  A$lcc1877283$1277                  mg_leaves_update
     00024D9E  A$lcc1877283$1278                  mg_leaves_update
     00024DA0  A$lcc1877283$1279                  mg_leaves_update
     00024DA2  A$lcc1877283$1280                  mg_leaves_update
     00024DA3  A$lcc1877283$1284                  mg_leaves_update
     00024DA3  C$mg_leaves_update.c$199$3_1$224   mg_leaves_update
     00024DA5  A$lcc1877283$1285                  mg_leaves_update
     00024DA6  A$lcc1877283$1286                  mg_leaves_update
     00024DA7  A$lcc1877283$1287                  mg_leaves_update
     00024DA9  A$lcc1877283$1288                  mg_leaves_update
     00024DAB  A$lcc1877283$1289                  mg_leaves_update
     00024DAE  A$lcc1877283$1293                  mg_leaves_update
     00024DAE  C$mg_leaves_update.c$200$3_1$224   mg_leaves_update
     00024DB0  A$lcc1877283$1294                  mg_leaves_update
     00024DB1  A$lcc1877283$1295                  mg_leaves_update
     00024DB2  A$lcc1877283$1296                  mg_leaves_update
ASxxxx Linker V03.00/V05.40 + sdld,  page 192.
Hexadecimal  [32-Bits]

Area                                    Addr        Size        Decimal Bytes (Attributes)
--------------------------------        ----        ----        ------- ----- ------------
_CODE_2                             00024000    00000E0F =        3599. bytes (REL,CON)

      Value  Global                              Global Defined In Module
      -----  --------------------------------   ------------------------
     00024DB3  A$lcc1877283$1297                  mg_leaves_update
     00024DB5  A$lcc1877283$1298                  mg_leaves_update
     00024DB7  A$lcc1877283$1299                  mg_leaves_update
     00024DBA  A$lcc1877283$1303                  mg_leaves_update
     00024DBA  C$mg_leaves_update.c$201$3_1$224   mg_leaves_update
     00024DBC  A$lcc1877283$1304                  mg_leaves_update
     00024DBD  A$lcc1877283$1305                  mg_leaves_update
     00024DBE  A$lcc1877283$1306                  mg_leaves_update
     00024DBF  A$lcc1877283$1307                  mg_leaves_update
     00024DC1  A$lcc1877283$1308                  mg_leaves_update
     00024DC3  A$lcc1877283$1309                  mg_leaves_update
     00024DC6  A$lcc1877283$1313                  mg_leaves_update
     00024DC6  C$mg_leaves_update.c$202$3_1$224   mg_leaves_update
     00024DC8  A$lcc1877283$1314                  mg_leaves_update
     00024DC9  A$lcc1877283$1315                  mg_leaves_update
     00024DCA  A$lcc1877283$1316                  mg_leaves_update
     00024DCB  A$lcc1877283$1317                  mg_leaves_update
     00024DCD  A$lcc1877283$1318                  mg_leaves_update
     00024DCF  A$lcc1877283$1319                  mg_leaves_update
     00024DD2  A$lcc1877283$1324                  mg_leaves_update
     00024DD2  C$mg_leaves_update.c$205$1_1$225   mg_leaves_update
     00024DD5  A$lcc1877283$1325                  mg_leaves_update
     00024DD8  A$lcc1877283$1326                  mg_leaves_update
     00024DD9  A$lcc1877283$1327                  mg_leaves_update
     00024DDC  A$lcc1877283$1328                  mg_leaves_update
     00024DDD  A$lcc1877283$1332                  mg_leaves_update
     00024DDD  C$mg_leaves_update.c$207$1_1$215   mg_leaves_update
     00024DE0  A$lcc1877283$1333                  mg_leaves_update
     00024DE1  A$lcc1877283$1334                  mg_leaves_update
     00024DE2  A$lcc1877283$1335                  mg_leaves_update
     00024DE3  A$lcc1877283$1336                  mg_leaves_update
     00024DE6  A$lcc1877283$1337                  mg_leaves_update
     00024DE9  A$lcc1877283$1338                  mg_leaves_update
     00024DEA  A$lcc1877283$1339                  mg_leaves_update
     00024DEB  A$lcc1877283$1340                  mg_leaves_update
     00024DED  A$lcc1877283$1341                  mg_leaves_update
     00024DEE  A$lcc1877283$1345                  mg_leaves_update
     00024DEE  C$mg_leaves_update.c$208$1_1$215   mg_leaves_update
     00024DEF  A$lcc1877283$1346                  mg_leaves_update
     00024DF2  A$lcc1877283$1347                  mg_leaves_update
     00024DF5  A$lcc1877283$1348                  mg_leaves_update
     00024DF6  A$lcc1877283$1349                  mg_leaves_update
     00024DF7  A$lcc1877283$1350                  mg_leaves_update
     00024DF9  A$lcc1877283$1351                  mg_leaves_update
     00024DFA  A$lcc1877283$1355                  mg_leaves_update
     00024DFA  C$mg_leaves_update.c$210$1_1$225   mg_leaves_update
     00024DFB  A$lcc1877283$1356                  mg_leaves_update
     00024DFC  A$lcc1877283$1357                  mg_leaves_update
     00024DFD  A$lcc1877283$1358                  mg_leaves_update
     00024DFF  A$lcc1877283$1359                  mg_leaves_update
     00024E01  A$lcc1877283$1360                  mg_leaves_update
ASxxxx Linker V03.00/V05.40 + sdld,  page 193.
Hexadecimal  [32-Bits]

Area                                    Addr        Size        Decimal Bytes (Attributes)
--------------------------------        ----        ----        ------- ----- ------------
_CODE_2                             00024000    00000E0F =        3599. bytes (REL,CON)

      Value  Global                              Global Defined In Module
      -----  --------------------------------   ------------------------
     00024E04  A$lcc1877283$1364                  mg_leaves_update
     00024E04  C$mg_leaves_update.c$211$1_1$225   mg_leaves_update
     00024E05  A$lcc1877283$1365                  mg_leaves_update
     00024E07  A$lcc1877283$1366                  mg_leaves_update
     00024E09  A$lcc1877283$1367                  mg_leaves_update
     00024E0C  A$lcc1877283$1375                  mg_leaves_update
     00024E0C  C$mg_leaves_update.c$213$1_1$225   mg_leaves_update
     00024E0E  A$lcc1877283$1380                  mg_leaves_update
     00024E0E  C$mg_leaves_update.c$214$1_1$215   mg_leaves_update
     00024E0E  XG$Mg_Leaves_Update$0$0            mg_leaves_update
ASxxxx Linker V03.00/V05.40 + sdld,  page 194.

Files Linked                              [ module(s) ]

C:\Program Files\GBDK\lib/gb/crt0.o       [ Runtime ]
C:\Users\Bau_M\AppData\Local\Temp/lcc187720.o
                                          [ buttons ]
C:\Users\Bau_M\AppData\Local\Temp/lcc187721.o
                                          [ chars ]
C:\Users\Bau_M\AppData\Local\Temp/lcc187722.o
                                          [ numbers ]
C:\Users\Bau_M\AppData\Local\Temp/lcc187723.o
                                          [ gender_select_tilemap ]
C:\Users\Bau_M\AppData\Local\Temp/lcc187724.o
                                          [ gender_select_tileset ]
C:\Users\Bau_M\AppData\Local\Temp/lcc187725.o
                                          [ inventory_bkg ]
C:\Users\Bau_M\AppData\Local\Temp/lcc187726.o
                                          [ bkg_MainMenu ]
C:\Users\Bau_M\AppData\Local\Temp/lcc187727.o
                                          [ map_example ]
C:\Users\Bau_M\AppData\Local\Temp/lcc187728.o
                                          [ bkg_leaves_example ]
C:\Users\Bau_M\AppData\Local\Temp/lcc187729.o
                                          [ npc_icons ]
C:\Users\Bau_M\AppData\Local\Temp/lcc1877210.o
                                          [ template_tileset ]
C:\Users\Bau_M\AppData\Local\Temp/lcc1877211.o
                                          [ text_frame ]
C:\Users\Bau_M\AppData\Local\Temp/lcc1877212.o
                                          [ text_frame_init ]
C:\Users\Bau_M\AppData\Local\Temp/lcc1877213.o
                                          [ spr_InventoryArrow_idle ]
C:\Users\Bau_M\AppData\Local\Temp/lcc1877214.o
                                          [ spr_Branch ]
C:\Users\Bau_M\AppData\Local\Temp/lcc1877215.o
                                          [ broom ]
C:\Users\Bau_M\AppData\Local\Temp/lcc1877216.o
                                          [ spr_garbage ]
C:\Users\Bau_M\AppData\Local\Temp/lcc1877217.o
                                          [ leaf ]
C:\Users\Bau_M\AppData\Local\Temp/lcc1877218.o
                                          [ example_npc ]
C:\Users\Bau_M\AppData\Local\Temp/lcc1877219.o
                                          [ spr_Player_down0 ]
C:\Users\Bau_M\AppData\Local\Temp/lcc1877220.o
                                          [ spr_Player_down1 ]
C:\Users\Bau_M\AppData\Local\Temp/lcc1877221.o
                                          [ spr_Player_down2 ]
C:\Users\Bau_M\AppData\Local\Temp/lcc1877222.o
                                          [ spr_Player_up0 ]
C:\Users\Bau_M\AppData\Local\Temp/lcc1877223.o
                                          [ spr_Player_up1 ]
C:\Users\Bau_M\AppData\Local\Temp/lcc1877224.o
                                          [ spr_Player_up2 ]
C:\Users\Bau_M\AppData\Local\Temp/lcc1877225.o
                                          [ action ]
C:\Users\Bau_M\AppData\Local\Temp/lcc1877226.o
                                          [ animation ]
C:\Users\Bau_M\AppData\Local\Temp/lcc1877227.o
                                          [ can_move ]
C:\Users\Bau_M\AppData\Local\Temp/lcc1877228.o
                                          [ char_to_tile ]
C:\Users\Bau_M\AppData\Local\Temp/lcc1877229.o
                                          [ collision ]
C:\Users\Bau_M\AppData\Local\Temp/lcc1877230.o
                                          [ draw ]
C:\Users\Bau_M\AppData\Local\Temp/lcc1877231.o
                                          [ entity ]
C:\Users\Bau_M\AppData\Local\Temp/lcc1877232.o
                                          [ extra_actors ]
C:\Users\Bau_M\AppData\Local\Temp/lcc1877233.o
                                          [ gender_selection ]
C:\Users\Bau_M\AppData\Local\Temp/lcc1877234.o
                                          [ input ]
C:\Users\Bau_M\AppData\Local\Temp/lcc1877235.o
                                          [ inventory ]
C:\Users\Bau_M\AppData\Local\Temp/lcc1877236.o
                                          [ inventory_input ]
C:\Users\Bau_M\AppData\Local\Temp/lcc1877237.o
                                          [ load ]
C:\Users\Bau_M\AppData\Local\Temp/lcc1877238.o
                                          [ map_scenes ]
C:\Users\Bau_M\AppData\Local\Temp/lcc1877239.o
                                          [ minigames ]
C:\Users\Bau_M\AppData\Local\Temp/lcc1877240.o
                                          [ money ]
C:\Users\Bau_M\AppData\Local\Temp/lcc1877241.o
                                          [ name ]
C:\Users\Bau_M\AppData\Local\Temp/lcc1877242.o
                                          [ npcs ]
C:\Users\Bau_M\AppData\Local\Temp/lcc1877243.o
                                          [ npc_lines ]
C:\Users\Bau_M\AppData\Local\Temp/lcc1877244.o
                                          [ player ]
C:\Users\Bau_M\AppData\Local\Temp/lcc1877245.o
                                          [ position ]
C:\Users\Bau_M\AppData\Local\Temp/lcc1877246.o
                                          [ random ]
C:\Users\Bau_M\AppData\Local\Temp/lcc1877247.o
                                          [ render ]
C:\Users\Bau_M\AppData\Local\Temp/lcc1877248.o
                                          [ scene ]
C:\Users\Bau_M\AppData\Local\Temp/lcc1877249.o
                                          [ scene_manager ]
C:\Users\Bau_M\AppData\Local\Temp/lcc1877250.o
                                          [ speed ]
C:\Users\Bau_M\AppData\Local\Temp/lcc1877251.o
                                          [ gender_select ]
C:\Users\Bau_M\AppData\Local\Temp/lcc1877252.o
                                          [ gender_select_init ]
C:\Users\Bau_M\AppData\Local\Temp/lcc1877253.o
                                          [ gender_select_update ]
C:\Users\Bau_M\AppData\Local\Temp/lcc1877254.o
                                          [ inventory_scene ]
C:\Users\Bau_M\AppData\Local\Temp/lcc1877255.o
                                          [ inventory_scene_init ]
C:\Users\Bau_M\AppData\Local\Temp/lcc1877256.o
                                          [ inventory_scene_update ]
C:\Users\Bau_M\AppData\Local\Temp/lcc1877257.o
                                          [ main_menu ]
C:\Users\Bau_M\AppData\Local\Temp/lcc1877258.o
                                          [ main_menu_init ]
C:\Users\Bau_M\AppData\Local\Temp/lcc1877259.o
                                          [ main_menu_init_stats ]
C:\Users\Bau_M\AppData\Local\Temp/lcc1877260.o
                                          [ main_menu_input ]
C:\Users\Bau_M\AppData\Local\Temp/lcc1877261.o
                                          [ main_menu_update ]
C:\Users\Bau_M\AppData\Local\Temp/lcc1877262.o
                                          [ clean_text ]
C:\Users\Bau_M\AppData\Local\Temp/lcc1877263.o
                                          [ map_collision ]
C:\Users\Bau_M\AppData\Local\Temp/lcc1877264.o
                                          [ map_data ]
C:\Users\Bau_M\AppData\Local\Temp/lcc1877265.o
                                          [ map_player_movement ]
C:\Users\Bau_M\AppData\Local\Temp/lcc1877266.o
                                          [ map_00 ]
C:\Users\Bau_M\AppData\Local\Temp/lcc1877267.o
                                          [ map_00_check_items ]
C:\Users\Bau_M\AppData\Local\Temp/lcc1877268.o
                                          [ map_00_collision ]
C:\Users\Bau_M\AppData\Local\Temp/lcc1877269.o
                                          [ map_00_init ]
C:\Users\Bau_M\AppData\Local\Temp/lcc1877270.o
                                          [ map_00_init_dialogues ]
C:\Users\Bau_M\AppData\Local\Temp/lcc1877271.o
                                          [ map_00_init_npc ]
C:\Users\Bau_M\AppData\Local\Temp/lcc1877272.o
                                          [ map_00_update ]
C:\Users\Bau_M\AppData\Local\Temp/lcc1877273.o
                                          [ mg_instruction_set ]
C:\Users\Bau_M\AppData\Local\Temp/lcc1877274.o
                                          [ mg_load_screen ]
C:\Users\Bau_M\AppData\Local\Temp/lcc1877275.o
                                          [ mg_mission_complete ]
C:\Users\Bau_M\AppData\Local\Temp/lcc1877276.o
                                          [ mg_player_movement ]
C:\Users\Bau_M\AppData\Local\Temp/lcc1877277.o
                                          [ mg_timer ]
C:\Users\Bau_M\AppData\Local\Temp/lcc1877278.o
                                          [ mini_games ]
C:\Users\Bau_M\AppData\Local\Temp/lcc1877279.o
                                          [ mg_leaves ]
C:\Users\Bau_M\AppData\Local\Temp/lcc1877280.o
                                          [ mg_leaves_init ]
C:\Users\Bau_M\AppData\Local\Temp/lcc1877281.o
                                          [ mg_leaves_load_bkg ]
C:\Users\Bau_M\AppData\Local\Temp/lcc1877282.o
                                          [ mg_leaves_player_init ]
C:\Users\Bau_M\AppData\Local\Temp/lcc1877283.o
                                          [ mg_leaves_update ]
C:\Users\Bau_M\AppData\Local\Temp/lcc1877284.o
                                          [ main ]


Libraries Linked                          [ object file ]

C:\Program Files\GBDK\lib/gb/gb.lib       [ sfr.o ]
C:\Program Files\GBDK\lib/sm83/sm83.lib   [ div.o ]
C:\Program Files\GBDK\lib/sm83/sm83.lib   [ free.o ]
C:\Program Files\GBDK\lib/sm83/sm83.lib   [ malloc.o ]
C:\Program Files\GBDK\lib/gb/gb.lib       [ set_data.o ]
C:\Program Files\GBDK\lib/gb/gb.lib       [ set_tile.o ]
C:\Program Files\GBDK\lib/sm83/sm83.lib   [ mul.o ]
C:\Program Files\GBDK\lib/gb/gb.lib       [ pad.o ]
C:\Program Files\GBDK\lib/sm83/sm83.lib   [ __sdcc_call_hl.o ]
C:\Program Files\GBDK\lib/sm83/sm83.lib   [ memcpy.o ]
C:\Program Files\GBDK\lib/gb/gb.lib       [ heap.o ]
C:\Program Files\GBDK\lib/gb/gb.lib       [ set_bk_t.o ]
C:\Program Files\GBDK\lib/gb/gb.lib       [ set_xy_t.o ]

ASxxxx Linker V03.00/V05.40 + sdld,  page 195.

User Base Address Definitions

_DATA=0xC0A0
_CODE=0x0200
_HRAM=0xFF80
ASxxxx Linker V03.00/V05.40 + sdld,  page 196.

User Global Definitions

_shadow_OAM=0xC000
.STACK=0xE000

