ASxxxx Linker V03.00/V05.40 + sdld,  page 1.
Hexadecimal  [32-Bits]

Area                                    Addr        Size        Decimal Bytes (Attributes)
--------------------------------        ----        ----        ------- ----- ------------
.  .ABS.                            00000000    00000000 =           0. bytes (ABS,CON)

      Value  Global                              Global Defined In Module
      -----  --------------------------------   ------------------------
     00000000  .__.ABS.                           SetTileMap
     00000000  _rMBC7_SRAM_ENABLE_1               
     00000000  _rRAMG                             
     00000000  l__BASE                         
     00000000  l__BSS                          
     00000000  l__CABS                         
     00000000  l__CODE_0                       
     00000000  l__DABS                         
     00000000  l__HEADER                       
     00000000  l__LIT                          
     00000000  s__CABS                         
     00000000  s__DABS                         
     00000000  s__HEADER                       
     00000000  s__HEADER0                      
     00000000  s__HEADER1                      
     00000000  s__HEADER10                     
     00000000  s__HEADER11                     
     00000000  s__HEADER2                      
     00000000  s__HEADER3                      
     00000000  s__HEADER4                      
     00000000  s__HEADER5                      
     00000000  s__HEADER6                      
     00000000  s__HEADER7                      
     00000000  s__HEADER8                      
     00000000  s__HEADER9                      
     00000000  s__HEADERa                      
     00000000  s__HEADERb                      
     00000000  s__HEADERc                      
     00000000  s__HEADERd                      
     00000000  s__HEADERe                      
     00000000  s__HEADERf                      
     00000001  l__GSFINAL                      
     00000001  l__HEADER0                      
     00000001  l__HEADER5                      
     00000001  l__HEADERa                      
     00000001  l__HEADERb                      
     00000001  l__HEADERc                      
     00000001  l__HEADERe                      
     00000001  l__HEADERf                      
     00000001  l__HEAP_END                     
     00000002  l__HEADER10                     
     00000002  l__HEADER6                      
     00000002  l__HEADERd                      
     00000003  l__HEADER9                      
     00000005  l__HEADER1                      
     00000006  l__HEADER8                      
     00000007  l__HEADER2                      
     00000008  l__HEADER3                      
     0000000F  l__GSINIT                       
     00000013  l__HRAM                         
ASxxxx Linker V03.00/V05.40 + sdld,  page 2.
Hexadecimal  [32-Bits]

Area                                    Addr        Size        Decimal Bytes (Attributes)
--------------------------------        ----        ----        ------- ----- ------------
.  .ABS.                            00000000    00000000 =           0. bytes (ABS,CON)

      Value  Global                              Global Defined In Module
      -----  --------------------------------   ------------------------
     00000030  l__HEADER7                      
     00000060  l__HEADER4                      
     000000AB  l__HEADER11                     
     0000012C  l__HOME                         
     000001BB  l__DATA                         
     000001E5  l__INITIALIZED                  
     000001E5  l__INITIALIZER                  
     00000200  s__CODE                         
     000007FF  l__HEAP                         
     00000EE8  l__CODE_1                       
     00002000  _rROMB0                            
     00002573  l__CODE                         
     00002773  s__HOME                         
     0000289F  s__BASE                         
     0000289F  s__CODE_0                       
     0000289F  s__INITIALIZER                  
     0000289F  s__LIT                          
     00002A84  s__GSINIT                       
     00002A93  s__GSFINAL                      
     00003000  _rROMB1                            
     00004000  _rMBC7_SRAM_ENABLE_2               
     00004000  _rRAMB                             
     00008000  __VRAM                             
     00008000  __VRAM8000                         
     00008800  __VRAM8800                         
     00009000  __VRAM9000                         
     00009800  __SCRN0                            
     00009C00  __SCRN1                            
     0000A000  __SRAM                             
     0000A000  _rMBC7_LATCH_1                     
     0000A010  _rMBC7_LATCH_2                     
     0000A020  _rMBC7_ACCEL_X_LO                  
     0000A030  _rMBC7_ACCEL_X_HI                  
     0000A040  _rMBC7_ACCEL_Y_LO                  
     0000A050  _rMBC7_ACCEL_Y_HI                  
     0000C000  __RAM                              
     0000C000  _shadow_OAM                     
     0000C0A0  s__DATA                         
     0000C25B  s__BSS                          
     0000C25B  s__INITIALIZED                  
     0000C440  s__HEAP                         
     0000CC3F  s__HEAP_END                     
     0000D000  __RAMBANK                          
     0000E000  .STACK                          
     0000FE00  __OAMRAM                           
     0000FF00  _P1_REG                            
     0000FF00  __IO                               
     0000FF01  _SB_REG                            
     0000FF02  _SC_REG                            
     0000FF04  _DIV_REG                           
     0000FF05  _TIMA_REG                          
ASxxxx Linker V03.00/V05.40 + sdld,  page 3.
Hexadecimal  [32-Bits]

Area                                    Addr        Size        Decimal Bytes (Attributes)
--------------------------------        ----        ----        ------- ----- ------------
.  .ABS.                            00000000    00000000 =           0. bytes (ABS,CON)

      Value  Global                              Global Defined In Module
      -----  --------------------------------   ------------------------
     0000FF06  _TMA_REG                           
     0000FF07  _TAC_REG                           
     0000FF0F  _IF_REG                            
     0000FF10  _NR10_REG                          
     0000FF11  _NR11_REG                          
     0000FF12  _NR12_REG                          
     0000FF13  _NR13_REG                          
     0000FF14  _NR14_REG                          
     0000FF16  _NR21_REG                          
     0000FF17  _NR22_REG                          
     0000FF18  _NR23_REG                          
     0000FF19  _NR24_REG                          
     0000FF1A  _NR30_REG                          
     0000FF1B  _NR31_REG                          
     0000FF1C  _NR32_REG                          
     0000FF1D  _NR33_REG                          
     0000FF1E  _NR34_REG                          
     0000FF20  _NR41_REG                          
     0000FF21  _NR42_REG                          
     0000FF22  _NR43_REG                          
     0000FF23  _NR44_REG                          
     0000FF24  _NR50_REG                          
     0000FF25  _NR51_REG                          
     0000FF26  _NR52_REG                          
     0000FF30  _AUD3WAVE                          
     0000FF30  _PCM_SAMPLE                        
     0000FF30  __AUD3WAVERAM                      
     0000FF40  _LCDC_REG                          
     0000FF41  _STAT_REG                          
     0000FF42  _SCY_REG                           
     0000FF43  _SCX_REG                           
     0000FF44  _LY_REG                            
     0000FF45  _LYC_REG                           
     0000FF46  _DMA_REG                           
     0000FF47  _BGP_REG                           
     0000FF48  _OBP0_REG                          
     0000FF49  _OBP1_REG                          
     0000FF4A  _WY_REG                            
     0000FF4B  _WX_REG                            
     0000FF4D  _KEY1_REG                          
     0000FF4F  _VBK_REG                           
     0000FF51  _HDMA1_REG                         
     0000FF52  _HDMA2_REG                         
     0000FF53  _HDMA3_REG                         
     0000FF54  _HDMA4_REG                         
     0000FF55  _HDMA5_REG                         
     0000FF56  _RP_REG                            
     0000FF68  _BCPS_REG                          
     0000FF69  _BCPD_REG                          
     0000FF6A  _OCPS_REG                          
     0000FF6B  _OCPD_REG                          
ASxxxx Linker V03.00/V05.40 + sdld,  page 4.
Hexadecimal  [32-Bits]

Area                                    Addr        Size        Decimal Bytes (Attributes)
--------------------------------        ----        ----        ------- ----- ------------
.  .ABS.                            00000000    00000000 =           0. bytes (ABS,CON)

      Value  Global                              Global Defined In Module
      -----  --------------------------------   ------------------------
     0000FF70  _SVBK_REG                          
     0000FF76  _PCM12_REG                         
     0000FF77  _PCM34_REG                         
     0000FF80  __HRAM                             
     0000FF80  s__HRAM                         
     0000FFFF  _IE_REG                            
     00014000  s__CODE_1                       
ASxxxx Linker V03.00/V05.40 + sdld,  page 5.
Hexadecimal  [32-Bits]

Area                                    Addr        Size        Decimal Bytes (Attributes)
--------------------------------        ----        ----        ------- ----- ------------
_CODE                               00000200    00002573 =        9587. bytes (REL,CON)

      Value  Global                              Global Defined In Module
      -----  --------------------------------   ------------------------
     00000200  G$chars_tileset$0_0$0              chars
     00000200  _chars_tileset                     chars
     000003F0  G$chars_tilemap$0_0$0              chars
     000003F0  _chars_tilemap                     chars
     0000040E  G$numbers_tileset$0_0$0            numbers
     0000040E  _numbers_tileset                   numbers
     000004AE  G$numbers_tilemap$0_0$0            numbers
     000004AE  _numbers_tilemap                   numbers
     000004B8  G$gender_select_tilemap$0_0$0      gender_select_tilemap
     000004B8  _gender_select_tilemap             gender_select_tilemap
     00000620  G$gender_select_tileset$0_0$0      gender_select_tileset
     00000620  _gender_select_tileset             gender_select_tileset
     00000910  A$lcc155807$58                     npc_icons
     00000910  C$npc_icons.c$27$0_0$127           npc_icons
     00000910  C$npc_icons.c$28$1_0$127           npc_icons
     00000910  G$InitNPCIcons$0$0                 npc_icons
     00000910  _InitNPCIcons                      npc_icons
     00000913  A$lcc155807$59                     npc_icons
     00000914  A$lcc155807$60                     npc_icons
     00000917  A$lcc155807$61                     npc_icons
     00000918  A$lcc155807$62                     npc_icons
     0000091B  A$lcc155807$63                     npc_icons
     0000091D  A$lcc155807$71                     npc_icons
     0000091D  C$npc_icons.c$29$1_0$127           npc_icons
     0000091D  XG$InitNPCIcons$0$0                npc_icons
     0000091E  G$npc_icons_tileset$0_0$0          npc_icons
     0000091E  _npc_icons_tileset                 npc_icons
     0000097E  G$npc_icons_tilemap$0_0$0          npc_icons
     0000097E  _npc_icons_tilemap                 npc_icons
     00000984  G$template_tilemap$0_0$0           template_tilemap
     00000984  _template_tilemap                  template_tilemap
     00000AEC  G$template_tileset$0_0$0           template_tileset
     00000AEC  _template_tileset                  template_tileset
     00000CBC  G$spr_Branch$0_0$0                 spr_Branch
     00000CBC  _spr_Branch                        spr_Branch
     00000CCC  A$lcc1558019$66                    action
     00000CCC  C$action.c$12$0_0$150              action
     00000CCC  G$move_up$0$0                      action
     00000CCC  _move_up                           action
     00000CCE  A$lcc1558019$67                    action
     00000CD0  A$lcc1558019$68                    action
     00000CD1  A$lcc1558019$72                    action
     00000CD1  C$action.c$14$2_0$151              action
     00000CD4  A$lcc1558019$73                    action
     00000CD6  A$lcc1558019$77                    action
     00000CD6  C$action.c$15$2_0$151              action
     00000CD8  A$lcc1558019$81                    action
     00000CD8  C$action.c$17$1_0$150              action
     00000CDA  A$lcc1558019$82                    action
     00000CDB  A$lcc1558019$83                    action
ASxxxx Linker V03.00/V05.40 + sdld,  page 6.
Hexadecimal  [32-Bits]

Area                                    Addr        Size        Decimal Bytes (Attributes)
--------------------------------        ----        ----        ------- ----- ------------
_CODE                               00000200    00002573 =        9587. bytes (REL,CON)

      Value  Global                              Global Defined In Module
      -----  --------------------------------   ------------------------
     00000CDC  A$lcc1558019$84                    action
     00000CDE  A$lcc1558019$85                    action
     00000CDF  A$lcc1558019$86                    action
     00000CE1  A$lcc1558019$87                    action
     00000CE3  A$lcc1558019$88                    action
     00000CE4  A$lcc1558019$89                    action
     00000CE7  A$lcc1558019$90                    action
     00000CE9  A$lcc1558019$91                    action
     00000CEA  A$lcc1558019$92                    action
     00000CEB  A$lcc1558019$93                    action
     00000CEC  A$lcc1558019$94                    action
     00000CED  A$lcc1558019$95                    action
     00000CEE  A$lcc1558019$96                    action
     00000CEF  A$lcc1558019$97                    action
     00000CF0  A$lcc1558019$98                    action
     00000CF1  A$lcc1558019$99                    action
     00000CF2  A$lcc1558019$100                   action
     00000CF3  A$lcc1558019$101                   action
     00000CF5  A$lcc1558019$102                   action
     00000CF6  A$lcc1558019$103                   action
     00000CF8  A$lcc1558019$104                   action
     00000CF9  A$lcc1558019$105                   action
     00000CFB  A$lcc1558019$106                   action
     00000CFC  A$lcc1558019$107                   action
     00000CFE  A$lcc1558019$108                   action
     00000CFF  A$lcc1558019$109                   action
     00000D01  A$lcc1558019$110                   action
     00000D02  A$lcc1558019$111                   action
     00000D04  A$lcc1558019$112                   action
     00000D05  A$lcc1558019$113                   action
     00000D06  A$lcc1558019$114                   action
     00000D07  A$lcc1558019$115                   action
     00000D08  A$lcc1558019$116                   action
     00000D09  A$lcc1558019$117                   action
     00000D0A  A$lcc1558019$118                   action
     00000D0B  A$lcc1558019$119                   action
     00000D0C  A$lcc1558019$120                   action
     00000D0D  A$lcc1558019$121                   action
     00000D0E  A$lcc1558019$122                   action
     00000D10  A$lcc1558019$123                   action
     00000D11  A$lcc1558019$124                   action
     00000D12  A$lcc1558019$125                   action
     00000D13  A$lcc1558019$126                   action
     00000D14  A$lcc1558019$127                   action
     00000D15  A$lcc1558019$128                   action
     00000D16  A$lcc1558019$129                   action
     00000D17  A$lcc1558019$130                   action
     00000D18  A$lcc1558019$131                   action
     00000D19  A$lcc1558019$132                   action
     00000D1A  A$lcc1558019$136                   action
     00000D1A  C$action.c$18$1_0$150              action
ASxxxx Linker V03.00/V05.40 + sdld,  page 7.
Hexadecimal  [32-Bits]

Area                                    Addr        Size        Decimal Bytes (Attributes)
--------------------------------        ----        ----        ------- ----- ------------
_CODE                               00000200    00002573 =        9587. bytes (REL,CON)

      Value  Global                              Global Defined In Module
      -----  --------------------------------   ------------------------
     00000D1D  A$lcc1558019$137                   action
     00000D1E  A$lcc1558019$138                   action
     00000D1F  A$lcc1558019$139                   action
     00000D21  A$lcc1558019$140                   action
     00000D22  A$lcc1558019$141                   action
     00000D23  A$lcc1558019$142                   action
     00000D24  A$lcc1558019$143                   action
     00000D25  A$lcc1558019$144                   action
     00000D26  A$lcc1558019$149                   action
     00000D28  A$lcc1558019$154                   action
     00000D28  C$action.c$19$1_0$150              action
     00000D28  XG$move_up$0$0                     action
     00000D29  A$lcc1558019$164                   action
     00000D29  C$action.c$21$1_0$153              action
     00000D29  G$move_down$0$0                    action
     00000D29  _move_down                         action
     00000D2B  A$lcc1558019$165                   action
     00000D2D  A$lcc1558019$166                   action
     00000D2E  A$lcc1558019$170                   action
     00000D2E  C$action.c$23$2_0$154              action
     00000D31  A$lcc1558019$171                   action
     00000D33  A$lcc1558019$175                   action
     00000D33  C$action.c$24$2_0$154              action
     00000D35  A$lcc1558019$179                   action
     00000D35  C$action.c$26$1_0$153              action
     00000D37  A$lcc1558019$180                   action
     00000D38  A$lcc1558019$181                   action
     00000D39  A$lcc1558019$182                   action
     00000D3B  A$lcc1558019$183                   action
     00000D3C  A$lcc1558019$184                   action
     00000D3E  A$lcc1558019$185                   action
     00000D40  A$lcc1558019$186                   action
     00000D41  A$lcc1558019$187                   action
     00000D44  A$lcc1558019$188                   action
     00000D46  A$lcc1558019$189                   action
     00000D47  A$lcc1558019$190                   action
     00000D48  A$lcc1558019$191                   action
     00000D49  A$lcc1558019$192                   action
     00000D4A  A$lcc1558019$193                   action
     00000D4B  A$lcc1558019$194                   action
     00000D4C  A$lcc1558019$195                   action
     00000D4D  A$lcc1558019$196                   action
     00000D4F  A$lcc1558019$197                   action
     00000D50  A$lcc1558019$198                   action
     00000D51  A$lcc1558019$199                   action
     00000D53  A$lcc1558019$200                   action
     00000D54  A$lcc1558019$201                   action
     00000D55  A$lcc1558019$202                   action
     00000D56  A$lcc1558019$203                   action
     00000D57  A$lcc1558019$204                   action
     00000D58  A$lcc1558019$205                   action
ASxxxx Linker V03.00/V05.40 + sdld,  page 8.
Hexadecimal  [32-Bits]

Area                                    Addr        Size        Decimal Bytes (Attributes)
--------------------------------        ----        ----        ------- ----- ------------
_CODE                               00000200    00002573 =        9587. bytes (REL,CON)

      Value  Global                              Global Defined In Module
      -----  --------------------------------   ------------------------
     00000D59  A$lcc1558019$206                   action
     00000D5A  A$lcc1558019$207                   action
     00000D5B  A$lcc1558019$208                   action
     00000D5C  A$lcc1558019$209                   action
     00000D5D  A$lcc1558019$213                   action
     00000D5D  C$action.c$27$1_0$153              action
     00000D60  A$lcc1558019$214                   action
     00000D62  A$lcc1558019$215                   action
     00000D63  A$lcc1558019$216                   action
     00000D65  A$lcc1558019$217                   action
     00000D66  A$lcc1558019$218                   action
     00000D67  A$lcc1558019$219                   action
     00000D68  A$lcc1558019$220                   action
     00000D69  A$lcc1558019$221                   action
     00000D6A  A$lcc1558019$226                   action
     00000D6C  A$lcc1558019$231                   action
     00000D6C  C$action.c$28$1_0$153              action
     00000D6C  XG$move_down$0$0                   action
     00000D6D  A$lcc1558019$241                   action
     00000D6D  C$action.c$30$1_0$156              action
     00000D6D  G$move_left$0$0                    action
     00000D6D  _move_left                         action
     00000D6F  A$lcc1558019$242                   action
     00000D71  A$lcc1558019$243                   action
     00000D72  A$lcc1558019$247                   action
     00000D72  C$action.c$32$2_0$157              action
     00000D75  A$lcc1558019$248                   action
     00000D77  A$lcc1558019$252                   action
     00000D77  C$action.c$33$2_0$157              action
     00000D79  A$lcc1558019$256                   action
     00000D79  C$action.c$35$1_0$156              action
     00000D7B  A$lcc1558019$257                   action
     00000D7C  A$lcc1558019$258                   action
     00000D7D  A$lcc1558019$259                   action
     00000D7F  A$lcc1558019$260                   action
     00000D80  A$lcc1558019$261                   action
     00000D82  A$lcc1558019$262                   action
     00000D84  A$lcc1558019$263                   action
     00000D85  A$lcc1558019$264                   action
     00000D88  A$lcc1558019$265                   action
     00000D8A  A$lcc1558019$266                   action
     00000D8B  A$lcc1558019$267                   action
     00000D8C  A$lcc1558019$268                   action
     00000D8D  A$lcc1558019$269                   action
     00000D8E  A$lcc1558019$270                   action
     00000D8F  A$lcc1558019$271                   action
     00000D90  A$lcc1558019$272                   action
     00000D91  A$lcc1558019$273                   action
     00000D92  A$lcc1558019$274                   action
     00000D93  A$lcc1558019$275                   action
     00000D94  A$lcc1558019$276                   action
ASxxxx Linker V03.00/V05.40 + sdld,  page 9.
Hexadecimal  [32-Bits]

Area                                    Addr        Size        Decimal Bytes (Attributes)
--------------------------------        ----        ----        ------- ----- ------------
_CODE                               00000200    00002573 =        9587. bytes (REL,CON)

      Value  Global                              Global Defined In Module
      -----  --------------------------------   ------------------------
     00000D96  A$lcc1558019$277                   action
     00000D97  A$lcc1558019$278                   action
     00000D99  A$lcc1558019$279                   action
     00000D9A  A$lcc1558019$280                   action
     00000D9C  A$lcc1558019$281                   action
     00000D9D  A$lcc1558019$282                   action
     00000D9F  A$lcc1558019$283                   action
     00000DA0  A$lcc1558019$284                   action
     00000DA2  A$lcc1558019$285                   action
     00000DA3  A$lcc1558019$286                   action
     00000DA5  A$lcc1558019$287                   action
     00000DA6  A$lcc1558019$288                   action
     00000DA7  A$lcc1558019$289                   action
     00000DA8  A$lcc1558019$290                   action
     00000DA9  A$lcc1558019$291                   action
     00000DAA  A$lcc1558019$292                   action
     00000DAB  A$lcc1558019$293                   action
     00000DAC  A$lcc1558019$294                   action
     00000DAD  A$lcc1558019$295                   action
     00000DAE  A$lcc1558019$296                   action
     00000DAF  A$lcc1558019$297                   action
     00000DB1  A$lcc1558019$298                   action
     00000DB2  A$lcc1558019$299                   action
     00000DB3  A$lcc1558019$300                   action
     00000DB4  A$lcc1558019$301                   action
     00000DB5  A$lcc1558019$305                   action
     00000DB5  C$action.c$36$1_0$156              action
     00000DB6  A$lcc1558019$306                   action
     00000DB7  A$lcc1558019$307                   action
     00000DB8  A$lcc1558019$308                   action
     00000DB9  A$lcc1558019$309                   action
     00000DBA  A$lcc1558019$310                   action
     00000DBB  A$lcc1558019$311                   action
     00000DBC  A$lcc1558019$312                   action
     00000DBD  A$lcc1558019$313                   action
     00000DC0  A$lcc1558019$314                   action
     00000DC1  A$lcc1558019$315                   action
     00000DC3  A$lcc1558019$316                   action
     00000DC4  A$lcc1558019$317                   action
     00000DC5  A$lcc1558019$318                   action
     00000DC6  A$lcc1558019$319                   action
     00000DC7  A$lcc1558019$320                   action
     00000DC8  A$lcc1558019$321                   action
     00000DC9  A$lcc1558019$326                   action
     00000DCB  A$lcc1558019$331                   action
     00000DCB  C$action.c$37$1_0$156              action
     00000DCB  XG$move_left$0$0                   action
     00000DCC  A$lcc1558019$341                   action
     00000DCC  C$action.c$39$1_0$159              action
     00000DCC  G$move_right$0$0                   action
     00000DCC  _move_right                        action
ASxxxx Linker V03.00/V05.40 + sdld,  page 10.
Hexadecimal  [32-Bits]

Area                                    Addr        Size        Decimal Bytes (Attributes)
--------------------------------        ----        ----        ------- ----- ------------
_CODE                               00000200    00002573 =        9587. bytes (REL,CON)

      Value  Global                              Global Defined In Module
      -----  --------------------------------   ------------------------
     00000DCE  A$lcc1558019$342                   action
     00000DD0  A$lcc1558019$343                   action
     00000DD1  A$lcc1558019$347                   action
     00000DD1  C$action.c$41$2_0$160              action
     00000DD4  A$lcc1558019$348                   action
     00000DD6  A$lcc1558019$352                   action
     00000DD6  C$action.c$42$2_0$160              action
     00000DD8  A$lcc1558019$356                   action
     00000DD8  C$action.c$44$1_0$159              action
     00000DDA  A$lcc1558019$357                   action
     00000DDB  A$lcc1558019$358                   action
     00000DDC  A$lcc1558019$359                   action
     00000DDE  A$lcc1558019$360                   action
     00000DDF  A$lcc1558019$361                   action
     00000DE1  A$lcc1558019$362                   action
     00000DE3  A$lcc1558019$363                   action
     00000DE4  A$lcc1558019$364                   action
     00000DE7  A$lcc1558019$365                   action
     00000DE9  A$lcc1558019$366                   action
     00000DEA  A$lcc1558019$367                   action
     00000DEB  A$lcc1558019$368                   action
     00000DEC  A$lcc1558019$369                   action
     00000DED  A$lcc1558019$370                   action
     00000DEE  A$lcc1558019$371                   action
     00000DEF  A$lcc1558019$372                   action
     00000DF0  A$lcc1558019$373                   action
     00000DF2  A$lcc1558019$374                   action
     00000DF3  A$lcc1558019$375                   action
     00000DF4  A$lcc1558019$376                   action
     00000DF6  A$lcc1558019$377                   action
     00000DF7  A$lcc1558019$378                   action
     00000DF8  A$lcc1558019$379                   action
     00000DF9  A$lcc1558019$380                   action
     00000DFA  A$lcc1558019$381                   action
     00000DFB  A$lcc1558019$382                   action
     00000DFC  A$lcc1558019$383                   action
     00000DFD  A$lcc1558019$384                   action
     00000DFE  A$lcc1558019$385                   action
     00000DFF  A$lcc1558019$386                   action
     00000E00  A$lcc1558019$390                   action
     00000E00  C$action.c$45$1_0$159              action
     00000E01  A$lcc1558019$391                   action
     00000E04  A$lcc1558019$392                   action
     00000E06  A$lcc1558019$393                   action
     00000E07  A$lcc1558019$394                   action
     00000E09  A$lcc1558019$395                   action
     00000E0A  A$lcc1558019$396                   action
     00000E0B  A$lcc1558019$397                   action
     00000E0C  A$lcc1558019$398                   action
     00000E0D  A$lcc1558019$399                   action
     00000E0E  A$lcc1558019$400                   action
ASxxxx Linker V03.00/V05.40 + sdld,  page 11.
Hexadecimal  [32-Bits]

Area                                    Addr        Size        Decimal Bytes (Attributes)
--------------------------------        ----        ----        ------- ----- ------------
_CODE                               00000200    00002573 =        9587. bytes (REL,CON)

      Value  Global                              Global Defined In Module
      -----  --------------------------------   ------------------------
     00000E0F  A$lcc1558019$405                   action
     00000E11  A$lcc1558019$410                   action
     00000E11  C$action.c$46$1_0$159              action
     00000E11  XG$move_right$0$0                  action
     00000E12  A$lcc1558019$420                   action
     00000E12  C$action.c$48$1_0$162              action
     00000E12  G$check_input$0$0                  action
     00000E12  _check_input                       action
     00000E13  A$lcc1558019$424                   action
     00000E13  C$action.c$50$1_0$162              action
     00000E16  A$lcc1558019$425                   action
     00000E19  A$lcc1558019$426                   action
     00000E1A  A$lcc1558019$430                   action
     00000E1A  C$action.c$52$2_0$163              action
     00000E1C  A$lcc1558019$431                   action
     00000E1E  A$lcc1558019$432                   action
     00000E21  A$lcc1558019$433                   action
     00000E23  A$lcc1558019$434                   action
     00000E25  A$lcc1558019$438                   action
     00000E25  C$action.c$54$3_0$164              action
     00000E28  A$lcc1558019$439                   action
     00000E2B  A$lcc1558019$440                   action
     00000E2C  A$lcc1558019$441                   action
     00000E2D  A$lcc1558019$442                   action
     00000E2E  A$lcc1558019$443                   action
     00000E2F  A$lcc1558019$444                   action
     00000E30  A$lcc1558019$445                   action
     00000E31  A$lcc1558019$446                   action
     00000E32  A$lcc1558019$447                   action
     00000E35  A$lcc1558019$448                   action
     00000E37  A$lcc1558019$449                   action
     00000E38  A$lcc1558019$450                   action
     00000E3A  A$lcc1558019$451                   action
     00000E3B  A$lcc1558019$452                   action
     00000E3C  A$lcc1558019$453                   action
     00000E3F  A$lcc1558019$458                   action
     00000E3F  C$action.c$58$2_0$165              action
     00000E42  A$lcc1558019$459                   action
     00000E43  A$lcc1558019$460                   action
     00000E45  A$lcc1558019$464                   action
     00000E48  A$lcc1558019$468                   action
     00000E48  C$action.c$60$4_0$167              action
     00000E4A  A$lcc1558019$469                   action
     00000E4C  A$lcc1558019$473                   action
     00000E4C  C$action.c$61$4_0$167              action
     00000E4F  A$lcc1558019$474                   action
     00000E51  A$lcc1558019$475                   action
     00000E53  A$lcc1558019$480                   action
     00000E53  C$action.c$62$5_0$168              action
     00000E55  A$lcc1558019$481                   action
     00000E57  A$lcc1558019$485                   action
ASxxxx Linker V03.00/V05.40 + sdld,  page 12.
Hexadecimal  [32-Bits]

Area                                    Addr        Size        Decimal Bytes (Attributes)
--------------------------------        ----        ----        ------- ----- ------------
_CODE                               00000200    00002573 =        9587. bytes (REL,CON)

      Value  Global                              Global Defined In Module
      -----  --------------------------------   ------------------------
     00000E57  C$action.c$63$5_0$168              action
     00000E5A  A$lcc1558019$486                   action
     00000E5C  A$lcc1558019$487                   action
     00000E5E  A$lcc1558019$492                   action
     00000E5E  C$action.c$64$6_0$169              action
     00000E60  A$lcc1558019$493                   action
     00000E62  A$lcc1558019$497                   action
     00000E62  C$action.c$65$6_0$169              action
     00000E65  A$lcc1558019$498                   action
     00000E67  A$lcc1558019$499                   action
     00000E69  A$lcc1558019$504                   action
     00000E69  C$action.c$66$7_0$170              action
     00000E6A  A$lcc1558019$505                   action
     00000E6C  A$lcc1558019$509                   action
     00000E6C  C$action.c$67$7_0$170              action
     00000E6F  A$lcc1558019$510                   action
     00000E71  A$lcc1558019$515                   action
     00000E71  C$action.c$71$2_0$171              action
     00000E74  A$lcc1558019$516                   action
     00000E75  A$lcc1558019$517                   action
     00000E77  A$lcc1558019$518                   action
     00000E7A  A$lcc1558019$519                   action
     00000E7C  A$lcc1558019$520                   action
     00000E7E  A$lcc1558019$521                   action
     00000E80  A$lcc1558019$522                   action
     00000E82  A$lcc1558019$523                   action
     00000E84  A$lcc1558019$524                   action
     00000E86  A$lcc1558019$525                   action
     00000E88  A$lcc1558019$533                   action
     00000E88  C$action.c$73$3_0$172              action
     00000E88  C$action.c$74$3_0$172              action
     00000E8B  A$lcc1558019$534                   action
     00000E8E  A$lcc1558019$538                   action
     00000E8E  C$action.c$75$3_0$172              action
     00000E91  A$lcc1558019$539                   action
     00000E93  A$lcc1558019$540                   action
     00000E94  A$lcc1558019$541                   action
     00000E97  A$lcc1558019$542                   action
     00000E98  A$lcc1558019$543                   action
     00000E9A  A$lcc1558019$544                   action
     00000E9B  A$lcc1558019$545                   action
     00000E9C  A$lcc1558019$546                   action
     00000E9D  A$lcc1558019$547                   action
     00000E9E  A$lcc1558019$548                   action
     00000E9F  A$lcc1558019$549                   action
     00000EA0  A$lcc1558019$550                   action
     00000EA1  A$lcc1558019$551                   action
     00000EA2  A$lcc1558019$552                   action
     00000EA3  A$lcc1558019$553                   action
     00000EA6  A$lcc1558019$554                   action
     00000EA7  A$lcc1558019$555                   action
ASxxxx Linker V03.00/V05.40 + sdld,  page 13.
Hexadecimal  [32-Bits]

Area                                    Addr        Size        Decimal Bytes (Attributes)
--------------------------------        ----        ----        ------- ----- ------------
_CODE                               00000200    00002573 =        9587. bytes (REL,CON)

      Value  Global                              Global Defined In Module
      -----  --------------------------------   ------------------------
     00000EA8  A$lcc1558019$556                   action
     00000EA9  A$lcc1558019$557                   action
     00000EAB  A$lcc1558019$558                   action
     00000EAC  A$lcc1558019$559                   action
     00000EAF  A$lcc1558019$563                   action
     00000EAF  C$action.c$76$3_0$172              action
     00000EB1  A$lcc1558019$571                   action
     00000EB1  C$action.c$77$3_0$172              action
     00000EB1  C$action.c$78$3_0$172              action
     00000EB4  A$lcc1558019$572                   action
     00000EB7  A$lcc1558019$576                   action
     00000EB7  C$action.c$79$3_0$172              action
     00000EBA  A$lcc1558019$577                   action
     00000EBC  A$lcc1558019$578                   action
     00000EBD  A$lcc1558019$579                   action
     00000EC0  A$lcc1558019$580                   action
     00000EC1  A$lcc1558019$581                   action
     00000EC3  A$lcc1558019$582                   action
     00000EC4  A$lcc1558019$583                   action
     00000EC5  A$lcc1558019$584                   action
     00000EC6  A$lcc1558019$585                   action
     00000EC7  A$lcc1558019$586                   action
     00000EC8  A$lcc1558019$587                   action
     00000EC9  A$lcc1558019$588                   action
     00000ECA  A$lcc1558019$589                   action
     00000ECB  A$lcc1558019$590                   action
     00000ECC  A$lcc1558019$591                   action
     00000ECF  A$lcc1558019$592                   action
     00000ED0  A$lcc1558019$593                   action
     00000ED1  A$lcc1558019$594                   action
     00000ED2  A$lcc1558019$595                   action
     00000ED4  A$lcc1558019$596                   action
     00000ED5  A$lcc1558019$597                   action
     00000ED8  A$lcc1558019$601                   action
     00000ED8  C$action.c$80$3_0$172              action
     00000EDA  A$lcc1558019$609                   action
     00000EDA  C$action.c$81$3_0$172              action
     00000EDA  C$action.c$82$3_0$172              action
     00000EDD  A$lcc1558019$610                   action
     00000EE0  A$lcc1558019$614                   action
     00000EE0  C$action.c$83$3_0$172              action
     00000EE2  A$lcc1558019$622                   action
     00000EE2  C$action.c$84$3_0$172              action
     00000EE2  C$action.c$85$3_0$172              action
     00000EE5  A$lcc1558019$623                   action
     00000EE8  A$lcc1558019$631                   action
     00000EE8  C$action.c$89$2_0$171              action
     00000EE8  C$action.c$92$2_0$173              action
     00000EEB  A$lcc1558019$632                   action
     00000EEC  A$lcc1558019$633                   action
     00000EEE  A$lcc1558019$634                   action
ASxxxx Linker V03.00/V05.40 + sdld,  page 14.
Hexadecimal  [32-Bits]

Area                                    Addr        Size        Decimal Bytes (Attributes)
--------------------------------        ----        ----        ------- ----- ------------
_CODE                               00000200    00002573 =        9587. bytes (REL,CON)

      Value  Global                              Global Defined In Module
      -----  --------------------------------   ------------------------
     00000EF1  A$lcc1558019$635                   action
     00000EF3  A$lcc1558019$636                   action
     00000EF5  A$lcc1558019$640                   action
     00000EF5  C$action.c$94$3_0$174              action
     00000EF6  A$lcc1558019$641                   action
     00000EF9  A$lcc1558019$645                   action
     00000EF9  C$action.c$95$3_0$174              action
     00000EFC  A$lcc1558019$646                   action
     00000EFE  A$lcc1558019$647                   action
     00000EFF  A$lcc1558019$648                   action
     00000F02  A$lcc1558019$649                   action
     00000F03  A$lcc1558019$650                   action
     00000F05  A$lcc1558019$651                   action
     00000F06  A$lcc1558019$652                   action
     00000F07  A$lcc1558019$653                   action
     00000F08  A$lcc1558019$654                   action
     00000F09  A$lcc1558019$655                   action
     00000F0A  A$lcc1558019$656                   action
     00000F0B  A$lcc1558019$657                   action
     00000F0C  A$lcc1558019$658                   action
     00000F0D  A$lcc1558019$659                   action
     00000F0E  A$lcc1558019$660                   action
     00000F11  A$lcc1558019$661                   action
     00000F12  A$lcc1558019$662                   action
     00000F13  A$lcc1558019$663                   action
     00000F14  A$lcc1558019$664                   action
     00000F16  A$lcc1558019$665                   action
     00000F17  A$lcc1558019$666                   action
     00000F1A  A$lcc1558019$671                   action
     00000F1A  C$action.c$98$2_0$175              action
     00000F1D  A$lcc1558019$672                   action
     00000F1F  A$lcc1558019$673                   action
     00000F21  A$lcc1558019$674                   action
     00000F24  A$lcc1558019$675                   action
     00000F26  A$lcc1558019$676                   action
     00000F28  A$lcc1558019$680                   action
     00000F28  C$action.c$100$3_0$176             action
     00000F29  A$lcc1558019$681                   action
     00000F2C  A$lcc1558019$685                   action
     00000F2C  C$action.c$101$3_0$176             action
     00000F2F  A$lcc1558019$686                   action
     00000F31  A$lcc1558019$687                   action
     00000F32  A$lcc1558019$688                   action
     00000F35  A$lcc1558019$689                   action
     00000F36  A$lcc1558019$690                   action
     00000F38  A$lcc1558019$691                   action
     00000F39  A$lcc1558019$692                   action
     00000F3A  A$lcc1558019$693                   action
     00000F3B  A$lcc1558019$694                   action
     00000F3C  A$lcc1558019$695                   action
     00000F3D  A$lcc1558019$696                   action
ASxxxx Linker V03.00/V05.40 + sdld,  page 15.
Hexadecimal  [32-Bits]

Area                                    Addr        Size        Decimal Bytes (Attributes)
--------------------------------        ----        ----        ------- ----- ------------
_CODE                               00000200    00002573 =        9587. bytes (REL,CON)

      Value  Global                              Global Defined In Module
      -----  --------------------------------   ------------------------
     00000F3E  A$lcc1558019$697                   action
     00000F3F  A$lcc1558019$698                   action
     00000F40  A$lcc1558019$699                   action
     00000F41  A$lcc1558019$700                   action
     00000F44  A$lcc1558019$701                   action
     00000F45  A$lcc1558019$702                   action
     00000F46  A$lcc1558019$703                   action
     00000F47  A$lcc1558019$704                   action
     00000F49  A$lcc1558019$705                   action
     00000F4A  A$lcc1558019$706                   action
     00000F4D  A$lcc1558019$711                   action
     00000F4D  C$action.c$52$1_0$162              action
     00000F50  A$lcc1558019$712                   action
     00000F51  A$lcc1558019$716                   action
     00000F51  C$action.c$104$2_0$177             action
     00000F54  A$lcc1558019$717                   action
     00000F56  A$lcc1558019$718                   action
     00000F58  A$lcc1558019$719                   action
     00000F5A  A$lcc1558019$720                   action
     00000F5C  A$lcc1558019$724                   action
     00000F5C  C$action.c$105$2_0$177             action
     00000F5D  A$lcc1558019$725                   action
     00000F60  A$lcc1558019$730                   action
     00000F60  C$action.c$106$2_0$178             action
     00000F63  A$lcc1558019$731                   action
     00000F65  A$lcc1558019$732                   action
     00000F67  A$lcc1558019$733                   action
     00000F69  A$lcc1558019$734                   action
     00000F6B  A$lcc1558019$738                   action
     00000F6B  C$action.c$107$2_0$178             action
     00000F6C  A$lcc1558019$739                   action
     00000F6F  A$lcc1558019$744                   action
     00000F6F  C$action.c$109$1_0$162             action
     00000F72  A$lcc1558019$745                   action
     00000F75  A$lcc1558019$749                   action
     00000F76  A$lcc1558019$754                   action
     00000F76  C$action.c$110$1_0$162             action
     00000F76  XG$check_input$0$0                 action
     00000F77  A$lcc1558020$59                    animation
     00000F77  C$animation.c$7$0_0$135            animation
     00000F77  G$init_animation$0$0               animation
     00000F77  _init_animation                    animation
     00000F79  A$lcc1558020$60                    animation
     00000F7B  A$lcc1558020$61                    animation
     00000F7C  A$lcc1558020$62                    animation
     00000F7D  A$lcc1558020$63                    animation
     00000F7E  A$lcc1558020$64                    animation
     00000F7F  A$lcc1558020$65                    animation
     00000F80  A$lcc1558020$69                    animation
     00000F80  C$animation.c$12$1_0$135           animation
     00000F82  A$lcc1558020$70                    animation
ASxxxx Linker V03.00/V05.40 + sdld,  page 16.
Hexadecimal  [32-Bits]

Area                                    Addr        Size        Decimal Bytes (Attributes)
--------------------------------        ----        ----        ------- ----- ------------
_CODE                               00000200    00002573 =        9587. bytes (REL,CON)

      Value  Global                              Global Defined In Module
      -----  --------------------------------   ------------------------
     00000F83  A$lcc1558020$71                    animation
     00000F84  A$lcc1558020$72                    animation
     00000F85  A$lcc1558020$73                    animation
     00000F86  A$lcc1558020$74                    animation
     00000F87  A$lcc1558020$75                    animation
     00000F88  A$lcc1558020$76                    animation
     00000F8A  A$lcc1558020$77                    animation
     00000F8C  A$lcc1558020$78                    animation
     00000F8D  A$lcc1558020$79                    animation
     00000F8E  A$lcc1558020$80                    animation
     00000F8F  A$lcc1558020$81                    animation
     00000F90  A$lcc1558020$82                    animation
     00000F91  A$lcc1558020$83                    animation
     00000F92  A$lcc1558020$87                    animation
     00000F92  C$animation.c$14$1_0$135           animation
     00000F93  A$lcc1558020$88                    animation
     00000F94  A$lcc1558020$89                    animation
     00000F95  A$lcc1558020$90                    animation
     00000F97  A$lcc1558020$91                    animation
     00000F98  A$lcc1558020$92                    animation
     00000F99  A$lcc1558020$96                    animation
     00000F99  C$animation.c$15$1_0$135           animation
     00000F9A  A$lcc1558020$97                    animation
     00000F9B  A$lcc1558020$98                    animation
     00000F9C  A$lcc1558020$99                    animation
     00000F9D  A$lcc1558020$100                   animation
     00000F9E  A$lcc1558020$101                   animation
     00000F9F  A$lcc1558020$102                   animation
     00000FA1  A$lcc1558020$103                   animation
     00000FA2  A$lcc1558020$104                   animation
     00000FA3  A$lcc1558020$105                   animation
     00000FA4  A$lcc1558020$109                   animation
     00000FA4  C$animation.c$16$1_0$135           animation
     00000FA7  A$lcc1558020$110                   animation
     00000FA8  A$lcc1558020$111                   animation
     00000FAA  A$lcc1558020$115                   animation
     00000FAA  C$animation.c$17$1_0$135           animation
     00000FAB  A$lcc1558020$116                   animation
     00000FAC  A$lcc1558020$117                   animation
     00000FAD  A$lcc1558020$118                   animation
     00000FAE  A$lcc1558020$119                   animation
     00000FB0  A$lcc1558020$123                   animation
     00000FB0  C$animation.c$18$1_0$135           animation
     00000FB3  A$lcc1558020$124                   animation
     00000FB4  A$lcc1558020$125                   animation
     00000FB5  A$lcc1558020$126                   animation
     00000FB7  A$lcc1558020$127                   animation
     00000FB8  A$lcc1558020$128                   animation
     00000FB9  A$lcc1558020$129                   animation
     00000FBA  A$lcc1558020$133                   animation
     00000FBA  C$animation.c$21$1_0$135           animation
ASxxxx Linker V03.00/V05.40 + sdld,  page 17.
Hexadecimal  [32-Bits]

Area                                    Addr        Size        Decimal Bytes (Attributes)
--------------------------------        ----        ----        ------- ----- ------------
_CODE                               00000200    00002573 =        9587. bytes (REL,CON)

      Value  Global                              Global Defined In Module
      -----  --------------------------------   ------------------------
     00000FBB  A$lcc1558020$134                   animation
     00000FBC  A$lcc1558020$135                   animation
     00000FBD  A$lcc1558020$136                   animation
     00000FBE  A$lcc1558020$137                   animation
     00000FC0  A$lcc1558020$138                   animation
     00000FC1  A$lcc1558020$139                   animation
     00000FC2  A$lcc1558020$140                   animation
     00000FC3  A$lcc1558020$141                   animation
     00000FC4  A$lcc1558020$142                   animation
     00000FC7  A$lcc1558020$143                   animation
     00000FC8  A$lcc1558020$144                   animation
     00000FC9  A$lcc1558020$145                   animation
     00000FCA  A$lcc1558020$146                   animation
     00000FCC  A$lcc1558020$147                   animation
     00000FCD  A$lcc1558020$148                   animation
     00000FCE  A$lcc1558020$149                   animation
     00000FCF  A$lcc1558020$150                   animation
     00000FD1  A$lcc1558020$151                   animation
     00000FD2  A$lcc1558020$152                   animation
     00000FD5  A$lcc1558020$153                   animation
     00000FD6  A$lcc1558020$154                   animation
     00000FD7  A$lcc1558020$155                   animation
     00000FD8  A$lcc1558020$156                   animation
     00000FD9  A$lcc1558020$160                   animation
     00000FD9  C$animation.c$24$2_0$135           animation
     00000FDB  A$lcc1558020$162                   animation
     00000FDC  A$lcc1558020$163                   animation
     00000FDD  A$lcc1558020$164                   animation
     00000FDE  A$lcc1558020$165                   animation
     00000FDF  A$lcc1558020$166                   animation
     00000FE1  A$lcc1558020$167                   animation
     00000FE2  A$lcc1558020$168                   animation
     00000FE4  A$lcc1558020$173                   animation
     00000FE4  C$animation.c$32$2_0$138           animation
     00000FE6  A$lcc1558020$174                   animation
     00000FE7  A$lcc1558020$175                   animation
     00000FE8  A$lcc1558020$176                   animation
     00000FE9  A$lcc1558020$177                   animation
     00000FEC  A$lcc1558020$178                   animation
     00000FED  A$lcc1558020$179                   animation
     00000FEE  A$lcc1558020$180                   animation
     00000FEF  A$lcc1558020$181                   animation
     00000FF0  A$lcc1558020$182                   animation
     00000FF1  A$lcc1558020$183                   animation
     00000FF3  A$lcc1558020$187                   animation
     00000FF3  C$animation.c$33$2_0$138           animation
     00000FF5  A$lcc1558020$188                   animation
     00000FF6  A$lcc1558020$189                   animation
     00000FF7  A$lcc1558020$194                   animation
     00000FF7  C$animation.c$34$2_0$135           animation
     00000FF9  A$lcc1558020$195                   animation
ASxxxx Linker V03.00/V05.40 + sdld,  page 18.
Hexadecimal  [32-Bits]

Area                                    Addr        Size        Decimal Bytes (Attributes)
--------------------------------        ----        ----        ------- ----- ------------
_CODE                               00000200    00002573 =        9587. bytes (REL,CON)

      Value  Global                              Global Defined In Module
      -----  --------------------------------   ------------------------
     00000FFA  A$lcc1558020$196                   animation
     00000FFC  A$lcc1558020$197                   animation
     00000FFD  A$lcc1558020$207                   animation
     00000FFD  C$animation.c$36$2_0$140           animation
     00000FFD  G$update_animation$0$0             animation
     00000FFD  _update_animation                  animation
     00000FFE  A$lcc1558020$208                   animation
     00000FFF  A$lcc1558020$209                   animation
     00001000  A$lcc1558020$210                   animation
     00001001  A$lcc1558020$214                   animation
     00001001  C$animation.c$38$1_0$140           animation
     00001004  A$lcc1558020$215                   animation
     00001005  A$lcc1558020$216                   animation
     00001006  A$lcc1558020$217                   animation
     00001007  A$lcc1558020$218                   animation
     00001008  A$lcc1558020$219                   animation
     00001009  A$lcc1558020$220                   animation
     0000100A  A$lcc1558020$221                   animation
     0000100B  A$lcc1558020$222                   animation
     0000100C  A$lcc1558020$223                   animation
     0000100E  A$lcc1558020$224                   animation
     0000100F  A$lcc1558020$225                   animation
     00001010  A$lcc1558020$229                   animation
     00001010  C$animation.c$40$1_0$140           animation
     00001013  A$lcc1558020$230                   animation
     00001014  A$lcc1558020$231                   animation
     00001015  A$lcc1558020$232                   animation
     00001016  A$lcc1558020$233                   animation
     00001017  A$lcc1558020$234                   animation
     00001018  A$lcc1558020$235                   animation
     0000101A  A$lcc1558020$236                   animation
     0000101B  A$lcc1558020$237                   animation
     0000101C  A$lcc1558020$241                   animation
     0000101C  C$animation.c$41$2_0$141           animation
     0000101D  A$lcc1558020$242                   animation
     0000101E  A$lcc1558020$243                   animation
     0000101F  A$lcc1558020$244                   animation
     00001020  A$lcc1558020$245                   animation
     00001021  A$lcc1558020$246                   animation
     00001022  A$lcc1558020$247                   animation
     00001024  A$lcc1558020$248                   animation
     00001025  A$lcc1558020$249                   animation
     00001027  A$lcc1558020$250                   animation
     00001028  A$lcc1558020$251                   animation
     00001029  A$lcc1558020$252                   animation
     0000102B  A$lcc1558020$256                   animation
     0000102B  C$animation.c$43$3_0$142           animation
     0000102C  A$lcc1558020$257                   animation
     0000102D  A$lcc1558020$261                   animation
     0000102D  C$animation.c$44$3_0$142           animation
     0000102E  A$lcc1558020$262                   animation
ASxxxx Linker V03.00/V05.40 + sdld,  page 19.
Hexadecimal  [32-Bits]

Area                                    Addr        Size        Decimal Bytes (Attributes)
--------------------------------        ----        ----        ------- ----- ------------
_CODE                               00000200    00002573 =        9587. bytes (REL,CON)

      Value  Global                              Global Defined In Module
      -----  --------------------------------   ------------------------
     0000102F  A$lcc1558020$263                   animation
     00001030  A$lcc1558020$264                   animation
     00001031  A$lcc1558020$265                   animation
     00001032  A$lcc1558020$266                   animation
     00001033  A$lcc1558020$270                   animation
     00001033  C$animation.c$45$4_0$143           animation
     00001034  A$lcc1558020$271                   animation
     00001035  A$lcc1558020$272                   animation
     00001036  A$lcc1558020$273                   animation
     00001037  A$lcc1558020$274                   animation
     00001038  A$lcc1558020$275                   animation
     0000103A  A$lcc1558020$279                   animation
     0000103A  C$animation.c$46$4_0$143           animation
     0000103C  A$lcc1558020$284                   animation
     0000103D  A$lcc1558020$285                   animation
     0000103E  A$lcc1558020$290                   animation
     0000103E  C$animation.c$48$2_0$140           animation
     0000103E  XG$update_animation$0$0            animation
     0000103F  A$lcc1558020$300                   animation
     0000103F  C$animation.c$50$2_0$145           animation
     0000103F  G$set_animation$0$0                animation
     0000103F  _set_animation                     animation
     00001040  A$lcc1558020$301                   animation
     00001041  A$lcc1558020$302                   animation
     00001042  A$lcc1558020$306                   animation
     00001042  C$animation.c$52$2_0$146           animation
     00001043  A$lcc1558020$307                   animation
     00001045  A$lcc1558020$308                   animation
     00001046  A$lcc1558020$309                   animation
     00001047  A$lcc1558020$310                   animation
     00001049  A$lcc1558020$311                   animation
     0000104A  A$lcc1558020$312                   animation
     0000104B  A$lcc1558020$313                   animation
     0000104C  A$lcc1558020$314                   animation
     0000104D  A$lcc1558020$321                   animation
     0000104D  C$animation.c$53$2_0$146           animation
     0000104D  C$animation.c$55$1_0$145           animation
     0000104E  A$lcc1558020$322                   animation
     0000104F  A$lcc1558020$326                   animation
     0000104F  C$animation.c$56$1_1$147           animation
     00001050  A$lcc1558020$327                   animation
     00001051  A$lcc1558020$328                   animation
     00001052  A$lcc1558020$329                   animation
     00001053  A$lcc1558020$330                   animation
     00001055  A$lcc1558020$331                   animation
     00001056  A$lcc1558020$335                   animation
     00001056  C$animation.c$57$1_1$147           animation
     00001057  A$lcc1558020$336                   animation
     00001058  A$lcc1558020$337                   animation
     00001059  A$lcc1558020$338                   animation
     0000105A  A$lcc1558020$339                   animation
ASxxxx Linker V03.00/V05.40 + sdld,  page 20.
Hexadecimal  [32-Bits]

Area                                    Addr        Size        Decimal Bytes (Attributes)
--------------------------------        ----        ----        ------- ----- ------------
_CODE                               00000200    00002573 =        9587. bytes (REL,CON)

      Value  Global                              Global Defined In Module
      -----  --------------------------------   ------------------------
     0000105B  A$lcc1558020$340                   animation
     0000105C  A$lcc1558020$344                   animation
     0000105C  C$animation.c$58$1_1$147           animation
     0000105F  A$lcc1558020$345                   animation
     00001060  A$lcc1558020$346                   animation
     00001062  A$lcc1558020$354                   animation
     00001062  C$animation.c$59$1_1$145           animation
     00001062  XG$set_animation$0$0               animation
     00001063  A$lcc1558022$52                    char_to_tile
     00001063  C$char_to_tile.c$3$0_0$3           char_to_tile
     00001063  G$char_to_tile$0$0                 char_to_tile
     00001063  _char_to_tile                      char_to_tile
     00001065  A$lcc1558022$53                    char_to_tile
     00001067  A$lcc1558022$54                    char_to_tile
     00001068  A$lcc1558022$58                    char_to_tile
     00001068  C$char_to_tile.c$4$2_0$3           char_to_tile
     0000106A  A$lcc1558022$59                    char_to_tile
     0000106C  A$lcc1558022$60                    char_to_tile
     0000106D  A$lcc1558022$61                    char_to_tile
     0000106F  A$lcc1558022$62                    char_to_tile
     00001070  A$lcc1558022$63                    char_to_tile
     00001072  A$lcc1558022$64                    char_to_tile
     00001073  A$lcc1558022$65                    char_to_tile
     00001075  A$lcc1558022$66                    char_to_tile
     00001076  A$lcc1558022$67                    char_to_tile
     00001078  A$lcc1558022$68                    char_to_tile
     00001079  A$lcc1558022$69                    char_to_tile
     0000107B  A$lcc1558022$70                    char_to_tile
     0000107C  A$lcc1558022$71                    char_to_tile
     0000107E  A$lcc1558022$72                    char_to_tile
     0000107F  A$lcc1558022$73                    char_to_tile
     00001081  A$lcc1558022$74                    char_to_tile
     00001082  A$lcc1558022$75                    char_to_tile
     00001084  A$lcc1558022$76                    char_to_tile
     00001085  A$lcc1558022$77                    char_to_tile
     00001087  A$lcc1558022$78                    char_to_tile
     00001088  A$lcc1558022$79                    char_to_tile
     0000108A  A$lcc1558022$80                    char_to_tile
     0000108B  A$lcc1558022$81                    char_to_tile
     0000108D  A$lcc1558022$82                    char_to_tile
     0000108E  A$lcc1558022$83                    char_to_tile
     00001090  A$lcc1558022$84                    char_to_tile
     00001091  A$lcc1558022$85                    char_to_tile
     00001093  A$lcc1558022$86                    char_to_tile
     00001094  A$lcc1558022$87                    char_to_tile
     00001096  A$lcc1558022$88                    char_to_tile
     00001097  A$lcc1558022$89                    char_to_tile
     00001099  A$lcc1558022$90                    char_to_tile
     0000109A  A$lcc1558022$91                    char_to_tile
     0000109C  A$lcc1558022$92                    char_to_tile
     0000109D  A$lcc1558022$93                    char_to_tile
ASxxxx Linker V03.00/V05.40 + sdld,  page 21.
Hexadecimal  [32-Bits]

Area                                    Addr        Size        Decimal Bytes (Attributes)
--------------------------------        ----        ----        ------- ----- ------------
_CODE                               00000200    00002573 =        9587. bytes (REL,CON)

      Value  Global                              Global Defined In Module
      -----  --------------------------------   ------------------------
     0000109F  A$lcc1558022$94                    char_to_tile
     000010A0  A$lcc1558022$95                    char_to_tile
     000010A2  A$lcc1558022$96                    char_to_tile
     000010A3  A$lcc1558022$97                    char_to_tile
     000010A5  A$lcc1558022$98                    char_to_tile
     000010A6  A$lcc1558022$99                    char_to_tile
     000010A8  A$lcc1558022$100                   char_to_tile
     000010A9  A$lcc1558022$101                   char_to_tile
     000010AB  A$lcc1558022$102                   char_to_tile
     000010AC  A$lcc1558022$103                   char_to_tile
     000010AE  A$lcc1558022$104                   char_to_tile
     000010AF  A$lcc1558022$105                   char_to_tile
     000010B1  A$lcc1558022$106                   char_to_tile
     000010B2  A$lcc1558022$107                   char_to_tile
     000010B4  A$lcc1558022$108                   char_to_tile
     000010B5  A$lcc1558022$109                   char_to_tile
     000010B7  A$lcc1558022$110                   char_to_tile
     000010B8  A$lcc1558022$111                   char_to_tile
     000010BA  A$lcc1558022$112                   char_to_tile
     000010BB  A$lcc1558022$113                   char_to_tile
     000010BD  A$lcc1558022$114                   char_to_tile
     000010BE  A$lcc1558022$115                   char_to_tile
     000010C0  A$lcc1558022$116                   char_to_tile
     000010C1  A$lcc1558022$117                   char_to_tile
     000010C3  A$lcc1558022$118                   char_to_tile
     000010C4  A$lcc1558022$122                   char_to_tile
     000010C4  C$char_to_tile.c$5$3_0$4           char_to_tile
     000010C5  A$lcc1558022$123                   char_to_tile
     000010C6  A$lcc1558022$124                   char_to_tile
     000010C7  A$lcc1558022$125                   char_to_tile
     000010C8  A$lcc1558022$126                   char_to_tile
     000010CB  A$lcc1558022$128                   char_to_tile
     000010CC  A$lcc1558022$129                   char_to_tile
     000010CE  A$lcc1558022$130                   char_to_tile
     000010D0  A$lcc1558022$134                   char_to_tile
     000010D0  C$char_to_tile.c$6$4_0$6           char_to_tile
     000010D3  A$lcc1558022$135                   char_to_tile
     000010D4  A$lcc1558022$136                   char_to_tile
     000010D5  A$lcc1558022$137                   char_to_tile
     000010D6  A$lcc1558022$138                   char_to_tile
     000010D8  A$lcc1558022$139                   char_to_tile
     000010D9  A$lcc1558022$140                   char_to_tile
     000010DA  A$lcc1558022$141                   char_to_tile
     000010DC  A$lcc1558022$145                   char_to_tile
     000010DC  C$char_to_tile.c$7$5_0$7           char_to_tile
     000010DE  A$lcc1558022$146                   char_to_tile
     000010DF  A$lcc1558022$147                   char_to_tile
     000010E1  A$lcc1558022$148                   char_to_tile
     000010E2  A$lcc1558022$149                   char_to_tile
     000010E4  A$lcc1558022$154                   char_to_tile
     000010E4  C$char_to_tile.c$5$2_0$4           char_to_tile
ASxxxx Linker V03.00/V05.40 + sdld,  page 22.
Hexadecimal  [32-Bits]

Area                                    Addr        Size        Decimal Bytes (Attributes)
--------------------------------        ----        ----        ------- ----- ------------
_CODE                               00000200    00002573 =        9587. bytes (REL,CON)

      Value  Global                              Global Defined In Module
      -----  --------------------------------   ------------------------
     000010E5  A$lcc1558022$155                   char_to_tile
     000010E7  A$lcc1558022$156                   char_to_tile
     000010E8  A$lcc1558022$157                   char_to_tile
     000010E9  A$lcc1558022$158                   char_to_tile
     000010EA  A$lcc1558022$159                   char_to_tile
     000010EC  A$lcc1558022$164                   char_to_tile
     000010EC  C$char_to_tile.c$11$1_0$3          char_to_tile
     000010EF  A$lcc1558022$169                   char_to_tile
     000010F1  A$lcc1558022$174                   char_to_tile
     000010F1  C$char_to_tile.c$12$1_0$3          char_to_tile
     000010F1  XG$char_to_tile$0$0                char_to_tile
     000010F2  A$lcc1558023$52                    draw
     000010F2  C$draw.c$6$0_0$136                 draw
     000010F2  G$draw_actor$0$0                   draw
     000010F2  _draw_actor                        draw
     000010F4  A$lcc1558023$53                    draw
     000010F6  A$lcc1558023$54                    draw
     000010F7  A$lcc1558023$58                    draw
     000010F7  C$draw.c$8$1_0$136                 draw
     000010FA  A$lcc1558023$59                    draw
     000010FB  A$lcc1558023$60                    draw
     000010FD  A$lcc1558023$61                    draw
     000010FE  A$lcc1558023$62                    draw
     000010FF  A$lcc1558023$63                    draw
     00001100  A$lcc1558023$64                    draw
     00001101  A$lcc1558023$65                    draw
     00001103  A$lcc1558023$66                    draw
     00001104  A$lcc1558023$70                    draw
     00001104  C$draw.c$9$1_0$136                 draw
     00001107  A$lcc1558023$71                    draw
     00001109  A$lcc1558023$72                    draw
     0000110A  A$lcc1558023$73                    draw
     0000110C  A$lcc1558023$74                    draw
     0000110D  A$lcc1558023$75                    draw
     0000110E  A$lcc1558023$76                    draw
     0000110F  A$lcc1558023$77                    draw
     00001110  A$lcc1558023$78                    draw
     00001112  A$lcc1558023$79                    draw
     00001113  A$lcc1558023$83                    draw
     00001113  C$draw.c$11$1_0$136                draw
     00001116  A$lcc1558023$84                    draw
     00001118  A$lcc1558023$85                    draw
     00001119  A$lcc1558023$86                    draw
     0000111B  A$lcc1558023$87                    draw
     0000111C  A$lcc1558023$88                    draw
     0000111D  A$lcc1558023$89                    draw
     0000111E  A$lcc1558023$90                    draw
     0000111F  A$lcc1558023$91                    draw
     00001120  A$lcc1558023$92                    draw
     00001121  A$lcc1558023$93                    draw
     00001122  A$lcc1558023$94                    draw
ASxxxx Linker V03.00/V05.40 + sdld,  page 23.
Hexadecimal  [32-Bits]

Area                                    Addr        Size        Decimal Bytes (Attributes)
--------------------------------        ----        ----        ------- ----- ------------
_CODE                               00000200    00002573 =        9587. bytes (REL,CON)

      Value  Global                              Global Defined In Module
      -----  --------------------------------   ------------------------
     00001123  A$lcc1558023$95                    draw
     00001124  A$lcc1558023$96                    draw
     00001125  A$lcc1558023$97                    draw
     00001126  A$lcc1558023$98                    draw
     00001127  A$lcc1558023$102                   draw
     00001127  C$draw.c$12$1_0$136                draw
     0000112A  A$lcc1558023$103                   draw
     0000112B  A$lcc1558023$104                   draw
     0000112C  A$lcc1558023$105                   draw
     0000112D  A$lcc1558023$106                   draw
     0000112E  A$lcc1558023$107                   draw
     0000112F  A$lcc1558023$108                   draw
     00001130  A$lcc1558023$109                   draw
     00001131  A$lcc1558023$110                   draw
     00001132  A$lcc1558023$111                   draw
     00001134  A$lcc1558023$112                   draw
     00001135  A$lcc1558023$113                   draw
     00001136  A$lcc1558023$117                   draw
     00001136  C$draw.c$14$1_0$136                draw
     00001139  A$lcc1558023$118                   draw
     0000113A  A$lcc1558023$119                   draw
     0000113B  A$lcc1558023$120                   draw
     0000113D  A$lcc1558023$121                   draw
     0000113E  A$lcc1558023$125                   draw
     0000113E  C$draw.c$15$1_0$136                draw
     0000113F  A$lcc1558023$126                   draw
     00001140  A$lcc1558023$127                   draw
     00001141  A$lcc1558023$128                   draw
     00001142  A$lcc1558023$129                   draw
     00001143  A$lcc1558023$130                   draw
     00001144  A$lcc1558023$131                   draw
     00001147  A$lcc1558023$132                   draw
     00001148  A$lcc1558023$133                   draw
     00001149  A$lcc1558023$134                   draw
     0000114A  A$lcc1558023$135                   draw
     0000114C  A$lcc1558023$139                   draw
     0000114C  C$draw.c$17$1_0$136                draw
     0000114D  A$lcc1558023$140                   draw
     0000114E  A$lcc1558023$141                   draw
     0000114F  A$lcc1558023$142                   draw
     00001150  A$lcc1558023$143                   draw
     00001151  A$lcc1558023$147                   draw
     00001151  C$draw.c$18$1_0$136                draw
     00001153  A$lcc1558023$148                   draw
     00001154  A$lcc1558023$149                   draw
     00001155  A$lcc1558023$150                   draw
     00001156  A$lcc1558023$151                   draw
     00001157  A$lcc1558023$152                   draw
     00001158  A$lcc1558023$153                   draw
     00001159  A$lcc1558023$154                   draw
     0000115A  A$lcc1558023$155                   draw
ASxxxx Linker V03.00/V05.40 + sdld,  page 24.
Hexadecimal  [32-Bits]

Area                                    Addr        Size        Decimal Bytes (Attributes)
--------------------------------        ----        ----        ------- ----- ------------
_CODE                               00000200    00002573 =        9587. bytes (REL,CON)

      Value  Global                              Global Defined In Module
      -----  --------------------------------   ------------------------
     0000115B  A$lcc1558023$156                   draw
     0000115C  A$lcc1558023$157                   draw
     0000115D  A$lcc1558023$158                   draw
     0000115E  A$lcc1558023$159                   draw
     0000115F  A$lcc1558023$160                   draw
     00001160  A$lcc1558023$161                   draw
     00001161  A$lcc1558023$165                   draw
     00001161  C$draw.c$20$2_0$137                draw
     00001163  A$lcc1558023$166                   draw
     00001164  A$lcc1558023$173                   draw
     00001164  C$draw.c$21$2_0$137                draw
     00001164  C$draw.c$24$2_0$136                draw
     00001167  A$lcc1558023$174                   draw
     00001169  A$lcc1558023$176                   draw
     0000116A  A$lcc1558023$177                   draw
     0000116C  A$lcc1558023$178                   draw
     0000116D  A$lcc1558023$179                   draw
     0000116F  A$lcc1558023$181                   draw
     00001170  A$lcc1558023$182                   draw
     00001171  A$lcc1558023$183                   draw
     00001172  A$lcc1558023$184                   draw
     00001173  A$lcc1558023$185                   draw
     00001174  A$lcc1558023$186                   draw
     00001176  A$lcc1558023$187                   draw
     00001179  A$lcc1558023$188                   draw
     0000117A  A$lcc1558023$189                   draw
     0000117B  A$lcc1558023$190                   draw
     0000117C  A$lcc1558023$191                   draw
     0000117D  A$lcc1558023$193                   draw
     0000117E  A$lcc1558023$194                   draw
     0000117F  A$lcc1558023$195                   draw
     00001180  A$lcc1558023$196                   draw
     00001181  A$lcc1558023$197                   draw
     00001182  A$lcc1558023$198                   draw
     00001183  A$lcc1558023$199                   draw
     00001186  A$lcc1558023$200                   draw
     00001187  A$lcc1558023$201                   draw
     00001188  A$lcc1558023$202                   draw
     00001189  A$lcc1558023$203                   draw
     0000118A  A$lcc1558023$204                   draw
     0000118B  A$lcc1558023$208                   draw
     0000118B  C$draw.c$24$2_0$138                draw
     0000118C  A$lcc1558023$209                   draw
     0000118E  A$lcc1558023$214                   draw
     0000118E  C$draw.c$28$2_0$139                draw
     00001190  A$lcc1558023$215                   draw
     00001191  A$lcc1558023$216                   draw
     00001192  A$lcc1558023$217                   draw
     00001194  A$lcc1558023$219                   draw
     00001196  A$lcc1558023$220                   draw
     00001197  A$lcc1558023$222                   draw
ASxxxx Linker V03.00/V05.40 + sdld,  page 25.
Hexadecimal  [32-Bits]

Area                                    Addr        Size        Decimal Bytes (Attributes)
--------------------------------        ----        ----        ------- ----- ------------
_CODE                               00000200    00002573 =        9587. bytes (REL,CON)

      Value  Global                              Global Defined In Module
      -----  --------------------------------   ------------------------
     00001198  A$lcc1558023$223                   draw
     00001199  A$lcc1558023$224                   draw
     0000119A  A$lcc1558023$225                   draw
     0000119B  A$lcc1558023$226                   draw
     0000119C  A$lcc1558023$227                   draw
     0000119F  A$lcc1558023$228                   draw
     000011A0  A$lcc1558023$229                   draw
     000011A1  A$lcc1558023$230                   draw
     000011A2  A$lcc1558023$232                   draw
     000011A4  A$lcc1558023$233                   draw
     000011A5  A$lcc1558023$234                   draw
[...]
_DATA                               0000C0A0    000001BB =         443. bytes (REL,CON)

      Value  Global                              Global Defined In Module
      -----  --------------------------------   ------------------------
     0000C0A0  __cpu                              Runtime
     0000C0A1  __is_GBA                           Runtime
     0000C0A2  .mode                              Runtime
     0000C0A3  .sys_time                          Runtime
     0000C0A3  _sys_time                          Runtime
     0000C0A5  .int_0x40                          Runtime
     0000C0B1  G$animation$0_0$0                  animation
     0000C0B1  _animation                         animation
     0000C1A6  G$names$0_0$0                      name
     0000C1A6  _names                             name
     0000C1D8  G$npc_1$0_0$0                      npcs
     0000C1D8  _npc_1                             npcs
     0000C1D9  G$npc_2$0_0$0                      npcs
     0000C1D9  _npc_2                             npcs
     0000C1DA  G$option_actor$0_0$0               npcs
     0000C1DA  _option_actor                      npcs
     0000C1DB  G$humor_stats$0_0$0                npcs
     0000C1DB  _humor_stats                       npcs
     0000C1EA  G$CurrentNPCDialogues$0_0$0        npc_lines
     0000C1EA  _CurrentNPCDialogues               npc_lines
     0000C1EE  G$player$0_0$0                     player
     0000C1EE  _player                            player
     0000C1EF  G$player_animations$0_0$0          player
     0000C1EF  _player_animations                 player
     0000C1F3  G$player_y_cache$0_0$0             player
     0000C1F3  _player_y_cache                    player
     0000C1F4  G$position$0_0$0                   position
     0000C1F4  _position                          position
     0000C212  G$render$0_0$0                     render
     0000C212  _render                            render
     0000C221  G$scene_manager$0_0$0              scene_manager
     0000C221  _scene_manager                     scene_manager
     0000C223  G$GenderSelect$0_0$0               gender_select
     0000C223  _GenderSelect                      gender_select
     0000C22B  G$InventoryScene$0_0$0             inventory_scene
     0000C22B  _InventoryScene                    inventory_scene
     0000C233  G$MainMenu$0_0$0                   main_menu
     0000C233  _MainMenu                          main_menu
     0000C23B  G$CurrentMapData$0_0$0             map_data
     0000C23B  _CurrentMapData                    map_data
     0000C24D  G$Map_00$0_0$0                     map_00
     0000C24D  _Map_00                            map_00
     0000C255  Lmain.main$game$1_1$178            main
     0000C259  ___sdcc_heap_free                  malloc

ASxxxx Linker V03.00/V05.40 + sdld,  page 111.
Hexadecimal  [32-Bits]

Area                                    Addr        Size        Decimal Bytes (Attributes)
--------------------------------        ----        ----        ------- ----- ------------
_INITIALIZED                        0000C25B    000001E5 =         485. bytes (REL,CON)

      Value  Global                              Global Defined In Module
      -----  --------------------------------   ------------------------
     0000C25B  G$spr_InventoryArrow_idle$0_0$0    spr_InventoryArrow_idle
     0000C25B  _spr_InventoryArrow_idle           spr_InventoryArrow_idle
     0000C26B  G$spr_example_NPC_00$0_0$0         example_npc
     0000C26B  _spr_example_NPC_00                example_npc
     0000C27B  G$spr_example_NPC_01$0_0$0         example_npc
     0000C27B  _spr_example_NPC_01                example_npc
     0000C28B  G$spr_example_NPC_10$0_0$0         example_npc
     0000C28B  _spr_example_NPC_10                example_npc
     0000C29B  G$spr_example_NPC_11$0_0$0         example_npc
     0000C29B  _spr_example_NPC_11                example_npc
     0000C2AB  G$spr_Player_down0_00$0_0$0        spr_Player_down0
     0000C2AB  _spr_Player_down0_00               spr_Player_down0
     0000C2BB  G$spr_Player_down0_10$0_0$0        spr_Player_down0
     0000C2BB  _spr_Player_down0_10               spr_Player_down0
     0000C2CB  G$spr_Player_down0_01$0_0$0        spr_Player_down0
     0000C2CB  _spr_Player_down0_01               spr_Player_down0
     0000C2DB  G$spr_Player_down0_11$0_0$0        spr_Player_down0
     0000C2DB  _spr_Player_down0_11               spr_Player_down0
     0000C2EB  G$spr_Player_down1_00$0_0$0        spr_Player_down1
     0000C2EB  _spr_Player_down1_00               spr_Player_down1
     0000C2FB  G$spr_Player_down1_10$0_0$0        spr_Player_down1
     0000C2FB  _spr_Player_down1_10               spr_Player_down1
     0000C30B  G$spr_Player_down1_01$0_0$0        spr_Player_down1
     0000C30B  _spr_Player_down1_01               spr_Player_down1
     0000C31B  G$spr_Player_down1_11$0_0$0        spr_Player_down1
     0000C31B  _spr_Player_down1_11               spr_Player_down1
     0000C32B  G$spr_Player_down2_00$0_0$0        spr_Player_down2
     0000C32B  _spr_Player_down2_00               spr_Player_down2
     0000C33B  G$spr_Player_down2_10$0_0$0        spr_Player_down2
     0000C33B  _spr_Player_down2_10               spr_Player_down2
     0000C34B  G$spr_Player_down2_01$0_0$0        spr_Player_down2
     0000C34B  _spr_Player_down2_01               spr_Player_down2
     0000C35B  G$spr_Player_down2_11$0_0$0        spr_Player_down2
     0000C35B  _spr_Player_down2_11               spr_Player_down2
     0000C36B  G$spr_Player_up0_00$0_0$0          spr_Player_up0
     0000C36B  _spr_Player_up0_00                 spr_Player_up0
     0000C37B  G$spr_Player_up0_10$0_0$0          spr_Player_up0
     0000C37B  _spr_Player_up0_10                 spr_Player_up0
     0000C38B  G$spr_Player_up0_01$0_0$0          spr_Player_up0
     0000C38B  _spr_Player_up0_01                 spr_Player_up0
     0000C39B  G$spr_Player_up0_11$0_0$0          spr_Player_up0
     0000C39B  _spr_Player_up0_11                 spr_Player_up0
     0000C3AB  G$spr_Player_up1_00$0_0$0          spr_Player_up1
     0000C3AB  _spr_Player_up1_00                 spr_Player_up1
     0000C3BB  G$spr_Player_up1_10$0_0$0          spr_Player_up1
     0000C3BB  _spr_Player_up1_10                 spr_Player_up1
     0000C3CB  G$spr_Player_up1_01$0_0$0          spr_Player_up1
     0000C3CB  _spr_Player_up1_01                 spr_Player_up1
     0000C3DB  G$spr_Player_up1_11$0_0$0          spr_Player_up1
     0000C3DB  _spr_Player_up1_11                 spr_Player_up1
ASxxxx Linker V03.00/V05.40 + sdld,  page 112.
Hexadecimal  [32-Bits]

Area                                    Addr        Size        Decimal Bytes (Attributes)
--------------------------------        ----        ----        ------- ----- ------------
_INITIALIZED                        0000C25B    000001E5 =         485. bytes (REL,CON)

      Value  Global                              Global Defined In Module
      -----  --------------------------------   ------------------------
     0000C3EB  G$spr_Player_up2_00$0_0$0          spr_Player_up2
     0000C3EB  _spr_Player_up2_00                 spr_Player_up2
     0000C3FB  G$spr_Player_up2_10$0_0$0          spr_Player_up2
     0000C3FB  _spr_Player_up2_10                 spr_Player_up2
     0000C40B  G$spr_Player_up2_01$0_0$0          spr_Player_up2
     0000C40B  _spr_Player_up2_01                 spr_Player_up2
     0000C41B  G$spr_Player_up2_11$0_0$0          spr_Player_up2
     0000C41B  _spr_Player_up2_11                 spr_Player_up2
     0000C42B  G$MOVE_SPEED$0_0$0                 action
     0000C42B  _MOVE_SPEED                        action
     0000C42C  G$current_direction$0_0$0          action
     0000C42C  _current_direction                 action
     0000C42D  G$can_move$0_0$0                   can_move
     0000C42D  _can_move                          can_move
     0000C431  G$next_entity_id$0_0$0             entity
     0000C431  _next_entity_id                    entity
     0000C432  G$GENDER$0_0$0                     gender_selection
     0000C432  _GENDER                            gender_selection
     0000C433  G$keys$0_0$0                       input
     0000C433  _keys                              input
     0000C434  G$prev_keys$0_0$0                  input
     0000C434  _prev_keys                         input
     0000C435  G$inventory_active$0_0$0           inventory
     0000C435  _inventory_active                  inventory
     0000C436  G$vram_next_index$0_0$0            load
     0000C436  _vram_next_index                   load
     0000C437  G$money$0_0$0                      money
     0000C437  _money                             money
     0000C439  G$timer$0_0$0                      main_menu
     0000C439  _timer                             main_menu
     0000C43B  G$rate$0_0$0                       main_menu
     0000C43B  _rate                              main_menu
     0000C43C  G$show_text$0_0$0                  main_menu
     0000C43C  _show_text                         main_menu
     0000C43D  G$seed$0_0$0                       main_menu
     0000C43D  _seed                              main_menu
     0000C43F  __map_tile_offset                  SetTileMap
ASxxxx Linker V03.00/V05.40 + sdld,  page 113.
Hexadecimal  [32-Bits]

Area                                    Addr        Size        Decimal Bytes (Attributes)
--------------------------------        ----        ----        ------- ----- ------------
_HEAP                               0000C440    000007FF =        2047. bytes (REL,CON)

      Value  Global                              Global Defined In Module
      -----  --------------------------------   ------------------------
     0000C440  ___sdcc_heap                       

ASxxxx Linker V03.00/V05.40 + sdld,  page 114.
Hexadecimal  [32-Bits]

Area                                    Addr        Size        Decimal Bytes (Attributes)
--------------------------------        ----        ----        ------- ----- ------------
_HEAP_END                           0000CC3F    00000001 =           1. bytes (REL,CON)

      Value  Global                              Global Defined In Module
      -----  --------------------------------   ------------------------
     0000CC3F  ___sdcc_heap_end                   

ASxxxx Linker V03.00/V05.40 + sdld,  page 115.
Hexadecimal  [32-Bits]

Area                                    Addr        Size        Decimal Bytes (Attributes)
--------------------------------        ----        ----        ------- ----- ------------
_HRAM                               0000FF80    00000013 =          19. bytes (REL,CON)

      Value  Global                              Global Defined In Module
      -----  --------------------------------   ------------------------
     0000FF80  .refresh_OAM                       Runtime
     0000FF90  __current_bank                     Runtime
     0000FF91  __vbl_done                         Runtime
     0000FF92  __shadow_OAM_base                  Runtime

ASxxxx Linker V03.00/V05.40 + sdld,  page 116.
Hexadecimal  [32-Bits]

Area                                    Addr        Size        Decimal Bytes (Attributes)
--------------------------------        ----        ----        ------- ----- ------------
_CODE_1                             00014000    00000EE8 =        3816. bytes (REL,CON)

      Value  Global                              Global Defined In Module
      -----  --------------------------------   ------------------------
     00014000  G$inventory_bkg_tileset$0_0$0      inventory_bkg
     00014000  _inventory_bkg_tileset             inventory_bkg
     00014340  G$inventory_bkg_tilemap$0_0$0      inventory_bkg
     00014340  _inventory_bkg_tilemap             inventory_bkg
     000144A8  G$bkg_main_menu_tileset$0_0$0      bkg_MainMenu
     000144A8  _bkg_main_menu_tileset             bkg_MainMenu
     00014768  G$bkg_main_menu_tilemap$0_0$0      bkg_MainMenu
     00014768  _bkg_main_menu_tilemap             bkg_MainMenu
     000148D0  G$example_tileset$0_0$0            map_example
     000148D0  _example_tileset                   map_example
     00014D80  G$example_tilemap$0_0$0            map_example
     00014D80  _example_tilemap                   map_example
ASxxxx Linker V03.00/V05.40 + sdld,  page 117.

Files Linked                              [ module(s) ]

C:\Program Files\GBDK\lib/gb/crt0.o       [ Runtime ]
C:\Users\Bau_M\AppData\Local\Temp/lcc155800.o
                                          [ chars ]
C:\Users\Bau_M\AppData\Local\Temp/lcc155801.o
                                          [ numbers ]
C:\Users\Bau_M\AppData\Local\Temp/lcc155802.o
                                          [ gender_select_tilemap ]
C:\Users\Bau_M\AppData\Local\Temp/lcc155803.o
                                          [ gender_select_tileset ]
C:\Users\Bau_M\AppData\Local\Temp/lcc155804.o
                                          [ inventory_bkg ]
C:\Users\Bau_M\AppData\Local\Temp/lcc155805.o
                                          [ bkg_MainMenu ]
C:\Users\Bau_M\AppData\Local\Temp/lcc155806.o
                                          [ map_example ]
C:\Users\Bau_M\AppData\Local\Temp/lcc155807.o
                                          [ npc_icons ]
C:\Users\Bau_M\AppData\Local\Temp/lcc155808.o
                                          [ template_tilemap ]
C:\Users\Bau_M\AppData\Local\Temp/lcc155809.o
                                          [ template_tileset ]
C:\Users\Bau_M\AppData\Local\Temp/lcc1558010.o
                                          [ spr_InventoryArrow_idle ]
C:\Users\Bau_M\AppData\Local\Temp/lcc1558011.o
                                          [ spr_Branch ]
C:\Users\Bau_M\AppData\Local\Temp/lcc1558012.o
                                          [ example_npc ]
C:\Users\Bau_M\AppData\Local\Temp/lcc1558013.o
                                          [ spr_Player_down0 ]
C:\Users\Bau_M\AppData\Local\Temp/lcc1558014.o
                                          [ spr_Player_down1 ]
C:\Users\Bau_M\AppData\Local\Temp/lcc1558015.o
                                          [ spr_Player_down2 ]
C:\Users\Bau_M\AppData\Local\Temp/lcc1558016.o
                                          [ spr_Player_up0 ]
C:\Users\Bau_M\AppData\Local\Temp/lcc1558017.o
                                          [ spr_Player_up1 ]
C:\Users\Bau_M\AppData\Local\Temp/lcc1558018.o
                                          [ spr_Player_up2 ]
C:\Users\Bau_M\AppData\Local\Temp/lcc1558019.o
                                          [ action ]
C:\Users\Bau_M\AppData\Local\Temp/lcc1558020.o
                                          [ animation ]
C:\Users\Bau_M\AppData\Local\Temp/lcc1558021.o
                                          [ can_move ]
C:\Users\Bau_M\AppData\Local\Temp/lcc1558022.o
                                          [ char_to_tile ]
C:\Users\Bau_M\AppData\Local\Temp/lcc1558023.o
                                          [ draw ]
C:\Users\Bau_M\AppData\Local\Temp/lcc1558024.o
                                          [ entity ]
C:\Users\Bau_M\AppData\Local\Temp/lcc1558025.o
                                          [ gender_selection ]
C:\Users\Bau_M\AppData\Local\Temp/lcc1558026.o
                                          [ global_action ]
C:\Users\Bau_M\AppData\Local\Temp/lcc1558027.o
                                          [ input ]
C:\Users\Bau_M\AppData\Local\Temp/lcc1558028.o
                                          [ inventory ]
C:\Users\Bau_M\AppData\Local\Temp/lcc1558029.o
                                          [ inventory_input ]
C:\Users\Bau_M\AppData\Local\Temp/lcc1558030.o
                                          [ load ]
C:\Users\Bau_M\AppData\Local\Temp/lcc1558031.o
                                          [ map_scenes ]
C:\Users\Bau_M\AppData\Local\Temp/lcc1558032.o
                                          [ money ]
C:\Users\Bau_M\AppData\Local\Temp/lcc1558033.o
                                          [ name ]
C:\Users\Bau_M\AppData\Local\Temp/lcc1558034.o
                                          [ npcs ]
C:\Users\Bau_M\AppData\Local\Temp/lcc1558035.o
                                          [ npc_lines ]
C:\Users\Bau_M\AppData\Local\Temp/lcc1558036.o
                                          [ player ]
C:\Users\Bau_M\AppData\Local\Temp/lcc1558037.o
                                          [ position ]
C:\Users\Bau_M\AppData\Local\Temp/lcc1558038.o
                                          [ render ]
C:\Users\Bau_M\AppData\Local\Temp/lcc1558039.o
                                          [ scene ]
C:\Users\Bau_M\AppData\Local\Temp/lcc1558040.o
                                          [ scene_manager ]
C:\Users\Bau_M\AppData\Local\Temp/lcc1558041.o
                                          [ gender_select ]
C:\Users\Bau_M\AppData\Local\Temp/lcc1558042.o
                                          [ gender_select_init ]
C:\Users\Bau_M\AppData\Local\Temp/lcc1558043.o
                                          [ gender_select_update ]
C:\Users\Bau_M\AppData\Local\Temp/lcc1558044.o
                                          [ inventory_scene ]
C:\Users\Bau_M\AppData\Local\Temp/lcc1558045.o
                                          [ inventory_scene_init ]
C:\Users\Bau_M\AppData\Local\Temp/lcc1558046.o
                                          [ inventory_scene_update ]
C:\Users\Bau_M\AppData\Local\Temp/lcc1558047.o
                                          [ main_menu ]
C:\Users\Bau_M\AppData\Local\Temp/lcc1558048.o
                                          [ main_menu_init ]
C:\Users\Bau_M\AppData\Local\Temp/lcc1558049.o
                                          [ main_menu_init_stats ]
C:\Users\Bau_M\AppData\Local\Temp/lcc1558050.o
                                          [ main_menu_input ]
C:\Users\Bau_M\AppData\Local\Temp/lcc1558051.o
                                          [ main_menu_update ]
C:\Users\Bau_M\AppData\Local\Temp/lcc1558052.o
                                          [ clean_text ]
C:\Users\Bau_M\AppData\Local\Temp/lcc1558053.o
                                          [ map_collision ]
C:\Users\Bau_M\AppData\Local\Temp/lcc1558054.o
                                          [ map_data ]
C:\Users\Bau_M\AppData\Local\Temp/lcc1558055.o
                                          [ map_00 ]
C:\Users\Bau_M\AppData\Local\Temp/lcc1558056.o
                                          [ map_00_collision ]
C:\Users\Bau_M\AppData\Local\Temp/lcc1558057.o
                                          [ map_00_init ]
C:\Users\Bau_M\AppData\Local\Temp/lcc1558058.o
                                          [ map_00_init_dialogues ]
C:\Users\Bau_M\AppData\Local\Temp/lcc1558059.o
                                          [ map_00_init_npc ]
C:\Users\Bau_M\AppData\Local\Temp/lcc1558060.o
                                          [ map_00_update ]
C:\Users\Bau_M\AppData\Local\Temp/lcc1558061.o
                                          [ main ]


Libraries Linked                          [ object file ]

C:\Program Files\GBDK\lib/gb/gb.lib       [ sfr.o ]
C:\Program Files\GBDK\lib/sm83/sm83.lib   [ div.o ]
C:\Program Files\GBDK\lib/sm83/sm83.lib   [ free.o ]
C:\Program Files\GBDK\lib/sm83/sm83.lib   [ malloc.o ]
C:\Program Files\GBDK\lib/gb/gb.lib       [ set_data.o ]
C:\Program Files\GBDK\lib/sm83/sm83.lib   [ mul.o ]
C:\Program Files\GBDK\lib/gb/gb.lib       [ pad.o ]
C:\Program Files\GBDK\lib/sm83/sm83.lib   [ __sdcc_call_hl.o ]
C:\Program Files\GBDK\lib/gb/gb.lib       [ heap.o ]
C:\Program Files\GBDK\lib/gb/gb.lib       [ set_bk_t.o ]
C:\Program Files\GBDK\lib/gb/gb.lib       [ set_xy_t.o ]

ASxxxx Linker V03.00/V05.40 + sdld,  page 118.

User Base Address Definitions

_DATA=0xC0A0
_CODE=0x0200
_HRAM=0xFF80
ASxxxx Linker V03.00/V05.40 + sdld,  page 119.

User Global Definitions

_shadow_OAM=0xC000
.STACK=0xE000

