ASxxxx Linker V03.00/V05.40 + sdld,  page 1.
Hexadecimal  [32-Bits]

Area                                    Addr        Size        Decimal Bytes (Attributes)
--------------------------------        ----        ----        ------- ----- ------------
.  .ABS.                            00000000    00000000 =           0. bytes (ABS,CON)

      Value  Global                              Global Defined In Module
      -----  --------------------------------   ------------------------
     00000000  .__.ABS.                           SetTileMap
     00000000  _rMBC7_SRAM_ENABLE_1               
     00000000  _rRAMG                             
     00000000  l__BASE                         
     00000000  l__BSS                          
     00000000  l__CABS                         
     00000000  l__CODE_0                       
     00000000  l__DABS                         
     00000000  l__HEADER                       
     00000000  l__LIT                          
     00000000  s__CABS                         
     00000000  s__DABS                         
     00000000  s__HEADER                       
     00000000  s__HEADER0                      
     00000000  s__HEADER1                      
     00000000  s__HEADER10                     
     00000000  s__HEADER11                     
     00000000  s__HEADER2                      
     00000000  s__HEADER3                      
     00000000  s__HEADER4                      
     00000000  s__HEADER5                      
     00000000  s__HEADER6                      
     00000000  s__HEADER7                      
     00000000  s__HEADER8                      
     00000000  s__HEADER9                      
     00000000  s__HEADERa                      
     00000000  s__HEADERb                      
     00000000  s__HEADERc                      
     00000000  s__HEADERd                      
     00000000  s__HEADERe                      
     00000000  s__HEADERf                      
     00000001  l__GSFINAL                      
     00000001  l__HEADER0                      
     00000001  l__HEADER5                      
     00000001  l__HEADERa                      
     00000001  l__HEADERb                      
     00000001  l__HEADERc                      
     00000001  l__HEADERe                      
     00000001  l__HEADERf                      
     00000001  l__HEAP_END                     
     00000002  l__HEADER10                     
     00000002  l__HEADER6                      
     00000002  l__HEADERd                      
     00000003  l__HEADER9                      
     00000005  l__HEADER1                      
     00000006  l__HEADER8                      
     00000007  l__HEADER2                      
     00000008  l__HEADER3                      
     0000000F  l__GSINIT                       
     00000013  l__HRAM                         
ASxxxx Linker V03.00/V05.40 + sdld,  page 2.
Hexadecimal  [32-Bits]

Area                                    Addr        Size        Decimal Bytes (Attributes)
--------------------------------        ----        ----        ------- ----- ------------
.  .ABS.                            00000000    00000000 =           0. bytes (ABS,CON)

      Value  Global                              Global Defined In Module
      -----  --------------------------------   ------------------------
     00000030  l__HEADER7                      
     00000060  l__HEADER4                      
     000000AB  l__HEADER11                     
     0000012C  l__HOME                         
     00000200  s__CODE                         
     00000216  l__INITIALIZED                  
     00000216  l__INITIALIZER                  
     00000296  l__DATA                         
     000007FF  l__HEAP                         
     00001220  l__CODE_1                       
     00002000  _rROMB0                            
     00002743  l__CODE                         
     00002943  s__HOME                         
     00002A6F  s__BASE                         
     00002A6F  s__CODE_0                       
     00002A6F  s__INITIALIZER                  
     00002A6F  s__LIT                          
     00002C85  s__GSINIT                       
     00002C94  s__GSFINAL                      
     00003000  _rROMB1                            
     00004000  _rMBC7_SRAM_ENABLE_2               
     00004000  _rRAMB                             
     00008000  __VRAM                             
     00008000  __VRAM8000                         
     00008800  __VRAM8800                         
     00009000  __VRAM9000                         
     00009800  __SCRN0                            
     00009C00  __SCRN1                            
     0000A000  __SRAM                             
     0000A000  _rMBC7_LATCH_1                     
     0000A010  _rMBC7_LATCH_2                     
     0000A020  _rMBC7_ACCEL_X_LO                  
     0000A030  _rMBC7_ACCEL_X_HI                  
     0000A040  _rMBC7_ACCEL_Y_LO                  
     0000A050  _rMBC7_ACCEL_Y_HI                  
     0000C000  __RAM                              
     0000C000  _shadow_OAM                     
     0000C0A0  s__DATA                         
     0000C336  s__BSS                          
     0000C336  s__INITIALIZED                  
     0000C54C  s__HEAP                         
     0000CD4B  s__HEAP_END                     
     0000D000  __RAMBANK                          
     0000E000  .STACK                          
     0000FE00  __OAMRAM                           
     0000FF00  _P1_REG                            
     0000FF00  __IO                               
     0000FF01  _SB_REG                            
     0000FF02  _SC_REG                            
     0000FF04  _DIV_REG                           
     0000FF05  _TIMA_REG                          
ASxxxx Linker V03.00/V05.40 + sdld,  page 3.
Hexadecimal  [32-Bits]

Area                                    Addr        Size        Decimal Bytes (Attributes)
--------------------------------        ----        ----        ------- ----- ------------
.  .ABS.                            00000000    00000000 =           0. bytes (ABS,CON)

      Value  Global                              Global Defined In Module
      -----  --------------------------------   ------------------------
     0000FF06  _TMA_REG                           
     0000FF07  _TAC_REG                           
     0000FF0F  _IF_REG                            
     0000FF10  _NR10_REG                          
     0000FF11  _NR11_REG                          
     0000FF12  _NR12_REG                          
     0000FF13  _NR13_REG                          
     0000FF14  _NR14_REG                          
     0000FF16  _NR21_REG                          
     0000FF17  _NR22_REG                          
     0000FF18  _NR23_REG                          
     0000FF19  _NR24_REG                          
     0000FF1A  _NR30_REG                          
     0000FF1B  _NR31_REG                          
     0000FF1C  _NR32_REG                          
     0000FF1D  _NR33_REG                          
     0000FF1E  _NR34_REG                          
     0000FF20  _NR41_REG                          
     0000FF21  _NR42_REG                          
     0000FF22  _NR43_REG                          
     0000FF23  _NR44_REG                          
     0000FF24  _NR50_REG                          
     0000FF25  _NR51_REG                          
     0000FF26  _NR52_REG                          
     0000FF30  _AUD3WAVE                          
     0000FF30  _PCM_SAMPLE                        
     0000FF30  __AUD3WAVERAM                      
     0000FF40  _LCDC_REG                          
     0000FF41  _STAT_REG                          
     0000FF42  _SCY_REG                           
     0000FF43  _SCX_REG                           
     0000FF44  _LY_REG                            
     0000FF45  _LYC_REG                           
     0000FF46  _DMA_REG                           
     0000FF47  _BGP_REG                           
     0000FF48  _OBP0_REG                          
     0000FF49  _OBP1_REG                          
     0000FF4A  _WY_REG                            
     0000FF4B  _WX_REG                            
     0000FF4D  _KEY1_REG                          
     0000FF4F  _VBK_REG                           
     0000FF51  _HDMA1_REG                         
     0000FF52  _HDMA2_REG                         
     0000FF53  _HDMA3_REG                         
     0000FF54  _HDMA4_REG                         
     0000FF55  _HDMA5_REG                         
     0000FF56  _RP_REG                            
     0000FF68  _BCPS_REG                          
     0000FF69  _BCPD_REG                          
     0000FF6A  _OCPS_REG                          
     0000FF6B  _OCPD_REG                          
ASxxxx Linker V03.00/V05.40 + sdld,  page 4.
Hexadecimal  [32-Bits]

Area                                    Addr        Size        Decimal Bytes (Attributes)
--------------------------------        ----        ----        ------- ----- ------------
.  .ABS.                            00000000    00000000 =           0. bytes (ABS,CON)

      Value  Global                              Global Defined In Module
      -----  --------------------------------   ------------------------
     0000FF70  _SVBK_REG                          
     0000FF76  _PCM12_REG                         
     0000FF77  _PCM34_REG                         
     0000FF80  __HRAM                             
     0000FF80  s__HRAM                         
     0000FFFF  _IE_REG                            
     00014000  s__CODE_1                       
ASxxxx Linker V03.00/V05.40 + sdld,  page 5.
Hexadecimal  [32-Bits]

Area                                    Addr        Size        Decimal Bytes (Attributes)
--------------------------------        ----        ----        ------- ----- ------------
_CODE                               00000200    00002743 =       10051. bytes (REL,CON)

      Value  Global                              Global Defined In Module
      -----  --------------------------------   ------------------------
     00000200  G$chars_tileset$0_0$0              chars
     00000200  _chars_tileset                     chars
     00000400  G$chars_tilemap$0_0$0              chars
     00000400  _chars_tilemap                     chars
     0000041F  G$numbers_tileset$0_0$0            numbers
     0000041F  _numbers_tileset                   numbers
     000004BF  G$numbers_tilemap$0_0$0            numbers
     000004BF  _numbers_tilemap                   numbers
     000004C9  G$gender_select_tilemap$0_0$0      gender_select_tilemap
     000004C9  _gender_select_tilemap             gender_select_tilemap
     00000631  G$gender_select_tileset$0_0$0      gender_select_tileset
     00000631  _gender_select_tileset             gender_select_tileset
     00000921  A$lcc276527$58                     npc_icons
     00000921  C$npc_icons.c$27$0_0$127           npc_icons
     00000921  C$npc_icons.c$28$1_0$127           npc_icons
     00000921  G$InitNPCIcons$0$0                 npc_icons
     00000921  _InitNPCIcons                      npc_icons
     00000924  A$lcc276527$59                     npc_icons
     00000925  A$lcc276527$60                     npc_icons
     00000928  A$lcc276527$61                     npc_icons
     00000929  A$lcc276527$62                     npc_icons
     0000092C  A$lcc276527$63                     npc_icons
     0000092E  A$lcc276527$71                     npc_icons
     0000092E  C$npc_icons.c$29$1_0$127           npc_icons
     0000092E  XG$InitNPCIcons$0$0                npc_icons
     0000092F  G$npc_icons_tileset$0_0$0          npc_icons
     0000092F  _npc_icons_tileset                 npc_icons
     0000098F  G$npc_icons_tilemap$0_0$0          npc_icons
     0000098F  _npc_icons_tilemap                 npc_icons
     00000995  G$spr_Branch$0_0$0                 spr_Branch
     00000995  _spr_Branch                        spr_Branch
     000009A5  A$lcc2765220$59                    action
     000009A5  C$action.c$11$0_0$169              action
     000009A5  G$move_up$0$0                      action
     000009A5  _move_up                           action
     000009A7  A$lcc2765220$60                    action
     000009A9  A$lcc2765220$61                    action
     000009AA  A$lcc2765220$65                    action
     000009AA  C$action.c$13$2_0$170              action
     000009AD  A$lcc2765220$66                    action
     000009AF  A$lcc2765220$70                    action
     000009AF  C$action.c$14$2_0$170              action
     000009B1  A$lcc2765220$74                    action
     000009B1  C$action.c$16$1_0$169              action
     000009B3  A$lcc2765220$75                    action
     000009B4  A$lcc2765220$76                    action
     000009B5  A$lcc2765220$77                    action
     000009B7  A$lcc2765220$78                    action
     000009B8  A$lcc2765220$79                    action
     000009BA  A$lcc2765220$80                    action
ASxxxx Linker V03.00/V05.40 + sdld,  page 6.
Hexadecimal  [32-Bits]

Area                                    Addr        Size        Decimal Bytes (Attributes)
--------------------------------        ----        ----        ------- ----- ------------
_CODE                               00000200    00002743 =       10051. bytes (REL,CON)

      Value  Global                              Global Defined In Module
      -----  --------------------------------   ------------------------
     000009BC  A$lcc2765220$81                    action
     000009BD  A$lcc2765220$82                    action
     000009BE  A$lcc2765220$83                    action
     000009BF  A$lcc2765220$84                    action
     000009C0  A$lcc2765220$85                    action
     000009C1  A$lcc2765220$86                    action
     000009C2  A$lcc2765220$87                    action
     000009C5  A$lcc2765220$88                    action
     000009C6  A$lcc2765220$89                    action
     000009C7  A$lcc2765220$90                    action
     000009C8  A$lcc2765220$91                    action
     000009C9  A$lcc2765220$92                    action
     000009CB  A$lcc2765220$93                    action
     000009CC  A$lcc2765220$94                    action
     000009CD  A$lcc2765220$95                    action
     000009CE  A$lcc2765220$96                    action
     000009CF  A$lcc2765220$97                    action
     000009D0  A$lcc2765220$98                    action
     000009D1  A$lcc2765220$99                    action
     000009D2  A$lcc2765220$100                   action
     000009D4  A$lcc2765220$101                   action
     000009D5  A$lcc2765220$102                   action
     000009D6  A$lcc2765220$103                   action
     000009D7  A$lcc2765220$104                   action
     000009D8  A$lcc2765220$105                   action
     000009D9  A$lcc2765220$106                   action
     000009DA  A$lcc2765220$107                   action
     000009DB  A$lcc2765220$108                   action
     000009DC  A$lcc2765220$109                   action
     000009DD  A$lcc2765220$110                   action
     000009DE  A$lcc2765220$111                   action
     000009DF  A$lcc2765220$112                   action
     000009E0  A$lcc2765220$113                   action
     000009E1  A$lcc2765220$114                   action
     000009E2  A$lcc2765220$115                   action
     000009E4  A$lcc2765220$116                   action
     000009E5  A$lcc2765220$117                   action
     000009E6  A$lcc2765220$118                   action
     000009E7  A$lcc2765220$119                   action
     000009E8  A$lcc2765220$120                   action
     000009E9  A$lcc2765220$124                   action
     000009E9  C$action.c$17$1_0$169              action
     000009EA  A$lcc2765220$125                   action
     000009EB  A$lcc2765220$126                   action
     000009EE  A$lcc2765220$127                   action
     000009EF  A$lcc2765220$128                   action
     000009F1  A$lcc2765220$129                   action
     000009F2  A$lcc2765220$130                   action
     000009F3  A$lcc2765220$131                   action
     000009F4  A$lcc2765220$132                   action
     000009F6  A$lcc2765220$133                   action
ASxxxx Linker V03.00/V05.40 + sdld,  page 7.
Hexadecimal  [32-Bits]

Area                                    Addr        Size        Decimal Bytes (Attributes)
--------------------------------        ----        ----        ------- ----- ------------
_CODE                               00000200    00002743 =       10051. bytes (REL,CON)

      Value  Global                              Global Defined In Module
      -----  --------------------------------   ------------------------
     000009F7  A$lcc2765220$134                   action
     000009F8  A$lcc2765220$139                   action
     000009FA  A$lcc2765220$144                   action
     000009FA  C$action.c$18$1_0$169              action
     000009FA  XG$move_up$0$0                     action
     000009FB  A$lcc2765220$154                   action
     000009FB  C$action.c$20$1_0$172              action
     000009FB  G$move_down$0$0                    action
     000009FB  _move_down                         action
     000009FD  A$lcc2765220$155                   action
     000009FF  A$lcc2765220$156                   action
     00000A00  A$lcc2765220$160                   action
     00000A00  C$action.c$22$2_0$173              action
     00000A03  A$lcc2765220$161                   action
     00000A05  A$lcc2765220$165                   action
     00000A05  C$action.c$23$2_0$173              action
     00000A07  A$lcc2765220$169                   action
     00000A07  C$action.c$25$1_0$172              action
     00000A09  A$lcc2765220$170                   action
     00000A0A  A$lcc2765220$171                   action
     00000A0B  A$lcc2765220$172                   action
     00000A0D  A$lcc2765220$173                   action
     00000A0E  A$lcc2765220$174                   action
     00000A10  A$lcc2765220$175                   action
     00000A12  A$lcc2765220$176                   action
     00000A13  A$lcc2765220$177                   action
     00000A14  A$lcc2765220$178                   action
     00000A15  A$lcc2765220$179                   action
     00000A16  A$lcc2765220$180                   action
     00000A17  A$lcc2765220$181                   action
     00000A18  A$lcc2765220$182                   action
     00000A1B  A$lcc2765220$183                   action
     00000A1C  A$lcc2765220$184                   action
     00000A1D  A$lcc2765220$185                   action
     00000A1E  A$lcc2765220$186                   action
     00000A1F  A$lcc2765220$187                   action
     00000A21  A$lcc2765220$188                   action
     00000A22  A$lcc2765220$189                   action
     00000A23  A$lcc2765220$190                   action
     00000A24  A$lcc2765220$191                   action
     00000A25  A$lcc2765220$192                   action
     00000A26  A$lcc2765220$193                   action
     00000A27  A$lcc2765220$194                   action
     00000A28  A$lcc2765220$195                   action
     00000A2A  A$lcc2765220$196                   action
     00000A2B  A$lcc2765220$197                   action
     00000A2C  A$lcc2765220$198                   action
     00000A2D  A$lcc2765220$199                   action
     00000A2E  A$lcc2765220$200                   action
     00000A2F  A$lcc2765220$201                   action
     00000A30  A$lcc2765220$202                   action
ASxxxx Linker V03.00/V05.40 + sdld,  page 8.
Hexadecimal  [32-Bits]

Area                                    Addr        Size        Decimal Bytes (Attributes)
--------------------------------        ----        ----        ------- ----- ------------
_CODE                               00000200    00002743 =       10051. bytes (REL,CON)

      Value  Global                              Global Defined In Module
      -----  --------------------------------   ------------------------
     00000A31  A$lcc2765220$203                   action
     00000A32  A$lcc2765220$204                   action
     00000A33  A$lcc2765220$205                   action
     00000A34  A$lcc2765220$206                   action
     00000A35  A$lcc2765220$207                   action
     00000A36  A$lcc2765220$208                   action
     00000A37  A$lcc2765220$209                   action
     00000A38  A$lcc2765220$210                   action
     00000A39  A$lcc2765220$211                   action
     00000A3A  A$lcc2765220$212                   action
     00000A3B  A$lcc2765220$216                   action
     00000A3B  C$action.c$26$1_0$172              action
     00000A3E  A$lcc2765220$217                   action
     00000A40  A$lcc2765220$218                   action
     00000A41  A$lcc2765220$219                   action
     00000A43  A$lcc2765220$220                   action
     00000A44  A$lcc2765220$221                   action
     00000A45  A$lcc2765220$222                   action
     00000A46  A$lcc2765220$223                   action
     00000A47  A$lcc2765220$224                   action
     00000A48  A$lcc2765220$229                   action
     00000A4A  A$lcc2765220$234                   action
     00000A4A  C$action.c$27$1_0$172              action
     00000A4A  XG$move_down$0$0                   action
     00000A4B  A$lcc2765220$244                   action
     00000A4B  C$action.c$29$1_0$175              action
     00000A4B  G$move_left$0$0                    action
     00000A4B  _move_left                         action
     00000A4D  A$lcc2765220$245                   action
     00000A4F  A$lcc2765220$246                   action
     00000A50  A$lcc2765220$250                   action
     00000A50  C$action.c$31$2_0$176              action
     00000A53  A$lcc2765220$251                   action
     00000A55  A$lcc2765220$255                   action
     00000A55  C$action.c$32$2_0$176              action
     00000A57  A$lcc2765220$259                   action
     00000A57  C$action.c$34$1_0$175              action
     00000A59  A$lcc2765220$260                   action
     00000A5A  A$lcc2765220$261                   action
     00000A5B  A$lcc2765220$262                   action
     00000A5D  A$lcc2765220$263                   action
     00000A5E  A$lcc2765220$264                   action
     00000A60  A$lcc2765220$265                   action
     00000A62  A$lcc2765220$266                   action
     00000A63  A$lcc2765220$267                   action
     00000A64  A$lcc2765220$268                   action
     00000A65  A$lcc2765220$269                   action
     00000A66  A$lcc2765220$270                   action
     00000A67  A$lcc2765220$271                   action
     00000A68  A$lcc2765220$272                   action
     00000A6B  A$lcc2765220$273                   action
ASxxxx Linker V03.00/V05.40 + sdld,  page 9.
Hexadecimal  [32-Bits]

Area                                    Addr        Size        Decimal Bytes (Attributes)
--------------------------------        ----        ----        ------- ----- ------------
_CODE                               00000200    00002743 =       10051. bytes (REL,CON)

      Value  Global                              Global Defined In Module
      -----  --------------------------------   ------------------------
     00000A6C  A$lcc2765220$274                   action
     00000A6D  A$lcc2765220$275                   action
     00000A6E  A$lcc2765220$276                   action
     00000A6F  A$lcc2765220$277                   action
     00000A71  A$lcc2765220$278                   action
     00000A72  A$lcc2765220$279                   action
     00000A73  A$lcc2765220$280                   action
     00000A74  A$lcc2765220$281                   action
     00000A75  A$lcc2765220$282                   action
     00000A76  A$lcc2765220$283                   action
     00000A77  A$lcc2765220$284                   action
     00000A78  A$lcc2765220$285                   action
     00000A7A  A$lcc2765220$286                   action
     00000A7B  A$lcc2765220$287                   action
     00000A7C  A$lcc2765220$288                   action
     00000A7D  A$lcc2765220$289                   action
     00000A7E  A$lcc2765220$290                   action
     00000A7F  A$lcc2765220$291                   action
     00000A80  A$lcc2765220$292                   action
     00000A81  A$lcc2765220$293                   action
     00000A82  A$lcc2765220$294                   action
     00000A83  A$lcc2765220$295                   action
     00000A84  A$lcc2765220$296                   action
     00000A85  A$lcc2765220$297                   action
     00000A86  A$lcc2765220$298                   action
     00000A87  A$lcc2765220$299                   action
     00000A88  A$lcc2765220$300                   action
     00000A8A  A$lcc2765220$301                   action
     00000A8B  A$lcc2765220$302                   action
     00000A8C  A$lcc2765220$303                   action
     00000A8D  A$lcc2765220$304                   action
     00000A8E  A$lcc2765220$305                   action
     00000A8F  A$lcc2765220$309                   action
     00000A8F  C$action.c$35$1_0$175              action
     00000A90  A$lcc2765220$310                   action
     00000A91  A$lcc2765220$311                   action
     00000A94  A$lcc2765220$312                   action
     00000A95  A$lcc2765220$313                   action
     00000A97  A$lcc2765220$314                   action
     00000A98  A$lcc2765220$315                   action
     00000A99  A$lcc2765220$316                   action
     00000A9A  A$lcc2765220$317                   action
     00000A9C  A$lcc2765220$318                   action
     00000A9D  A$lcc2765220$319                   action
     00000A9E  A$lcc2765220$324                   action
     00000AA0  A$lcc2765220$329                   action
     00000AA0  C$action.c$36$1_0$175              action
     00000AA0  XG$move_left$0$0                   action
     00000AA1  A$lcc2765220$339                   action
     00000AA1  C$action.c$38$1_0$178              action
     00000AA1  G$move_right$0$0                   action
ASxxxx Linker V03.00/V05.40 + sdld,  page 10.
Hexadecimal  [32-Bits]

Area                                    Addr        Size        Decimal Bytes (Attributes)
--------------------------------        ----        ----        ------- ----- ------------
_CODE                               00000200    00002743 =       10051. bytes (REL,CON)

      Value  Global                              Global Defined In Module
      -----  --------------------------------   ------------------------
     00000AA1  _move_right                        action
     00000AA3  A$lcc2765220$340                   action
     00000AA5  A$lcc2765220$341                   action
     00000AA6  A$lcc2765220$345                   action
     00000AA6  C$action.c$40$2_0$179              action
     00000AA9  A$lcc2765220$346                   action
     00000AAB  A$lcc2765220$350                   action
     00000AAB  C$action.c$41$2_0$179              action
     00000AAD  A$lcc2765220$354                   action
     00000AAD  C$action.c$43$1_0$178              action
     00000AAF  A$lcc2765220$355                   action
     00000AB0  A$lcc2765220$356                   action
     00000AB1  A$lcc2765220$357                   action
     00000AB3  A$lcc2765220$358                   action
     00000AB4  A$lcc2765220$359                   action
     00000AB6  A$lcc2765220$360                   action
     00000AB8  A$lcc2765220$361                   action
     00000AB9  A$lcc2765220$362                   action
     00000ABA  A$lcc2765220$363                   action
     00000ABB  A$lcc2765220$364                   action
     00000ABC  A$lcc2765220$365                   action
     00000ABD  A$lcc2765220$366                   action
     00000ABE  A$lcc2765220$367                   action
     00000AC1  A$lcc2765220$368                   action
     00000AC2  A$lcc2765220$369                   action
     00000AC3  A$lcc2765220$370                   action
     00000AC4  A$lcc2765220$371                   action
     00000AC5  A$lcc2765220$372                   action
     00000AC7  A$lcc2765220$373                   action
     00000AC8  A$lcc2765220$374                   action
     00000AC9  A$lcc2765220$375                   action
     00000ACA  A$lcc2765220$376                   action
     00000ACB  A$lcc2765220$377                   action
     00000ACC  A$lcc2765220$378                   action
     00000ACD  A$lcc2765220$379                   action
     00000ACE  A$lcc2765220$380                   action
     00000AD0  A$lcc2765220$381                   action
     00000AD1  A$lcc2765220$382                   action
     00000AD2  A$lcc2765220$383                   action
     00000AD3  A$lcc2765220$384                   action
     00000AD4  A$lcc2765220$385                   action
     00000AD5  A$lcc2765220$386                   action
     00000AD6  A$lcc2765220$387                   action
     00000AD7  A$lcc2765220$388                   action
     00000AD8  A$lcc2765220$389                   action
     00000AD9  A$lcc2765220$390                   action
     00000ADA  A$lcc2765220$391                   action
     00000ADB  A$lcc2765220$392                   action
     00000ADC  A$lcc2765220$393                   action
     00000ADD  A$lcc2765220$394                   action
     00000ADE  A$lcc2765220$395                   action
ASxxxx Linker V03.00/V05.40 + sdld,  page 11.
Hexadecimal  [32-Bits]

Area                                    Addr        Size        Decimal Bytes (Attributes)
--------------------------------        ----        ----        ------- ----- ------------
_CODE                               00000200    00002743 =       10051. bytes (REL,CON)

      Value  Global                              Global Defined In Module
      -----  --------------------------------   ------------------------
     00000ADF  A$lcc2765220$396                   action
     00000AE0  A$lcc2765220$397                   action
     00000AE1  A$lcc2765220$401                   action
     00000AE1  C$action.c$44$1_0$178              action
     00000AE2  A$lcc2765220$402                   action
     00000AE5  A$lcc2765220$403                   action
     00000AE7  A$lcc2765220$404                   action
     00000AE8  A$lcc2765220$405                   action
     00000AEA  A$lcc2765220$406                   action
     00000AEB  A$lcc2765220$407                   action
     00000AEC  A$lcc2765220$408                   action
     00000AED  A$lcc2765220$409                   action
     00000AEE  A$lcc2765220$410                   action
     00000AEF  A$lcc2765220$411                   action
     00000AF0  A$lcc2765220$416                   action
     00000AF2  A$lcc2765220$421                   action
     00000AF2  C$action.c$45$1_0$178              action
     00000AF2  XG$move_right$0$0                  action
     00000AF3  A$lcc2765221$59                    animation
     00000AF3  C$animation.c$7$0_0$137            animation
     00000AF3  G$init_animation$0$0               animation
     00000AF3  _init_animation                    animation
     00000AF5  A$lcc2765221$60                    animation
     00000AF7  A$lcc2765221$61                    animation
     00000AF8  A$lcc2765221$62                    animation
     00000AF9  A$lcc2765221$63                    animation
     00000AFA  A$lcc2765221$64                    animation
     00000AFB  A$lcc2765221$65                    animation
     00000AFC  A$lcc2765221$69                    animation
     00000AFC  C$animation.c$12$1_0$137           animation
     00000AFE  A$lcc2765221$70                    animation
     00000AFF  A$lcc2765221$71                    animation
     00000B00  A$lcc2765221$72                    animation
     00000B01  A$lcc2765221$73                    animation
     00000B02  A$lcc2765221$74                    animation
     00000B03  A$lcc2765221$75                    animation
     00000B04  A$lcc2765221$76                    animation
     00000B06  A$lcc2765221$77                    animation
     00000B08  A$lcc2765221$78                    animation
     00000B09  A$lcc2765221$79                    animation
     00000B0A  A$lcc2765221$80                    animation
     00000B0B  A$lcc2765221$81                    animation
     00000B0C  A$lcc2765221$82                    animation
     00000B0D  A$lcc2765221$83                    animation
     00000B0E  A$lcc2765221$87                    animation
     00000B0E  C$animation.c$14$1_0$137           animation
     00000B0F  A$lcc2765221$88                    animation
     00000B10  A$lcc2765221$89                    animation
     00000B11  A$lcc2765221$90                    animation
     00000B13  A$lcc2765221$91                    animation
     00000B14  A$lcc2765221$92                    animation
ASxxxx Linker V03.00/V05.40 + sdld,  page 12.
Hexadecimal  [32-Bits]

Area                                    Addr        Size        Decimal Bytes (Attributes)
--------------------------------        ----        ----        ------- ----- ------------
_CODE                               00000200    00002743 =       10051. bytes (REL,CON)

      Value  Global                              Global Defined In Module
      -----  --------------------------------   ------------------------
     00000B15  A$lcc2765221$96                    animation
     00000B15  C$animation.c$15$1_0$137           animation
     00000B16  A$lcc2765221$97                    animation
     00000B17  A$lcc2765221$98                    animation
     00000B18  A$lcc2765221$99                    animation
     00000B19  A$lcc2765221$100                   animation
     00000B1A  A$lcc2765221$101                   animation
     00000B1B  A$lcc2765221$102                   animation
     00000B1D  A$lcc2765221$103                   animation
     00000B1E  A$lcc2765221$104                   animation
     00000B1F  A$lcc2765221$105                   animation
     00000B20  A$lcc2765221$109                   animation
     00000B20  C$animation.c$16$1_0$137           animation
     00000B23  A$lcc2765221$110                   animation
     00000B24  A$lcc2765221$111                   animation
     00000B26  A$lcc2765221$115                   animation
     00000B26  C$animation.c$17$1_0$137           animation
     00000B27  A$lcc2765221$116                   animation
     00000B28  A$lcc2765221$117                   animation
     00000B29  A$lcc2765221$118                   animation
     00000B2A  A$lcc2765221$119                   animation
     00000B2C  A$lcc2765221$123                   animation
     00000B2C  C$animation.c$18$1_0$137           animation
     00000B2F  A$lcc2765221$124                   animation
     00000B30  A$lcc2765221$125                   animation
     00000B31  A$lcc2765221$126                   animation
     00000B33  A$lcc2765221$127                   animation
     00000B34  A$lcc2765221$128                   animation
     00000B35  A$lcc2765221$129                   animation
     00000B36  A$lcc2765221$133                   animation
     00000B36  C$animation.c$21$1_0$137           animation
     00000B37  A$lcc2765221$134                   animation
     00000B38  A$lcc2765221$135                   animation
     00000B39  A$lcc2765221$136                   animation
     00000B3A  A$lcc2765221$137                   animation
     00000B3C  A$lcc2765221$138                   animation
     00000B3D  A$lcc2765221$139                   animation
     00000B3E  A$lcc2765221$140                   animation
     00000B3F  A$lcc2765221$141                   animation
     00000B40  A$lcc2765221$142                   animation
     00000B43  A$lcc2765221$143                   animation
     00000B44  A$lcc2765221$144                   animation
     00000B45  A$lcc2765221$145                   animation
     00000B46  A$lcc2765221$146                   animation
     00000B48  A$lcc2765221$147                   animation
     00000B49  A$lcc2765221$148                   animation
     00000B4A  A$lcc2765221$149                   animation
     00000B4B  A$lcc2765221$150                   animation
     00000B4D  A$lcc2765221$151                   animation
     00000B4E  A$lcc2765221$152                   animation
     00000B51  A$lcc2765221$153                   animation
ASxxxx Linker V03.00/V05.40 + sdld,  page 13.
Hexadecimal  [32-Bits]

Area                                    Addr        Size        Decimal Bytes (Attributes)
--------------------------------        ----        ----        ------- ----- ------------
_CODE                               00000200    00002743 =       10051. bytes (REL,CON)

      Value  Global                              Global Defined In Module
      -----  --------------------------------   ------------------------
     00000B52  A$lcc2765221$154                   animation
     00000B53  A$lcc2765221$155                   animation
     00000B54  A$lcc2765221$156                   animation
     00000B55  A$lcc2765221$160                   animation
     00000B55  C$animation.c$24$2_0$137           animation
     00000B57  A$lcc2765221$162                   animation
     00000B58  A$lcc2765221$163                   animation
     00000B59  A$lcc2765221$164                   animation
     00000B5A  A$lcc2765221$165                   animation
     00000B5B  A$lcc2765221$166                   animation
     00000B5D  A$lcc2765221$167                   animation
     00000B5E  A$lcc2765221$168                   animation
     00000B60  A$lcc2765221$173                   animation
     00000B60  C$animation.c$32$2_0$140           animation
     00000B62  A$lcc2765221$174                   animation
     00000B63  A$lcc2765221$175                   animation
     00000B64  A$lcc2765221$176                   animation
     00000B65  A$lcc2765221$177                   animation
     00000B68  A$lcc2765221$178                   animation
     00000B69  A$lcc2765221$179                   animation
     00000B6A  A$lcc2765221$180                   animation
     00000B6B  A$lcc2765221$181                   animation
     00000B6C  A$lcc2765221$182                   animation
     00000B6D  A$lcc2765221$183                   animation
     00000B6F  A$lcc2765221$187                   animation
     00000B6F  C$animation.c$33$2_0$140           animation
     00000B71  A$lcc2765221$188                   animation
     00000B72  A$lcc2765221$189                   animation
     00000B73  A$lcc2765221$194                   animation
     00000B73  C$animation.c$34$2_0$137           animation
     00000B75  A$lcc2765221$195                   animation
     00000B76  A$lcc2765221$196                   animation
     00000B78  A$lcc2765221$197                   animation
     00000B79  A$lcc2765221$207                   animation
     00000B79  C$animation.c$36$2_0$142           animation
     00000B79  G$update_animation$0$0             animation
     00000B79  _update_animation                  animation
     00000B7A  A$lcc2765221$208                   animation
     00000B7B  A$lcc2765221$209                   animation
     00000B7C  A$lcc2765221$210                   animation
     00000B7D  A$lcc2765221$214                   animation
     00000B7D  C$animation.c$38$1_0$142           animation
     00000B80  A$lcc2765221$215                   animation
     00000B81  A$lcc2765221$216                   animation
     00000B82  A$lcc2765221$217                   animation
     00000B83  A$lcc2765221$218                   animation
     00000B84  A$lcc2765221$219                   animation
     00000B85  A$lcc2765221$220                   animation
     00000B86  A$lcc2765221$221                   animation
     00000B87  A$lcc2765221$222                   animation
     00000B88  A$lcc2765221$223                   animation
ASxxxx Linker V03.00/V05.40 + sdld,  page 14.
Hexadecimal  [32-Bits]

Area                                    Addr        Size        Decimal Bytes (Attributes)
--------------------------------        ----        ----        ------- ----- ------------
_CODE                               00000200    00002743 =       10051. bytes (REL,CON)

      Value  Global                              Global Defined In Module
      -----  --------------------------------   ------------------------
     00000B8A  A$lcc2765221$224                   animation
     00000B8B  A$lcc2765221$225                   animation
     00000B8C  A$lcc2765221$229                   animation
     00000B8C  C$animation.c$40$1_0$142           animation
     00000B8F  A$lcc2765221$230                   animation
     00000B90  A$lcc2765221$231                   animation
     00000B91  A$lcc2765221$232                   animation
     00000B92  A$lcc2765221$233                   animation
     00000B93  A$lcc2765221$234                   animation
     00000B94  A$lcc2765221$235                   animation
     00000B96  A$lcc2765221$236                   animation
     00000B97  A$lcc2765221$237                   animation
     00000B98  A$lcc2765221$241                   animation
     00000B98  C$animation.c$41$2_0$143           animation
     00000B99  A$lcc2765221$242                   animation
     00000B9A  A$lcc2765221$243                   animation
     00000B9B  A$lcc2765221$244                   animation
     00000B9C  A$lcc2765221$245                   animation
     00000B9D  A$lcc2765221$246                   animation
     00000B9E  A$lcc2765221$247                   animation
     00000BA0  A$lcc2765221$248                   animation
     00000BA1  A$lcc2765221$249                   animation
     00000BA3  A$lcc2765221$250                   animation
     00000BA4  A$lcc2765221$251                   animation
     00000BA5  A$lcc2765221$252                   animation
     00000BA7  A$lcc2765221$256                   animation
     00000BA7  C$animation.c$43$3_0$144           animation
     00000BA8  A$lcc2765221$257                   animation
     00000BA9  A$lcc2765221$261                   animation
     00000BA9  C$animation.c$44$3_0$144           animation
     00000BAA  A$lcc2765221$262                   animation
     00000BAB  A$lcc2765221$263                   animation
     00000BAC  A$lcc2765221$264                   animation
     00000BAD  A$lcc2765221$265                   animation
     00000BAE  A$lcc2765221$266                   animation
     00000BAF  A$lcc2765221$270                   animation
     00000BAF  C$animation.c$45$4_0$145           animation
     00000BB0  A$lcc2765221$271                   animation
     00000BB1  A$lcc2765221$272                   animation
     00000BB2  A$lcc2765221$273                   animation
     00000BB3  A$lcc2765221$274                   animation
     00000BB4  A$lcc2765221$275                   animation
     00000BB6  A$lcc2765221$279                   animation
     00000BB6  C$animation.c$46$4_0$145           animation
     00000BB8  A$lcc2765221$284                   animation
     00000BB9  A$lcc2765221$285                   animation
     00000BBA  A$lcc2765221$290                   animation
     00000BBA  C$animation.c$48$2_0$142           animation
     00000BBA  XG$update_animation$0$0            animation
     00000BBB  A$lcc2765221$300                   animation
     00000BBB  C$animation.c$50$2_0$147           animation
ASxxxx Linker V03.00/V05.40 + sdld,  page 15.
Hexadecimal  [32-Bits]

Area                                    Addr        Size        Decimal Bytes (Attributes)
--------------------------------        ----        ----        ------- ----- ------------
_CODE                               00000200    00002743 =       10051. bytes (REL,CON)

      Value  Global                              Global Defined In Module
      -----  --------------------------------   ------------------------
     00000BBB  G$set_animation$0$0                animation
     00000BBB  _set_animation                     animation
     00000BBC  A$lcc2765221$301                   animation
     00000BBD  A$lcc2765221$302                   animation
     00000BBE  A$lcc2765221$306                   animation
     00000BBE  C$animation.c$52$2_0$148           animation
     00000BBF  A$lcc2765221$307                   animation
     00000BC1  A$lcc2765221$308                   animation
     00000BC2  A$lcc2765221$309                   animation
     00000BC3  A$lcc2765221$310                   animation
     00000BC5  A$lcc2765221$311                   animation
     00000BC6  A$lcc2765221$312                   animation
     00000BC7  A$lcc2765221$313                   animation
     00000BC8  A$lcc2765221$314                   animation
     00000BC9  A$lcc2765221$321                   animation
     00000BC9  C$animation.c$53$2_0$148           animation
     00000BC9  C$animation.c$55$1_0$147           animation
     00000BCA  A$lcc2765221$322                   animation
     00000BCB  A$lcc2765221$326                   animation
     00000BCB  C$animation.c$56$1_1$149           animation
     00000BCC  A$lcc2765221$327                   animation
     00000BCD  A$lcc2765221$328                   animation
     00000BCE  A$lcc2765221$329                   animation
     00000BCF  A$lcc2765221$330                   animation
     00000BD1  A$lcc2765221$331                   animation
     00000BD2  A$lcc2765221$335                   animation
     00000BD2  C$animation.c$57$1_1$149           animation
     00000BD3  A$lcc2765221$336                   animation
     00000BD4  A$lcc2765221$337                   animation
     00000BD5  A$lcc2765221$338                   animation
     00000BD6  A$lcc2765221$339                   animation
     00000BD7  A$lcc2765221$340                   animation
     00000BD8  A$lcc2765221$344                   animation
     00000BD8  C$animation.c$58$1_1$149           animation
     00000BDB  A$lcc2765221$345                   animation
     00000BDC  A$lcc2765221$346                   animation
     00000BDE  A$lcc2765221$354                   animation
     00000BDE  C$animation.c$59$1_1$147           animation
     00000BDE  XG$set_animation$0$0               animation
     00000BDF  A$lcc2765223$52                    char_to_tile
     00000BDF  C$char_to_tile.c$3$0_0$3           char_to_tile
     00000BDF  G$char_to_tile$0$0                 char_to_tile
     00000BDF  _char_to_tile                      char_to_tile
     00000BE1  A$lcc2765223$53                    char_to_tile
     00000BE3  A$lcc2765223$54                    char_to_tile
     00000BE4  A$lcc2765223$58                    char_to_tile
     00000BE4  C$char_to_tile.c$4$2_0$3           char_to_tile
     00000BE6  A$lcc2765223$59                    char_to_tile
     00000BE8  A$lcc2765223$60                    char_to_tile
     00000BE9  A$lcc2765223$61                    char_to_tile
     00000BEB  A$lcc2765223$62                    char_to_tile
ASxxxx Linker V03.00/V05.40 + sdld,  page 16.
Hexadecimal  [32-Bits]

Area                                    Addr        Size        Decimal Bytes (Attributes)
--------------------------------        ----        ----        ------- ----- ------------
_CODE                               00000200    00002743 =       10051. bytes (REL,CON)

      Value  Global                              Global Defined In Module
      -----  --------------------------------   ------------------------
     00000BEC  A$lcc2765223$63                    char_to_tile
     00000BEE  A$lcc2765223$64                    char_to_tile
     00000BEF  A$lcc2765223$65                    char_to_tile
     00000BF1  A$lcc2765223$66                    char_to_tile
     00000BF2  A$lcc2765223$67                    char_to_tile
     00000BF4  A$lcc2765223$68                    char_to_tile
     00000BF5  A$lcc2765223$69                    char_to_tile
     00000BF7  A$lcc2765223$70                    char_to_tile
     00000BF8  A$lcc2765223$71                    char_to_tile
     00000BFA  A$lcc2765223$72                    char_to_tile
     00000BFB  A$lcc2765223$73                    char_to_tile
     00000BFD  A$lcc2765223$74                    char_to_tile
     00000BFE  A$lcc2765223$75                    char_to_tile
     00000C00  A$lcc2765223$76                    char_to_tile
     00000C01  A$lcc2765223$77                    char_to_tile
     00000C03  A$lcc2765223$78                    char_to_tile
     00000C04  A$lcc2765223$79                    char_to_tile
     00000C06  A$lcc2765223$80                    char_to_tile
     00000C07  A$lcc2765223$81                    char_to_tile
     00000C09  A$lcc2765223$82                    char_to_tile
     00000C0A  A$lcc2765223$83                    char_to_tile
     00000C0C  A$lcc2765223$84                    char_to_tile
     00000C0D  A$lcc2765223$85                    char_to_tile
     00000C0F  A$lcc2765223$86                    char_to_tile
     00000C10  A$lcc2765223$87                    char_to_tile
     00000C12  A$lcc2765223$88                    char_to_tile
     00000C13  A$lcc2765223$89                    char_to_tile
     00000C15  A$lcc2765223$90                    char_to_tile
     00000C16  A$lcc2765223$91                    char_to_tile
     00000C18  A$lcc2765223$92                    char_to_tile
     00000C19  A$lcc2765223$93                    char_to_tile
     00000C1B  A$lcc2765223$94                    char_to_tile
     00000C1C  A$lcc2765223$95                    char_to_tile
     00000C1E  A$lcc2765223$96                    char_to_tile
     00000C1F  A$lcc2765223$97                    char_to_tile
     00000C21  A$lcc2765223$98                    char_to_tile
     00000C22  A$lcc2765223$99                    char_to_tile
     00000C24  A$lcc2765223$100                   char_to_tile
     00000C25  A$lcc2765223$101                   char_to_tile
     00000C27  A$lcc2765223$102                   char_to_tile
     00000C28  A$lcc2765223$103                   char_to_tile
     00000C2A  A$lcc2765223$104                   char_to_tile
     00000C2B  A$lcc2765223$105                   char_to_tile
     00000C2D  A$lcc2765223$106                   char_to_tile
     00000C2E  A$lcc2765223$107                   char_to_tile
     00000C30  A$lcc2765223$108                   char_to_tile
     00000C31  A$lcc2765223$109                   char_to_tile
     00000C33  A$lcc2765223$110                   char_to_tile
     00000C34  A$lcc2765223$111                   char_to_tile
     00000C36  A$lcc2765223$112                   char_to_tile
     00000C37  A$lcc2765223$113                   char_to_tile
ASxxxx Linker V03.00/V05.40 + sdld,  page 17.
Hexadecimal  [32-Bits]

Area                                    Addr        Size        Decimal Bytes (Attributes)
--------------------------------        ----        ----        ------- ----- ------------
_CODE                               00000200    00002743 =       10051. bytes (REL,CON)

      Value  Global                              Global Defined In Module
      -----  --------------------------------   ------------------------
     00000C39  A$lcc2765223$114                   char_to_tile
     00000C3A  A$lcc2765223$115                   char_to_tile
     00000C3C  A$lcc2765223$116                   char_to_tile
     00000C3D  A$lcc2765223$117                   char_to_tile
     00000C3F  A$lcc2765223$118                   char_to_tile
     00000C40  A$lcc2765223$119                   char_to_tile
     00000C42  A$lcc2765223$120                   char_to_tile
     00000C43  A$lcc2765223$124                   char_to_tile
     00000C43  C$char_to_tile.c$5$3_0$4           char_to_tile
     00000C44  A$lcc2765223$125                   char_to_tile
     00000C45  A$lcc2765223$126                   char_to_tile
     00000C46  A$lcc2765223$127                   char_to_tile
     00000C47  A$lcc2765223$128                   char_to_tile
     00000C4A  A$lcc2765223$130                   char_to_tile
     00000C4B  A$lcc2765223$131                   char_to_tile
     00000C4D  A$lcc2765223$132                   char_to_tile
     00000C4F  A$lcc2765223$136                   char_to_tile
     00000C4F  C$char_to_tile.c$6$4_0$6           char_to_tile
     00000C52  A$lcc2765223$137                   char_to_tile
     00000C53  A$lcc2765223$138                   char_to_tile
     00000C54  A$lcc2765223$139                   char_to_tile
     00000C55  A$lcc2765223$140                   char_to_tile
     00000C57  A$lcc2765223$141                   char_to_tile
     00000C58  A$lcc2765223$142                   char_to_tile
     00000C59  A$lcc2765223$143                   char_to_tile
     00000C5B  A$lcc2765223$147                   char_to_tile
     00000C5B  C$char_to_tile.c$7$5_0$7           char_to_tile
     00000C5D  A$lcc2765223$148                   char_to_tile
     00000C5E  A$lcc2765223$149                   char_to_tile
     00000C60  A$lcc2765223$150                   char_to_tile
     00000C61  A$lcc2765223$151                   char_to_tile
     00000C63  A$lcc2765223$156                   char_to_tile
     00000C63  C$char_to_tile.c$5$2_0$4           char_to_tile
     00000C64  A$lcc2765223$157                   char_to_tile
     00000C66  A$lcc2765223$158                   char_to_tile
     00000C67  A$lcc2765223$159                   char_to_tile
     00000C68  A$lcc2765223$160                   char_to_tile
     00000C69  A$lcc2765223$161                   char_to_tile
     00000C6B  A$lcc2765223$166                   char_to_tile
     00000C6B  C$char_to_tile.c$11$1_0$3          char_to_tile
     00000C6E  A$lcc2765223$171                   char_to_tile
     00000C70  A$lcc2765223$176                   char_to_tile
     00000C70  C$char_to_tile.c$12$1_0$3          char_to_tile
     00000C70  XG$char_to_tile$0$0                char_to_tile
     00000C71  A$lcc2765224$52                    collision
     00000C71  C$collision.c$3$0_0$3              collision
     00000C71  G$check_collision$0$0              collision
     00000C71  _check_collision                   collision
     00000C73  A$lcc2765224$53                    collision
     00000C74  A$lcc2765224$54                    collision
     00000C76  A$lcc2765224$55                    collision
ASxxxx Linker V03.00/V05.40 + sdld,  page 18.
Hexadecimal  [32-Bits]

Area                                    Addr        Size        Decimal Bytes (Attributes)
--------------------------------        ----        ----        ------- ----- ------------
_CODE                               00000200    00002743 =       10051. bytes (REL,CON)

      Value  Global                              Global Defined In Module
      -----  --------------------------------   ------------------------
     00000C77  A$lcc2765224$59                    collision
     00000C77  C$collision.c$8$1_0$3              collision
     00000C79  A$lcc2765224$60                    collision
     00000C7A  A$lcc2765224$61                    collision
     00000C7C  A$lcc2765224$62                    collision
     00000C7D  A$lcc2765224$63                    collision
     00000C7F  A$lcc2765224$64                    collision
     00000C81  A$lcc2765224$65                    collision
     00000C82  A$lcc2765224$66                    collision
     00000C84  A$lcc2765224$67                    collision
     00000C85  A$lcc2765224$68                    collision
     00000C86  A$lcc2765224$69                    collision
     00000C87  A$lcc2765224$70                    collision
     00000C88  A$lcc2765224$71                    collision
     00000C89  A$lcc2765224$72                    collision
     00000C8A  A$lcc2765224$73                    collision
     00000C8B  A$lcc2765224$74                    collision
     00000C8C  A$lcc2765224$75                    collision
     00000C8D  A$lcc2765224$76                    collision
     00000C8E  A$lcc2765224$77                    collision
     00000C8F  A$lcc2765224$78                    collision
     00000C91  A$lcc2765224$79                    collision
     00000C92  A$lcc2765224$80                    collision
     00000C93  A$lcc2765224$81                    collision
     00000C94  A$lcc2765224$82                    collision
     00000C96  A$lcc2765224$83                    collision
     00000C97  A$lcc2765224$84                    collision
     00000C99  A$lcc2765224$85                    collision
     00000C9A  A$lcc2765224$86                    collision
     00000C9B  A$lcc2765224$87                    collision
     00000C9C  A$lcc2765224$88                    collision
     00000C9D  A$lcc2765224$89                    collision
     00000C9E  A$lcc2765224$90                    collision
     00000CA0  A$lcc2765224$94                    collision
     00000CA0  C$collision.c$9$1_0$3              collision
     00000CA1  A$lcc2765224$95                    collision
     00000CA2  A$lcc2765224$96                    collision
     00000CA3  A$lcc2765224$97                    collision
     00000CA4  A$lcc2765224$98                    collision
     00000CA5  A$lcc2765224$99                    collision
     00000CA7  A$lcc2765224$100                   collision
     00000CA8  A$lcc2765224$101                   collision
     00000CA9  A$lcc2765224$102                   collision
     00000CAA  A$lcc2765224$103                   collision
     00000CAB  A$lcc2765224$104                   collision
     00000CAD  A$lcc2765224$108                   collision
     00000CAD  C$collision.c$10$1_0$3             collision
     00000CAF  A$lcc2765224$109                   collision
     00000CB0  A$lcc2765224$110                   collision
     00000CB2  A$lcc2765224$111                   collision
     00000CB3  A$lcc2765224$112                   collision
ASxxxx Linker V03.00/V05.40 + sdld,  page 19.
Hexadecimal  [32-Bits]

Area                                    Addr        Size        Decimal Bytes (Attributes)
--------------------------------        ----        ----        ------- ----- ------------
_CODE                               00000200    00002743 =       10051. bytes (REL,CON)

      Value  Global                              Global Defined In Module
      -----  --------------------------------   ------------------------
     00000CB4  A$lcc2765224$113                   collision
     00000CB5  A$lcc2765224$114                   collision
     00000CB6  A$lcc2765224$115                   collision
     00000CB7  A$lcc2765224$116                   collision
     00000CB8  A$lcc2765224$117                   collision
     00000CB9  A$lcc2765224$118                   collision
     00000CBA  A$lcc2765224$119                   collision
     00000CBB  A$lcc2765224$120                   collision
     00000CBC  A$lcc2765224$121                   collision
     00000CBD  A$lcc2765224$122                   collision
     00000CBF  A$lcc2765224$123                   collision
     00000CC0  A$lcc2765224$124                   collision
     00000CC1  A$lcc2765224$125                   collision
     00000CC2  A$lcc2765224$126                   collision
     00000CC4  A$lcc2765224$127                   collision
     00000CC5  A$lcc2765224$128                   collision
     00000CC6  A$lcc2765224$129                   collision
     00000CC7  A$lcc2765224$130                   collision
     00000CC8  A$lcc2765224$131                   collision
     00000CCA  A$lcc2765224$132                   collision
     00000CCB  A$lcc2765224$133                   collision
     00000CCC  A$lcc2765224$134                   collision
     00000CCD  A$lcc2765224$135                   collision
     00000CCE  A$lcc2765224$136                   collision
     00000CCF  A$lcc2765224$137                   collision
     00000CD1  A$lcc2765224$141                   collision
     00000CD1  C$collision.c$11$1_0$3             collision
     00000CD2  A$lcc2765224$142                   collision
     00000CD3  A$lcc2765224$143                   collision
     00000CD4  A$lcc2765224$144                   collision
     00000CD5  A$lcc2765224$145                   collision
     00000CD6  A$lcc2765224$146                   collision
     00000CD8  A$lcc2765224$147                   collision
     00000CD9  A$lcc2765224$148                   collision
     00000CDA  A$lcc2765224$149                   collision
     00000CDB  A$lcc2765224$150                   collision
     00000CDC  A$lcc2765224$151                   collision
     00000CDE  A$lcc2765224$153                   collision
     00000CDF  A$lcc2765224$154                   collision
     00000CE1  A$lcc2765224$156                   collision
     00000CE3  A$lcc2765224$161                   collision
     00000CE3  C$collision.c$12$1_0$3             collision
     00000CE5  A$lcc2765224$162                   collision
     00000CE6  A$lcc2765224$163                   collision
     00000CE8  A$lcc2765224$164                   collision
     00000CE9  A$lcc2765225$53                    draw
     00000CE9  C$draw.c$7$0_0$139                 draw
     00000CE9  G$draw_actor$0$0                   draw
     00000CE9  _draw_actor                        draw
     00000CEB  A$lcc2765225$54                    draw
     00000CED  A$lcc2765225$55                    draw
ASxxxx Linker V03.00/V05.40 + sdld,  page 20.
Hexadecimal  [32-Bits]

Area                                    Addr        Size        Decimal Bytes (Attributes)
--------------------------------        ----        ----        ------- ----- ------------
_CODE                               00000200    00002743 =       10051. bytes (REL,CON)

      Value  Global                              Global Defined In Module
      -----  --------------------------------   ------------------------
     00000CEE  A$lcc2765225$59                    draw
     00000CEE  C$draw.c$9$1_0$139                 draw
     00000CF1  A$lcc2765225$60                    draw
     00000CF2  A$lcc2765225$61                    draw
     00000CF4  A$lcc2765225$62                    draw
     00000CF5  A$lcc2765225$63                    draw
     00000CF6  A$lcc2765225$64                    draw
     00000CF7  A$lcc2765225$65                    draw
     00000CF8  A$lcc2765225$66                    draw
     00000CFA  A$lcc2765225$67                    draw
     00000CFB  A$lcc2765225$71                    draw
     00000CFB  C$draw.c$10$1_0$139                draw
     00000CFE  A$lcc2765225$72                    draw
     00000D00  A$lcc2765225$73                    draw
     00000D01  A$lcc2765225$74                    draw
     00000D03  A$lcc2765225$75                    draw
     00000D04  A$lcc2765225$76                    draw
     00000D05  A$lcc2765225$77                    draw
     00000D06  A$lcc2765225$78                    draw
     00000D07  A$lcc2765225$79                    draw
     00000D09  A$lcc2765225$80                    draw
     00000D0A  A$lcc2765225$84                    draw
     00000D0A  C$draw.c$12$1_0$139                draw
     00000D0D  A$lcc2765225$85                    draw
     00000D0F  A$lcc2765225$86                    draw
     00000D10  A$lcc2765225$87                    draw
     00000D12  A$lcc2765225$88                    draw
     00000D13  A$lcc2765225$89                    draw
     00000D14  A$lcc2765225$90                    draw
     00000D15  A$lcc2765225$91                    draw
     00000D16  A$lcc2765225$92                    draw
     00000D17  A$lcc2765225$93                    draw
     00000D18  A$lcc2765225$94                    draw
     00000D19  A$lcc2765225$95                    draw
     00000D1A  A$lcc2765225$96                    draw
     00000D1B  A$lcc2765225$97                    draw
     00000D1C  A$lcc2765225$98                    draw
     00000D1D  A$lcc2765225$99                    draw
     00000D1E  A$lcc2765225$103                   draw
     00000D1E  C$draw.c$13$1_0$139                draw
     00000D21  A$lcc2765225$104                   draw
     00000D22  A$lcc2765225$105                   draw
     00000D23  A$lcc2765225$106                   draw
     00000D24  A$lcc2765225$107                   draw
     00000D25  A$lcc2765225$108                   draw
     00000D26  A$lcc2765225$109                   draw
     00000D27  A$lcc2765225$110                   draw
     00000D28  A$lcc2765225$111                   draw
     00000D29  A$lcc2765225$112                   draw
     00000D2B  A$lcc2765225$113                   draw
     00000D2C  A$lcc2765225$114                   draw
ASxxxx Linker V03.00/V05.40 + sdld,  page 21.
Hexadecimal  [32-Bits]

Area                                    Addr        Size        Decimal Bytes (Attributes)
--------------------------------        ----        ----        ------- ----- ------------
_CODE                               00000200    00002743 =       10051. bytes (REL,CON)

      Value  Global                              Global Defined In Module
      -----  --------------------------------   ------------------------
     00000D2D  A$lcc2765225$118                   draw
     00000D2D  C$draw.c$15$1_0$139                draw
     00000D30  A$lcc2765225$119                   draw
     00000D31  A$lcc2765225$120                   draw
     00000D32  A$lcc2765225$121                   draw
     00000D34  A$lcc2765225$122                   draw
     00000D35  A$lcc2765225$126                   draw
     00000D35  C$draw.c$16$1_0$139                draw
     00000D36  A$lcc2765225$127                   draw
     00000D37  A$lcc2765225$128                   draw
     00000D38  A$lcc2765225$129                   draw
     00000D39  A$lcc2765225$130                   draw
     00000D3A  A$lcc2765225$131                   draw
     00000D3B  A$lcc2765225$132                   draw
     00000D3E  A$lcc2765225$133                   draw
     00000D3F  A$lcc2765225$134                   draw
     00000D40  A$lcc2765225$135                   draw
     00000D41  A$lcc2765225$136                   draw
     00000D43  A$lcc2765225$140                   draw
     00000D43  C$draw.c$18$1_0$139                draw
     00000D44  A$lcc2765225$141                   draw
     00000D45  A$lcc2765225$142                   draw
     00000D46  A$lcc2765225$143                   draw
     00000D47  A$lcc2765225$144                   draw
     00000D48  A$lcc2765225$148                   draw
     00000D48  C$draw.c$19$1_0$139                draw
     00000D4A  A$lcc2765225$149                   draw
     00000D4B  A$lcc2765225$150                   draw
     00000D4C  A$lcc2765225$151                   draw
     00000D4D  A$lcc2765225$152                   draw
     00000D4E  A$lcc2765225$153                   draw
     00000D4F  A$lcc2765225$154                   draw
     00000D50  A$lcc2765225$155                   draw
     00000D51  A$lcc2765225$156                   draw
     00000D52  A$lcc2765225$157                   draw
     00000D53  A$lcc2765225$158                   draw
     00000D54  A$lcc2765225$159                   draw
     00000D55  A$lcc2765225$160                   draw
     00000D56  A$lcc2765225$161                   draw
     00000D57  A$lcc2765225$162                   draw
     00000D58  A$lcc2765225$166                   draw
     00000D58  C$draw.c$21$2_0$140                draw
     00000D5A  A$lcc2765225$167                   draw
     00000D5B  A$lcc2765225$174                   draw
     00000D5B  C$draw.c$22$2_0$140                draw
     00000D5B  C$draw.c$25$2_0$139                draw
     00000D5E  A$lcc2765225$175                   draw
     00000D60  A$lcc2765225$177                   draw
     00000D61  A$lcc2765225$178                   draw
     00000D63  A$lcc2765225$179                   draw
     00000D64  A$lcc2765225$180                   draw
ASxxxx Linker V03.00/V05.40 + sdld,  page 22.
Hexadecimal  [32-Bits]

Area                                    Addr        Size        Decimal Bytes (Attributes)
--------------------------------        ----        ----        ------- ----- ------------
_CODE                               00000200    00002743 =       10051. bytes (REL,CON)

      Value  Global                              Global Defined In Module
      -----  --------------------------------   ------------------------
     00000D66  A$lcc2765225$182                   draw
     00000D67  A$lcc2765225$183                   draw
     00000D68  A$lcc2765225$184                   draw
     00000D69  A$lcc2765225$185                   draw
     00000D6A  A$lcc2765225$186                   draw
     00000D6B  A$lcc2765225$187                   draw
     00000D6D  A$lcc2765225$188                   draw
     00000D70  A$lcc2765225$189                   draw
     00000D71  A$lcc2765225$190                   draw
     00000D72  A$lcc2765225$191                   draw
     00000D73  A$lcc2765225$192                   draw
     00000D74  A$lcc2765225$194                   draw
     00000D75  A$lcc2765225$195                   draw
     00000D76  A$lcc2765225$196                   draw
     00000D77  A$lcc2765225$197                   draw
     00000D78  A$lcc2765225$198                   draw
     00000D79  A$lcc2765225$199                   draw
     00000D7A  A$lcc2765225$200                   draw
     00000D7D  A$lcc2765225$201                   draw
     00000D7E  A$lcc2765225$202                   draw
     00000D7F  A$lcc2765225$203                   draw
     00000D80  A$lcc2765225$204                   draw
     00000D81  A$lcc2765225$205                   draw
     00000D82  A$lcc2765225$209                   draw
     00000D82  C$draw.c$25$2_0$141                draw
     00000D83  A$lcc2765225$210                   draw
     00000D85  A$lcc2765225$215                   draw
     00000D85  C$draw.c$29$2_0$142                draw
     00000D87  A$lcc2765225$216                   draw
     00000D88  A$lcc2765225$217                   draw
     00000D89  A$lcc2765225$218                   draw
     00000D8B  A$lcc2765225$220                   draw
     00000D8D  A$lcc2765225$221                   draw
     00000D8E  A$lcc2765225$223                   draw
     00000D8F  A$lcc2765225$224                   draw
     00000D90  A$lcc2765225$225                   draw
     00000D91  A$lcc2765225$226                   draw
     00000D92  A$lcc2765225$227                   draw
     00000D93  A$lcc2765225$228                   draw
     00000D96  A$lcc2765225$229                   draw
     00000D97  A$lcc2765225$230                   draw
     00000D98  A$lcc2765225$231                   draw
     00000D99  A$lcc2765225$233                   draw
     00000D9B  A$lcc2765225$234                   draw
     00000D9C  A$lcc2765225$235                   draw
     00000D9D  A$lcc2765225$236                   draw
     00000D9E  A$lcc2765225$237                   draw
     00000D9F  A$lcc2765225$238                   draw
     00000DA0  A$lcc2765225$242                   draw
     00000DA0  C$draw.c$31$2_0$142                draw
     00000DA3  A$lcc2765225$247                   draw
ASxxxx Linker V03.00/V05.40 + sdld,  page 23.
Hexadecimal  [32-Bits]

Area                                    Addr        Size        Decimal Bytes (Attributes)
--------------------------------        ----        ----        ------- ----- ------------
_CODE                               00000200    00002743 =       10051. bytes (REL,CON)

      Value  Global                              Global Defined In Module
      -----  --------------------------------   ------------------------
     00000DA3  C$draw.c$33$3_0$144                draw
     00000DA5  A$lcc2765225$248                   draw
     00000DA6  A$lcc2765225$249                   draw
     00000DA8  A$lcc2765225$250                   draw
     00000DAA  A$lcc2765225$254                   draw
     00000DAD  A$lcc2765225$255                   draw
     00000DAF  A$lcc2765225$256                   draw
     00000DB0  A$lcc2765225$257                   draw
     00000DB2  A$lcc2765225$258                   draw
     00000DB3  A$lcc2765225$259                   draw
     00000DB4  A$lcc2765225$260                   draw
     00000DB5  A$lcc2765225$261                   draw
     00000DB6  A$lcc2765225$262                   draw
     00000DB7  A$lcc2765225$266                   draw
     00000DB7  C$draw.c$31$2_0$139                draw
     00000DB9  A$lcc2765225$267                   draw
     00000DBA  A$lcc2765225$271                   draw
     00000DBA  C$draw.c$35$5_0$146                draw
     00000DBC  A$lcc2765225$272                   draw
     00000DBE  A$lcc2765225$275                   draw
     00000DBF  A$lcc2765225$276                   draw
     00000DC0  A$lcc2765225$277                   draw
     00000DC1  A$lcc2765225$278                   draw
     00000DC2  A$lcc2765225$279                   draw
     00000DC3  A$lcc2765225$280                   draw
     00000DC6  A$lcc2765225$281                   draw
     00000DC7  A$lcc2765225$282                   draw
     00000DC8  A$lcc2765225$283                   draw
     00000DC9  A$lcc2765225$285                   draw
     00000DCB  A$lcc2765225$286                   draw
     00000DCC  A$lcc2765225$287                   draw
     00000DCD  A$lcc2765225$288                   draw
     00000DCE  A$lcc2765225$290                   draw
     00000DCF  A$lcc2765225$291                   draw
     00000DD0  A$lcc2765225$292                   draw
     00000DD1  A$lcc2765225$293                   draw
     00000DD3  A$lcc2765225$294                   draw
     00000DD4  A$lcc2765225$295                   draw
     00000DD6  A$lcc2765225$297                   draw
     00000DD7  A$lcc2765225$298                   draw
     00000DDA  A$lcc2765225$299                   draw
     00000DDB  A$lcc2765225$300                   draw
     00000DDC  A$lcc2765225$301                   draw
     00000DDD  A$lcc2765225$302                   draw
     00000DDE  A$lcc2765225$303                   draw
     00000DDF  A$lcc2765225$304                   draw
     00000DE0  A$lcc2765225$305                   draw
     00000DE1  A$lcc2765225$307                   draw
     00000DE2  A$lcc2765225$308                   draw
     00000DE3  A$lcc2765225$309                   draw
     00000DE4  A$lcc2765225$310                   draw
ASxxxx Linker V03.00/V05.40 + sdld,  page 24.
Hexadecimal  [32-Bits]

Area                                    Addr        Size        Decimal Bytes (Attributes)
--------------------------------        ----        ----        ------- ----- ------------
_CODE                               00000200    00002743 =       10051. bytes (REL,CON)

      Value  Global                              Global Defined In Module
      -----  --------------------------------   ------------------------
     00000DE6  A$lcc2765225$311                   draw
     00000DE7  A$lcc2765225$312                   draw
     00000DE8  A$lcc2765225$316                   draw
     00000DE8  C$draw.c$38$5_0$146                draw
     00000DEB  A$lcc2765225$320                   draw
     00000DEC  A$lcc2765225$321                   draw
     00000DED  A$lcc2765225$322                   draw
     00000DEE  A$lcc2765225$323                   draw
     00000DEF  A$lcc2765225$324                   draw
     00000DF0  A$lcc2765225$325                   draw
     00000DF3  A$lcc2765225$326                   draw
     00000DF4  A$lcc2765225$327                   draw
     00000DF5  A$lcc2765225$328                   draw
     00000DF6  A$lcc2765225$330                   draw
     00000DF8  A$lcc2765225$331                   draw
     00000DF9  A$lcc2765225$332                   draw
     00000DFA  A$lcc2765225$333                   draw
     00000DFB  A$lcc2765225$334                   draw
     00000DFC  A$lcc2765225$335                   draw
     00000DFD  A$lcc2765225$337                   draw
     00000DFE  A$lcc2765225$338                   draw
     00000E00  A$lcc2765225$339                   draw
     00000E01  A$lcc2765225$340                   draw
     00000E03  A$lcc2765225$342                   draw
     00000E04  A$lcc2765225$343                   draw
     00000E05  A$lcc2765225$344                   draw
     00000E06  A$lcc2765225$345                   draw
     00000E07  A$lcc2765225$346                   draw
     00000E08  A$lcc2765225$347                   draw
     00000E0B  A$lcc2765225$348                   draw
     00000E0C  A$lcc2765225$350                   draw
     00000E0D  A$lcc2765225$351                   draw
     00000E0F  A$lcc2765225$352                   draw
     00000E10  A$lcc2765225$353                   draw
     00000E11  A$lcc2765225$354                   draw
     00000E12  A$lcc2765225$355                   draw
     00000E13  A$lcc2765225$359                   draw
     00000E13  C$draw.c$43$3_0$144                draw
     00000E15  A$lcc2765225$364                   draw
     00000E15  C$draw.c$46$4_0$149                draw
     00000E17  A$lcc2765225$365                   draw
     00000E18  A$lcc2765225$366                   draw
     00000E1A  A$lcc2765225$367                   draw
     00000E1C  A$lcc2765225$369                   draw
     00000E1E  A$lcc2765225$370                   draw
     00000E1F  A$lcc2765225$372                   draw
     00000E20  A$lcc2765225$373                   draw
     00000E21  A$lcc2765225$374                   draw
     00000E22  A$lcc2765225$375                   draw
     00000E23  A$lcc2765225$376                   draw
     00000E24  A$lcc2765225$377                   draw
ASxxxx Linker V03.00/V05.40 + sdld,  page 25.
Hexadecimal  [32-Bits]

Area                                    Addr        Size        Decimal Bytes (Attributes)
--------------------------------        ----        ----        ------- ----- ------------
_CODE                               00000200    00002743 =       10051. bytes (REL,CON)

      Value  Global                              Global Defined In Module
      -----  --------------------------------   ------------------------
     00000E27  A$lcc2765225$378                   draw
     00000E28  A$lcc2765225$379                   draw
     00000E29  A$lcc2765225$380                   draw
     00000E2A  A$lcc2765225$382                   draw
     00000E2C  A$lcc2765225$383                   draw
     00000E2D  A$lcc2765225$384                   draw
     00000E2E  A$lcc2765225$385                   draw
     00000E2F  A$lcc2765225$386                   draw
     00000E30  A$lcc2765225$387                   draw
     00000E31  A$lcc2765225$389                   draw
[...]
     0000C30E  G$CurrentMapData$0_0$0             map_data
     0000C30E  _CurrentMapData                    map_data
     0000C320  G$Map_00$0_0$0                     map_00
     0000C320  _Map_00                            map_00
     0000C328  G$Mg_Leaves$0_0$0                  mg_leaves
     0000C328  _Mg_Leaves                         mg_leaves
ASxxxx Linker V03.00/V05.40 + sdld,  page 129.
Hexadecimal  [32-Bits]

Area                                    Addr        Size        Decimal Bytes (Attributes)
--------------------------------        ----        ----        ------- ----- ------------
_DATA                               0000C0A0    00000296 =         662. bytes (REL,CON)

      Value  Global                              Global Defined In Module
      -----  --------------------------------   ------------------------
     0000C330  Lmain.main$game$1_1$179            main
     0000C334  ___sdcc_heap_free                  malloc

ASxxxx Linker V03.00/V05.40 + sdld,  page 130.
Hexadecimal  [32-Bits]

Area                                    Addr        Size        Decimal Bytes (Attributes)
--------------------------------        ----        ----        ------- ----- ------------
_INITIALIZED                        0000C336    00000216 =         534. bytes (REL,CON)

      Value  Global                              Global Defined In Module
      -----  --------------------------------   ------------------------
     0000C336  G$spr_InventoryArrow_idle$0_0$0    spr_InventoryArrow_idle
     0000C336  _spr_InventoryArrow_idle           spr_InventoryArrow_idle
     0000C346  G$spr_broom_00$0_0$0               broom
     0000C346  _spr_broom_00                      broom
     0000C356  G$spr_broom_01$0_0$0               broom
     0000C356  _spr_broom_01                      broom
     0000C366  G$spr_leaf_00$0_0$0                leaf
     0000C366  _spr_leaf_00                       leaf
     0000C376  G$spr_example_NPC_00$0_0$0         example_npc
     0000C376  _spr_example_NPC_00                example_npc
     0000C386  G$spr_example_NPC_01$0_0$0         example_npc
     0000C386  _spr_example_NPC_01                example_npc
     0000C396  G$spr_example_NPC_10$0_0$0         example_npc
     0000C396  _spr_example_NPC_10                example_npc
     0000C3A6  G$spr_example_NPC_11$0_0$0         example_npc
     0000C3A6  _spr_example_NPC_11                example_npc
     0000C3B6  G$spr_Player_down0_00$0_0$0        spr_Player_down0
     0000C3B6  _spr_Player_down0_00               spr_Player_down0
     0000C3C6  G$spr_Player_down0_10$0_0$0        spr_Player_down0
     0000C3C6  _spr_Player_down0_10               spr_Player_down0
     0000C3D6  G$spr_Player_down0_01$0_0$0        spr_Player_down0
     0000C3D6  _spr_Player_down0_01               spr_Player_down0
     0000C3E6  G$spr_Player_down0_11$0_0$0        spr_Player_down0
     0000C3E6  _spr_Player_down0_11               spr_Player_down0
     0000C3F6  G$spr_Player_down1_00$0_0$0        spr_Player_down1
     0000C3F6  _spr_Player_down1_00               spr_Player_down1
     0000C406  G$spr_Player_down1_10$0_0$0        spr_Player_down1
     0000C406  _spr_Player_down1_10               spr_Player_down1
     0000C416  G$spr_Player_down1_01$0_0$0        spr_Player_down1
     0000C416  _spr_Player_down1_01               spr_Player_down1
     0000C426  G$spr_Player_down1_11$0_0$0        spr_Player_down1
     0000C426  _spr_Player_down1_11               spr_Player_down1
     0000C436  G$spr_Player_down2_00$0_0$0        spr_Player_down2
     0000C436  _spr_Player_down2_00               spr_Player_down2
     0000C446  G$spr_Player_down2_10$0_0$0        spr_Player_down2
     0000C446  _spr_Player_down2_10               spr_Player_down2
     0000C456  G$spr_Player_down2_01$0_0$0        spr_Player_down2
     0000C456  _spr_Player_down2_01               spr_Player_down2
     0000C466  G$spr_Player_down2_11$0_0$0        spr_Player_down2
     0000C466  _spr_Player_down2_11               spr_Player_down2
     0000C476  G$spr_Player_up0_00$0_0$0          spr_Player_up0
     0000C476  _spr_Player_up0_00                 spr_Player_up0
     0000C486  G$spr_Player_up0_10$0_0$0          spr_Player_up0
     0000C486  _spr_Player_up0_10                 spr_Player_up0
     0000C496  G$spr_Player_up0_01$0_0$0          spr_Player_up0
     0000C496  _spr_Player_up0_01                 spr_Player_up0
     0000C4A6  G$spr_Player_up0_11$0_0$0          spr_Player_up0
     0000C4A6  _spr_Player_up0_11                 spr_Player_up0
     0000C4B6  G$spr_Player_up1_00$0_0$0          spr_Player_up1
     0000C4B6  _spr_Player_up1_00                 spr_Player_up1
ASxxxx Linker V03.00/V05.40 + sdld,  page 131.
Hexadecimal  [32-Bits]

Area                                    Addr        Size        Decimal Bytes (Attributes)
--------------------------------        ----        ----        ------- ----- ------------
_INITIALIZED                        0000C336    00000216 =         534. bytes (REL,CON)

      Value  Global                              Global Defined In Module
      -----  --------------------------------   ------------------------
     0000C4C6  G$spr_Player_up1_10$0_0$0          spr_Player_up1
     0000C4C6  _spr_Player_up1_10                 spr_Player_up1
     0000C4D6  G$spr_Player_up1_01$0_0$0          spr_Player_up1
     0000C4D6  _spr_Player_up1_01                 spr_Player_up1
     0000C4E6  G$spr_Player_up1_11$0_0$0          spr_Player_up1
     0000C4E6  _spr_Player_up1_11                 spr_Player_up1
     0000C4F6  G$spr_Player_up2_00$0_0$0          spr_Player_up2
     0000C4F6  _spr_Player_up2_00                 spr_Player_up2
     0000C506  G$spr_Player_up2_10$0_0$0          spr_Player_up2
     0000C506  _spr_Player_up2_10                 spr_Player_up2
     0000C516  G$spr_Player_up2_01$0_0$0          spr_Player_up2
     0000C516  _spr_Player_up2_01                 spr_Player_up2
     0000C526  G$spr_Player_up2_11$0_0$0          spr_Player_up2
     0000C526  _spr_Player_up2_11                 spr_Player_up2
     0000C536  G$current_direction$0_0$0          action
     0000C536  _current_direction                 action
     0000C537  G$can_move$0_0$0                   can_move
     0000C537  _can_move                          can_move
     0000C53B  G$next_entity_id$0_0$0             entity
     0000C53B  _next_entity_id                    entity
     0000C53C  G$extra_actor_index$0_0$0          extra_actors
     0000C53C  _extra_actor_index                 extra_actors
     0000C53D  G$GENDER$0_0$0                     gender_selection
     0000C53D  _GENDER                            gender_selection
     0000C53E  G$keys$0_0$0                       input
     0000C53E  _keys                              input
     0000C53F  G$prev_keys$0_0$0                  input
     0000C53F  _prev_keys                         input
     0000C540  G$inventory_active$0_0$0           inventory
     0000C540  _inventory_active                  inventory
     0000C541  G$vram_next_index$0_0$0            load
     0000C541  _vram_next_index                   load
     0000C542  G$vram_extra_start$0_0$0           load
     0000C542  _vram_extra_start                  load
     0000C543  G$money$0_0$0                      money
     0000C543  _money                             money
     0000C545  G$timer$0_0$0                      main_menu
     0000C545  _timer                             main_menu
     0000C547  G$rate$0_0$0                       main_menu
     0000C547  _rate                              main_menu
     0000C548  G$show_text$0_0$0                  main_menu
     0000C548  _show_text                         main_menu
     0000C549  G$seed$0_0$0                       main_menu
     0000C549  _seed                              main_menu
     0000C54B  __map_tile_offset                  SetTileMap

ASxxxx Linker V03.00/V05.40 + sdld,  page 132.
Hexadecimal  [32-Bits]

Area                                    Addr        Size        Decimal Bytes (Attributes)
--------------------------------        ----        ----        ------- ----- ------------
_HEAP                               0000C54C    000007FF =        2047. bytes (REL,CON)

      Value  Global                              Global Defined In Module
      -----  --------------------------------   ------------------------
     0000C54C  ___sdcc_heap                       

ASxxxx Linker V03.00/V05.40 + sdld,  page 133.
Hexadecimal  [32-Bits]

Area                                    Addr        Size        Decimal Bytes (Attributes)
--------------------------------        ----        ----        ------- ----- ------------
_HEAP_END                           0000CD4B    00000001 =           1. bytes (REL,CON)

      Value  Global                              Global Defined In Module
      -----  --------------------------------   ------------------------
     0000CD4B  ___sdcc_heap_end                   

ASxxxx Linker V03.00/V05.40 + sdld,  page 134.
Hexadecimal  [32-Bits]

Area                                    Addr        Size        Decimal Bytes (Attributes)
--------------------------------        ----        ----        ------- ----- ------------
_HRAM                               0000FF80    00000013 =          19. bytes (REL,CON)

      Value  Global                              Global Defined In Module
      -----  --------------------------------   ------------------------
     0000FF80  .refresh_OAM                       Runtime
     0000FF90  __current_bank                     Runtime
     0000FF91  __vbl_done                         Runtime
     0000FF92  __shadow_OAM_base                  Runtime

ASxxxx Linker V03.00/V05.40 + sdld,  page 135.
Hexadecimal  [32-Bits]

Area                                    Addr        Size        Decimal Bytes (Attributes)
--------------------------------        ----        ----        ------- ----- ------------
_CODE_1                             00014000    00001220 =        4640. bytes (REL,CON)

      Value  Global                              Global Defined In Module
      -----  --------------------------------   ------------------------
     00014000  G$inventory_bkg_tileset$0_0$0      inventory_bkg
     00014000  _inventory_bkg_tileset             inventory_bkg
     00014340  G$inventory_bkg_tilemap$0_0$0      inventory_bkg
     00014340  _inventory_bkg_tilemap             inventory_bkg
     000144A8  G$bkg_main_menu_tileset$0_0$0      bkg_MainMenu
     000144A8  _bkg_main_menu_tileset             bkg_MainMenu
     00014768  G$bkg_main_menu_tilemap$0_0$0      bkg_MainMenu
     00014768  _bkg_main_menu_tilemap             bkg_MainMenu
     000148D0  G$example_tileset$0_0$0            map_example
     000148D0  _example_tileset                   map_example
     00014D80  G$example_tilemap$0_0$0            map_example
     00014D80  _example_tilemap                   map_example
     00014EE8  G$template_tileset$0_0$0           template_tileset
     00014EE8  _template_tileset                  template_tileset
     000150B8  G$template_tilemap$0_0$0           template_tileset
     000150B8  _template_tilemap                  template_tileset

ASxxxx Linker V03.00/V05.40 + sdld,  page 136.

Files Linked                              [ module(s) ]

C:\Program Files\GBDK\lib/gb/crt0.o       [ Runtime ]
C:\Users\Bau_M\AppData\Local\Temp/lcc276520.o
                                          [ chars ]
C:\Users\Bau_M\AppData\Local\Temp/lcc276521.o
                                          [ numbers ]
C:\Users\Bau_M\AppData\Local\Temp/lcc276522.o
                                          [ gender_select_tilemap ]
C:\Users\Bau_M\AppData\Local\Temp/lcc276523.o
                                          [ gender_select_tileset ]
C:\Users\Bau_M\AppData\Local\Temp/lcc276524.o
                                          [ inventory_bkg ]
C:\Users\Bau_M\AppData\Local\Temp/lcc276525.o
                                          [ bkg_MainMenu ]
C:\Users\Bau_M\AppData\Local\Temp/lcc276526.o
                                          [ map_example ]
C:\Users\Bau_M\AppData\Local\Temp/lcc276527.o
                                          [ npc_icons ]
C:\Users\Bau_M\AppData\Local\Temp/lcc276528.o
                                          [ template_tileset ]
C:\Users\Bau_M\AppData\Local\Temp/lcc276529.o
                                          [ spr_InventoryArrow_idle ]
C:\Users\Bau_M\AppData\Local\Temp/lcc2765210.o
                                          [ spr_Branch ]
C:\Users\Bau_M\AppData\Local\Temp/lcc2765211.o
                                          [ broom ]
C:\Users\Bau_M\AppData\Local\Temp/lcc2765212.o
                                          [ leaf ]
C:\Users\Bau_M\AppData\Local\Temp/lcc2765213.o
                                          [ example_npc ]
C:\Users\Bau_M\AppData\Local\Temp/lcc2765214.o
                                          [ spr_Player_down0 ]
C:\Users\Bau_M\AppData\Local\Temp/lcc2765215.o
                                          [ spr_Player_down1 ]
C:\Users\Bau_M\AppData\Local\Temp/lcc2765216.o
                                          [ spr_Player_down2 ]
C:\Users\Bau_M\AppData\Local\Temp/lcc2765217.o
                                          [ spr_Player_up0 ]
C:\Users\Bau_M\AppData\Local\Temp/lcc2765218.o
                                          [ spr_Player_up1 ]
C:\Users\Bau_M\AppData\Local\Temp/lcc2765219.o
                                          [ spr_Player_up2 ]
C:\Users\Bau_M\AppData\Local\Temp/lcc2765220.o
                                          [ action ]
C:\Users\Bau_M\AppData\Local\Temp/lcc2765221.o
                                          [ animation ]
C:\Users\Bau_M\AppData\Local\Temp/lcc2765222.o
                                          [ can_move ]
C:\Users\Bau_M\AppData\Local\Temp/lcc2765223.o
                                          [ char_to_tile ]
C:\Users\Bau_M\AppData\Local\Temp/lcc2765224.o
                                          [ collision ]
C:\Users\Bau_M\AppData\Local\Temp/lcc2765225.o
                                          [ draw ]
C:\Users\Bau_M\AppData\Local\Temp/lcc2765226.o
                                          [ entity ]
C:\Users\Bau_M\AppData\Local\Temp/lcc2765227.o
                                          [ extra_actors ]
C:\Users\Bau_M\AppData\Local\Temp/lcc2765228.o
                                          [ gender_selection ]
C:\Users\Bau_M\AppData\Local\Temp/lcc2765229.o
                                          [ input ]
C:\Users\Bau_M\AppData\Local\Temp/lcc2765230.o
                                          [ inventory ]
C:\Users\Bau_M\AppData\Local\Temp/lcc2765231.o
                                          [ inventory_input ]
C:\Users\Bau_M\AppData\Local\Temp/lcc2765232.o
                                          [ load ]
C:\Users\Bau_M\AppData\Local\Temp/lcc2765233.o
                                          [ map_scenes ]
C:\Users\Bau_M\AppData\Local\Temp/lcc2765234.o
                                          [ money ]
C:\Users\Bau_M\AppData\Local\Temp/lcc2765235.o
                                          [ name ]
C:\Users\Bau_M\AppData\Local\Temp/lcc2765236.o
                                          [ npcs ]
C:\Users\Bau_M\AppData\Local\Temp/lcc2765237.o
                                          [ npc_lines ]
C:\Users\Bau_M\AppData\Local\Temp/lcc2765238.o
                                          [ player ]
C:\Users\Bau_M\AppData\Local\Temp/lcc2765239.o
                                          [ position ]
C:\Users\Bau_M\AppData\Local\Temp/lcc2765240.o
                                          [ render ]
C:\Users\Bau_M\AppData\Local\Temp/lcc2765241.o
                                          [ scene ]
C:\Users\Bau_M\AppData\Local\Temp/lcc2765242.o
                                          [ scene_manager ]
C:\Users\Bau_M\AppData\Local\Temp/lcc2765243.o
                                          [ speed ]
C:\Users\Bau_M\AppData\Local\Temp/lcc2765244.o
                                          [ gender_select ]
C:\Users\Bau_M\AppData\Local\Temp/lcc2765245.o
                                          [ gender_select_init ]
C:\Users\Bau_M\AppData\Local\Temp/lcc2765246.o
                                          [ gender_select_update ]
C:\Users\Bau_M\AppData\Local\Temp/lcc2765247.o
                                          [ inventory_scene ]
C:\Users\Bau_M\AppData\Local\Temp/lcc2765248.o
                                          [ inventory_scene_init ]
C:\Users\Bau_M\AppData\Local\Temp/lcc2765249.o
                                          [ inventory_scene_update ]
C:\Users\Bau_M\AppData\Local\Temp/lcc2765250.o
                                          [ main_menu ]
C:\Users\Bau_M\AppData\Local\Temp/lcc2765251.o
                                          [ main_menu_init ]
C:\Users\Bau_M\AppData\Local\Temp/lcc2765252.o
                                          [ main_menu_init_stats ]
C:\Users\Bau_M\AppData\Local\Temp/lcc2765253.o
                                          [ main_menu_input ]
C:\Users\Bau_M\AppData\Local\Temp/lcc2765254.o
                                          [ main_menu_update ]
C:\Users\Bau_M\AppData\Local\Temp/lcc2765255.o
                                          [ clean_text ]
C:\Users\Bau_M\AppData\Local\Temp/lcc2765256.o
                                          [ map_collision ]
C:\Users\Bau_M\AppData\Local\Temp/lcc2765257.o
                                          [ map_data ]
C:\Users\Bau_M\AppData\Local\Temp/lcc2765258.o
                                          [ map_player_movement ]
C:\Users\Bau_M\AppData\Local\Temp/lcc2765259.o
                                          [ map_00 ]
C:\Users\Bau_M\AppData\Local\Temp/lcc2765260.o
                                          [ map_00_collision ]
C:\Users\Bau_M\AppData\Local\Temp/lcc2765261.o
                                          [ map_00_init ]
C:\Users\Bau_M\AppData\Local\Temp/lcc2765262.o
                                          [ map_00_init_dialogues ]
C:\Users\Bau_M\AppData\Local\Temp/lcc2765263.o
                                          [ map_00_init_npc ]
C:\Users\Bau_M\AppData\Local\Temp/lcc2765264.o
                                          [ map_00_update ]
C:\Users\Bau_M\AppData\Local\Temp/lcc2765265.o
                                          [ mg_player_movement ]
C:\Users\Bau_M\AppData\Local\Temp/lcc2765266.o
                                          [ mini_games ]
C:\Users\Bau_M\AppData\Local\Temp/lcc2765267.o
                                          [ mg_leaves ]
C:\Users\Bau_M\AppData\Local\Temp/lcc2765268.o
                                          [ mg_leaves_init ]
C:\Users\Bau_M\AppData\Local\Temp/lcc2765269.o
                                          [ mg_leaves_player_init ]
C:\Users\Bau_M\AppData\Local\Temp/lcc2765270.o
                                          [ mg_leaves_update ]
C:\Users\Bau_M\AppData\Local\Temp/lcc2765271.o
                                          [ main ]


Libraries Linked                          [ object file ]

C:\Program Files\GBDK\lib/gb/gb.lib       [ sfr.o ]
C:\Program Files\GBDK\lib/sm83/sm83.lib   [ div.o ]
C:\Program Files\GBDK\lib/sm83/sm83.lib   [ free.o ]
C:\Program Files\GBDK\lib/sm83/sm83.lib   [ malloc.o ]
C:\Program Files\GBDK\lib/gb/gb.lib       [ set_data.o ]
C:\Program Files\GBDK\lib/sm83/sm83.lib   [ mul.o ]
C:\Program Files\GBDK\lib/gb/gb.lib       [ pad.o ]
C:\Program Files\GBDK\lib/sm83/sm83.lib   [ memcpy.o ]
C:\Program Files\GBDK\lib/sm83/sm83.lib   [ __sdcc_call_hl.o ]
C:\Program Files\GBDK\lib/gb/gb.lib       [ heap.o ]
C:\Program Files\GBDK\lib/gb/gb.lib       [ set_bk_t.o ]
C:\Program Files\GBDK\lib/gb/gb.lib       [ set_xy_t.o ]

ASxxxx Linker V03.00/V05.40 + sdld,  page 137.

User Base Address Definitions

_DATA=0xC0A0
_CODE=0x0200
_HRAM=0xFF80
ASxxxx Linker V03.00/V05.40 + sdld,  page 138.

User Global Definitions

_shadow_OAM=0xC000
.STACK=0xE000

