ASxxxx Linker V03.00/V05.40 + sdld,  page 1.
Hexadecimal  [32-Bits]

Area                                    Addr        Size        Decimal Bytes (Attributes)
--------------------------------        ----        ----        ------- ----- ------------
.  .ABS.                            00000000    00000000 =           0. bytes (ABS,CON)

      Value  Global                              Global Defined In Module
      -----  --------------------------------   ------------------------
     00000000  .__.ABS.                           SetTileMap
     00000000  _rMBC7_SRAM_ENABLE_1               
     00000000  _rRAMG                             
     00000000  l__BASE                         
     00000000  l__BSS                          
     00000000  l__CABS                         
     00000000  l__CODE_0                       
     00000000  l__DABS                         
     00000000  l__HEADER                       
     00000000  l__LIT                          
     00000000  s__CABS                         
     00000000  s__DABS                         
     00000000  s__HEADER                       
     00000000  s__HEADER0                      
     00000000  s__HEADER1                      
     00000000  s__HEADER10                     
     00000000  s__HEADER11                     
     00000000  s__HEADER2                      
     00000000  s__HEADER3                      
     00000000  s__HEADER4                      
     00000000  s__HEADER5                      
     00000000  s__HEADER6                      
     00000000  s__HEADER7                      
     00000000  s__HEADER8                      
     00000000  s__HEADER9                      
     00000000  s__HEADERa                      
     00000000  s__HEADERb                      
     00000000  s__HEADERc                      
     00000000  s__HEADERd                      
     00000000  s__HEADERe                      
     00000000  s__HEADERf                      
     00000001  l__GSFINAL                      
     00000001  l__HEADER0                      
     00000001  l__HEADER5                      
     00000001  l__HEADERa                      
     00000001  l__HEADERb                      
     00000001  l__HEADERc                      
     00000001  l__HEADERe                      
     00000001  l__HEADERf                      
     00000001  l__HEAP_END                     
     00000002  l__HEADER10                     
     00000002  l__HEADER6                      
     00000002  l__HEADERd                      
     00000003  l__HEADER9                      
     00000005  l__HEADER1                      
     00000006  l__HEADER8                      
     00000007  l__HEADER2                      
     00000008  l__HEADER3                      
     0000000F  l__GSINIT                       
     00000013  l__HRAM                         
ASxxxx Linker V03.00/V05.40 + sdld,  page 2.
Hexadecimal  [32-Bits]

Area                                    Addr        Size        Decimal Bytes (Attributes)
--------------------------------        ----        ----        ------- ----- ------------
.  .ABS.                            00000000    00000000 =           0. bytes (ABS,CON)

      Value  Global                              Global Defined In Module
      -----  --------------------------------   ------------------------
     00000030  l__HEADER7                      
     00000060  l__HEADER4                      
     000000AB  l__HEADER11                     
     0000012C  l__HOME                         
     000001BB  l__DATA                         
     000001E5  l__INITIALIZED                  
     000001E5  l__INITIALIZER                  
     00000200  s__CODE                         
     000007FF  l__HEAP                         
     00000EE8  l__CODE_1                       
     00002000  _rROMB0                            
     000024E6  l__CODE                         
     000026E6  s__HOME                         
     00002812  s__BASE                         
     00002812  s__CODE_0                       
     00002812  s__INITIALIZER                  
     00002812  s__LIT                          
     000029F7  s__GSINIT                       
     00002A06  s__GSFINAL                      
     00003000  _rROMB1                            
     00004000  _rMBC7_SRAM_ENABLE_2               
     00004000  _rRAMB                             
     00008000  __VRAM                             
     00008000  __VRAM8000                         
     00008800  __VRAM8800                         
     00009000  __VRAM9000                         
     00009800  __SCRN0                            
     00009C00  __SCRN1                            
     0000A000  __SRAM                             
     0000A000  _rMBC7_LATCH_1                     
     0000A010  _rMBC7_LATCH_2                     
     0000A020  _rMBC7_ACCEL_X_LO                  
     0000A030  _rMBC7_ACCEL_X_HI                  
     0000A040  _rMBC7_ACCEL_Y_LO                  
     0000A050  _rMBC7_ACCEL_Y_HI                  
     0000C000  __RAM                              
     0000C000  _shadow_OAM                     
     0000C0A0  s__DATA                         
     0000C25B  s__BSS                          
     0000C25B  s__INITIALIZED                  
     0000C440  s__HEAP                         
     0000CC3F  s__HEAP_END                     
     0000D000  __RAMBANK                          
     0000E000  .STACK                          
     0000FE00  __OAMRAM                           
     0000FF00  _P1_REG                            
     0000FF00  __IO                               
     0000FF01  _SB_REG                            
     0000FF02  _SC_REG                            
     0000FF04  _DIV_REG                           
     0000FF05  _TIMA_REG                          
ASxxxx Linker V03.00/V05.40 + sdld,  page 3.
Hexadecimal  [32-Bits]

Area                                    Addr        Size        Decimal Bytes (Attributes)
--------------------------------        ----        ----        ------- ----- ------------
.  .ABS.                            00000000    00000000 =           0. bytes (ABS,CON)

      Value  Global                              Global Defined In Module
      -----  --------------------------------   ------------------------
     0000FF06  _TMA_REG                           
     0000FF07  _TAC_REG                           
     0000FF0F  _IF_REG                            
     0000FF10  _NR10_REG                          
     0000FF11  _NR11_REG                          
     0000FF12  _NR12_REG                          
     0000FF13  _NR13_REG                          
     0000FF14  _NR14_REG                          
     0000FF16  _NR21_REG                          
     0000FF17  _NR22_REG                          
     0000FF18  _NR23_REG                          
     0000FF19  _NR24_REG                          
     0000FF1A  _NR30_REG                          
     0000FF1B  _NR31_REG                          
     0000FF1C  _NR32_REG                          
     0000FF1D  _NR33_REG                          
     0000FF1E  _NR34_REG                          
     0000FF20  _NR41_REG                          
     0000FF21  _NR42_REG                          
     0000FF22  _NR43_REG                          
     0000FF23  _NR44_REG                          
     0000FF24  _NR50_REG                          
     0000FF25  _NR51_REG                          
     0000FF26  _NR52_REG                          
     0000FF30  _AUD3WAVE                          
     0000FF30  _PCM_SAMPLE                        
     0000FF30  __AUD3WAVERAM                      
     0000FF40  _LCDC_REG                          
     0000FF41  _STAT_REG                          
     0000FF42  _SCY_REG                           
     0000FF43  _SCX_REG                           
     0000FF44  _LY_REG                            
     0000FF45  _LYC_REG                           
     0000FF46  _DMA_REG                           
     0000FF47  _BGP_REG                           
     0000FF48  _OBP0_REG                          
     0000FF49  _OBP1_REG                          
     0000FF4A  _WY_REG                            
     0000FF4B  _WX_REG                            
     0000FF4D  _KEY1_REG                          
     0000FF4F  _VBK_REG                           
     0000FF51  _HDMA1_REG                         
     0000FF52  _HDMA2_REG                         
     0000FF53  _HDMA3_REG                         
     0000FF54  _HDMA4_REG                         
     0000FF55  _HDMA5_REG                         
     0000FF56  _RP_REG                            
     0000FF68  _BCPS_REG                          
     0000FF69  _BCPD_REG                          
     0000FF6A  _OCPS_REG                          
     0000FF6B  _OCPD_REG                          
ASxxxx Linker V03.00/V05.40 + sdld,  page 4.
Hexadecimal  [32-Bits]

Area                                    Addr        Size        Decimal Bytes (Attributes)
--------------------------------        ----        ----        ------- ----- ------------
.  .ABS.                            00000000    00000000 =           0. bytes (ABS,CON)

      Value  Global                              Global Defined In Module
      -----  --------------------------------   ------------------------
     0000FF70  _SVBK_REG                          
     0000FF76  _PCM12_REG                         
     0000FF77  _PCM34_REG                         
     0000FF80  __HRAM                             
     0000FF80  s__HRAM                         
     0000FFFF  _IE_REG                            
     00014000  s__CODE_1                       
ASxxxx Linker V03.00/V05.40 + sdld,  page 5.
Hexadecimal  [32-Bits]

Area                                    Addr        Size        Decimal Bytes (Attributes)
--------------------------------        ----        ----        ------- ----- ------------
_CODE                               00000200    000024E6 =        9446. bytes (REL,CON)

      Value  Global                              Global Defined In Module
      -----  --------------------------------   ------------------------
     00000200  G$chars_tileset$0_0$0              chars
     00000200  _chars_tileset                     chars
     000003F0  G$chars_tilemap$0_0$0              chars
     000003F0  _chars_tilemap                     chars
     0000040E  G$numbers_tileset$0_0$0            numbers
     0000040E  _numbers_tileset                   numbers
     000004AE  G$numbers_tilemap$0_0$0            numbers
     000004AE  _numbers_tilemap                   numbers
     000004B8  G$gender_select_tilemap$0_0$0      gender_select_tilemap
     000004B8  _gender_select_tilemap             gender_select_tilemap
     00000620  G$gender_select_tileset$0_0$0      gender_select_tileset
     00000620  _gender_select_tileset             gender_select_tileset
     00000910  G$template_tilemap$0_0$0           template_tilemap
     00000910  _template_tilemap                  template_tilemap
     00000A78  G$template_tileset$0_0$0           template_tileset
     00000A78  _template_tileset                  template_tileset
     00000C48  G$spr_Branch$0_0$0                 spr_Branch
     00000C48  _spr_Branch                        spr_Branch
     00000C58  A$lcc1484018$66                    action
     00000C58  C$action.c$12$0_0$150              action
     00000C58  G$move_up$0$0                      action
     00000C58  _move_up                           action
     00000C5A  A$lcc1484018$67                    action
     00000C5C  A$lcc1484018$68                    action
     00000C5D  A$lcc1484018$72                    action
     00000C5D  C$action.c$14$2_0$151              action
     00000C60  A$lcc1484018$73                    action
     00000C62  A$lcc1484018$77                    action
     00000C62  C$action.c$15$2_0$151              action
     00000C64  A$lcc1484018$81                    action
     00000C64  C$action.c$17$1_0$150              action
     00000C66  A$lcc1484018$82                    action
     00000C67  A$lcc1484018$83                    action
     00000C68  A$lcc1484018$84                    action
     00000C6A  A$lcc1484018$85                    action
     00000C6B  A$lcc1484018$86                    action
     00000C6D  A$lcc1484018$87                    action
     00000C6F  A$lcc1484018$88                    action
     00000C70  A$lcc1484018$89                    action
     00000C73  A$lcc1484018$90                    action
     00000C75  A$lcc1484018$91                    action
     00000C76  A$lcc1484018$92                    action
     00000C77  A$lcc1484018$93                    action
     00000C78  A$lcc1484018$94                    action
     00000C79  A$lcc1484018$95                    action
     00000C7A  A$lcc1484018$96                    action
     00000C7B  A$lcc1484018$97                    action
     00000C7C  A$lcc1484018$98                    action
     00000C7D  A$lcc1484018$99                    action
     00000C7E  A$lcc1484018$100                   action
ASxxxx Linker V03.00/V05.40 + sdld,  page 6.
Hexadecimal  [32-Bits]

Area                                    Addr        Size        Decimal Bytes (Attributes)
--------------------------------        ----        ----        ------- ----- ------------
_CODE                               00000200    000024E6 =        9446. bytes (REL,CON)

      Value  Global                              Global Defined In Module
      -----  --------------------------------   ------------------------
     00000C7F  A$lcc1484018$101                   action
     00000C81  A$lcc1484018$102                   action
     00000C82  A$lcc1484018$103                   action
     00000C84  A$lcc1484018$104                   action
     00000C85  A$lcc1484018$105                   action
     00000C87  A$lcc1484018$106                   action
     00000C88  A$lcc1484018$107                   action
     00000C8A  A$lcc1484018$108                   action
     00000C8B  A$lcc1484018$109                   action
     00000C8D  A$lcc1484018$110                   action
     00000C8E  A$lcc1484018$111                   action
     00000C90  A$lcc1484018$112                   action
     00000C91  A$lcc1484018$113                   action
     00000C92  A$lcc1484018$114                   action
     00000C93  A$lcc1484018$115                   action
     00000C94  A$lcc1484018$116                   action
     00000C95  A$lcc1484018$117                   action
     00000C96  A$lcc1484018$118                   action
     00000C97  A$lcc1484018$119                   action
     00000C98  A$lcc1484018$120                   action
     00000C99  A$lcc1484018$121                   action
     00000C9A  A$lcc1484018$122                   action
     00000C9C  A$lcc1484018$123                   action
     00000C9D  A$lcc1484018$124                   action
     00000C9E  A$lcc1484018$125                   action
     00000C9F  A$lcc1484018$126                   action
     00000CA0  A$lcc1484018$127                   action
     00000CA1  A$lcc1484018$128                   action
     00000CA2  A$lcc1484018$129                   action
     00000CA3  A$lcc1484018$130                   action
     00000CA4  A$lcc1484018$131                   action
     00000CA5  A$lcc1484018$132                   action
     00000CA6  A$lcc1484018$136                   action
     00000CA6  C$action.c$18$1_0$150              action
     00000CA9  A$lcc1484018$137                   action
     00000CAA  A$lcc1484018$138                   action
     00000CAB  A$lcc1484018$139                   action
     00000CAD  A$lcc1484018$140                   action
     00000CAE  A$lcc1484018$141                   action
     00000CAF  A$lcc1484018$142                   action
     00000CB0  A$lcc1484018$143                   action
     00000CB1  A$lcc1484018$144                   action
     00000CB2  A$lcc1484018$149                   action
     00000CB4  A$lcc1484018$154                   action
     00000CB4  C$action.c$19$1_0$150              action
     00000CB4  XG$move_up$0$0                     action
     00000CB5  A$lcc1484018$164                   action
     00000CB5  C$action.c$21$1_0$153              action
     00000CB5  G$move_down$0$0                    action
     00000CB5  _move_down                         action
     00000CB7  A$lcc1484018$165                   action
ASxxxx Linker V03.00/V05.40 + sdld,  page 7.
Hexadecimal  [32-Bits]

Area                                    Addr        Size        Decimal Bytes (Attributes)
--------------------------------        ----        ----        ------- ----- ------------
_CODE                               00000200    000024E6 =        9446. bytes (REL,CON)

      Value  Global                              Global Defined In Module
      -----  --------------------------------   ------------------------
     00000CB9  A$lcc1484018$166                   action
     00000CBA  A$lcc1484018$170                   action
     00000CBA  C$action.c$23$2_0$154              action
     00000CBD  A$lcc1484018$171                   action
     00000CBF  A$lcc1484018$175                   action
     00000CBF  C$action.c$24$2_0$154              action
     00000CC1  A$lcc1484018$179                   action
     00000CC1  C$action.c$26$1_0$153              action
     00000CC3  A$lcc1484018$180                   action
     00000CC4  A$lcc1484018$181                   action
     00000CC5  A$lcc1484018$182                   action
     00000CC7  A$lcc1484018$183                   action
     00000CC8  A$lcc1484018$184                   action
     00000CCA  A$lcc1484018$185                   action
     00000CCC  A$lcc1484018$186                   action
     00000CCD  A$lcc1484018$187                   action
     00000CD0  A$lcc1484018$188                   action
     00000CD2  A$lcc1484018$189                   action
     00000CD3  A$lcc1484018$190                   action
     00000CD4  A$lcc1484018$191                   action
     00000CD5  A$lcc1484018$192                   action
     00000CD6  A$lcc1484018$193                   action
     00000CD7  A$lcc1484018$194                   action
     00000CD8  A$lcc1484018$195                   action
     00000CD9  A$lcc1484018$196                   action
     00000CDB  A$lcc1484018$197                   action
     00000CDC  A$lcc1484018$198                   action
     00000CDD  A$lcc1484018$199                   action
     00000CDF  A$lcc1484018$200                   action
     00000CE0  A$lcc1484018$201                   action
     00000CE1  A$lcc1484018$202                   action
     00000CE2  A$lcc1484018$203                   action
     00000CE3  A$lcc1484018$204                   action
     00000CE4  A$lcc1484018$205                   action
     00000CE5  A$lcc1484018$206                   action
     00000CE6  A$lcc1484018$207                   action
     00000CE7  A$lcc1484018$208                   action
     00000CE8  A$lcc1484018$209                   action
     00000CE9  A$lcc1484018$213                   action
     00000CE9  C$action.c$27$1_0$153              action
     00000CEC  A$lcc1484018$214                   action
     00000CEE  A$lcc1484018$215                   action
     00000CEF  A$lcc1484018$216                   action
     00000CF1  A$lcc1484018$217                   action
     00000CF2  A$lcc1484018$218                   action
     00000CF3  A$lcc1484018$219                   action
     00000CF4  A$lcc1484018$220                   action
     00000CF5  A$lcc1484018$221                   action
     00000CF6  A$lcc1484018$226                   action
     00000CF8  A$lcc1484018$231                   action
     00000CF8  C$action.c$28$1_0$153              action
ASxxxx Linker V03.00/V05.40 + sdld,  page 8.
Hexadecimal  [32-Bits]

Area                                    Addr        Size        Decimal Bytes (Attributes)
--------------------------------        ----        ----        ------- ----- ------------
_CODE                               00000200    000024E6 =        9446. bytes (REL,CON)

      Value  Global                              Global Defined In Module
      -----  --------------------------------   ------------------------
     00000CF8  XG$move_down$0$0                   action
     00000CF9  A$lcc1484018$241                   action
     00000CF9  C$action.c$30$1_0$156              action
     00000CF9  G$move_left$0$0                    action
     00000CF9  _move_left                         action
     00000CFB  A$lcc1484018$242                   action
     00000CFD  A$lcc1484018$243                   action
     00000CFE  A$lcc1484018$247                   action
     00000CFE  C$action.c$32$2_0$157              action
     00000D01  A$lcc1484018$248                   action
     00000D03  A$lcc1484018$252                   action
     00000D03  C$action.c$33$2_0$157              action
     00000D05  A$lcc1484018$256                   action
     00000D05  C$action.c$35$1_0$156              action
     00000D07  A$lcc1484018$257                   action
     00000D08  A$lcc1484018$258                   action
     00000D09  A$lcc1484018$259                   action
     00000D0B  A$lcc1484018$260                   action
     00000D0C  A$lcc1484018$261                   action
     00000D0E  A$lcc1484018$262                   action
     00000D10  A$lcc1484018$263                   action
     00000D11  A$lcc1484018$264                   action
     00000D14  A$lcc1484018$265                   action
     00000D16  A$lcc1484018$266                   action
     00000D17  A$lcc1484018$267                   action
     00000D18  A$lcc1484018$268                   action
     00000D19  A$lcc1484018$269                   action
     00000D1A  A$lcc1484018$270                   action
     00000D1B  A$lcc1484018$271                   action
     00000D1C  A$lcc1484018$272                   action
     00000D1D  A$lcc1484018$273                   action
     00000D1E  A$lcc1484018$274                   action
     00000D1F  A$lcc1484018$275                   action
     00000D20  A$lcc1484018$276                   action
     00000D22  A$lcc1484018$277                   action
     00000D23  A$lcc1484018$278                   action
     00000D25  A$lcc1484018$279                   action
     00000D26  A$lcc1484018$280                   action
     00000D28  A$lcc1484018$281                   action
     00000D29  A$lcc1484018$282                   action
     00000D2B  A$lcc1484018$283                   action
     00000D2C  A$lcc1484018$284                   action
     00000D2E  A$lcc1484018$285                   action
     00000D2F  A$lcc1484018$286                   action
     00000D31  A$lcc1484018$287                   action
     00000D32  A$lcc1484018$288                   action
     00000D33  A$lcc1484018$289                   action
     00000D34  A$lcc1484018$290                   action
     00000D35  A$lcc1484018$291                   action
     00000D36  A$lcc1484018$292                   action
     00000D37  A$lcc1484018$293                   action
ASxxxx Linker V03.00/V05.40 + sdld,  page 9.
Hexadecimal  [32-Bits]

Area                                    Addr        Size        Decimal Bytes (Attributes)
--------------------------------        ----        ----        ------- ----- ------------
_CODE                               00000200    000024E6 =        9446. bytes (REL,CON)

      Value  Global                              Global Defined In Module
      -----  --------------------------------   ------------------------
     00000D38  A$lcc1484018$294                   action
     00000D39  A$lcc1484018$295                   action
     00000D3A  A$lcc1484018$296                   action
     00000D3B  A$lcc1484018$297                   action
     00000D3D  A$lcc1484018$298                   action
     00000D3E  A$lcc1484018$299                   action
     00000D3F  A$lcc1484018$300                   action
     00000D40  A$lcc1484018$301                   action
     00000D41  A$lcc1484018$305                   action
     00000D41  C$action.c$36$1_0$156              action
     00000D42  A$lcc1484018$306                   action
     00000D43  A$lcc1484018$307                   action
     00000D44  A$lcc1484018$308                   action
     00000D45  A$lcc1484018$309                   action
     00000D46  A$lcc1484018$310                   action
     00000D47  A$lcc1484018$311                   action
     00000D48  A$lcc1484018$312                   action
     00000D49  A$lcc1484018$313                   action
     00000D4C  A$lcc1484018$314                   action
     00000D4D  A$lcc1484018$315                   action
     00000D4F  A$lcc1484018$316                   action
     00000D50  A$lcc1484018$317                   action
     00000D51  A$lcc1484018$318                   action
     00000D52  A$lcc1484018$319                   action
     00000D53  A$lcc1484018$320                   action
     00000D54  A$lcc1484018$321                   action
     00000D55  A$lcc1484018$326                   action
     00000D57  A$lcc1484018$331                   action
     00000D57  C$action.c$37$1_0$156              action
     00000D57  XG$move_left$0$0                   action
     00000D58  A$lcc1484018$341                   action
     00000D58  C$action.c$39$1_0$159              action
     00000D58  G$move_right$0$0                   action
     00000D58  _move_right                        action
     00000D5A  A$lcc1484018$342                   action
     00000D5C  A$lcc1484018$343                   action
     00000D5D  A$lcc1484018$347                   action
     00000D5D  C$action.c$41$2_0$160              action
     00000D60  A$lcc1484018$348                   action
     00000D62  A$lcc1484018$352                   action
     00000D62  C$action.c$42$2_0$160              action
     00000D64  A$lcc1484018$356                   action
     00000D64  C$action.c$44$1_0$159              action
     00000D66  A$lcc1484018$357                   action
     00000D67  A$lcc1484018$358                   action
     00000D68  A$lcc1484018$359                   action
     00000D6A  A$lcc1484018$360                   action
     00000D6B  A$lcc1484018$361                   action
     00000D6D  A$lcc1484018$362                   action
     00000D6F  A$lcc1484018$363                   action
     00000D70  A$lcc1484018$364                   action
ASxxxx Linker V03.00/V05.40 + sdld,  page 10.
Hexadecimal  [32-Bits]

Area                                    Addr        Size        Decimal Bytes (Attributes)
--------------------------------        ----        ----        ------- ----- ------------
_CODE                               00000200    000024E6 =        9446. bytes (REL,CON)

      Value  Global                              Global Defined In Module
      -----  --------------------------------   ------------------------
     00000D73  A$lcc1484018$365                   action
     00000D75  A$lcc1484018$366                   action
     00000D76  A$lcc1484018$367                   action
     00000D77  A$lcc1484018$368                   action
     00000D78  A$lcc1484018$369                   action
     00000D79  A$lcc1484018$370                   action
     00000D7A  A$lcc1484018$371                   action
     00000D7B  A$lcc1484018$372                   action
     00000D7C  A$lcc1484018$373                   action
     00000D7E  A$lcc1484018$374                   action
     00000D7F  A$lcc1484018$375                   action
     00000D80  A$lcc1484018$376                   action
     00000D82  A$lcc1484018$377                   action
     00000D83  A$lcc1484018$378                   action
     00000D84  A$lcc1484018$379                   action
     00000D85  A$lcc1484018$380                   action
     00000D86  A$lcc1484018$381                   action
     00000D87  A$lcc1484018$382                   action
     00000D88  A$lcc1484018$383                   action
     00000D89  A$lcc1484018$384                   action
     00000D8A  A$lcc1484018$385                   action
     00000D8B  A$lcc1484018$386                   action
     00000D8C  A$lcc1484018$390                   action
     00000D8C  C$action.c$45$1_0$159              action
     00000D8D  A$lcc1484018$391                   action
     00000D90  A$lcc1484018$392                   action
     00000D92  A$lcc1484018$393                   action
     00000D93  A$lcc1484018$394                   action
     00000D95  A$lcc1484018$395                   action
     00000D96  A$lcc1484018$396                   action
     00000D97  A$lcc1484018$397                   action
     00000D98  A$lcc1484018$398                   action
     00000D99  A$lcc1484018$399                   action
     00000D9A  A$lcc1484018$400                   action
     00000D9B  A$lcc1484018$405                   action
     00000D9D  A$lcc1484018$410                   action
     00000D9D  C$action.c$46$1_0$159              action
     00000D9D  XG$move_right$0$0                  action
     00000D9E  A$lcc1484018$420                   action
     00000D9E  C$action.c$48$1_0$162              action
     00000D9E  G$check_input$0$0                  action
     00000D9E  _check_input                       action
     00000D9F  A$lcc1484018$424                   action
     00000D9F  C$action.c$50$1_0$162              action
     00000DA2  A$lcc1484018$425                   action
     00000DA5  A$lcc1484018$426                   action
     00000DA6  A$lcc1484018$430                   action
     00000DA6  C$action.c$52$2_0$163              action
     00000DA8  A$lcc1484018$431                   action
     00000DAA  A$lcc1484018$432                   action
     00000DAD  A$lcc1484018$433                   action
ASxxxx Linker V03.00/V05.40 + sdld,  page 11.
Hexadecimal  [32-Bits]

Area                                    Addr        Size        Decimal Bytes (Attributes)
--------------------------------        ----        ----        ------- ----- ------------
_CODE                               00000200    000024E6 =        9446. bytes (REL,CON)

      Value  Global                              Global Defined In Module
      -----  --------------------------------   ------------------------
     00000DAF  A$lcc1484018$434                   action
     00000DB1  A$lcc1484018$438                   action
     00000DB1  C$action.c$54$3_0$164              action
     00000DB4  A$lcc1484018$439                   action
     00000DB7  A$lcc1484018$440                   action
     00000DB8  A$lcc1484018$441                   action
     00000DB9  A$lcc1484018$442                   action
     00000DBA  A$lcc1484018$443                   action
     00000DBB  A$lcc1484018$444                   action
     00000DBC  A$lcc1484018$445                   action
     00000DBD  A$lcc1484018$446                   action
     00000DBE  A$lcc1484018$447                   action
     00000DC1  A$lcc1484018$448                   action
     00000DC3  A$lcc1484018$449                   action
     00000DC4  A$lcc1484018$450                   action
     00000DC6  A$lcc1484018$451                   action
     00000DC7  A$lcc1484018$452                   action
     00000DC8  A$lcc1484018$453                   action
     00000DCB  A$lcc1484018$458                   action
     00000DCB  C$action.c$58$2_0$165              action
     00000DCE  A$lcc1484018$459                   action
     00000DCF  A$lcc1484018$460                   action
     00000DD1  A$lcc1484018$464                   action
     00000DD4  A$lcc1484018$468                   action
     00000DD4  C$action.c$60$4_0$167              action
     00000DD6  A$lcc1484018$469                   action
     00000DD8  A$lcc1484018$473                   action
     00000DD8  C$action.c$61$4_0$167              action
     00000DDB  A$lcc1484018$474                   action
     00000DDD  A$lcc1484018$475                   action
     00000DDF  A$lcc1484018$480                   action
     00000DDF  C$action.c$62$5_0$168              action
     00000DE1  A$lcc1484018$481                   action
     00000DE3  A$lcc1484018$485                   action
     00000DE3  C$action.c$63$5_0$168              action
     00000DE6  A$lcc1484018$486                   action
     00000DE8  A$lcc1484018$487                   action
     00000DEA  A$lcc1484018$492                   action
     00000DEA  C$action.c$64$6_0$169              action
     00000DEC  A$lcc1484018$493                   action
     00000DEE  A$lcc1484018$497                   action
     00000DEE  C$action.c$65$6_0$169              action
     00000DF1  A$lcc1484018$498                   action
     00000DF3  A$lcc1484018$499                   action
     00000DF5  A$lcc1484018$504                   action
     00000DF5  C$action.c$66$7_0$170              action
     00000DF6  A$lcc1484018$505                   action
     00000DF8  A$lcc1484018$509                   action
     00000DF8  C$action.c$67$7_0$170              action
     00000DFB  A$lcc1484018$510                   action
     00000DFD  A$lcc1484018$515                   action
ASxxxx Linker V03.00/V05.40 + sdld,  page 12.
Hexadecimal  [32-Bits]

Area                                    Addr        Size        Decimal Bytes (Attributes)
--------------------------------        ----        ----        ------- ----- ------------
_CODE                               00000200    000024E6 =        9446. bytes (REL,CON)

      Value  Global                              Global Defined In Module
      -----  --------------------------------   ------------------------
     00000DFD  C$action.c$71$2_0$171              action
     00000E00  A$lcc1484018$516                   action
     00000E01  A$lcc1484018$517                   action
     00000E03  A$lcc1484018$518                   action
     00000E06  A$lcc1484018$519                   action
     00000E08  A$lcc1484018$520                   action
     00000E0A  A$lcc1484018$521                   action
     00000E0C  A$lcc1484018$522                   action
     00000E0E  A$lcc1484018$523                   action
     00000E10  A$lcc1484018$524                   action
     00000E12  A$lcc1484018$525                   action
     00000E14  A$lcc1484018$533                   action
     00000E14  C$action.c$73$3_0$172              action
     00000E14  C$action.c$74$3_0$172              action
     00000E17  A$lcc1484018$534                   action
     00000E1A  A$lcc1484018$538                   action
     00000E1A  C$action.c$75$3_0$172              action
     00000E1D  A$lcc1484018$539                   action
     00000E1F  A$lcc1484018$540                   action
     00000E20  A$lcc1484018$541                   action
     00000E23  A$lcc1484018$542                   action
     00000E24  A$lcc1484018$543                   action
     00000E26  A$lcc1484018$544                   action
     00000E27  A$lcc1484018$545                   action
     00000E28  A$lcc1484018$546                   action
     00000E29  A$lcc1484018$547                   action
     00000E2A  A$lcc1484018$548                   action
     00000E2B  A$lcc1484018$549                   action
     00000E2C  A$lcc1484018$550                   action
     00000E2D  A$lcc1484018$551                   action
     00000E2E  A$lcc1484018$552                   action
     00000E2F  A$lcc1484018$553                   action
     00000E32  A$lcc1484018$554                   action
     00000E33  A$lcc1484018$555                   action
     00000E34  A$lcc1484018$556                   action
     00000E35  A$lcc1484018$557                   action
     00000E37  A$lcc1484018$558                   action
     00000E38  A$lcc1484018$559                   action
     00000E3B  A$lcc1484018$563                   action
     00000E3B  C$action.c$76$3_0$172              action
     00000E3D  A$lcc1484018$571                   action
     00000E3D  C$action.c$77$3_0$172              action
     00000E3D  C$action.c$78$3_0$172              action
     00000E40  A$lcc1484018$572                   action
     00000E43  A$lcc1484018$576                   action
     00000E43  C$action.c$79$3_0$172              action
     00000E46  A$lcc1484018$577                   action
     00000E48  A$lcc1484018$578                   action
     00000E49  A$lcc1484018$579                   action
     00000E4C  A$lcc1484018$580                   action
     00000E4D  A$lcc1484018$581                   action
ASxxxx Linker V03.00/V05.40 + sdld,  page 13.
Hexadecimal  [32-Bits]

Area                                    Addr        Size        Decimal Bytes (Attributes)
--------------------------------        ----        ----        ------- ----- ------------
_CODE                               00000200    000024E6 =        9446. bytes (REL,CON)

      Value  Global                              Global Defined In Module
      -----  --------------------------------   ------------------------
     00000E4F  A$lcc1484018$582                   action
     00000E50  A$lcc1484018$583                   action
     00000E51  A$lcc1484018$584                   action
     00000E52  A$lcc1484018$585                   action
     00000E53  A$lcc1484018$586                   action
     00000E54  A$lcc1484018$587                   action
     00000E55  A$lcc1484018$588                   action
     00000E56  A$lcc1484018$589                   action
     00000E57  A$lcc1484018$590                   action
     00000E58  A$lcc1484018$591                   action
     00000E5B  A$lcc1484018$592                   action
     00000E5C  A$lcc1484018$593                   action
     00000E5D  A$lcc1484018$594                   action
     00000E5E  A$lcc1484018$595                   action
     00000E60  A$lcc1484018$596                   action
     00000E61  A$lcc1484018$597                   action
     00000E64  A$lcc1484018$601                   action
     00000E64  C$action.c$80$3_0$172              action
     00000E66  A$lcc1484018$609                   action
     00000E66  C$action.c$81$3_0$172              action
     00000E66  C$action.c$82$3_0$172              action
     00000E69  A$lcc1484018$610                   action
     00000E6C  A$lcc1484018$614                   action
     00000E6C  C$action.c$83$3_0$172              action
     00000E6E  A$lcc1484018$622                   action
     00000E6E  C$action.c$84$3_0$172              action
     00000E6E  C$action.c$85$3_0$172              action
     00000E71  A$lcc1484018$623                   action
     00000E74  A$lcc1484018$631                   action
     00000E74  C$action.c$89$2_0$171              action
     00000E74  C$action.c$92$2_0$173              action
     00000E77  A$lcc1484018$632                   action
     00000E78  A$lcc1484018$633                   action
     00000E7A  A$lcc1484018$634                   action
     00000E7D  A$lcc1484018$635                   action
     00000E7F  A$lcc1484018$636                   action
     00000E81  A$lcc1484018$640                   action
     00000E81  C$action.c$94$3_0$174              action
     00000E82  A$lcc1484018$641                   action
     00000E85  A$lcc1484018$645                   action
     00000E85  C$action.c$95$3_0$174              action
     00000E88  A$lcc1484018$646                   action
     00000E8A  A$lcc1484018$647                   action
     00000E8B  A$lcc1484018$648                   action
     00000E8E  A$lcc1484018$649                   action
     00000E8F  A$lcc1484018$650                   action
     00000E91  A$lcc1484018$651                   action
     00000E92  A$lcc1484018$652                   action
     00000E93  A$lcc1484018$653                   action
     00000E94  A$lcc1484018$654                   action
     00000E95  A$lcc1484018$655                   action
ASxxxx Linker V03.00/V05.40 + sdld,  page 14.
Hexadecimal  [32-Bits]

Area                                    Addr        Size        Decimal Bytes (Attributes)
--------------------------------        ----        ----        ------- ----- ------------
_CODE                               00000200    000024E6 =        9446. bytes (REL,CON)

      Value  Global                              Global Defined In Module
      -----  --------------------------------   ------------------------
     00000E96  A$lcc1484018$656                   action
     00000E97  A$lcc1484018$657                   action
     00000E98  A$lcc1484018$658                   action
     00000E99  A$lcc1484018$659                   action
     00000E9A  A$lcc1484018$660                   action
     00000E9D  A$lcc1484018$661                   action
     00000E9E  A$lcc1484018$662                   action
     00000E9F  A$lcc1484018$663                   action
     00000EA0  A$lcc1484018$664                   action
     00000EA2  A$lcc1484018$665                   action
     00000EA3  A$lcc1484018$666                   action
     00000EA6  A$lcc1484018$671                   action
     00000EA6  C$action.c$98$2_0$175              action
     00000EA9  A$lcc1484018$672                   action
     00000EAB  A$lcc1484018$673                   action
     00000EAD  A$lcc1484018$674                   action
     00000EB0  A$lcc1484018$675                   action
     00000EB2  A$lcc1484018$676                   action
     00000EB4  A$lcc1484018$680                   action
     00000EB4  C$action.c$100$3_0$176             action
     00000EB5  A$lcc1484018$681                   action
     00000EB8  A$lcc1484018$685                   action
     00000EB8  C$action.c$101$3_0$176             action
     00000EBB  A$lcc1484018$686                   action
     00000EBD  A$lcc1484018$687                   action
     00000EBE  A$lcc1484018$688                   action
     00000EC1  A$lcc1484018$689                   action
     00000EC2  A$lcc1484018$690                   action
     00000EC4  A$lcc1484018$691                   action
     00000EC5  A$lcc1484018$692                   action
     00000EC6  A$lcc1484018$693                   action
     00000EC7  A$lcc1484018$694                   action
     00000EC8  A$lcc1484018$695                   action
     00000EC9  A$lcc1484018$696                   action
     00000ECA  A$lcc1484018$697                   action
     00000ECB  A$lcc1484018$698                   action
     00000ECC  A$lcc1484018$699                   action
     00000ECD  A$lcc1484018$700                   action
     00000ED0  A$lcc1484018$701                   action
     00000ED1  A$lcc1484018$702                   action
     00000ED2  A$lcc1484018$703                   action
     00000ED3  A$lcc1484018$704                   action
     00000ED5  A$lcc1484018$705                   action
     00000ED6  A$lcc1484018$706                   action
     00000ED9  A$lcc1484018$711                   action
     00000ED9  C$action.c$52$1_0$162              action
     00000EDC  A$lcc1484018$712                   action
     00000EDD  A$lcc1484018$716                   action
     00000EDD  C$action.c$104$2_0$177             action
     00000EE0  A$lcc1484018$717                   action
     00000EE2  A$lcc1484018$718                   action
ASxxxx Linker V03.00/V05.40 + sdld,  page 15.
Hexadecimal  [32-Bits]

Area                                    Addr        Size        Decimal Bytes (Attributes)
--------------------------------        ----        ----        ------- ----- ------------
_CODE                               00000200    000024E6 =        9446. bytes (REL,CON)

      Value  Global                              Global Defined In Module
      -----  --------------------------------   ------------------------
     00000EE4  A$lcc1484018$719                   action
     00000EE6  A$lcc1484018$720                   action
     00000EE8  A$lcc1484018$724                   action
     00000EE8  C$action.c$105$2_0$177             action
     00000EE9  A$lcc1484018$725                   action
     00000EEC  A$lcc1484018$730                   action
     00000EEC  C$action.c$106$2_0$178             action
     00000EEF  A$lcc1484018$731                   action
     00000EF1  A$lcc1484018$732                   action
     00000EF3  A$lcc1484018$733                   action
     00000EF5  A$lcc1484018$734                   action
     00000EF7  A$lcc1484018$738                   action
     00000EF7  C$action.c$107$2_0$178             action
     00000EF8  A$lcc1484018$739                   action
     00000EFB  A$lcc1484018$744                   action
     00000EFB  C$action.c$109$1_0$162             action
     00000EFE  A$lcc1484018$745                   action
     00000F01  A$lcc1484018$749                   action
     00000F02  A$lcc1484018$754                   action
     00000F02  C$action.c$110$1_0$162             action
     00000F02  XG$check_input$0$0                 action
     00000F03  A$lcc1484019$59                    animation
     00000F03  C$animation.c$7$0_0$135            animation
     00000F03  G$init_animation$0$0               animation
     00000F03  _init_animation                    animation
     00000F05  A$lcc1484019$60                    animation
     00000F07  A$lcc1484019$61                    animation
     00000F08  A$lcc1484019$62                    animation
     00000F09  A$lcc1484019$63                    animation
     00000F0A  A$lcc1484019$64                    animation
     00000F0B  A$lcc1484019$65                    animation
     00000F0C  A$lcc1484019$69                    animation
     00000F0C  C$animation.c$12$1_0$135           animation
     00000F0E  A$lcc1484019$70                    animation
     00000F0F  A$lcc1484019$71                    animation
     00000F10  A$lcc1484019$72                    animation
     00000F11  A$lcc1484019$73                    animation
     00000F12  A$lcc1484019$74                    animation
     00000F13  A$lcc1484019$75                    animation
     00000F14  A$lcc1484019$76                    animation
     00000F16  A$lcc1484019$77                    animation
     00000F18  A$lcc1484019$78                    animation
     00000F19  A$lcc1484019$79                    animation
     00000F1A  A$lcc1484019$80                    animation
     00000F1B  A$lcc1484019$81                    animation
     00000F1C  A$lcc1484019$82                    animation
     00000F1D  A$lcc1484019$83                    animation
     00000F1E  A$lcc1484019$87                    animation
     00000F1E  C$animation.c$14$1_0$135           animation
     00000F1F  A$lcc1484019$88                    animation
     00000F20  A$lcc1484019$89                    animation
ASxxxx Linker V03.00/V05.40 + sdld,  page 16.
Hexadecimal  [32-Bits]

Area                                    Addr        Size        Decimal Bytes (Attributes)
--------------------------------        ----        ----        ------- ----- ------------
_CODE                               00000200    000024E6 =        9446. bytes (REL,CON)

      Value  Global                              Global Defined In Module
      -----  --------------------------------   ------------------------
     00000F21  A$lcc1484019$90                    animation
     00000F23  A$lcc1484019$91                    animation
     00000F24  A$lcc1484019$92                    animation
     00000F25  A$lcc1484019$96                    animation
     00000F25  C$animation.c$15$1_0$135           animation
     00000F26  A$lcc1484019$97                    animation
     00000F27  A$lcc1484019$98                    animation
     00000F28  A$lcc1484019$99                    animation
     00000F29  A$lcc1484019$100                   animation
     00000F2A  A$lcc1484019$101                   animation
     00000F2B  A$lcc1484019$102                   animation
     00000F2D  A$lcc1484019$103                   animation
     00000F2E  A$lcc1484019$104                   animation
     00000F2F  A$lcc1484019$105                   animation
     00000F30  A$lcc1484019$109                   animation
     00000F30  C$animation.c$16$1_0$135           animation
     00000F33  A$lcc1484019$110                   animation
     00000F34  A$lcc1484019$111                   animation
     00000F36  A$lcc1484019$115                   animation
     00000F36  C$animation.c$17$1_0$135           animation
     00000F37  A$lcc1484019$116                   animation
     00000F38  A$lcc1484019$117                   animation
     00000F39  A$lcc1484019$118                   animation
     00000F3A  A$lcc1484019$119                   animation
     00000F3C  A$lcc1484019$123                   animation
     00000F3C  C$animation.c$18$1_0$135           animation
     00000F3F  A$lcc1484019$124                   animation
     00000F40  A$lcc1484019$125                   animation
     00000F41  A$lcc1484019$126                   animation
     00000F43  A$lcc1484019$127                   animation
     00000F44  A$lcc1484019$128                   animation
     00000F45  A$lcc1484019$129                   animation
     00000F46  A$lcc1484019$133                   animation
     00000F46  C$animation.c$21$1_0$135           animation
     00000F47  A$lcc1484019$134                   animation
     00000F48  A$lcc1484019$135                   animation
     00000F49  A$lcc1484019$136                   animation
     00000F4A  A$lcc1484019$137                   animation
     00000F4C  A$lcc1484019$138                   animation
     00000F4D  A$lcc1484019$139                   animation
     00000F4E  A$lcc1484019$140                   animation
     00000F4F  A$lcc1484019$141                   animation
     00000F50  A$lcc1484019$142                   animation
     00000F53  A$lcc1484019$143                   animation
     00000F54  A$lcc1484019$144                   animation
     00000F55  A$lcc1484019$145                   animation
     00000F56  A$lcc1484019$146                   animation
     00000F58  A$lcc1484019$147                   animation
     00000F59  A$lcc1484019$148                   animation
     00000F5A  A$lcc1484019$149                   animation
     00000F5B  A$lcc1484019$150                   animation
ASxxxx Linker V03.00/V05.40 + sdld,  page 17.
Hexadecimal  [32-Bits]

Area                                    Addr        Size        Decimal Bytes (Attributes)
--------------------------------        ----        ----        ------- ----- ------------
_CODE                               00000200    000024E6 =        9446. bytes (REL,CON)

      Value  Global                              Global Defined In Module
      -----  --------------------------------   ------------------------
     00000F5D  A$lcc1484019$151                   animation
     00000F5E  A$lcc1484019$152                   animation
     00000F61  A$lcc1484019$153                   animation
     00000F62  A$lcc1484019$154                   animation
     00000F63  A$lcc1484019$155                   animation
     00000F64  A$lcc1484019$156                   animation
     00000F65  A$lcc1484019$160                   animation
     00000F65  C$animation.c$24$2_0$135           animation
     00000F67  A$lcc1484019$162                   animation
     00000F68  A$lcc1484019$163                   animation
     00000F69  A$lcc1484019$164                   animation
     00000F6A  A$lcc1484019$165                   animation
     00000F6B  A$lcc1484019$166                   animation
     00000F6D  A$lcc1484019$167                   animation
     00000F6E  A$lcc1484019$168                   animation
     00000F70  A$lcc1484019$173                   animation
     00000F70  C$animation.c$32$2_0$138           animation
     00000F72  A$lcc1484019$174                   animation
     00000F73  A$lcc1484019$175                   animation
     00000F74  A$lcc1484019$176                   animation
     00000F75  A$lcc1484019$177                   animation
     00000F78  A$lcc1484019$178                   animation
     00000F79  A$lcc1484019$179                   animation
     00000F7A  A$lcc1484019$180                   animation
     00000F7B  A$lcc1484019$181                   animation
     00000F7C  A$lcc1484019$182                   animation
     00000F7D  A$lcc1484019$183                   animation
     00000F7F  A$lcc1484019$187                   animation
     00000F7F  C$animation.c$33$2_0$138           animation
     00000F81  A$lcc1484019$188                   animation
     00000F82  A$lcc1484019$189                   animation
     00000F83  A$lcc1484019$194                   animation
     00000F83  C$animation.c$34$2_0$135           animation
     00000F85  A$lcc1484019$195                   animation
     00000F86  A$lcc1484019$196                   animation
     00000F88  A$lcc1484019$197                   animation
     00000F89  A$lcc1484019$207                   animation
     00000F89  C$animation.c$36$2_0$140           animation
     00000F89  G$update_animation$0$0             animation
     00000F89  _update_animation                  animation
     00000F8A  A$lcc1484019$208                   animation
     00000F8B  A$lcc1484019$209                   animation
     00000F8C  A$lcc1484019$210                   animation
     00000F8D  A$lcc1484019$214                   animation
     00000F8D  C$animation.c$38$1_0$140           animation
     00000F90  A$lcc1484019$215                   animation
     00000F91  A$lcc1484019$216                   animation
     00000F92  A$lcc1484019$217                   animation
     00000F93  A$lcc1484019$218                   animation
     00000F94  A$lcc1484019$219                   animation
     00000F95  A$lcc1484019$220                   animation
ASxxxx Linker V03.00/V05.40 + sdld,  page 18.
Hexadecimal  [32-Bits]

Area                                    Addr        Size        Decimal Bytes (Attributes)
--------------------------------        ----        ----        ------- ----- ------------
_CODE                               00000200    000024E6 =        9446. bytes (REL,CON)

      Value  Global                              Global Defined In Module
      -----  --------------------------------   ------------------------
     00000F96  A$lcc1484019$221                   animation
     00000F97  A$lcc1484019$222                   animation
     00000F98  A$lcc1484019$223                   animation
     00000F9A  A$lcc1484019$224                   animation
     00000F9B  A$lcc1484019$225                   animation
     00000F9C  A$lcc1484019$229                   animation
     00000F9C  C$animation.c$40$1_0$140           animation
     00000F9F  A$lcc1484019$230                   animation
     00000FA0  A$lcc1484019$231                   animation
     00000FA1  A$lcc1484019$232                   animation
     00000FA2  A$lcc1484019$233                   animation
     00000FA3  A$lcc1484019$234                   animation
     00000FA4  A$lcc1484019$235                   animation
     00000FA6  A$lcc1484019$236                   animation
     00000FA7  A$lcc1484019$237                   animation
     00000FA8  A$lcc1484019$241                   animation
     00000FA8  C$animation.c$41$2_0$141           animation
     00000FA9  A$lcc1484019$242                   animation
     00000FAA  A$lcc1484019$243                   animation
     00000FAB  A$lcc1484019$244                   animation
     00000FAC  A$lcc1484019$245                   animation
     00000FAD  A$lcc1484019$246                   animation
     00000FAE  A$lcc1484019$247                   animation
     00000FB0  A$lcc1484019$248                   animation
     00000FB1  A$lcc1484019$249                   animation
     00000FB3  A$lcc1484019$250                   animation
     00000FB4  A$lcc1484019$251                   animation
     00000FB5  A$lcc1484019$252                   animation
     00000FB7  A$lcc1484019$256                   animation
     00000FB7  C$animation.c$43$3_0$142           animation
     00000FB8  A$lcc1484019$257                   animation
     00000FB9  A$lcc1484019$261                   animation
     00000FB9  C$animation.c$44$3_0$142           animation
     00000FBA  A$lcc1484019$262                   animation
     00000FBB  A$lcc1484019$263                   animation
     00000FBC  A$lcc1484019$264                   animation
     00000FBD  A$lcc1484019$265                   animation
     00000FBE  A$lcc1484019$266                   animation
     00000FBF  A$lcc1484019$270                   animation
     00000FBF  C$animation.c$45$4_0$143           animation
     00000FC0  A$lcc1484019$271                   animation
     00000FC1  A$lcc1484019$272                   animation
     00000FC2  A$lcc1484019$273                   animation
     00000FC3  A$lcc1484019$274                   animation
     00000FC4  A$lcc1484019$275                   animation
     00000FC6  A$lcc1484019$279                   animation
     00000FC6  C$animation.c$46$4_0$143           animation
     00000FC8  A$lcc1484019$284                   animation
     00000FC9  A$lcc1484019$285                   animation
     00000FCA  A$lcc1484019$290                   animation
     00000FCA  C$animation.c$48$2_0$140           animation
ASxxxx Linker V03.00/V05.40 + sdld,  page 19.
Hexadecimal  [32-Bits]

Area                                    Addr        Size        Decimal Bytes (Attributes)
--------------------------------        ----        ----        ------- ----- ------------
_CODE                               00000200    000024E6 =        9446. bytes (REL,CON)

      Value  Global                              Global Defined In Module
      -----  --------------------------------   ------------------------
     00000FCA  XG$update_animation$0$0            animation
     00000FCB  A$lcc1484019$300                   animation
     00000FCB  C$animation.c$50$2_0$145           animation
     00000FCB  G$set_animation$0$0                animation
     00000FCB  _set_animation                     animation
     00000FCC  A$lcc1484019$301                   animation
     00000FCD  A$lcc1484019$302                   animation
     00000FCE  A$lcc1484019$306                   animation
     00000FCE  C$animation.c$52$2_0$146           animation
     00000FCF  A$lcc1484019$307                   animation
     00000FD1  A$lcc1484019$308                   animation
     00000FD2  A$lcc1484019$309                   animation
     00000FD3  A$lcc1484019$310                   animation
     00000FD5  A$lcc1484019$311                   animation
     00000FD6  A$lcc1484019$312                   animation
     00000FD7  A$lcc1484019$313                   animation
     00000FD8  A$lcc1484019$314                   animation
     00000FD9  A$lcc1484019$321                   animation
     00000FD9  C$animation.c$53$2_0$146           animation
     00000FD9  C$animation.c$55$1_0$145           animation
     00000FDA  A$lcc1484019$322                   animation
     00000FDB  A$lcc1484019$326                   animation
     00000FDB  C$animation.c$56$1_1$147           animation
     00000FDC  A$lcc1484019$327                   animation
     00000FDD  A$lcc1484019$328                   animation
     00000FDE  A$lcc1484019$329                   animation
     00000FDF  A$lcc1484019$330                   animation
     00000FE1  A$lcc1484019$331                   animation
     00000FE2  A$lcc1484019$335                   animation
     00000FE2  C$animation.c$57$1_1$147           animation
     00000FE3  A$lcc1484019$336                   animation
     00000FE4  A$lcc1484019$337                   animation
     00000FE5  A$lcc1484019$338                   animation
     00000FE6  A$lcc1484019$339                   animation
     00000FE7  A$lcc1484019$340                   animation
     00000FE8  A$lcc1484019$344                   animation
     00000FE8  C$animation.c$58$1_1$147           animation
     00000FEB  A$lcc1484019$345                   animation
     00000FEC  A$lcc1484019$346                   animation
     00000FEE  A$lcc1484019$354                   animation
     00000FEE  C$animation.c$59$1_1$145           animation
     00000FEE  XG$set_animation$0$0               animation
     00000FEF  A$lcc1484021$52                    char_to_tile
     00000FEF  C$char_to_tile.c$3$0_0$3           char_to_tile
     00000FEF  G$char_to_tile$0$0                 char_to_tile
     00000FEF  _char_to_tile                      char_to_tile
     00000FF1  A$lcc1484021$53                    char_to_tile
     00000FF3  A$lcc1484021$54                    char_to_tile
     00000FF4  A$lcc1484021$58                    char_to_tile
     00000FF4  C$char_to_tile.c$4$2_0$3           char_to_tile
     00000FF6  A$lcc1484021$59                    char_to_tile
ASxxxx Linker V03.00/V05.40 + sdld,  page 20.
Hexadecimal  [32-Bits]

Area                                    Addr        Size        Decimal Bytes (Attributes)
--------------------------------        ----        ----        ------- ----- ------------
_CODE                               00000200    000024E6 =        9446. bytes (REL,CON)

      Value  Global                              Global Defined In Module
      -----  --------------------------------   ------------------------
     00000FF8  A$lcc1484021$60                    char_to_tile
     00000FF9  A$lcc1484021$61                    char_to_tile
     00000FFB  A$lcc1484021$62                    char_to_tile
     00000FFC  A$lcc1484021$63                    char_to_tile
     00000FFE  A$lcc1484021$64                    char_to_tile
     00000FFF  A$lcc1484021$65                    char_to_tile
     00001001  A$lcc1484021$66                    char_to_tile
     00001002  A$lcc1484021$67                    char_to_tile
     00001004  A$lcc1484021$68                    char_to_tile
     00001005  A$lcc1484021$69                    char_to_tile
     00001007  A$lcc1484021$70                    char_to_tile
     00001008  A$lcc1484021$71                    char_to_tile
     0000100A  A$lcc1484021$72                    char_to_tile
     0000100B  A$lcc1484021$73                    char_to_tile
     0000100D  A$lcc1484021$74                    char_to_tile
     0000100E  A$lcc1484021$75                    char_to_tile
     00001010  A$lcc1484021$76                    char_to_tile
     00001011  A$lcc1484021$77                    char_to_tile
     00001013  A$lcc1484021$78                    char_to_tile
     00001014  A$lcc1484021$79                    char_to_tile
     00001016  A$lcc1484021$80                    char_to_tile
     00001017  A$lcc1484021$81                    char_to_tile
     00001019  A$lcc1484021$82                    char_to_tile
     0000101A  A$lcc1484021$83                    char_to_tile
     0000101C  A$lcc1484021$84                    char_to_tile
     0000101D  A$lcc1484021$85                    char_to_tile
     0000101F  A$lcc1484021$86                    char_to_tile
     00001020  A$lcc1484021$87                    char_to_tile
     00001022  A$lcc1484021$88                    char_to_tile
     00001023  A$lcc1484021$89                    char_to_tile
     00001025  A$lcc1484021$90                    char_to_tile
     00001026  A$lcc1484021$91                    char_to_tile
     00001028  A$lcc1484021$92                    char_to_tile
     00001029  A$lcc1484021$93                    char_to_tile
     0000102B  A$lcc1484021$94                    char_to_tile
     0000102C  A$lcc1484021$95                    char_to_tile
     0000102E  A$lcc1484021$96                    char_to_tile
     0000102F  A$lcc1484021$97                    char_to_tile
     00001031  A$lcc1484021$98                    char_to_tile
     00001032  A$lcc1484021$99                    char_to_tile
     00001034  A$lcc1484021$100                   char_to_tile
     00001035  A$lcc1484021$101                   char_to_tile
     00001037  A$lcc1484021$102                   char_to_tile
     00001038  A$lcc1484021$103                   char_to_tile
     0000103A  A$lcc1484021$104                   char_to_tile
     0000103B  A$lcc1484021$105                   char_to_tile
     0000103D  A$lcc1484021$106                   char_to_tile
     0000103E  A$lcc1484021$107                   char_to_tile
     00001040  A$lcc1484021$108                   char_to_tile
     00001041  A$lcc1484021$109                   char_to_tile
     00001043  A$lcc1484021$110                   char_to_tile
ASxxxx Linker V03.00/V05.40 + sdld,  page 21.
Hexadecimal  [32-Bits]

Area                                    Addr        Size        Decimal Bytes (Attributes)
--------------------------------        ----        ----        ------- ----- ------------
_CODE                               00000200    000024E6 =        9446. bytes (REL,CON)

      Value  Global                              Global Defined In Module
      -----  --------------------------------   ------------------------
     00001044  A$lcc1484021$111                   char_to_tile
     00001046  A$lcc1484021$112                   char_to_tile
     00001047  A$lcc1484021$113                   char_to_tile
     00001049  A$lcc1484021$114                   char_to_tile
     0000104A  A$lcc1484021$115                   char_to_tile
     0000104C  A$lcc1484021$116                   char_to_tile
     0000104D  A$lcc1484021$117                   char_to_tile
     0000104F  A$lcc1484021$118                   char_to_tile
     00001050  A$lcc1484021$122                   char_to_tile
     00001050  C$char_to_tile.c$5$3_0$4           char_to_tile
     00001051  A$lcc1484021$123                   char_to_tile
     00001052  A$lcc1484021$124                   char_to_tile
     00001053  A$lcc1484021$125                   char_to_tile
     00001054  A$lcc1484021$126                   char_to_tile
     00001057  A$lcc1484021$128                   char_to_tile
     00001058  A$lcc1484021$129                   char_to_tile
     0000105A  A$lcc1484021$130                   char_to_tile
     0000105C  A$lcc1484021$134                   char_to_tile
     0000105C  C$char_to_tile.c$6$4_0$6           char_to_tile
     0000105F  A$lcc1484021$135                   char_to_tile
     00001060  A$lcc1484021$136                   char_to_tile
     00001061  A$lcc1484021$137                   char_to_tile
     00001062  A$lcc1484021$138                   char_to_tile
     00001064  A$lcc1484021$139                   char_to_tile
     00001065  A$lcc1484021$140                   char_to_tile
     00001066  A$lcc1484021$141                   char_to_tile
     00001068  A$lcc1484021$145                   char_to_tile
     00001068  C$char_to_tile.c$7$5_0$7           char_to_tile
     0000106A  A$lcc1484021$146                   char_to_tile
     0000106B  A$lcc1484021$147                   char_to_tile
     0000106D  A$lcc1484021$148                   char_to_tile
     0000106E  A$lcc1484021$149                   char_to_tile
     00001070  A$lcc1484021$154                   char_to_tile
     00001070  C$char_to_tile.c$5$2_0$4           char_to_tile
     00001071  A$lcc1484021$155                   char_to_tile
     00001073  A$lcc1484021$156                   char_to_tile
     00001074  A$lcc1484021$157                   char_to_tile
     00001075  A$lcc1484021$158                   char_to_tile
     00001076  A$lcc1484021$159                   char_to_tile
     00001078  A$lcc1484021$164                   char_to_tile
     00001078  C$char_to_tile.c$11$1_0$3          char_to_tile
     0000107B  A$lcc1484021$169                   char_to_tile
     0000107D  A$lcc1484021$174                   char_to_tile
     0000107D  C$char_to_tile.c$12$1_0$3          char_to_tile
     0000107D  XG$char_to_tile$0$0                char_to_tile
     0000107E  A$lcc1484022$52                    draw
     0000107E  C$draw.c$6$0_0$136                 draw
     0000107E  G$draw_actor$0$0                   draw
     0000107E  _draw_actor                        draw
     00001080  A$lcc1484022$53                    draw
     00001082  A$lcc1484022$54                    draw
ASxxxx Linker V03.00/V05.40 + sdld,  page 22.
Hexadecimal  [32-Bits]

Area                                    Addr        Size        Decimal Bytes (Attributes)
--------------------------------        ----        ----        ------- ----- ------------
_CODE                               00000200    000024E6 =        9446. bytes (REL,CON)

      Value  Global                              Global Defined In Module
      -----  --------------------------------   ------------------------
     00001083  A$lcc1484022$58                    draw
     00001083  C$draw.c$8$1_0$136                 draw
     00001086  A$lcc1484022$59                    draw
     00001087  A$lcc1484022$60                    draw
     00001089  A$lcc1484022$61                    draw
     0000108A  A$lcc1484022$62                    draw
     0000108B  A$lcc1484022$63                    draw
     0000108C  A$lcc1484022$64                    draw
     0000108D  A$lcc1484022$65                    draw
     0000108F  A$lcc1484022$66                    draw
     00001090  A$lcc1484022$70                    draw
     00001090  C$draw.c$9$1_0$136                 draw
     00001093  A$lcc1484022$71                    draw
     00001095  A$lcc1484022$72                    draw
     00001096  A$lcc1484022$73                    draw
     00001098  A$lcc1484022$74                    draw
     00001099  A$lcc1484022$75                    draw
     0000109A  A$lcc1484022$76                    draw
     0000109B  A$lcc1484022$77                    draw
     0000109C  A$lcc1484022$78                    draw
     0000109E  A$lcc1484022$79                    draw
     0000109F  A$lcc1484022$83                    draw
     0000109F  C$draw.c$11$1_0$136                draw
     000010A2  A$lcc1484022$84                    draw
     000010A4  A$lcc1484022$85                    draw
     000010A5  A$lcc1484022$86                    draw
     000010A7  A$lcc1484022$87                    draw
     000010A8  A$lcc1484022$88                    draw
     000010A9  A$lcc1484022$89                    draw
     000010AA  A$lcc1484022$90                    draw
     000010AB  A$lcc1484022$91                    draw
     000010AC  A$lcc1484022$92                    draw
     000010AD  A$lcc1484022$93                    draw
     000010AE  A$lcc1484022$94                    draw
     000010AF  A$lcc1484022$95                    draw
     000010B0  A$lcc1484022$96                    draw
     000010B1  A$lcc1484022$97                    draw
     000010B2  A$lcc1484022$98                    draw
     000010B3  A$lcc1484022$102                   draw
     000010B3  C$draw.c$12$1_0$136                draw
     000010B6  A$lcc1484022$103                   draw
     000010B7  A$lcc1484022$104                   draw
     000010B8  A$lcc1484022$105                   draw
     000010B9  A$lcc1484022$106                   draw
     000010BA  A$lcc1484022$107                   draw
     000010BB  A$lcc1484022$108                   draw
     000010BC  A$lcc1484022$109                   draw
     000010BD  A$lcc1484022$110                   draw
     000010BE  A$lcc1484022$111                   draw
     000010C0  A$lcc1484022$112                   draw
     000010C1  A$lcc1484022$113                   draw
ASxxxx Linker V03.00/V05.40 + sdld,  page 23.
Hexadecimal  [32-Bits]

Area                                    Addr        Size        Decimal Bytes (Attributes)
--------------------------------        ----        ----        ------- ----- ------------
_CODE                               00000200    000024E6 =        9446. bytes (REL,CON)

      Value  Global                              Global Defined In Module
      -----  --------------------------------   ------------------------
     000010C2  A$lcc1484022$117                   draw
     000010C2  C$draw.c$14$1_0$136                draw
     000010C5  A$lcc1484022$118                   draw
     000010C6  A$lcc1484022$119                   draw
     000010C7  A$lcc1484022$120                   draw
     000010C9  A$lcc1484022$121                   draw
     000010CA  A$lcc1484022$125                   draw
     000010CA  C$draw.c$15$1_0$136                draw
     000010CB  A$lcc1484022$126                   draw
     000010CC  A$lcc1484022$127                   draw
     000010CD  A$lcc1484022$128                   draw
     000010CE  A$lcc1484022$129                   draw
     000010CF  A$lcc1484022$130                   draw
     000010D0  A$lcc1484022$131                   draw
     000010D3  A$lcc1484022$132                   draw
     000010D4  A$lcc1484022$133                   draw
     000010D5  A$lcc1484022$134                   draw
     000010D6  A$lcc1484022$135                   draw
     000010D8  A$lcc1484022$139                   draw
     000010D8  C$draw.c$17$1_0$136                draw
     000010D9  A$lcc1484022$140                   draw
     000010DA  A$lcc1484022$141                   draw
     000010DB  A$lcc1484022$142                   draw
     000010DC  A$lcc1484022$143                   draw
     000010DD  A$lcc1484022$147                   draw
     000010DD  C$draw.c$18$1_0$136                draw
     000010DF  A$lcc1484022$148                   draw
     000010E0  A$lcc1484022$149                   draw
     000010E1  A$lcc1484022$150                   draw
     000010E2  A$lcc1484022$151                   draw
     000010E3  A$lcc1484022$152                   draw
     000010E4  A$lcc1484022$153                   draw
     000010E5  A$lcc1484022$154                   draw
     000010E6  A$lcc1484022$155                   draw
     000010E7  A$lcc1484022$156                   draw
     000010E8  A$lcc1484022$157                   draw
     000010E9  A$lcc1484022$158                   draw
     000010EA  A$lcc1484022$159                   draw
     000010EB  A$lcc1484022$160                   draw
     000010EC  A$lcc1484022$161                   draw
     000010ED  A$lcc1484022$165                   draw
     000010ED  C$draw.c$20$2_0$137                draw
     000010EF  A$lcc1484022$166                   draw
     000010F0  A$lcc1484022$173                   draw
     000010F0  C$draw.c$21$2_0$137                draw
     000010F0  C$draw.c$24$2_0$136                draw
     000010F3  A$lcc1484022$174                   draw
     000010F5  A$lcc1484022$176                   draw
     000010F6  A$lcc1484022$177                   draw
     000010F8  A$lcc1484022$178                   draw
     000010F9  A$lcc1484022$179                   draw
ASxxxx Linker V03.00/V05.40 + sdld,  page 24.
Hexadecimal  [32-Bits]

Area                                    Addr        Size        Decimal Bytes (Attributes)
--------------------------------        ----        ----        ------- ----- ------------
_CODE                               00000200    000024E6 =        9446. bytes (REL,CON)

      Value  Global                              Global Defined In Module
      -----  --------------------------------   ------------------------
     000010FB  A$lcc1484022$181                   draw
     000010FC  A$lcc1484022$182                   draw
     000010FD  A$lcc1484022$183                   draw
     000010FE  A$lcc1484022$184                   draw
     000010FF  A$lcc1484022$185                   draw
     00001100  A$lcc1484022$186                   draw
     00001102  A$lcc1484022$187                   draw
     00001105  A$lcc1484022$188                   draw
     00001106  A$lcc1484022$189                   draw
     00001107  A$lcc1484022$190                   draw
     00001108  A$lcc1484022$191                   draw
     00001109  A$lcc1484022$193                   draw
     0000110A  A$lcc1484022$194                   draw
     0000110B  A$lcc1484022$195                   draw
     0000110C  A$lcc1484022$196                   draw
     0000110D  A$lcc1484022$197                   draw
     0000110E  A$lcc1484022$198                   draw
     0000110F  A$lcc1484022$199                   draw
     00001112  A$lcc1484022$200                   draw
     00001113  A$lcc1484022$201                   draw
     00001114  A$lcc1484022$202                   draw
     00001115  A$lcc1484022$203                   draw
     00001116  A$lcc1484022$204                   draw
     00001117  A$lcc1484022$208                   draw
     00001117  C$draw.c$24$2_0$138                draw
     00001118  A$lcc1484022$209                   draw
     0000111A  A$lcc1484022$214                   draw
     0000111A  C$draw.c$28$2_0$139                draw
     0000111C  A$lcc1484022$215                   draw
     0000111D  A$lcc1484022$216                   draw
     0000111E  A$lcc1484022$217                   draw
     00001120  A$lcc1484022$219                   draw
     00001122  A$lcc1484022$220                   draw
     00001123  A$lcc1484022$222                   draw
     00001124  A$lcc1484022$223                   draw
     00001125  A$lcc1484022$224                   draw
     00001126  A$lcc1484022$225                   draw
     00001127  A$lcc1484022$226                   draw
     00001128  A$lcc1484022$227                   draw
     0000112B  A$lcc1484022$228                   draw
     0000112C  A$lcc1484022$229                   draw
     0000112D  A$lcc1484022$230                   draw
     0000112E  A$lcc1484022$232                   draw
     00001130  A$lcc1484022$233                   draw
     00001131  A$lcc1484022$234                   draw
     00001132  A$lcc1484022$235                   draw
     00001133  A$lcc1484022$236                   draw
     00001134  A$lcc1484022$237                   draw
     00001135  A$lcc1484022$241                   draw
     00001135  C$draw.c$30$2_0$139                draw
     00001138  A$lcc1484022$246                   draw
ASxxxx Linker V03.00/V05.40 + sdld,  page 25.
Hexadecimal  [32-Bits]

Area                                    Addr        Size        Decimal Bytes (Attributes)
--------------------------------        ----        ----        ------- ----- ------------
_CODE                               00000200    000024E6 =        9446. bytes (REL,CON)

      Value  Global                              Global Defined In Module
      -----  --------------------------------   ------------------------
     00001138  C$draw.c$32$3_0$141                draw
     0000113A  A$lcc1484022$247                   draw
     0000113B  A$lcc1484022$248                   draw
     0000113D  A$lcc1484022$249                   draw
     0000113F  A$lcc1484022$253                   draw
     00001142  A$lcc1484022$254                   draw
     00001144  A$lcc1484022$255                   draw
     00001145  A$lcc1484022$256                   draw
     00001147  A$lcc1484022$257                   draw
     00001148  A$lcc1484022$258                   draw
     00001149  A$lcc1484022$259                   draw
     0000114A  A$lcc1484022$260                   draw
[...]
--------------------------------        ----        ----        ------- ----- ------------
_DATA                               0000C0A0    000001BB =         443. bytes (REL,CON)

      Value  Global                              Global Defined In Module
      -----  --------------------------------   ------------------------
     0000C0A0  __cpu                              Runtime
     0000C0A1  __is_GBA                           Runtime
     0000C0A2  .mode                              Runtime
     0000C0A3  .sys_time                          Runtime
     0000C0A3  _sys_time                          Runtime
     0000C0A5  .int_0x40                          Runtime
     0000C0B1  G$animation$0_0$0                  animation
     0000C0B1  _animation                         animation
     0000C1A6  G$names$0_0$0                      name
     0000C1A6  _names                             name
     0000C1D8  G$npc_1$0_0$0                      npcs
     0000C1D8  _npc_1                             npcs
     0000C1D9  G$npc_2$0_0$0                      npcs
     0000C1D9  _npc_2                             npcs
     0000C1DA  G$option_actor$0_0$0               npcs
     0000C1DA  _option_actor                      npcs
     0000C1DB  G$humor_stats$0_0$0                npcs
     0000C1DB  _humor_stats                       npcs
     0000C1EA  G$CurrentNPCDialogues$0_0$0        npc_lines
     0000C1EA  _CurrentNPCDialogues               npc_lines
     0000C1EE  G$player$0_0$0                     player
     0000C1EE  _player                            player
     0000C1EF  G$player_animations$0_0$0          player
     0000C1EF  _player_animations                 player
     0000C1F3  G$player_y_cache$0_0$0             player
     0000C1F3  _player_y_cache                    player
     0000C1F4  G$position$0_0$0                   position
     0000C1F4  _position                          position
     0000C212  G$render$0_0$0                     render
     0000C212  _render                            render
     0000C221  G$scene_manager$0_0$0              scene_manager
     0000C221  _scene_manager                     scene_manager
     0000C223  G$GenderSelect$0_0$0               gender_select
     0000C223  _GenderSelect                      gender_select
     0000C22B  G$InventoryScene$0_0$0             inventory_scene
     0000C22B  _InventoryScene                    inventory_scene
     0000C233  G$MainMenu$0_0$0                   main_menu
     0000C233  _MainMenu                          main_menu
     0000C23B  G$CurrentMapData$0_0$0             map_data
     0000C23B  _CurrentMapData                    map_data
     0000C24D  G$Map_00$0_0$0                     map_00
     0000C24D  _Map_00                            map_00
     0000C255  Lmain.main$game$1_1$177            main
     0000C259  ___sdcc_heap_free                  malloc

ASxxxx Linker V03.00/V05.40 + sdld,  page 110.
Hexadecimal  [32-Bits]

Area                                    Addr        Size        Decimal Bytes (Attributes)
--------------------------------        ----        ----        ------- ----- ------------
_INITIALIZED                        0000C25B    000001E5 =         485. bytes (REL,CON)

      Value  Global                              Global Defined In Module
      -----  --------------------------------   ------------------------
     0000C25B  G$spr_InventoryArrow_idle$0_0$0    spr_InventoryArrow_idle
     0000C25B  _spr_InventoryArrow_idle           spr_InventoryArrow_idle
     0000C26B  G$spr_example_NPC_00$0_0$0         example_npc
     0000C26B  _spr_example_NPC_00                example_npc
     0000C27B  G$spr_example_NPC_01$0_0$0         example_npc
     0000C27B  _spr_example_NPC_01                example_npc
     0000C28B  G$spr_example_NPC_10$0_0$0         example_npc
     0000C28B  _spr_example_NPC_10                example_npc
     0000C29B  G$spr_example_NPC_11$0_0$0         example_npc
     0000C29B  _spr_example_NPC_11                example_npc
     0000C2AB  G$spr_Player_down0_00$0_0$0        spr_Player_down0
     0000C2AB  _spr_Player_down0_00               spr_Player_down0
     0000C2BB  G$spr_Player_down0_10$0_0$0        spr_Player_down0
     0000C2BB  _spr_Player_down0_10               spr_Player_down0
     0000C2CB  G$spr_Player_down0_01$0_0$0        spr_Player_down0
     0000C2CB  _spr_Player_down0_01               spr_Player_down0
     0000C2DB  G$spr_Player_down0_11$0_0$0        spr_Player_down0
     0000C2DB  _spr_Player_down0_11               spr_Player_down0
     0000C2EB  G$spr_Player_down1_00$0_0$0        spr_Player_down1
     0000C2EB  _spr_Player_down1_00               spr_Player_down1
     0000C2FB  G$spr_Player_down1_10$0_0$0        spr_Player_down1
     0000C2FB  _spr_Player_down1_10               spr_Player_down1
     0000C30B  G$spr_Player_down1_01$0_0$0        spr_Player_down1
     0000C30B  _spr_Player_down1_01               spr_Player_down1
     0000C31B  G$spr_Player_down1_11$0_0$0        spr_Player_down1
     0000C31B  _spr_Player_down1_11               spr_Player_down1
     0000C32B  G$spr_Player_down2_00$0_0$0        spr_Player_down2
     0000C32B  _spr_Player_down2_00               spr_Player_down2
     0000C33B  G$spr_Player_down2_10$0_0$0        spr_Player_down2
     0000C33B  _spr_Player_down2_10               spr_Player_down2
     0000C34B  G$spr_Player_down2_01$0_0$0        spr_Player_down2
     0000C34B  _spr_Player_down2_01               spr_Player_down2
     0000C35B  G$spr_Player_down2_11$0_0$0        spr_Player_down2
     0000C35B  _spr_Player_down2_11               spr_Player_down2
     0000C36B  G$spr_Player_up0_00$0_0$0          spr_Player_up0
     0000C36B  _spr_Player_up0_00                 spr_Player_up0
     0000C37B  G$spr_Player_up0_10$0_0$0          spr_Player_up0
     0000C37B  _spr_Player_up0_10                 spr_Player_up0
     0000C38B  G$spr_Player_up0_01$0_0$0          spr_Player_up0
     0000C38B  _spr_Player_up0_01                 spr_Player_up0
     0000C39B  G$spr_Player_up0_11$0_0$0          spr_Player_up0
     0000C39B  _spr_Player_up0_11                 spr_Player_up0
     0000C3AB  G$spr_Player_up1_00$0_0$0          spr_Player_up1
     0000C3AB  _spr_Player_up1_00                 spr_Player_up1
     0000C3BB  G$spr_Player_up1_10$0_0$0          spr_Player_up1
     0000C3BB  _spr_Player_up1_10                 spr_Player_up1
     0000C3CB  G$spr_Player_up1_01$0_0$0          spr_Player_up1
     0000C3CB  _spr_Player_up1_01                 spr_Player_up1
     0000C3DB  G$spr_Player_up1_11$0_0$0          spr_Player_up1
     0000C3DB  _spr_Player_up1_11                 spr_Player_up1
ASxxxx Linker V03.00/V05.40 + sdld,  page 111.
Hexadecimal  [32-Bits]

Area                                    Addr        Size        Decimal Bytes (Attributes)
--------------------------------        ----        ----        ------- ----- ------------
_INITIALIZED                        0000C25B    000001E5 =         485. bytes (REL,CON)

      Value  Global                              Global Defined In Module
      -----  --------------------------------   ------------------------
     0000C3EB  G$spr_Player_up2_00$0_0$0          spr_Player_up2
     0000C3EB  _spr_Player_up2_00                 spr_Player_up2
     0000C3FB  G$spr_Player_up2_10$0_0$0          spr_Player_up2
     0000C3FB  _spr_Player_up2_10                 spr_Player_up2
     0000C40B  G$spr_Player_up2_01$0_0$0          spr_Player_up2
     0000C40B  _spr_Player_up2_01                 spr_Player_up2
     0000C41B  G$spr_Player_up2_11$0_0$0          spr_Player_up2
     0000C41B  _spr_Player_up2_11                 spr_Player_up2
     0000C42B  G$MOVE_SPEED$0_0$0                 action
     0000C42B  _MOVE_SPEED                        action
     0000C42C  G$current_direction$0_0$0          action
     0000C42C  _current_direction                 action
     0000C42D  G$can_move$0_0$0                   can_move
     0000C42D  _can_move                          can_move
     0000C431  G$next_entity_id$0_0$0             entity
     0000C431  _next_entity_id                    entity
     0000C432  G$GENDER$0_0$0                     gender_selection
     0000C432  _GENDER                            gender_selection
     0000C433  G$keys$0_0$0                       input
     0000C433  _keys                              input
     0000C434  G$prev_keys$0_0$0                  input
     0000C434  _prev_keys                         input
     0000C435  G$inventory_active$0_0$0           inventory
     0000C435  _inventory_active                  inventory
     0000C436  G$vram_next_index$0_0$0            load
     0000C436  _vram_next_index                   load
     0000C437  G$money$0_0$0                      money
     0000C437  _money                             money
     0000C439  G$timer$0_0$0                      main_menu
     0000C439  _timer                             main_menu
     0000C43B  G$rate$0_0$0                       main_menu
     0000C43B  _rate                              main_menu
     0000C43C  G$show_text$0_0$0                  main_menu
     0000C43C  _show_text                         main_menu
     0000C43D  G$seed$0_0$0                       main_menu
     0000C43D  _seed                              main_menu
     0000C43F  __map_tile_offset                  SetTileMap
ASxxxx Linker V03.00/V05.40 + sdld,  page 112.
Hexadecimal  [32-Bits]

Area                                    Addr        Size        Decimal Bytes (Attributes)
--------------------------------        ----        ----        ------- ----- ------------
_HEAP                               0000C440    000007FF =        2047. bytes (REL,CON)

      Value  Global                              Global Defined In Module
      -----  --------------------------------   ------------------------
     0000C440  ___sdcc_heap                       

ASxxxx Linker V03.00/V05.40 + sdld,  page 113.
Hexadecimal  [32-Bits]

Area                                    Addr        Size        Decimal Bytes (Attributes)
--------------------------------        ----        ----        ------- ----- ------------
_HEAP_END                           0000CC3F    00000001 =           1. bytes (REL,CON)

      Value  Global                              Global Defined In Module
      -----  --------------------------------   ------------------------
     0000CC3F  ___sdcc_heap_end                   

ASxxxx Linker V03.00/V05.40 + sdld,  page 114.
Hexadecimal  [32-Bits]

Area                                    Addr        Size        Decimal Bytes (Attributes)
--------------------------------        ----        ----        ------- ----- ------------
_HRAM                               0000FF80    00000013 =          19. bytes (REL,CON)

      Value  Global                              Global Defined In Module
      -----  --------------------------------   ------------------------
     0000FF80  .refresh_OAM                       Runtime
     0000FF90  __current_bank                     Runtime
     0000FF91  __vbl_done                         Runtime
     0000FF92  __shadow_OAM_base                  Runtime

ASxxxx Linker V03.00/V05.40 + sdld,  page 115.
Hexadecimal  [32-Bits]

Area                                    Addr        Size        Decimal Bytes (Attributes)
--------------------------------        ----        ----        ------- ----- ------------
_CODE_1                             00014000    00000EE8 =        3816. bytes (REL,CON)

      Value  Global                              Global Defined In Module
      -----  --------------------------------   ------------------------
     00014000  G$inventory_bkg_tileset$0_0$0      inventory_bkg
     00014000  _inventory_bkg_tileset             inventory_bkg
     00014340  G$inventory_bkg_tilemap$0_0$0      inventory_bkg
     00014340  _inventory_bkg_tilemap             inventory_bkg
     000144A8  G$bkg_main_menu_tileset$0_0$0      bkg_MainMenu
     000144A8  _bkg_main_menu_tileset             bkg_MainMenu
     00014768  G$bkg_main_menu_tilemap$0_0$0      bkg_MainMenu
     00014768  _bkg_main_menu_tilemap             bkg_MainMenu
     000148D0  G$example_tileset$0_0$0            map_example
     000148D0  _example_tileset                   map_example
     00014D80  G$example_tilemap$0_0$0            map_example
     00014D80  _example_tilemap                   map_example
ASxxxx Linker V03.00/V05.40 + sdld,  page 116.

Files Linked                              [ module(s) ]

C:\Program Files\GBDK\lib/gb/crt0.o       [ Runtime ]
C:\Users\Bau_M\AppData\Local\Temp/lcc148400.o
                                          [ chars ]
C:\Users\Bau_M\AppData\Local\Temp/lcc148401.o
                                          [ numbers ]
C:\Users\Bau_M\AppData\Local\Temp/lcc148402.o
                                          [ gender_select_tilemap ]
C:\Users\Bau_M\AppData\Local\Temp/lcc148403.o
                                          [ gender_select_tileset ]
C:\Users\Bau_M\AppData\Local\Temp/lcc148404.o
                                          [ inventory_bkg ]
C:\Users\Bau_M\AppData\Local\Temp/lcc148405.o
                                          [ bkg_MainMenu ]
C:\Users\Bau_M\AppData\Local\Temp/lcc148406.o
                                          [ map_example ]
C:\Users\Bau_M\AppData\Local\Temp/lcc148407.o
                                          [ template_tilemap ]
C:\Users\Bau_M\AppData\Local\Temp/lcc148408.o
                                          [ template_tileset ]
C:\Users\Bau_M\AppData\Local\Temp/lcc148409.o
                                          [ spr_InventoryArrow_idle ]
C:\Users\Bau_M\AppData\Local\Temp/lcc1484010.o
                                          [ spr_Branch ]
C:\Users\Bau_M\AppData\Local\Temp/lcc1484011.o
                                          [ example_npc ]
C:\Users\Bau_M\AppData\Local\Temp/lcc1484012.o
                                          [ spr_Player_down0 ]
C:\Users\Bau_M\AppData\Local\Temp/lcc1484013.o
                                          [ spr_Player_down1 ]
C:\Users\Bau_M\AppData\Local\Temp/lcc1484014.o
                                          [ spr_Player_down2 ]
C:\Users\Bau_M\AppData\Local\Temp/lcc1484015.o
                                          [ spr_Player_up0 ]
C:\Users\Bau_M\AppData\Local\Temp/lcc1484016.o
                                          [ spr_Player_up1 ]
C:\Users\Bau_M\AppData\Local\Temp/lcc1484017.o
                                          [ spr_Player_up2 ]
C:\Users\Bau_M\AppData\Local\Temp/lcc1484018.o
                                          [ action ]
C:\Users\Bau_M\AppData\Local\Temp/lcc1484019.o
                                          [ animation ]
C:\Users\Bau_M\AppData\Local\Temp/lcc1484020.o
                                          [ can_move ]
C:\Users\Bau_M\AppData\Local\Temp/lcc1484021.o
                                          [ char_to_tile ]
C:\Users\Bau_M\AppData\Local\Temp/lcc1484022.o
                                          [ draw ]
C:\Users\Bau_M\AppData\Local\Temp/lcc1484023.o
                                          [ entity ]
C:\Users\Bau_M\AppData\Local\Temp/lcc1484024.o
                                          [ gender_selection ]
C:\Users\Bau_M\AppData\Local\Temp/lcc1484025.o
                                          [ global_action ]
C:\Users\Bau_M\AppData\Local\Temp/lcc1484026.o
                                          [ input ]
C:\Users\Bau_M\AppData\Local\Temp/lcc1484027.o
                                          [ inventory ]
C:\Users\Bau_M\AppData\Local\Temp/lcc1484028.o
                                          [ inventory_input ]
C:\Users\Bau_M\AppData\Local\Temp/lcc1484029.o
                                          [ load ]
C:\Users\Bau_M\AppData\Local\Temp/lcc1484030.o
                                          [ map_scenes ]
C:\Users\Bau_M\AppData\Local\Temp/lcc1484031.o
                                          [ money ]
C:\Users\Bau_M\AppData\Local\Temp/lcc1484032.o
                                          [ name ]
C:\Users\Bau_M\AppData\Local\Temp/lcc1484033.o
                                          [ npcs ]
C:\Users\Bau_M\AppData\Local\Temp/lcc1484034.o
                                          [ npc_lines ]
C:\Users\Bau_M\AppData\Local\Temp/lcc1484035.o
                                          [ player ]
C:\Users\Bau_M\AppData\Local\Temp/lcc1484036.o
                                          [ position ]
C:\Users\Bau_M\AppData\Local\Temp/lcc1484037.o
                                          [ render ]
C:\Users\Bau_M\AppData\Local\Temp/lcc1484038.o
                                          [ scene ]
C:\Users\Bau_M\AppData\Local\Temp/lcc1484039.o
                                          [ scene_manager ]
C:\Users\Bau_M\AppData\Local\Temp/lcc1484040.o
                                          [ gender_select ]
C:\Users\Bau_M\AppData\Local\Temp/lcc1484041.o
                                          [ gender_select_init ]
C:\Users\Bau_M\AppData\Local\Temp/lcc1484042.o
                                          [ gender_select_update ]
C:\Users\Bau_M\AppData\Local\Temp/lcc1484043.o
                                          [ inventory_scene ]
C:\Users\Bau_M\AppData\Local\Temp/lcc1484044.o
                                          [ inventory_scene_init ]
C:\Users\Bau_M\AppData\Local\Temp/lcc1484045.o
                                          [ inventory_scene_update ]
C:\Users\Bau_M\AppData\Local\Temp/lcc1484046.o
                                          [ main_menu ]
C:\Users\Bau_M\AppData\Local\Temp/lcc1484047.o
                                          [ main_menu_init ]
C:\Users\Bau_M\AppData\Local\Temp/lcc1484048.o
                                          [ main_menu_init_stats ]
C:\Users\Bau_M\AppData\Local\Temp/lcc1484049.o
                                          [ main_menu_input ]
C:\Users\Bau_M\AppData\Local\Temp/lcc1484050.o
                                          [ main_menu_update ]
C:\Users\Bau_M\AppData\Local\Temp/lcc1484051.o
                                          [ clean_text ]
C:\Users\Bau_M\AppData\Local\Temp/lcc1484052.o
                                          [ map_collision ]
C:\Users\Bau_M\AppData\Local\Temp/lcc1484053.o
                                          [ map_data ]
C:\Users\Bau_M\AppData\Local\Temp/lcc1484054.o
                                          [ map_00 ]
C:\Users\Bau_M\AppData\Local\Temp/lcc1484055.o
                                          [ map_00_collision ]
C:\Users\Bau_M\AppData\Local\Temp/lcc1484056.o
                                          [ map_00_init ]
C:\Users\Bau_M\AppData\Local\Temp/lcc1484057.o
                                          [ map_00_init_dialogues ]
C:\Users\Bau_M\AppData\Local\Temp/lcc1484058.o
                                          [ map_00_init_npc ]
C:\Users\Bau_M\AppData\Local\Temp/lcc1484059.o
                                          [ map_00_update ]
C:\Users\Bau_M\AppData\Local\Temp/lcc1484060.o
                                          [ main ]


Libraries Linked                          [ object file ]

C:\Program Files\GBDK\lib/gb/gb.lib       [ sfr.o ]
C:\Program Files\GBDK\lib/sm83/sm83.lib   [ div.o ]
C:\Program Files\GBDK\lib/sm83/sm83.lib   [ free.o ]
C:\Program Files\GBDK\lib/sm83/sm83.lib   [ malloc.o ]
C:\Program Files\GBDK\lib/gb/gb.lib       [ set_data.o ]
C:\Program Files\GBDK\lib/sm83/sm83.lib   [ mul.o ]
C:\Program Files\GBDK\lib/gb/gb.lib       [ pad.o ]
C:\Program Files\GBDK\lib/sm83/sm83.lib   [ __sdcc_call_hl.o ]
C:\Program Files\GBDK\lib/gb/gb.lib       [ heap.o ]
C:\Program Files\GBDK\lib/gb/gb.lib       [ set_bk_t.o ]
C:\Program Files\GBDK\lib/gb/gb.lib       [ set_xy_t.o ]

ASxxxx Linker V03.00/V05.40 + sdld,  page 117.

User Base Address Definitions

_DATA=0xC0A0
_CODE=0x0200
_HRAM=0xFF80
ASxxxx Linker V03.00/V05.40 + sdld,  page 118.

User Global Definitions

_shadow_OAM=0xC000
.STACK=0xE000

