ASxxxx Linker V03.00/V05.40 + sdld,  page 1.
Hexadecimal  [32-Bits]

Area                                    Addr        Size        Decimal Bytes (Attributes)
--------------------------------        ----        ----        ------- ----- ------------
.  .ABS.                            00000000    00000000 =           0. bytes (ABS,CON)

      Value  Global                              Global Defined In Module
      -----  --------------------------------   ------------------------
     00000000  .__.ABS.                           SetTileMap
     00000000  _rMBC7_SRAM_ENABLE_1               
     00000000  _rRAMG                             
     00000000  l__BASE                         
     00000000  l__BSS                          
     00000000  l__CABS                         
     00000000  l__CODE_0                       
     00000000  l__DABS                         
     00000000  l__HEADER                       
     00000000  l__LIT                          
     00000000  s__CABS                         
     00000000  s__DABS                         
     00000000  s__HEADER                       
     00000000  s__HEADER0                      
     00000000  s__HEADER1                      
     00000000  s__HEADER10                     
     00000000  s__HEADER11                     
     00000000  s__HEADER2                      
     00000000  s__HEADER3                      
     00000000  s__HEADER4                      
     00000000  s__HEADER5                      
     00000000  s__HEADER6                      
     00000000  s__HEADER7                      
     00000000  s__HEADER8                      
     00000000  s__HEADER9                      
     00000000  s__HEADERa                      
     00000000  s__HEADERb                      
     00000000  s__HEADERc                      
     00000000  s__HEADERd                      
     00000000  s__HEADERe                      
     00000000  s__HEADERf                      
     00000001  l__GSFINAL                      
     00000001  l__HEADER0                      
     00000001  l__HEADER5                      
     00000001  l__HEADERa                      
     00000001  l__HEADERb                      
     00000001  l__HEADERc                      
     00000001  l__HEADERe                      
     00000001  l__HEADERf                      
     00000001  l__HEAP_END                     
     00000002  l__HEADER10                     
     00000002  l__HEADER6                      
     00000002  l__HEADERd                      
     00000003  l__HEADER9                      
     00000005  l__HEADER1                      
     00000006  l__HEADER8                      
     00000007  l__HEADER2                      
     00000008  l__HEADER3                      
     0000000F  l__GSINIT                       
     00000013  l__HRAM                         
ASxxxx Linker V03.00/V05.40 + sdld,  page 2.
Hexadecimal  [32-Bits]

Area                                    Addr        Size        Decimal Bytes (Attributes)
--------------------------------        ----        ----        ------- ----- ------------
.  .ABS.                            00000000    00000000 =           0. bytes (ABS,CON)

      Value  Global                              Global Defined In Module
      -----  --------------------------------   ------------------------
     00000030  l__HEADER7                      
     00000060  l__HEADER4                      
     000000AB  l__HEADER11                     
     0000012C  l__HOME                         
     00000199  l__INITIALIZED                  
     00000199  l__INITIALIZER                  
     00000200  s__CODE                         
     000007FF  l__HEAP                         
     00001D39  l__DATA                         
     00002000  _rROMB0                            
     000022DC  l__CODE                         
     000024DC  s__HOME                         
     00002608  s__BASE                         
     00002608  s__CODE_0                       
     00002608  s__INITIALIZER                  
     00002608  s__LIT                          
     000027A1  s__GSINIT                       
     000027B0  s__GSFINAL                      
     00003000  _rROMB1                            
     00004000  _rMBC7_SRAM_ENABLE_2               
     00004000  _rRAMB                             
     00008000  __VRAM                             
     00008000  __VRAM8000                         
     00008800  __VRAM8800                         
     00009000  __VRAM9000                         
     00009800  __SCRN0                            
     00009C00  __SCRN1                            
     0000A000  __SRAM                             
     0000A000  _rMBC7_LATCH_1                     
     0000A010  _rMBC7_LATCH_2                     
     0000A020  _rMBC7_ACCEL_X_LO                  
     0000A030  _rMBC7_ACCEL_X_HI                  
     0000A040  _rMBC7_ACCEL_Y_LO                  
     0000A050  _rMBC7_ACCEL_Y_HI                  
     0000C000  __RAM                              
     0000C000  _shadow_OAM                     
     0000C0A0  s__DATA                         
     0000D000  __RAMBANK                          
     0000DDD9  s__BSS                          
     0000DDD9  s__INITIALIZED                  
     0000DF72  s__HEAP                         
     0000E000  .STACK                          
     0000E771  s__HEAP_END                     
     0000FE00  __OAMRAM                           
     0000FF00  _P1_REG                            
     0000FF00  __IO                               
     0000FF01  _SB_REG                            
     0000FF02  _SC_REG                            
     0000FF04  _DIV_REG                           
     0000FF05  _TIMA_REG                          
     0000FF06  _TMA_REG                           
ASxxxx Linker V03.00/V05.40 + sdld,  page 3.
Hexadecimal  [32-Bits]

Area                                    Addr        Size        Decimal Bytes (Attributes)
--------------------------------        ----        ----        ------- ----- ------------
.  .ABS.                            00000000    00000000 =           0. bytes (ABS,CON)

      Value  Global                              Global Defined In Module
      -----  --------------------------------   ------------------------
     0000FF07  _TAC_REG                           
     0000FF0F  _IF_REG                            
     0000FF10  _NR10_REG                          
     0000FF11  _NR11_REG                          
     0000FF12  _NR12_REG                          
     0000FF13  _NR13_REG                          
     0000FF14  _NR14_REG                          
     0000FF16  _NR21_REG                          
     0000FF17  _NR22_REG                          
     0000FF18  _NR23_REG                          
     0000FF19  _NR24_REG                          
     0000FF1A  _NR30_REG                          
     0000FF1B  _NR31_REG                          
     0000FF1C  _NR32_REG                          
     0000FF1D  _NR33_REG                          
     0000FF1E  _NR34_REG                          
     0000FF20  _NR41_REG                          
     0000FF21  _NR42_REG                          
     0000FF22  _NR43_REG                          
     0000FF23  _NR44_REG                          
     0000FF24  _NR50_REG                          
     0000FF25  _NR51_REG                          
     0000FF26  _NR52_REG                          
     0000FF30  _AUD3WAVE                          
     0000FF30  _PCM_SAMPLE                        
     0000FF30  __AUD3WAVERAM                      
     0000FF40  _LCDC_REG                          
     0000FF41  _STAT_REG                          
     0000FF42  _SCY_REG                           
     0000FF43  _SCX_REG                           
     0000FF44  _LY_REG                            
     0000FF45  _LYC_REG                           
     0000FF46  _DMA_REG                           
     0000FF47  _BGP_REG                           
     0000FF48  _OBP0_REG                          
     0000FF49  _OBP1_REG                          
     0000FF4A  _WY_REG                            
     0000FF4B  _WX_REG                            
     0000FF4D  _KEY1_REG                          
     0000FF4F  _VBK_REG                           
     0000FF51  _HDMA1_REG                         
     0000FF52  _HDMA2_REG                         
     0000FF53  _HDMA3_REG                         
     0000FF54  _HDMA4_REG                         
     0000FF55  _HDMA5_REG                         
     0000FF56  _RP_REG                            
     0000FF68  _BCPS_REG                          
     0000FF69  _BCPD_REG                          
     0000FF6A  _OCPS_REG                          
     0000FF6B  _OCPD_REG                          
     0000FF70  _SVBK_REG                          
ASxxxx Linker V03.00/V05.40 + sdld,  page 4.
Hexadecimal  [32-Bits]

Area                                    Addr        Size        Decimal Bytes (Attributes)
--------------------------------        ----        ----        ------- ----- ------------
.  .ABS.                            00000000    00000000 =           0. bytes (ABS,CON)

      Value  Global                              Global Defined In Module
      -----  --------------------------------   ------------------------
     0000FF76  _PCM12_REG                         
     0000FF77  _PCM34_REG                         
     0000FF80  __HRAM                             
     0000FF80  s__HRAM                         
     0000FFFF  _IE_REG                            

ASxxxx Linker V03.00/V05.40 + sdld,  page 5.
Hexadecimal  [32-Bits]

Area                                    Addr        Size        Decimal Bytes (Attributes)
--------------------------------        ----        ----        ------- ----- ------------
_CODE                               00000200    000022DC =        8924. bytes (REL,CON)

      Value  Global                              Global Defined In Module
      -----  --------------------------------   ------------------------
     00000200  G$gender_select_tilemap$0_0$0      gender_select_tilemap
     00000200  _gender_select_tilemap             gender_select_tilemap
     00000368  G$gender_select_tileset$0_0$0      gender_select_tileset
     00000368  _gender_select_tileset             gender_select_tileset
     00000658  G$inventory_bkg_tileset$0_0$0      inventory_bkg
     00000658  _inventory_bkg_tileset             inventory_bkg
     00000978  G$inventory_bkg_tilemap$0_0$0      inventory_bkg
     00000978  _inventory_bkg_tilemap             inventory_bkg
     00000AE0  G$example_tileset$0_0$0            map_example
     00000AE0  _example_tileset                   map_example
     00000F70  G$example_tilemap$0_0$0            map_example
     00000F70  _example_tilemap                   map_example
     000010D8  G$template_tilemap$0_0$0           template_tilemap
     000010D8  _template_tilemap                  template_tilemap
     00001240  G$template_tileset$0_0$0           template_tileset
     00001240  _template_tileset                  template_tileset
     00001410  G$spr_Branch$0_0$0                 spr_Branch
     00001410  _spr_Branch                        spr_Branch
     00001420  A$lcc166014$70                     action
     00001420  C$action.c$12$0_0$149              action
     00001420  G$move_up$0$0                      action
     00001420  _move_up                           action
     00001422  A$lcc166014$71                     action
     00001424  A$lcc166014$72                     action
     00001425  A$lcc166014$73                     action
     00001426  A$lcc166014$77                     action
     00001426  C$action.c$14$1_0$149              action
     00001427  A$lcc166014$78                     action
     00001428  A$lcc166014$79                     action
     00001429  A$lcc166014$80                     action
     0000142A  A$lcc166014$81                     action
     0000142B  A$lcc166014$82                     action
     0000142D  A$lcc166014$83                     action
     0000142E  A$lcc166014$84                     action
     00001431  A$lcc166014$85                     action
     00001432  A$lcc166014$86                     action
     00001433  A$lcc166014$87                     action
     00001434  A$lcc166014$88                     action
     00001435  A$lcc166014$89                     action
     00001438  A$lcc166014$90                     action
     00001439  A$lcc166014$91                     action
     0000143A  A$lcc166014$92                     action
     0000143B  A$lcc166014$93                     action
     0000143C  A$lcc166014$94                     action
     0000143D  A$lcc166014$95                     action
     0000143E  A$lcc166014$96                     action
     0000143F  A$lcc166014$97                     action
     00001440  A$lcc166014$98                     action
     00001441  A$lcc166014$99                     action
     00001443  A$lcc166014$100                    action
ASxxxx Linker V03.00/V05.40 + sdld,  page 6.
Hexadecimal  [32-Bits]

Area                                    Addr        Size        Decimal Bytes (Attributes)
--------------------------------        ----        ----        ------- ----- ------------
_CODE                               00000200    000022DC =        8924. bytes (REL,CON)

      Value  Global                              Global Defined In Module
      -----  --------------------------------   ------------------------
     00001444  A$lcc166014$101                    action
     00001445  A$lcc166014$102                    action
     00001446  A$lcc166014$103                    action
     00001447  A$lcc166014$104                    action
     00001448  A$lcc166014$105                    action
     00001449  A$lcc166014$106                    action
     0000144A  A$lcc166014$107                    action
     0000144B  A$lcc166014$108                    action
     0000144C  A$lcc166014$109                    action
     0000144D  A$lcc166014$113                    action
     0000144D  C$action.c$15$1_0$149              action
     00001450  A$lcc166014$114                    action
     00001452  A$lcc166014$115                    action
     00001453  A$lcc166014$116                    action
     00001454  A$lcc166014$117                    action
     00001455  A$lcc166014$118                    action
     00001456  A$lcc166014$119                    action
     00001457  A$lcc166014$120                    action
     00001458  A$lcc166014$121                    action
     00001459  A$lcc166014$122                    action
     0000145A  A$lcc166014$126                    action
     0000145C  A$lcc166014$131                    action
     0000145C  C$action.c$16$1_0$149              action
     0000145C  XG$move_up$0$0                     action
     0000145D  A$lcc166014$141                    action
     0000145D  C$action.c$18$1_0$151              action
     0000145D  G$move_down$0$0                    action
     0000145D  _move_down                         action
     0000145F  A$lcc166014$142                    action
     00001461  A$lcc166014$143                    action
     00001462  A$lcc166014$144                    action
     00001463  A$lcc166014$148                    action
     00001463  C$action.c$20$1_0$151              action
     00001464  A$lcc166014$149                    action
     00001465  A$lcc166014$150                    action
     00001466  A$lcc166014$151                    action
     00001467  A$lcc166014$152                    action
     00001468  A$lcc166014$153                    action
     0000146A  A$lcc166014$154                    action
     0000146C  A$lcc166014$155                    action
     0000146D  A$lcc166014$156                    action
     0000146E  A$lcc166014$157                    action
     00001470  A$lcc166014$158                    action
     00001471  A$lcc166014$159                    action
     00001474  A$lcc166014$160                    action
     00001476  A$lcc166014$161                    action
     00001477  A$lcc166014$162                    action
     00001478  A$lcc166014$163                    action
     00001479  A$lcc166014$164                    action
     0000147A  A$lcc166014$165                    action
     0000147B  A$lcc166014$166                    action
ASxxxx Linker V03.00/V05.40 + sdld,  page 7.
Hexadecimal  [32-Bits]

Area                                    Addr        Size        Decimal Bytes (Attributes)
--------------------------------        ----        ----        ------- ----- ------------
_CODE                               00000200    000022DC =        8924. bytes (REL,CON)

      Value  Global                              Global Defined In Module
      -----  --------------------------------   ------------------------
     0000147C  A$lcc166014$167                    action
     0000147D  A$lcc166014$168                    action
     0000147F  A$lcc166014$169                    action
     00001480  A$lcc166014$170                    action
     00001481  A$lcc166014$171                    action
     00001483  A$lcc166014$172                    action
     00001484  A$lcc166014$173                    action
     00001485  A$lcc166014$174                    action
     00001486  A$lcc166014$175                    action
     00001487  A$lcc166014$176                    action
     00001488  A$lcc166014$177                    action
     00001489  A$lcc166014$178                    action
     0000148A  A$lcc166014$179                    action
     0000148B  A$lcc166014$180                    action
     0000148C  A$lcc166014$181                    action
     0000148D  A$lcc166014$185                    action
     0000148D  C$action.c$21$1_0$151              action
     00001490  A$lcc166014$186                    action
     00001492  A$lcc166014$187                    action
     00001493  A$lcc166014$188                    action
     00001494  A$lcc166014$189                    action
     00001495  A$lcc166014$190                    action
     00001496  A$lcc166014$191                    action
     00001497  A$lcc166014$192                    action
     00001498  A$lcc166014$193                    action
     00001499  A$lcc166014$194                    action
     0000149A  A$lcc166014$198                    action
     0000149C  A$lcc166014$203                    action
     0000149C  C$action.c$22$1_0$151              action
     0000149C  XG$move_down$0$0                   action
     0000149D  A$lcc166014$213                    action
     0000149D  C$action.c$24$1_0$153              action
     0000149D  G$move_left$0$0                    action
     0000149D  _move_left                         action
     0000149F  A$lcc166014$214                    action
     000014A1  A$lcc166014$215                    action
     000014A2  A$lcc166014$216                    action
     000014A3  A$lcc166014$220                    action
     000014A3  C$action.c$26$1_0$153              action
     000014A4  A$lcc166014$221                    action
     000014A5  A$lcc166014$222                    action
     000014A6  A$lcc166014$223                    action
     000014A7  A$lcc166014$224                    action
     000014A8  A$lcc166014$225                    action
     000014AA  A$lcc166014$226                    action
     000014AB  A$lcc166014$227                    action
     000014AE  A$lcc166014$228                    action
     000014AF  A$lcc166014$229                    action
     000014B0  A$lcc166014$230                    action
     000014B1  A$lcc166014$231                    action
     000014B2  A$lcc166014$232                    action
ASxxxx Linker V03.00/V05.40 + sdld,  page 8.
Hexadecimal  [32-Bits]

Area                                    Addr        Size        Decimal Bytes (Attributes)
--------------------------------        ----        ----        ------- ----- ------------
_CODE                               00000200    000022DC =        8924. bytes (REL,CON)

      Value  Global                              Global Defined In Module
      -----  --------------------------------   ------------------------
     000014B5  A$lcc166014$233                    action
     000014B6  A$lcc166014$234                    action
     000014B7  A$lcc166014$235                    action
     000014B8  A$lcc166014$236                    action
     000014B9  A$lcc166014$237                    action
     000014BA  A$lcc166014$238                    action
     000014BB  A$lcc166014$239                    action
     000014BC  A$lcc166014$240                    action
     000014BD  A$lcc166014$241                    action
     000014BE  A$lcc166014$242                    action
     000014C0  A$lcc166014$243                    action
     000014C1  A$lcc166014$244                    action
     000014C2  A$lcc166014$245                    action
     000014C3  A$lcc166014$246                    action
     000014C4  A$lcc166014$247                    action
     000014C5  A$lcc166014$248                    action
     000014C6  A$lcc166014$249                    action
     000014C7  A$lcc166014$250                    action
     000014C8  A$lcc166014$251                    action
     000014C9  A$lcc166014$252                    action
     000014CA  A$lcc166014$256                    action
     000014CA  C$action.c$27$1_0$153              action
     000014CD  A$lcc166014$257                    action
     000014CF  A$lcc166014$258                    action
     000014D0  A$lcc166014$259                    action
     000014D1  A$lcc166014$260                    action
     000014D2  A$lcc166014$261                    action
     000014D3  A$lcc166014$262                    action
     000014D4  A$lcc166014$263                    action
     000014D5  A$lcc166014$264                    action
     000014D6  A$lcc166014$265                    action
     000014D7  A$lcc166014$269                    action
     000014D9  A$lcc166014$274                    action
     000014D9  C$action.c$28$1_0$153              action
     000014D9  XG$move_left$0$0                   action
     000014DA  A$lcc166014$284                    action
     000014DA  C$action.c$30$1_0$155              action
     000014DA  G$move_right$0$0                   action
     000014DA  _move_right                        action
     000014DC  A$lcc166014$285                    action
     000014DE  A$lcc166014$286                    action
     000014DF  A$lcc166014$287                    action
     000014E0  A$lcc166014$291                    action
     000014E0  C$action.c$32$1_0$155              action
     000014E1  A$lcc166014$292                    action
     000014E2  A$lcc166014$293                    action
     000014E3  A$lcc166014$294                    action
     000014E4  A$lcc166014$295                    action
     000014E5  A$lcc166014$296                    action
     000014E7  A$lcc166014$297                    action
     000014E8  A$lcc166014$298                    action
ASxxxx Linker V03.00/V05.40 + sdld,  page 9.
Hexadecimal  [32-Bits]

Area                                    Addr        Size        Decimal Bytes (Attributes)
--------------------------------        ----        ----        ------- ----- ------------
_CODE                               00000200    000022DC =        8924. bytes (REL,CON)

      Value  Global                              Global Defined In Module
      -----  --------------------------------   ------------------------
     000014EB  A$lcc166014$299                    action
     000014EC  A$lcc166014$300                    action
     000014ED  A$lcc166014$301                    action
     000014EE  A$lcc166014$302                    action
     000014EF  A$lcc166014$303                    action
     000014F2  A$lcc166014$304                    action
     000014F3  A$lcc166014$305                    action
     000014F4  A$lcc166014$306                    action
     000014F5  A$lcc166014$307                    action
     000014F6  A$lcc166014$308                    action
     000014F7  A$lcc166014$309                    action
     000014F8  A$lcc166014$310                    action
     000014F9  A$lcc166014$311                    action
     000014FA  A$lcc166014$312                    action
     000014FC  A$lcc166014$313                    action
     000014FD  A$lcc166014$314                    action
     000014FE  A$lcc166014$315                    action
     000014FF  A$lcc166014$316                    action
     00001500  A$lcc166014$317                    action
     00001501  A$lcc166014$318                    action
     00001502  A$lcc166014$319                    action
     00001503  A$lcc166014$320                    action
     00001504  A$lcc166014$324                    action
     00001504  C$action.c$33$1_0$155              action
     00001507  A$lcc166014$325                    action
     00001509  A$lcc166014$326                    action
     0000150A  A$lcc166014$327                    action
     0000150B  A$lcc166014$328                    action
     0000150C  A$lcc166014$329                    action
     0000150D  A$lcc166014$330                    action
     0000150E  A$lcc166014$331                    action
     0000150F  A$lcc166014$332                    action
     00001510  A$lcc166014$333                    action
     00001511  A$lcc166014$337                    action
     00001513  A$lcc166014$342                    action
     00001513  C$action.c$34$1_0$155              action
     00001513  XG$move_right$0$0                  action
     00001514  A$lcc166014$352                    action
     00001514  C$action.c$36$1_0$157              action
     00001514  G$check_input$0$0                  action
     00001514  _check_input                       action
     00001516  A$lcc166014$356                    action
     00001516  C$action.c$38$1_0$157              action
     00001519  A$lcc166014$357                    action
     0000151B  A$lcc166014$358                    action
     0000151C  A$lcc166014$362                    action
     0000151C  C$action.c$40$2_0$158              action
     0000151D  A$lcc166014$363                    action
     0000151F  A$lcc166014$364                    action
     00001521  A$lcc166014$365                    action
     00001522  A$lcc166014$366                    action
ASxxxx Linker V03.00/V05.40 + sdld,  page 10.
Hexadecimal  [32-Bits]

Area                                    Addr        Size        Decimal Bytes (Attributes)
--------------------------------        ----        ----        ------- ----- ------------
_CODE                               00000200    000022DC =        8924. bytes (REL,CON)

      Value  Global                              Global Defined In Module
      -----  --------------------------------   ------------------------
     00001524  A$lcc166014$367                    action
     00001527  A$lcc166014$368                    action
     00001529  A$lcc166014$369                    action
     0000152B  A$lcc166014$373                    action
     0000152B  C$action.c$42$3_0$159              action
     0000152E  A$lcc166014$374                    action
     0000152F  A$lcc166014$375                    action
     00001532  A$lcc166014$376                    action
     00001533  A$lcc166014$377                    action
     00001534  A$lcc166014$378                    action
     00001535  A$lcc166014$379                    action
     00001536  A$lcc166014$380                    action
     00001537  A$lcc166014$381                    action
     00001538  A$lcc166014$382                    action
     0000153B  A$lcc166014$383                    action
     0000153E  A$lcc166014$384                    action
     0000153F  A$lcc166014$385                    action
     00001540  A$lcc166014$386                    action
     00001542  A$lcc166014$387                    action
     00001543  A$lcc166014$388                    action
     00001544  A$lcc166014$389                    action
     00001547  A$lcc166014$394                    action
     00001547  C$action.c$48$1_0$157              action
     00001549  A$lcc166014$395                    action
     0000154A  A$lcc166014$396                    action
     0000154C  A$lcc166014$397                    action
     0000154D  A$lcc166014$401                    action
     0000154D  C$action.c$50$1_0$157              action
     0000154E  A$lcc166014$402                    action
     0000154F  A$lcc166014$403                    action
     00001550  A$lcc166014$404                    action
     00001551  A$lcc166014$405                    action
     00001553  A$lcc166014$406                    action
     00001555  A$lcc166014$407                    action
     00001556  A$lcc166014$408                    action
     00001558  A$lcc166014$412                    action
     00001558  C$action.c$52$1_0$157              action
     0000155A  A$lcc166014$413                    action
     0000155B  A$lcc166014$414                    action
     0000155D  A$lcc166014$415                    action
     0000155F  A$lcc166014$416                    action
     00001560  A$lcc166014$417                    action
     00001562  A$lcc166014$421                    action
     00001562  C$action.c$54$1_0$157              action
     00001564  A$lcc166014$422                    action
     00001565  A$lcc166014$423                    action
     00001567  A$lcc166014$424                    action
     00001569  A$lcc166014$425                    action
     0000156A  A$lcc166014$426                    action
     0000156C  A$lcc166014$430                    action
     0000156C  C$action.c$46$2_0$160              action
ASxxxx Linker V03.00/V05.40 + sdld,  page 11.
Hexadecimal  [32-Bits]

Area                                    Addr        Size        Decimal Bytes (Attributes)
--------------------------------        ----        ----        ------- ----- ------------
_CODE                               00000200    000022DC =        8924. bytes (REL,CON)

      Value  Global                              Global Defined In Module
      -----  --------------------------------   ------------------------
     0000156F  A$lcc166014$434                    action
     0000156F  C$action.c$48$4_0$162              action
     00001570  A$lcc166014$435                    action
     00001572  A$lcc166014$436                    action
     00001574  A$lcc166014$437                    action
     00001575  A$lcc166014$438                    action
     00001577  A$lcc166014$442                    action
     00001577  C$action.c$49$4_0$162              action
     0000157A  A$lcc166014$443                    action
     0000157C  A$lcc166014$444                    action
     0000157E  A$lcc166014$449                    action
     0000157E  C$action.c$50$5_0$163              action
     0000157F  A$lcc166014$450                    action
     00001581  A$lcc166014$451                    action
     00001582  A$lcc166014$452                    action
     00001584  A$lcc166014$456                    action
     00001584  C$action.c$51$5_0$163              action
     00001587  A$lcc166014$457                    action
     00001589  A$lcc166014$458                    action
     0000158B  A$lcc166014$463                    action
     0000158B  C$action.c$52$6_0$164              action
     0000158C  A$lcc166014$464                    action
     0000158E  A$lcc166014$465                    action
     0000158F  A$lcc166014$466                    action
     00001591  A$lcc166014$470                    action
     00001591  C$action.c$53$6_0$164              action
     00001594  A$lcc166014$471                    action
     00001596  A$lcc166014$472                    action
     00001598  A$lcc166014$477                    action
     00001598  C$action.c$54$7_0$165              action
     00001599  A$lcc166014$478                    action
     0000159B  A$lcc166014$479                    action
     0000159C  A$lcc166014$480                    action
     0000159E  A$lcc166014$484                    action
     0000159E  C$action.c$55$7_0$165              action
     000015A1  A$lcc166014$485                    action
     000015A3  A$lcc166014$490                    action
     000015A3  C$action.c$59$2_0$166              action
     000015A6  A$lcc166014$491                    action
     000015A7  A$lcc166014$492                    action
     000015A9  A$lcc166014$493                    action
     000015AC  A$lcc166014$494                    action
     000015AE  A$lcc166014$495                    action
     000015B0  A$lcc166014$496                    action
     000015B2  A$lcc166014$497                    action
     000015B4  A$lcc166014$498                    action
     000015B6  A$lcc166014$499                    action
     000015B8  A$lcc166014$500                    action
     000015BB  A$lcc166014$508                    action
     000015BB  C$action.c$61$3_0$167              action
     000015BB  C$action.c$62$3_0$167              action
ASxxxx Linker V03.00/V05.40 + sdld,  page 12.
Hexadecimal  [32-Bits]

Area                                    Addr        Size        Decimal Bytes (Attributes)
--------------------------------        ----        ----        ------- ----- ------------
_CODE                               00000200    000022DC =        8924. bytes (REL,CON)

      Value  Global                              Global Defined In Module
      -----  --------------------------------   ------------------------
     000015BE  A$lcc166014$509                    action
     000015BF  A$lcc166014$510                    action
     000015C2  A$lcc166014$511                    action
     000015C3  A$lcc166014$512                    action
     000015C6  A$lcc166014$516                    action
     000015C6  C$action.c$63$3_0$167              action
     000015C9  A$lcc166014$517                    action
     000015CB  A$lcc166014$518                    action
     000015CC  A$lcc166014$519                    action
     000015CF  A$lcc166014$520                    action
     000015D0  A$lcc166014$521                    action
     000015D1  A$lcc166014$522                    action
     000015D2  A$lcc166014$523                    action
     000015D3  A$lcc166014$524                    action
     000015D4  A$lcc166014$525                    action
     000015D5  A$lcc166014$526                    action
     000015D6  A$lcc166014$527                    action
     000015D7  A$lcc166014$528                    action
     000015D8  A$lcc166014$529                    action
     000015D9  A$lcc166014$530                    action
     000015DA  A$lcc166014$531                    action
     000015DB  A$lcc166014$532                    action
     000015DE  A$lcc166014$533                    action
     000015DF  A$lcc166014$534                    action
     000015E0  A$lcc166014$535                    action
     000015E1  A$lcc166014$536                    action
     000015E3  A$lcc166014$537                    action
     000015E4  A$lcc166014$538                    action
     000015E7  A$lcc166014$542                    action
     000015E7  C$action.c$64$3_0$167              action
     000015E9  A$lcc166014$550                    action
     000015E9  C$action.c$65$3_0$167              action
     000015E9  C$action.c$66$3_0$167              action
     000015EC  A$lcc166014$551                    action
     000015ED  A$lcc166014$552                    action
     000015F0  A$lcc166014$553                    action
     000015F1  A$lcc166014$554                    action
     000015F4  A$lcc166014$558                    action
     000015F4  C$action.c$67$3_0$167              action
     000015F7  A$lcc166014$559                    action
     000015F9  A$lcc166014$560                    action
     000015FA  A$lcc166014$561                    action
     000015FD  A$lcc166014$562                    action
     000015FE  A$lcc166014$563                    action
     000015FF  A$lcc166014$564                    action
     00001600  A$lcc166014$565                    action
     00001601  A$lcc166014$566                    action
     00001602  A$lcc166014$567                    action
     00001603  A$lcc166014$568                    action
     00001604  A$lcc166014$569                    action
     00001605  A$lcc166014$570                    action
ASxxxx Linker V03.00/V05.40 + sdld,  page 13.
Hexadecimal  [32-Bits]

Area                                    Addr        Size        Decimal Bytes (Attributes)
--------------------------------        ----        ----        ------- ----- ------------
_CODE                               00000200    000022DC =        8924. bytes (REL,CON)

      Value  Global                              Global Defined In Module
      -----  --------------------------------   ------------------------
     00001606  A$lcc166014$571                    action
     00001607  A$lcc166014$572                    action
     00001608  A$lcc166014$573                    action
     00001609  A$lcc166014$574                    action
     0000160A  A$lcc166014$575                    action
     0000160B  A$lcc166014$576                    action
     0000160C  A$lcc166014$577                    action
     0000160D  A$lcc166014$578                    action
     0000160E  A$lcc166014$579                    action
     00001611  A$lcc166014$580                    action
     00001612  A$lcc166014$581                    action
     00001613  A$lcc166014$582                    action
     00001614  A$lcc166014$583                    action
     00001616  A$lcc166014$584                    action
     00001617  A$lcc166014$585                    action
     00001618  A$lcc166014$586                    action
     00001619  A$lcc166014$587                    action
     0000161B  A$lcc166014$588                    action
     0000161C  A$lcc166014$589                    action
     0000161D  A$lcc166014$590                    action
     0000161E  A$lcc166014$591                    action
     0000161F  A$lcc166014$592                    action
     00001620  A$lcc166014$593                    action
     00001621  A$lcc166014$594                    action
     00001624  A$lcc166014$598                    action
     00001624  C$action.c$68$3_0$167              action
     00001626  A$lcc166014$606                    action
     00001626  C$action.c$69$3_0$167              action
     00001626  C$action.c$70$3_0$167              action
     00001629  A$lcc166014$607                    action
     0000162A  A$lcc166014$608                    action
     0000162D  A$lcc166014$609                    action
     0000162E  A$lcc166014$610                    action
     00001631  A$lcc166014$614                    action
     00001631  C$action.c$71$3_0$167              action
     00001633  A$lcc166014$622                    action
     00001633  C$action.c$72$3_0$167              action
     00001633  C$action.c$73$3_0$167              action
     00001636  A$lcc166014$623                    action
     00001637  A$lcc166014$624                    action
     0000163A  A$lcc166014$625                    action
     0000163B  A$lcc166014$626                    action
     0000163E  A$lcc166014$634                    action
     0000163E  C$action.c$77$2_0$166              action
     0000163E  C$action.c$80$2_0$168              action
     00001641  A$lcc166014$635                    action
     00001642  A$lcc166014$636                    action
     00001644  A$lcc166014$637                    action
     00001646  A$lcc166014$641                    action
     00001646  C$action.c$82$3_0$169              action
     00001647  A$lcc166014$642                    action
ASxxxx Linker V03.00/V05.40 + sdld,  page 14.
Hexadecimal  [32-Bits]

Area                                    Addr        Size        Decimal Bytes (Attributes)
--------------------------------        ----        ----        ------- ----- ------------
_CODE                               00000200    000022DC =        8924. bytes (REL,CON)

      Value  Global                              Global Defined In Module
      -----  --------------------------------   ------------------------
     00001649  A$lcc166014$643                    action
     0000164C  A$lcc166014$647                    action
     0000164C  C$action.c$83$3_0$169              action
     0000164F  A$lcc166014$648                    action
     00001651  A$lcc166014$649                    action
     00001652  A$lcc166014$650                    action
     00001655  A$lcc166014$651                    action
     00001656  A$lcc166014$652                    action
     00001657  A$lcc166014$653                    action
     00001658  A$lcc166014$654                    action
     00001659  A$lcc166014$655                    action
     0000165A  A$lcc166014$656                    action
     0000165B  A$lcc166014$657                    action
     0000165C  A$lcc166014$658                    action
     0000165D  A$lcc166014$659                    action
     0000165E  A$lcc166014$660                    action
     0000165F  A$lcc166014$661                    action
     00001660  A$lcc166014$662                    action
     00001661  A$lcc166014$663                    action
     00001662  A$lcc166014$664                    action
     00001663  A$lcc166014$665                    action
     00001665  A$lcc166014$666                    action
     00001666  A$lcc166014$667                    action
     00001667  A$lcc166014$668                    action
     00001668  A$lcc166014$669                    action
     0000166A  A$lcc166014$670                    action
     0000166B  A$lcc166014$671                    action
     0000166E  A$lcc166014$672                    action
     0000166F  A$lcc166014$673                    action
     00001670  A$lcc166014$674                    action
     00001671  A$lcc166014$675                    action
     00001672  A$lcc166014$676                    action
     00001673  A$lcc166014$677                    action
     00001674  A$lcc166014$678                    action
     00001676  A$lcc166014$679                    action
     00001677  A$lcc166014$680                    action
     00001678  A$lcc166014$681                    action
     00001679  A$lcc166014$682                    action
     0000167B  A$lcc166014$683                    action
     0000167C  A$lcc166014$684                    action
     0000167D  A$lcc166014$685                    action
     0000167E  A$lcc166014$686                    action
     0000167F  A$lcc166014$687                    action
     00001680  A$lcc166014$688                    action
     00001681  A$lcc166014$689                    action
     00001684  A$lcc166014$694                    action
     00001684  C$action.c$86$2_0$170              action
     00001687  A$lcc166014$695                    action
     00001689  A$lcc166014$696                    action
     0000168B  A$lcc166014$697                    action
     0000168C  A$lcc166014$698                    action
ASxxxx Linker V03.00/V05.40 + sdld,  page 15.
Hexadecimal  [32-Bits]

Area                                    Addr        Size        Decimal Bytes (Attributes)
--------------------------------        ----        ----        ------- ----- ------------
_CODE                               00000200    000022DC =        8924. bytes (REL,CON)

      Value  Global                              Global Defined In Module
      -----  --------------------------------   ------------------------
     0000168E  A$lcc166014$702                    action
     0000168E  C$action.c$88$3_0$171              action
     0000168F  A$lcc166014$703                    action
     00001691  A$lcc166014$704                    action
     00001694  A$lcc166014$708                    action
     00001694  C$action.c$89$3_0$171              action
     00001697  A$lcc166014$709                    action
     00001699  A$lcc166014$710                    action
     0000169A  A$lcc166014$711                    action
     0000169D  A$lcc166014$712                    action
     0000169E  A$lcc166014$713                    action
     0000169F  A$lcc166014$714                    action
     000016A0  A$lcc166014$715                    action
     000016A1  A$lcc166014$716                    action
     000016A2  A$lcc166014$717                    action
     000016A3  A$lcc166014$718                    action
     000016A4  A$lcc166014$719                    action
     000016A5  A$lcc166014$720                    action
     000016A6  A$lcc166014$721                    action
     000016A7  A$lcc166014$722                    action
     000016A8  A$lcc166014$723                    action
     000016A9  A$lcc166014$724                    action
     000016AA  A$lcc166014$725                    action
     000016AB  A$lcc166014$726                    action
     000016AD  A$lcc166014$727                    action
     000016AE  A$lcc166014$728                    action
     000016AF  A$lcc166014$729                    action
     000016B0  A$lcc166014$730                    action
     000016B2  A$lcc166014$731                    action
     000016B3  A$lcc166014$732                    action
     000016B6  A$lcc166014$733                    action
     000016B7  A$lcc166014$734                    action
     000016B8  A$lcc166014$735                    action
     000016B9  A$lcc166014$736                    action
     000016BA  A$lcc166014$737                    action
     000016BB  A$lcc166014$738                    action
     000016BC  A$lcc166014$739                    action
     000016BE  A$lcc166014$740                    action
     000016BF  A$lcc166014$741                    action
     000016C0  A$lcc166014$742                    action
     000016C1  A$lcc166014$743                    action
     000016C3  A$lcc166014$744                    action
     000016C4  A$lcc166014$745                    action
     000016C5  A$lcc166014$746                    action
     000016C6  A$lcc166014$747                    action
     000016C7  A$lcc166014$748                    action
     000016C8  A$lcc166014$749                    action
     000016C9  A$lcc166014$750                    action
     000016CC  A$lcc166014$755                    action
     000016CC  C$action.c$92$2_0$172              action
     000016CF  A$lcc166014$756                    action
ASxxxx Linker V03.00/V05.40 + sdld,  page 16.
Hexadecimal  [32-Bits]

Area                                    Addr        Size        Decimal Bytes (Attributes)
--------------------------------        ----        ----        ------- ----- ------------
_CODE                               00000200    000022DC =        8924. bytes (REL,CON)

      Value  Global                              Global Defined In Module
      -----  --------------------------------   ------------------------
     000016D1  A$lcc166014$757                    action
     000016D3  A$lcc166014$758                    action
     000016D4  A$lcc166014$759                    action
     000016D6  A$lcc166014$763                    action
     000016D6  C$action.c$93$2_0$172              action
     000016D7  A$lcc166014$764                    action
     000016D9  A$lcc166014$765                    action
     000016DC  A$lcc166014$770                    action
     000016DC  C$action.c$94$2_0$173              action
     000016DF  A$lcc166014$771                    action
     000016E1  A$lcc166014$772                    action
     000016E3  A$lcc166014$773                    action
     000016E4  A$lcc166014$774                    action
     000016E6  A$lcc166014$778                    action
     000016E6  C$action.c$95$2_0$173              action
     000016E7  A$lcc166014$779                    action
     000016E9  A$lcc166014$780                    action
     000016EC  A$lcc166014$785                    action
     000016EC  C$action.c$97$1_0$157              action
     000016EE  A$lcc166014$786                    action
     000016EF  A$lcc166014$787                    action
     000016F2  A$lcc166014$791                    action
     000016F4  A$lcc166014$796                    action
     000016F4  C$action.c$98$1_0$157              action
     000016F4  XG$check_input$0$0                 action
     000016F5  A$lcc166015$59                     animation
     000016F5  C$animation.c$7$0_0$134            animation
     000016F5  G$init_animation$0$0               animation
     000016F5  _init_animation                    animation
     000016F7  A$lcc166015$60                     animation
     000016F9  A$lcc166015$61                     animation
     000016FA  A$lcc166015$62                     animation
     000016FB  A$lcc166015$63                     animation
     000016FC  A$lcc166015$64                     animation
     000016FD  A$lcc166015$65                     animation
     000016FE  A$lcc166015$66                     animation
     000016FF  A$lcc166015$70                     animation
     000016FF  C$animation.c$12$1_0$134           animation
     00001701  A$lcc166015$71                     animation
     00001702  A$lcc166015$72                     animation
     00001703  A$lcc166015$73                     animation
     00001704  A$lcc166015$74                     animation
     00001705  A$lcc166015$75                     animation
     00001706  A$lcc166015$76                     animation
     00001707  A$lcc166015$77                     animation
     00001709  A$lcc166015$78                     animation
     0000170A  A$lcc166015$79                     animation
     0000170B  A$lcc166015$80                     animation
     0000170C  A$lcc166015$81                     animation
     0000170D  A$lcc166015$82                     animation
     0000170E  A$lcc166015$86                     animation
ASxxxx Linker V03.00/V05.40 + sdld,  page 17.
Hexadecimal  [32-Bits]

Area                                    Addr        Size        Decimal Bytes (Attributes)
--------------------------------        ----        ----        ------- ----- ------------
_CODE                               00000200    000022DC =        8924. bytes (REL,CON)

      Value  Global                              Global Defined In Module
      -----  --------------------------------   ------------------------
     0000170E  C$animation.c$14$1_0$134           animation
     0000170F  A$lcc166015$87                     animation
     00001710  A$lcc166015$88                     animation
     00001711  A$lcc166015$89                     animation
     00001713  A$lcc166015$90                     animation
     00001714  A$lcc166015$91                     animation
     00001715  A$lcc166015$95                     animation
     00001715  C$animation.c$15$1_0$134           animation
     00001716  A$lcc166015$96                     animation
     00001717  A$lcc166015$97                     animation
     00001718  A$lcc166015$98                     animation
     00001719  A$lcc166015$99                     animation
     0000171A  A$lcc166015$100                    animation
     0000171B  A$lcc166015$101                    animation
     0000171D  A$lcc166015$102                    animation
     0000171E  A$lcc166015$103                    animation
     0000171F  A$lcc166015$104                    animation
     00001720  A$lcc166015$108                    animation
     00001720  C$animation.c$16$1_0$134           animation
     00001723  A$lcc166015$109                    animation
     00001724  A$lcc166015$110                    animation
     00001726  A$lcc166015$114                    animation
     00001726  C$animation.c$17$1_0$134           animation
     00001727  A$lcc166015$115                    animation
     00001728  A$lcc166015$116                    animation
     00001729  A$lcc166015$117                    animation
     0000172A  A$lcc166015$118                    animation
     0000172C  A$lcc166015$122                    animation
     0000172C  C$animation.c$18$1_0$134           animation
     0000172F  A$lcc166015$123                    animation
     00001730  A$lcc166015$124                    animation
     00001731  A$lcc166015$125                    animation
     00001733  A$lcc166015$126                    animation
     00001734  A$lcc166015$127                    animation
     00001735  A$lcc166015$128                    animation
     00001736  A$lcc166015$132                    animation
     00001736  C$animation.c$21$1_0$134           animation
     00001737  A$lcc166015$133                    animation
     00001738  A$lcc166015$134                    animation
     00001739  A$lcc166015$135                    animation
     0000173A  A$lcc166015$136                    animation
     0000173B  A$lcc166015$137                    animation
     0000173D  A$lcc166015$138                    animation
     0000173E  A$lcc166015$139                    animation
     00001740  A$lcc166015$140                    animation
     00001741  A$lcc166015$141                    animation
     00001742  A$lcc166015$142                    animation
     00001745  A$lcc166015$143                    animation
     00001746  A$lcc166015$144                    animation
     00001747  A$lcc166015$145                    animation
     00001748  A$lcc166015$146                    animation
ASxxxx Linker V03.00/V05.40 + sdld,  page 18.
Hexadecimal  [32-Bits]

Area                                    Addr        Size        Decimal Bytes (Attributes)
--------------------------------        ----        ----        ------- ----- ------------
_CODE                               00000200    000022DC =        8924. bytes (REL,CON)

      Value  Global                              Global Defined In Module
      -----  --------------------------------   ------------------------
     00001749  A$lcc166015$147                    animation
     0000174A  A$lcc166015$148                    animation
     0000174B  A$lcc166015$149                    animation
     0000174C  A$lcc166015$150                    animation
     0000174D  A$lcc166015$151                    animation
     0000174F  A$lcc166015$152                    animation
     00001750  A$lcc166015$153                    animation
     00001752  A$lcc166015$154                    animation
     00001753  A$lcc166015$155                    animation
     00001755  A$lcc166015$156                    animation
     00001756  A$lcc166015$157                    animation
     00001758  A$lcc166015$158                    animation
     00001759  A$lcc166015$159                    animation
     0000175A  A$lcc166015$160                    animation
     0000175D  A$lcc166015$161                    animation
     0000175E  A$lcc166015$162                    animation
     0000175F  A$lcc166015$163                    animation
     00001760  A$lcc166015$167                    animation
     00001760  C$animation.c$24$2_0$134           animation
     00001762  A$lcc166015$169                    animation
     00001763  A$lcc166015$170                    animation
     00001764  A$lcc166015$171                    animation
     00001765  A$lcc166015$172                    animation
     00001766  A$lcc166015$173                    animation
     00001768  A$lcc166015$174                    animation
     00001769  A$lcc166015$175                    animation
     0000176B  A$lcc166015$180                    animation
     0000176B  C$animation.c$32$2_0$137           animation
     0000176C  A$lcc166015$181                    animation
     0000176D  A$lcc166015$182                    animation
     00001770  A$lcc166015$183                    animation
     00001771  A$lcc166015$184                    animation
     00001772  A$lcc166015$185                    animation
     00001773  A$lcc166015$186                    animation
     00001774  A$lcc166015$187                    animation
     00001775  A$lcc166015$188                    animation
     00001777  A$lcc166015$192                    animation
     00001777  C$animation.c$33$2_0$137           animation
     00001779  A$lcc166015$193                    animation
     0000177A  A$lcc166015$194                    animation
     0000177B  A$lcc166015$199                    animation
     0000177B  C$animation.c$34$2_0$134           animation
     0000177D  A$lcc166015$200                    animation
     0000177E  A$lcc166015$201                    animation
     00001780  A$lcc166015$202                    animation
     00001781  A$lcc166015$212                    animation
     00001781  C$animation.c$36$2_0$139           animation
     00001781  G$update_animation$0$0             animation
     00001781  _update_animation                  animation
     00001782  A$lcc166015$213                    animation
     00001783  A$lcc166015$214                    animation
ASxxxx Linker V03.00/V05.40 + sdld,  page 19.
Hexadecimal  [32-Bits]

Area                                    Addr        Size        Decimal Bytes (Attributes)
--------------------------------        ----        ----        ------- ----- ------------
_CODE                               00000200    000022DC =        8924. bytes (REL,CON)

      Value  Global                              Global Defined In Module
      -----  --------------------------------   ------------------------
     00001784  A$lcc166015$215                    animation
     00001785  A$lcc166015$219                    animation
     00001785  C$animation.c$38$1_0$139           animation
     00001788  A$lcc166015$220                    animation
     00001789  A$lcc166015$221                    animation
     0000178A  A$lcc166015$222                    animation
     0000178B  A$lcc166015$223                    animation
     0000178C  A$lcc166015$224                    animation
     0000178D  A$lcc166015$225                    animation
     0000178E  A$lcc166015$226                    animation
     0000178F  A$lcc166015$227                    animation
     00001790  A$lcc166015$228                    animation
     00001792  A$lcc166015$229                    animation
     00001793  A$lcc166015$230                    animation
     00001794  A$lcc166015$234                    animation
     00001794  C$animation.c$40$1_0$139           animation
     00001797  A$lcc166015$235                    animation
     00001798  A$lcc166015$236                    animation
     00001799  A$lcc166015$237                    animation
     0000179A  A$lcc166015$238                    animation
     0000179B  A$lcc166015$239                    animation
     0000179C  A$lcc166015$240                    animation
     0000179E  A$lcc166015$241                    animation
     0000179F  A$lcc166015$242                    animation
     000017A0  A$lcc166015$246                    animation
     000017A0  C$animation.c$41$2_0$140           animation
     000017A1  A$lcc166015$247                    animation
     000017A2  A$lcc166015$248                    animation
     000017A3  A$lcc166015$249                    animation
     000017A4  A$lcc166015$250                    animation
     000017A5  A$lcc166015$251                    animation
     000017A6  A$lcc166015$252                    animation
     000017A8  A$lcc166015$253                    animation
     000017A9  A$lcc166015$254                    animation
     000017AB  A$lcc166015$255                    animation
     000017AC  A$lcc166015$256                    animation
     000017AD  A$lcc166015$257                    animation
     000017AF  A$lcc166015$261                    animation
     000017AF  C$animation.c$43$3_0$141           animation
     000017B0  A$lcc166015$262                    animation
     000017B1  A$lcc166015$266                    animation
     000017B1  C$animation.c$44$3_0$141           animation
     000017B2  A$lcc166015$267                    animation
     000017B3  A$lcc166015$268                    animation
     000017B4  A$lcc166015$269                    animation
     000017B5  A$lcc166015$270                    animation
     000017B6  A$lcc166015$271                    animation
     000017B7  A$lcc166015$275                    animation
     000017B7  C$animation.c$45$4_0$142           animation
     000017B8  A$lcc166015$276                    animation
     000017B9  A$lcc166015$277                    animation
ASxxxx Linker V03.00/V05.40 + sdld,  page 20.
Hexadecimal  [32-Bits]

Area                                    Addr        Size        Decimal Bytes (Attributes)
--------------------------------        ----        ----        ------- ----- ------------
_CODE                               00000200    000022DC =        8924. bytes (REL,CON)

      Value  Global                              Global Defined In Module
      -----  --------------------------------   ------------------------
     000017BA  A$lcc166015$278                    animation
     000017BB  A$lcc166015$279                    animation
     000017BC  A$lcc166015$280                    animation
     000017BE  A$lcc166015$284                    animation
     000017BE  C$animation.c$46$4_0$142           animation
     000017C0  A$lcc166015$289                    animation
     000017C1  A$lcc166015$290                    animation
     000017C2  A$lcc166015$295                    animation
     000017C2  C$animation.c$48$2_0$139           animation
     000017C2  XG$update_animation$0$0            animation
     000017C3  A$lcc166015$305                    animation
     000017C3  C$animation.c$50$2_0$144           animation
     000017C3  G$set_animation$0$0                animation
     000017C3  _set_animation                     animation
     000017C4  A$lcc166015$306                    animation
     000017C5  A$lcc166015$307                    animation
     000017C6  A$lcc166015$311                    animation
     000017C6  C$animation.c$52$2_0$145           animation
     000017C7  A$lcc166015$312                    animation
     000017C9  A$lcc166015$313                    animation
     000017CA  A$lcc166015$314                    animation
     000017CB  A$lcc166015$315                    animation
     000017CD  A$lcc166015$316                    animation
     000017CE  A$lcc166015$317                    animation
     000017CF  A$lcc166015$318                    animation
     000017D0  A$lcc166015$319                    animation
     000017D1  A$lcc166015$326                    animation
     000017D1  C$animation.c$53$2_0$145           animation
     000017D1  C$animation.c$55$1_0$144           animation
     000017D2  A$lcc166015$327                    animation
     000017D3  A$lcc166015$331                    animation
     000017D3  C$animation.c$56$1_1$146           animation
     000017D4  A$lcc166015$332                    animation
     000017D5  A$lcc166015$333                    animation
     000017D6  A$lcc166015$334                    animation
     000017D7  A$lcc166015$335                    animation
     000017D9  A$lcc166015$336                    animation
     000017DA  A$lcc166015$340                    animation
     000017DA  C$animation.c$57$1_1$146           animation
     000017DB  A$lcc166015$341                    animation
     000017DC  A$lcc166015$342                    animation
     000017DD  A$lcc166015$343                    animation
     000017DE  A$lcc166015$344                    animation
     000017DF  A$lcc166015$345                    animation
     000017E0  A$lcc166015$349                    animation
     000017E0  C$animation.c$58$1_1$146           animation
     000017E3  A$lcc166015$350                    animation
     000017E4  A$lcc166015$351                    animation
     000017E6  A$lcc166015$359                    animation
     000017E6  C$animation.c$59$1_1$144           animation
     000017E6  XG$set_animation$0$0               animation
ASxxxx Linker V03.00/V05.40 + sdld,  page 21.
Hexadecimal  [32-Bits]

Area                                    Addr        Size        Decimal Bytes (Attributes)
--------------------------------        ----        ----        ------- ----- ------------
_CODE                               00000200    000022DC =        8924. bytes (REL,CON)

      Value  Global                              Global Defined In Module
      -----  --------------------------------   ------------------------
     000017E7  A$lcc166016$52                     draw
     000017E7  C$draw.c$6$0_0$135                 draw
     000017E7  G$draw_actor$0$0                   draw
     000017E7  _draw_actor                        draw
     000017E9  A$lcc166016$53                     draw
     000017EB  A$lcc166016$54                     draw
     000017EC  A$lcc166016$55                     draw
     000017ED  A$lcc166016$56                     draw
     000017EE  A$lcc166016$60                     draw
     000017EE  C$draw.c$8$1_0$135                 draw
     000017F1  A$lcc166016$61                     draw
     000017F2  A$lcc166016$62                     draw
     000017F3  A$lcc166016$63                     draw
     000017F4  A$lcc166016$64                     draw
     000017F5  A$lcc166016$65                     draw
     000017F6  A$lcc166016$66                     draw
     000017F7  A$lcc166016$67                     draw
     000017F8  A$lcc166016$68                     draw
     000017FA  A$lcc166016$69                     draw
     000017FB  A$lcc166016$73                     draw
     000017FB  C$draw.c$9$1_0$135                 draw
     000017FD  A$lcc166016$74                     draw
     000017FE  A$lcc166016$75                     draw
     000017FF  A$lcc166016$76                     draw
     00001800  A$lcc166016$77                     draw
     00001803  A$lcc166016$78                     draw
     00001804  A$lcc166016$79                     draw
     00001805  A$lcc166016$80                     draw
     00001806  A$lcc166016$81                     draw
     00001808  A$lcc166016$82                     draw
     00001809  A$lcc166016$83                     draw
     0000180A  A$lcc166016$84                     draw
     0000180B  A$lcc166016$85                     draw
     0000180D  A$lcc166016$86                     draw
     0000180E  A$lcc166016$87                     draw
     0000180F  A$lcc166016$88                     draw
     00001810  A$lcc166016$89                     draw
     00001811  A$lcc166016$90                     draw
     00001812  A$lcc166016$91                     draw
     00001814  A$lcc166016$92                     draw
     00001815  A$lcc166016$96                     draw
     00001815  C$draw.c$11$1_0$135                draw
     00001817  A$lcc166016$97                     draw
     00001818  A$lcc166016$98                     draw
     00001819  A$lcc166016$99                     draw
     0000181A  A$lcc166016$100                    draw
     0000181B  A$lcc166016$101                    draw
     0000181C  A$lcc166016$102                    draw
     0000181D  A$lcc166016$103                    draw
     0000181E  A$lcc166016$104                    draw
     0000181F  A$lcc166016$105                    draw
ASxxxx Linker V03.00/V05.40 + sdld,  page 22.
Hexadecimal  [32-Bits]

Area                                    Addr        Size        Decimal Bytes (Attributes)
--------------------------------        ----        ----        ------- ----- ------------
_CODE                               00000200    000022DC =        8924. bytes (REL,CON)

      Value  Global                              Global Defined In Module
      -----  --------------------------------   ------------------------
     00001820  A$lcc166016$106                    draw
     00001821  A$lcc166016$107                    draw
     00001822  A$lcc166016$108                    draw
     00001823  A$lcc166016$109                    draw
     00001826  A$lcc166016$110                    draw
     00001827  A$lcc166016$111                    draw
     00001828  A$lcc166016$112                    draw
     00001829  A$lcc166016$113                    draw
     0000182B  A$lcc166016$114                    draw
     0000182C  A$lcc166016$115                    draw
     0000182D  A$lcc166016$116                    draw
     0000182E  A$lcc166016$117                    draw
     00001830  A$lcc166016$118                    draw
     00001831  A$lcc166016$119                    draw
     00001832  A$lcc166016$120                    draw
     00001833  A$lcc166016$121                    draw
     00001834  A$lcc166016$122                    draw
     00001836  A$lcc166016$123                    draw
     00001837  A$lcc166016$124                    draw
     00001838  A$lcc166016$128                    draw
     00001838  C$draw.c$12$1_0$135                draw
     00001839  A$lcc166016$129                    draw
     0000183A  A$lcc166016$130                    draw
     0000183B  A$lcc166016$131                    draw
     0000183C  A$lcc166016$132                    draw
     0000183F  A$lcc166016$133                    draw
     00001840  A$lcc166016$134                    draw
     00001841  A$lcc166016$135                    draw
     00001842  A$lcc166016$136                    draw
     00001844  A$lcc166016$137                    draw
     00001845  A$lcc166016$138                    draw
     00001846  A$lcc166016$139                    draw
     00001847  A$lcc166016$140                    draw
     00001849  A$lcc166016$141                    draw
     0000184A  A$lcc166016$142                    draw
     0000184B  A$lcc166016$143                    draw
     0000184C  A$lcc166016$144                    draw
     0000184D  A$lcc166016$145                    draw
     0000184E  A$lcc166016$146                    draw
     0000184F  A$lcc166016$147                    draw
     00001850  A$lcc166016$148                    draw
     00001851  A$lcc166016$149                    draw
     00001852  A$lcc166016$150                    draw
     00001853  A$lcc166016$151                    draw
     00001855  A$lcc166016$152                    draw
     00001857  A$lcc166016$153                    draw
     00001858  A$lcc166016$154                    draw
     00001859  A$lcc166016$155                    draw
     0000185A  A$lcc166016$156                    draw
     0000185B  A$lcc166016$157                    draw
     0000185C  A$lcc166016$158                    draw
ASxxxx Linker V03.00/V05.40 + sdld,  page 23.
Hexadecimal  [32-Bits]

Area                                    Addr        Size        Decimal Bytes (Attributes)
--------------------------------        ----        ----        ------- ----- ------------
_CODE                               00000200    000022DC =        8924. bytes (REL,CON)

      Value  Global                              Global Defined In Module
      -----  --------------------------------   ------------------------
     0000185D  A$lcc166016$162                    draw
     0000185D  C$draw.c$14$1_0$135                draw
     00001860  A$lcc166016$163                    draw
     00001861  A$lcc166016$164                    draw
     00001862  A$lcc166016$165                    draw
     00001864  A$lcc166016$169                    draw
     00001864  C$draw.c$15$1_0$135                draw
     00001865  A$lcc166016$170                    draw
     00001866  A$lcc166016$171                    draw
     00001867  A$lcc166016$172                    draw
     00001868  A$lcc166016$173                    draw
     00001869  A$lcc166016$174                    draw
     0000186A  A$lcc166016$175                    draw
     0000186B  A$lcc166016$176                    draw
     0000186E  A$lcc166016$177                    draw
     00001870  A$lcc166016$178                    draw
     00001871  A$lcc166016$179                    draw
     00001872  A$lcc166016$180                    draw
     00001873  A$lcc166016$181                    draw
     00001874  A$lcc166016$182                    draw
     00001875  A$lcc166016$183                    draw
     00001876  A$lcc166016$184                    draw
     00001877  A$lcc166016$188                    draw
     00001877  C$draw.c$17$1_0$135                draw
     00001879  A$lcc166016$189                    draw
     0000187A  A$lcc166016$190                    draw
     0000187B  A$lcc166016$191                    draw
     0000187D  A$lcc166016$192                    draw
     0000187E  A$lcc166016$193                    draw
     00001880  A$lcc166016$194                    draw
     00001881  A$lcc166016$195                    draw
     00001883  A$lcc166016$199                    draw
     00001883  C$draw.c$20$2_0$135                draw
     00001885  A$lcc166016$201                    draw
     00001886  A$lcc166016$202                    draw
     00001888  A$lcc166016$203                    draw
     00001889  A$lcc166016$204                    draw
     0000188B  A$lcc166016$206                    draw
     0000188C  A$lcc166016$207                    draw
     0000188D  A$lcc166016$208                    draw
     0000188E  A$lcc166016$209                    draw
     0000188F  A$lcc166016$210                    draw
     00001890  A$lcc166016$211                    draw
     00001892  A$lcc166016$212                    draw
     00001895  A$lcc166016$213                    draw
     00001896  A$lcc166016$214                    draw
     00001897  A$lcc166016$215                    draw
     00001898  A$lcc166016$216                    draw
     00001899  A$lcc166016$218                    draw
     0000189A  A$lcc166016$219                    draw
     0000189B  A$lcc166016$220                    draw
ASxxxx Linker V03.00/V05.40 + sdld,  page 24.
Hexadecimal  [32-Bits]

Area                                    Addr        Size        Decimal Bytes (Attributes)
--------------------------------        ----        ----        ------- ----- ------------
_CODE                               00000200    000022DC =        8924. bytes (REL,CON)

      Value  Global                              Global Defined In Module
      -----  --------------------------------   ------------------------
     0000189C  A$lcc166016$221                    draw
     0000189D  A$lcc166016$222                    draw
     0000189E  A$lcc166016$223                    draw
     0000189F  A$lcc166016$224                    draw
     000018A2  A$lcc166016$225                    draw
     000018A3  A$lcc166016$226                    draw
     000018A4  A$lcc166016$227                    draw
     000018A5  A$lcc166016$228                    draw
     000018A6  A$lcc166016$229                    draw
     000018A7  A$lcc166016$233                    draw
     000018A7  C$draw.c$20$2_0$136                draw
     000018A8  A$lcc166016$234                    draw
     000018AA  A$lcc166016$239                    draw
     000018AA  C$draw.c$24$2_0$137                draw
     000018AC  A$lcc166016$240                    draw
     000018AD  A$lcc166016$241                    draw
     000018AE  A$lcc166016$242                    draw
     000018B0  A$lcc166016$244                    draw
     000018B2  A$lcc166016$245                    draw
     000018B3  A$lcc166016$247                    draw
     000018B5  A$lcc166016$248                    draw
     000018B6  A$lcc166016$249                    draw
     000018B7  A$lcc166016$250                    draw
     000018B8  A$lcc166016$251                    draw
     000018B9  A$lcc166016$252                    draw
     000018BA  A$lcc166016$253                    draw
     000018BB  A$lcc166016$254                    draw
     000018BC  A$lcc166016$255                    draw
     000018BE  A$lcc166016$256                    draw
     000018C0  A$lcc166016$258                    draw
     000018C2  A$lcc166016$259                    draw
     000018C4  A$lcc166016$260                    draw
     000018C5  A$lcc166016$261                    draw
     000018C7  A$lcc166016$262                    draw
     000018C8  A$lcc166016$263                    draw
     000018CA  A$lcc166016$264                    draw
     000018CB  A$lcc166016$265                    draw
     000018CC  A$lcc166016$266                    draw
     000018CD  A$lcc166016$267                    draw
     000018CE  A$lcc166016$268                    draw
     000018D1  A$lcc166016$269                    draw
     000018D2  A$lcc166016$270                    draw
     000018D3  A$lcc166016$271                    draw
     000018D4  A$lcc166016$272                    draw
     000018D6  A$lcc166016$273                    draw
     000018D7  A$lcc166016$274                    draw
     000018D8  A$lcc166016$275                    draw
     000018D9  A$lcc166016$276                    draw
     000018DB  A$lcc166016$278                    draw
     000018DC  A$lcc166016$279                    draw
     000018DD  A$lcc166016$280                    draw
ASxxxx Linker V03.00/V05.40 + sdld,  page 25.
Hexadecimal  [32-Bits]

Area                                    Addr        Size        Decimal Bytes (Attributes)
--------------------------------        ----        ----        ------- ----- ------------
_CODE                               00000200    000022DC =        8924. bytes (REL,CON)

      Value  Global                              Global Defined In Module
      -----  --------------------------------   ------------------------
     000018DE  A$lcc166016$281                    draw
     000018DF  A$lcc166016$282                    draw
     000018E1  A$lcc166016$283                    draw
     000018E2  A$lcc166016$284                    draw
     000018E3  A$lcc166016$285                    draw
     000018E5  A$lcc166016$286                    draw
     000018E6  A$lcc166016$287                    draw
     000018E7  A$lcc166016$288                    draw
     000018E8  A$lcc166016$289                    draw
     000018E9  A$lcc166016$290                    draw
     000018EB  A$lcc166016$291                    draw
     000018EC  A$lcc166016$292                    draw
     000018ED  A$lcc166016$296                    draw
     000018ED  C$draw.c$26$2_0$137                draw
     000018F0  A$lcc166016$301                    draw
     000018F0  C$draw.c$28$3_0$139                draw
     000018F2  A$lcc166016$302                    draw
     000018F3  A$lcc166016$303                    draw
     000018F5  A$lcc166016$304                    draw
     000018F8  A$lcc166016$308                    draw
     000018FB  A$lcc166016$309                    draw
     000018FD  A$lcc166016$310                    draw
     000018FE  A$lcc166016$311                    draw
     000018FF  A$lcc166016$312                    draw
     00001900  A$lcc166016$313                    draw
     00001901  A$lcc166016$314                    draw
[...]
     000001B9  _exit                              Runtime
     000001BD  .wait_vbl_done                     Runtime
     000001BD  _vsync                             Runtime
     000001BD  _wait_vbl_done                     Runtime
     000001CD  .remove_VBL                        Runtime
     000001CD  _remove_VBL                        Runtime
     000001D0  .remove_int                        Runtime
     000001ED  .add_VBL                           Runtime
     000001ED  _add_VBL                           Runtime
     000001F0  .add_int                           Runtime

ASxxxx Linker V03.00/V05.40 + sdld,  page 81.
Hexadecimal  [32-Bits]

Area                                    Addr        Size        Decimal Bytes (Attributes)
--------------------------------        ----        ----        ------- ----- ------------
_HOME                               000024DC    0000012C =         300. bytes (REL,CON)

      Value  Global                              Global Defined In Module
      -----  --------------------------------   ------------------------
     000024DC  .memset_simple                     Runtime
     000024E5  .memcpy_simple                     Runtime
     00002502  .display_off                       Runtime
     00002502  _display_off                       Runtime
     0000251A  _set_tile_data                     
     0000251F  _set_bkg_data                      
     0000251F  _set_win_data                      
     00002527  _set_sprite_data                   
     00002557  .padup                             
     00002557  _waitpadup                         
     00002567  .jpad                              
     00002567  _joypad                            
     0000258F  _waitpad                           
     00002590  .wait_pad                          
     00002597  ___sdcc_call_hl                    call_hl
     00002598  _set_bkg_tiles                     
     000025AC  .set_xy_wtt                        SetTileMap
     000025B5  .set_xy_btt                        SetTileMap
     000025C4  .set_xy_tt                         SetTileMap

ASxxxx Linker V03.00/V05.40 + sdld,  page 82.
Hexadecimal  [32-Bits]

Area                                    Addr        Size        Decimal Bytes (Attributes)
--------------------------------        ----        ----        ------- ----- ------------
_INITIALIZER                        00002608    00000199 =         409. bytes (REL,CON)

      Value  Global                              Global Defined In Module
      -----  --------------------------------   ------------------------
     00002608  Fspr_InventoryArrow_idle$__xinit   spr_InventoryArrow_idle
     00002618  Fspr_Player_down0$__xinit_spr_Pl   spr_Player_down0
     00002628  Fspr_Player_down0$__xinit_spr_Pl   spr_Player_down0
     00002638  Fspr_Player_down0$__xinit_spr_Pl   spr_Player_down0
     00002648  Fspr_Player_down0$__xinit_spr_Pl   spr_Player_down0
     00002658  Fspr_Player_down1$__xinit_spr_Pl   spr_Player_down1
     00002668  Fspr_Player_down1$__xinit_spr_Pl   spr_Player_down1
     00002678  Fspr_Player_down1$__xinit_spr_Pl   spr_Player_down1
     00002688  Fspr_Player_down1$__xinit_spr_Pl   spr_Player_down1
     00002698  Fspr_Player_down2$__xinit_spr_Pl   spr_Player_down2
     000026A8  Fspr_Player_down2$__xinit_spr_Pl   spr_Player_down2
     000026B8  Fspr_Player_down2$__xinit_spr_Pl   spr_Player_down2
     000026C8  Fspr_Player_down2$__xinit_spr_Pl   spr_Player_down2
     000026D8  Fspr_Player_up0$__xinit_spr_Play   spr_Player_up0
     000026E8  Fspr_Player_up0$__xinit_spr_Play   spr_Player_up0
     000026F8  Fspr_Player_up0$__xinit_spr_Play   spr_Player_up0
     00002708  Fspr_Player_up0$__xinit_spr_Play   spr_Player_up0
     00002718  Fspr_Player_up1$__xinit_spr_Play   spr_Player_up1
     00002728  Fspr_Player_up1$__xinit_spr_Play   spr_Player_up1
     00002738  Fspr_Player_up1$__xinit_spr_Play   spr_Player_up1
     00002748  Fspr_Player_up1$__xinit_spr_Play   spr_Player_up1
     00002758  Fspr_Player_up2$__xinit_spr_Play   spr_Player_up2
     00002768  Fspr_Player_up2$__xinit_spr_Play   spr_Player_up2
     00002778  Fspr_Player_up2$__xinit_spr_Play   spr_Player_up2
     00002788  Fspr_Player_up2$__xinit_spr_Play   spr_Player_up2
     00002798  Faction$__xinit_MOVE_SPEED$0_0$0   action
     00002799  Faction$__xinit_current_directio   action
     0000279A  Faction$__xinit_last_keys$0_0$0    action
     0000279B  Fentity$__xinit_next_entity_id$0   entity
     0000279D  Fgender_selection$__xinit_GENDER   gender_selection
     0000279E  Finventory_input$__xinit_prev_ke   inventory_input
     0000279F  Fload$__xinit_vram_next_index$0_   load

ASxxxx Linker V03.00/V05.40 + sdld,  page 83.
Hexadecimal  [32-Bits]

Area                                    Addr        Size        Decimal Bytes (Attributes)
--------------------------------        ----        ----        ------- ----- ------------
_GSINIT                             000027A1    0000000F =          15. bytes (REL,CON)

      Value  Global                              Global Defined In Module
      -----  --------------------------------   ------------------------
     000027A1  gsinit                             Runtime

ASxxxx Linker V03.00/V05.40 + sdld,  page 84.
Hexadecimal  [32-Bits]

Area                                    Addr        Size        Decimal Bytes (Attributes)
--------------------------------        ----        ----        ------- ----- ------------
_GSFINAL                            000027B0    00000001 =           1. bytes (REL,CON)

      Value  Global                              Global Defined In Module
      -----  --------------------------------   ------------------------
ASxxxx Linker V03.00/V05.40 + sdld,  page 85.
Hexadecimal  [32-Bits]

Area                                    Addr        Size        Decimal Bytes (Attributes)
--------------------------------        ----        ----        ------- ----- ------------
_DATA                               0000C0A0    00001D39 =        7481. bytes (REL,CON)

      Value  Global                              Global Defined In Module
      -----  --------------------------------   ------------------------
     0000C0A0  __cpu                              Runtime
     0000C0A1  __is_GBA                           Runtime
     0000C0A2  .mode                              Runtime
     0000C0A3  .sys_time                          Runtime
     0000C0A3  _sys_time                          Runtime
     0000C0A5  .int_0x40                          Runtime
     0000C0B1  G$animation$0_0$0                  animation
     0000C0B1  _animation                         animation
     0000D931  G$arrow$0_0$0                      inventory
     0000D931  _arrow                             inventory
     0000D933  G$player$0_0$0                     player
     0000D933  _player                            player
     0000D935  G$player_animations$0_0$0          player
     0000D935  _player_animations                 player
     0000D939  G$position$0_0$0                   position
     0000D939  _position                          position
     0000DC39  G$render$0_0$0                     render
     0000DC39  _render                            render
     0000DDB9  G$scene_manager$0_0$0              scene_manager
     0000DDB9  _scene_manager                     scene_manager
     0000DDBB  G$GenderSelect$0_0$0               gender_select
     0000DDBB  _GenderSelect                      gender_select
     0000DDC3  G$InventoryScene$0_0$0             inventory_scene
     0000DDC3  _InventoryScene                    inventory_scene
     0000DDCB  G$Map_00$0_0$0                     map_00
     0000DDCB  _Map_00                            map_00
     0000DDD3  Lmain.main$game$1_1$180            main
     0000DDD7  ___sdcc_heap_free                  malloc

ASxxxx Linker V03.00/V05.40 + sdld,  page 86.
Hexadecimal  [32-Bits]

Area                                    Addr        Size        Decimal Bytes (Attributes)
--------------------------------        ----        ----        ------- ----- ------------
_INITIALIZED                        0000DDD9    00000199 =         409. bytes (REL,CON)

      Value  Global                              Global Defined In Module
      -----  --------------------------------   ------------------------
     0000DDD9  G$spr_InventoryArrow_idle$0_0$0    spr_InventoryArrow_idle
     0000DDD9  _spr_InventoryArrow_idle           spr_InventoryArrow_idle
     0000DDE9  G$spr_Player_down0_00$0_0$0        spr_Player_down0
     0000DDE9  _spr_Player_down0_00               spr_Player_down0
     0000DDF9  G$spr_Player_down0_10$0_0$0        spr_Player_down0
     0000DDF9  _spr_Player_down0_10               spr_Player_down0
     0000DE09  G$spr_Player_down0_01$0_0$0        spr_Player_down0
     0000DE09  _spr_Player_down0_01               spr_Player_down0
     0000DE19  G$spr_Player_down0_11$0_0$0        spr_Player_down0
     0000DE19  _spr_Player_down0_11               spr_Player_down0
     0000DE29  G$spr_Player_down1_00$0_0$0        spr_Player_down1
     0000DE29  _spr_Player_down1_00               spr_Player_down1
     0000DE39  G$spr_Player_down1_10$0_0$0        spr_Player_down1
     0000DE39  _spr_Player_down1_10               spr_Player_down1
     0000DE49  G$spr_Player_down1_01$0_0$0        spr_Player_down1
     0000DE49  _spr_Player_down1_01               spr_Player_down1
     0000DE59  G$spr_Player_down1_11$0_0$0        spr_Player_down1
     0000DE59  _spr_Player_down1_11               spr_Player_down1
     0000DE69  G$spr_Player_down2_00$0_0$0        spr_Player_down2
     0000DE69  _spr_Player_down2_00               spr_Player_down2
     0000DE79  G$spr_Player_down2_10$0_0$0        spr_Player_down2
     0000DE79  _spr_Player_down2_10               spr_Player_down2
     0000DE89  G$spr_Player_down2_01$0_0$0        spr_Player_down2
     0000DE89  _spr_Player_down2_01               spr_Player_down2
     0000DE99  G$spr_Player_down2_11$0_0$0        spr_Player_down2
     0000DE99  _spr_Player_down2_11               spr_Player_down2
     0000DEA9  G$spr_Player_up0_00$0_0$0          spr_Player_up0
     0000DEA9  _spr_Player_up0_00                 spr_Player_up0
     0000DEB9  G$spr_Player_up0_10$0_0$0          spr_Player_up0
     0000DEB9  _spr_Player_up0_10                 spr_Player_up0
     0000DEC9  G$spr_Player_up0_01$0_0$0          spr_Player_up0
     0000DEC9  _spr_Player_up0_01                 spr_Player_up0
     0000DED9  G$spr_Player_up0_11$0_0$0          spr_Player_up0
     0000DED9  _spr_Player_up0_11                 spr_Player_up0
     0000DEE9  G$spr_Player_up1_00$0_0$0          spr_Player_up1
     0000DEE9  _spr_Player_up1_00                 spr_Player_up1
     0000DEF9  G$spr_Player_up1_10$0_0$0          spr_Player_up1
     0000DEF9  _spr_Player_up1_10                 spr_Player_up1
     0000DF09  G$spr_Player_up1_01$0_0$0          spr_Player_up1
     0000DF09  _spr_Player_up1_01                 spr_Player_up1
     0000DF19  G$spr_Player_up1_11$0_0$0          spr_Player_up1
     0000DF19  _spr_Player_up1_11                 spr_Player_up1
     0000DF29  G$spr_Player_up2_00$0_0$0          spr_Player_up2
     0000DF29  _spr_Player_up2_00                 spr_Player_up2
     0000DF39  G$spr_Player_up2_10$0_0$0          spr_Player_up2
     0000DF39  _spr_Player_up2_10                 spr_Player_up2
     0000DF49  G$spr_Player_up2_01$0_0$0          spr_Player_up2
     0000DF49  _spr_Player_up2_01                 spr_Player_up2
     0000DF59  G$spr_Player_up2_11$0_0$0          spr_Player_up2
     0000DF59  _spr_Player_up2_11                 spr_Player_up2
ASxxxx Linker V03.00/V05.40 + sdld,  page 87.
Hexadecimal  [32-Bits]

Area                                    Addr        Size        Decimal Bytes (Attributes)
--------------------------------        ----        ----        ------- ----- ------------
_INITIALIZED                        0000DDD9    00000199 =         409. bytes (REL,CON)

      Value  Global                              Global Defined In Module
      -----  --------------------------------   ------------------------
     0000DF69  G$MOVE_SPEED$0_0$0                 action
     0000DF69  _MOVE_SPEED                        action
     0000DF6A  G$current_direction$0_0$0          action
     0000DF6A  _current_direction                 action
     0000DF6B  G$last_keys$0_0$0                  action
     0000DF6B  _last_keys                         action
     0000DF6C  G$next_entity_id$0_0$0             entity
     0000DF6C  _next_entity_id                    entity
     0000DF6E  G$GENDER$0_0$0                     gender_selection
     0000DF6E  _GENDER                            gender_selection
     0000DF6F  G$prev_keys$0_0$0                  inventory_input
     0000DF6F  _prev_keys                         inventory_input
     0000DF70  G$vram_next_index$0_0$0            load
     0000DF70  _vram_next_index                   load
     0000DF71  __map_tile_offset                  SetTileMap

ASxxxx Linker V03.00/V05.40 + sdld,  page 88.
Hexadecimal  [32-Bits]

Area                                    Addr        Size        Decimal Bytes (Attributes)
--------------------------------        ----        ----        ------- ----- ------------
_HEAP                               0000DF72    000007FF =        2047. bytes (REL,CON)

      Value  Global                              Global Defined In Module
      -----  --------------------------------   ------------------------
     0000DF72  ___sdcc_heap                       

ASxxxx Linker V03.00/V05.40 + sdld,  page 89.
Hexadecimal  [32-Bits]

Area                                    Addr        Size        Decimal Bytes (Attributes)
--------------------------------        ----        ----        ------- ----- ------------
_HEAP_END                           0000E771    00000001 =           1. bytes (REL,CON)

      Value  Global                              Global Defined In Module
      -----  --------------------------------   ------------------------
     0000E771  ___sdcc_heap_end                   

ASxxxx Linker V03.00/V05.40 + sdld,  page 90.
Hexadecimal  [32-Bits]

Area                                    Addr        Size        Decimal Bytes (Attributes)
--------------------------------        ----        ----        ------- ----- ------------
_HRAM                               0000FF80    00000013 =          19. bytes (REL,CON)

      Value  Global                              Global Defined In Module
      -----  --------------------------------   ------------------------
     0000FF80  .refresh_OAM                       Runtime
     0000FF90  __current_bank                     Runtime
     0000FF91  __vbl_done                         Runtime
     0000FF92  __shadow_OAM_base                  Runtime

ASxxxx Linker V03.00/V05.40 + sdld,  page 91.

Files Linked                              [ module(s) ]

C:\Program Files\GBDK\lib/gb/crt0.o       [ Runtime ]
C:\Users\Bau_M\AppData\Local\Temp/lcc16600.o
                                          [ gender_select_tilemap ]
C:\Users\Bau_M\AppData\Local\Temp/lcc16601.o
                                          [ gender_select_tileset ]
C:\Users\Bau_M\AppData\Local\Temp/lcc16602.o
                                          [ inventory_bkg ]
C:\Users\Bau_M\AppData\Local\Temp/lcc16603.o
                                          [ map_example ]
C:\Users\Bau_M\AppData\Local\Temp/lcc16604.o
                                          [ template_tilemap ]
C:\Users\Bau_M\AppData\Local\Temp/lcc16605.o
                                          [ template_tileset ]
C:\Users\Bau_M\AppData\Local\Temp/lcc16606.o
                                          [ spr_InventoryArrow_idle ]
C:\Users\Bau_M\AppData\Local\Temp/lcc16607.o
                                          [ spr_Branch ]
C:\Users\Bau_M\AppData\Local\Temp/lcc16608.o
                                          [ spr_Player_down0 ]
C:\Users\Bau_M\AppData\Local\Temp/lcc16609.o
                                          [ spr_Player_down1 ]
C:\Users\Bau_M\AppData\Local\Temp/lcc166010.o
                                          [ spr_Player_down2 ]
C:\Users\Bau_M\AppData\Local\Temp/lcc166011.o
                                          [ spr_Player_up0 ]
C:\Users\Bau_M\AppData\Local\Temp/lcc166012.o
                                          [ spr_Player_up1 ]
C:\Users\Bau_M\AppData\Local\Temp/lcc166013.o
                                          [ spr_Player_up2 ]
C:\Users\Bau_M\AppData\Local\Temp/lcc166014.o
                                          [ action ]
C:\Users\Bau_M\AppData\Local\Temp/lcc166015.o
                                          [ animation ]
C:\Users\Bau_M\AppData\Local\Temp/lcc166016.o
                                          [ draw ]
C:\Users\Bau_M\AppData\Local\Temp/lcc166017.o
                                          [ entity ]
C:\Users\Bau_M\AppData\Local\Temp/lcc166018.o
                                          [ gender_selection ]
C:\Users\Bau_M\AppData\Local\Temp/lcc166019.o
                                          [ global_action ]
C:\Users\Bau_M\AppData\Local\Temp/lcc166020.o
                                          [ inventory ]
C:\Users\Bau_M\AppData\Local\Temp/lcc166021.o
                                          [ inventory_input ]
C:\Users\Bau_M\AppData\Local\Temp/lcc166022.o
                                          [ load ]
C:\Users\Bau_M\AppData\Local\Temp/lcc166023.o
                                          [ map_scenes ]
C:\Users\Bau_M\AppData\Local\Temp/lcc166024.o
                                          [ player ]
C:\Users\Bau_M\AppData\Local\Temp/lcc166025.o
                                          [ position ]
C:\Users\Bau_M\AppData\Local\Temp/lcc166026.o
                                          [ render ]
C:\Users\Bau_M\AppData\Local\Temp/lcc166027.o
                                          [ scene ]
C:\Users\Bau_M\AppData\Local\Temp/lcc166028.o
                                          [ scene_manager ]
C:\Users\Bau_M\AppData\Local\Temp/lcc166029.o
                                          [ gender_select ]
C:\Users\Bau_M\AppData\Local\Temp/lcc166030.o
                                          [ gender_select_init ]
C:\Users\Bau_M\AppData\Local\Temp/lcc166031.o
                                          [ gender_select_update ]
C:\Users\Bau_M\AppData\Local\Temp/lcc166032.o
                                          [ inventory_scene ]
C:\Users\Bau_M\AppData\Local\Temp/lcc166033.o
                                          [ inventory_scene_init ]
C:\Users\Bau_M\AppData\Local\Temp/lcc166034.o
                                          [ inventory_scene_update ]
C:\Users\Bau_M\AppData\Local\Temp/lcc166035.o
                                          [ map_00 ]
C:\Users\Bau_M\AppData\Local\Temp/lcc166036.o
                                          [ map_00_init ]
C:\Users\Bau_M\AppData\Local\Temp/lcc166037.o
                                          [ map_00_update ]
C:\Users\Bau_M\AppData\Local\Temp/lcc166038.o
                                          [ main ]


Libraries Linked                          [ object file ]

C:\Program Files\GBDK\lib/sm83/sm83.lib   [ free.o ]
C:\Program Files\GBDK\lib/sm83/sm83.lib   [ malloc.o ]
C:\Program Files\GBDK\lib/gb/gb.lib       [ set_data.o ]
C:\Program Files\GBDK\lib/sm83/sm83.lib   [ mul.o ]
C:\Program Files\GBDK\lib/gb/gb.lib       [ pad.o ]
C:\Program Files\GBDK\lib/sm83/sm83.lib   [ __sdcc_call_hl.o ]
C:\Program Files\GBDK\lib/gb/gb.lib       [ sfr.o ]
C:\Program Files\GBDK\lib/gb/gb.lib       [ heap.o ]
C:\Program Files\GBDK\lib/gb/gb.lib       [ set_bk_t.o ]
C:\Program Files\GBDK\lib/gb/gb.lib       [ set_xy_t.o ]

ASxxxx Linker V03.00/V05.40 + sdld,  page 92.

User Base Address Definitions

_DATA=0xC0A0
_CODE=0x0200
_HRAM=0xFF80
ASxxxx Linker V03.00/V05.40 + sdld,  page 93.

User Global Definitions

_shadow_OAM=0xC000
.STACK=0xE000

