ASxxxx Linker V03.00/V05.40 + sdld,  page 1.
Hexadecimal  [32-Bits]

Area                                    Addr        Size        Decimal Bytes (Attributes)
--------------------------------        ----        ----        ------- ----- ------------
.  .ABS.                            00000000    00000000 =           0. bytes (ABS,CON)

      Value  Global                              Global Defined In Module
      -----  --------------------------------   ------------------------
     00000000  .__.ABS.                           SetTileMap
     00000000  _rMBC7_SRAM_ENABLE_1               
     00000000  _rRAMG                             
     00000000  l__BASE                         
     00000000  l__BSS                          
     00000000  l__CABS                         
     00000000  l__CODE_0                       
     00000000  l__DABS                         
     00000000  l__HEADER                       
     00000000  l__LIT                          
     00000000  s__CABS                         
     00000000  s__DABS                         
     00000000  s__HEADER                       
     00000000  s__HEADER0                      
     00000000  s__HEADER1                      
     00000000  s__HEADER10                     
     00000000  s__HEADER11                     
     00000000  s__HEADER2                      
     00000000  s__HEADER3                      
     00000000  s__HEADER4                      
     00000000  s__HEADER5                      
     00000000  s__HEADER6                      
     00000000  s__HEADER7                      
     00000000  s__HEADER8                      
     00000000  s__HEADER9                      
     00000000  s__HEADERa                      
     00000000  s__HEADERb                      
     00000000  s__HEADERc                      
     00000000  s__HEADERd                      
     00000000  s__HEADERe                      
     00000000  s__HEADERf                      
     00000001  l__GSFINAL                      
     00000001  l__HEADER0                      
     00000001  l__HEADER5                      
     00000001  l__HEADERa                      
     00000001  l__HEADERb                      
     00000001  l__HEADERc                      
     00000001  l__HEADERe                      
     00000001  l__HEADERf                      
     00000001  l__HEAP_END                     
     00000002  l__HEADER10                     
     00000002  l__HEADER6                      
     00000002  l__HEADERd                      
     00000003  l__HEADER9                      
     00000005  l__HEADER1                      
     00000006  l__HEADER8                      
     00000007  l__HEADER2                      
     00000008  l__HEADER3                      
     0000000F  l__GSINIT                       
     00000013  l__HRAM                         
ASxxxx Linker V03.00/V05.40 + sdld,  page 2.
Hexadecimal  [32-Bits]

Area                                    Addr        Size        Decimal Bytes (Attributes)
--------------------------------        ----        ----        ------- ----- ------------
.  .ABS.                            00000000    00000000 =           0. bytes (ABS,CON)

      Value  Global                              Global Defined In Module
      -----  --------------------------------   ------------------------
     00000030  l__HEADER7                      
     00000060  l__HEADER4                      
     000000AB  l__HEADER11                     
     0000012C  l__HOME                         
     00000200  s__CODE                         
     00000275  l__INITIALIZED                  
     00000275  l__INITIALIZER                  
     000003A4  l__DATA                         
     000007FF  l__HEAP                         
     00001060  l__CODE_3                       
     00002000  _rROMB0                            
     00002058  l__CODE_1                       
     00002F29  l__CODE                         
     00003000  _rROMB1                            
     00003129  s__HOME                         
     00003255  s__BASE                         
     00003255  s__CODE_0                       
     00003255  s__INITIALIZER                  
     00003255  s__LIT                          
     000034CA  s__GSINIT                       
     000034D9  s__GSFINAL                      
     000035B7  l__CODE_2                       
     00004000  _rMBC7_SRAM_ENABLE_2               
     00004000  _rRAMB                             
     00008000  __VRAM                             
     00008000  __VRAM8000                         
     00008800  __VRAM8800                         
     00009000  __VRAM9000                         
     00009800  __SCRN0                            
     00009C00  __SCRN1                            
     0000A000  __SRAM                             
     0000A000  _rMBC7_LATCH_1                     
     0000A010  _rMBC7_LATCH_2                     
     0000A020  _rMBC7_ACCEL_X_LO                  
     0000A030  _rMBC7_ACCEL_X_HI                  
     0000A040  _rMBC7_ACCEL_Y_LO                  
     0000A050  _rMBC7_ACCEL_Y_HI                  
     0000C000  __RAM                              
     0000C000  _shadow_OAM                     
     0000C0A0  s__DATA                         
     0000C444  s__BSS                          
     0000C444  s__INITIALIZED                  
     0000C6B9  s__HEAP                         
     0000CEB8  s__HEAP_END                     
     0000D000  __RAMBANK                          
     0000E000  .STACK                          
     0000FE00  __OAMRAM                           
     0000FF00  _P1_REG                            
     0000FF00  __IO                               
     0000FF01  _SB_REG                            
     0000FF02  _SC_REG                            
ASxxxx Linker V03.00/V05.40 + sdld,  page 3.
Hexadecimal  [32-Bits]

Area                                    Addr        Size        Decimal Bytes (Attributes)
--------------------------------        ----        ----        ------- ----- ------------
.  .ABS.                            00000000    00000000 =           0. bytes (ABS,CON)

      Value  Global                              Global Defined In Module
      -----  --------------------------------   ------------------------
     0000FF04  _DIV_REG                           
     0000FF05  _TIMA_REG                          
     0000FF06  _TMA_REG                           
     0000FF07  _TAC_REG                           
     0000FF0F  _IF_REG                            
     0000FF10  _NR10_REG                          
     0000FF11  _NR11_REG                          
     0000FF12  _NR12_REG                          
     0000FF13  _NR13_REG                          
     0000FF14  _NR14_REG                          
     0000FF16  _NR21_REG                          
     0000FF17  _NR22_REG                          
     0000FF18  _NR23_REG                          
     0000FF19  _NR24_REG                          
     0000FF1A  _NR30_REG                          
     0000FF1B  _NR31_REG                          
     0000FF1C  _NR32_REG                          
     0000FF1D  _NR33_REG                          
     0000FF1E  _NR34_REG                          
     0000FF20  _NR41_REG                          
     0000FF21  _NR42_REG                          
     0000FF22  _NR43_REG                          
     0000FF23  _NR44_REG                          
     0000FF24  _NR50_REG                          
     0000FF25  _NR51_REG                          
     0000FF26  _NR52_REG                          
     0000FF30  _AUD3WAVE                          
     0000FF30  _PCM_SAMPLE                        
     0000FF30  __AUD3WAVERAM                      
     0000FF40  _LCDC_REG                          
     0000FF41  _STAT_REG                          
     0000FF42  _SCY_REG                           
     0000FF43  _SCX_REG                           
     0000FF44  _LY_REG                            
     0000FF45  _LYC_REG                           
     0000FF46  _DMA_REG                           
     0000FF47  _BGP_REG                           
     0000FF48  _OBP0_REG                          
     0000FF49  _OBP1_REG                          
     0000FF4A  _WY_REG                            
     0000FF4B  _WX_REG                            
     0000FF4D  _KEY1_REG                          
     0000FF4F  _VBK_REG                           
     0000FF51  _HDMA1_REG                         
     0000FF52  _HDMA2_REG                         
     0000FF53  _HDMA3_REG                         
     0000FF54  _HDMA4_REG                         
     0000FF55  _HDMA5_REG                         
     0000FF56  _RP_REG                            
     0000FF68  _BCPS_REG                          
     0000FF69  _BCPD_REG                          
ASxxxx Linker V03.00/V05.40 + sdld,  page 4.
Hexadecimal  [32-Bits]

Area                                    Addr        Size        Decimal Bytes (Attributes)
--------------------------------        ----        ----        ------- ----- ------------
.  .ABS.                            00000000    00000000 =           0. bytes (ABS,CON)

      Value  Global                              Global Defined In Module
      -----  --------------------------------   ------------------------
     0000FF6A  _OCPS_REG                          
     0000FF6B  _OCPD_REG                          
     0000FF70  _SVBK_REG                          
     0000FF76  _PCM12_REG                         
     0000FF77  _PCM34_REG                         
     0000FF80  __HRAM                             
     0000FF80  s__HRAM                         
     0000FFFF  _IE_REG                            
     00014000  s__CODE_1                       
     00024000  s__CODE_2                       
     00034000  s__CODE_3                       

ASxxxx Linker V03.00/V05.40 + sdld,  page 5.
Hexadecimal  [32-Bits]

Area                                    Addr        Size        Decimal Bytes (Attributes)
--------------------------------        ----        ----        ------- ----- ------------
_CODE                               00000200    00002F29 =       12073. bytes (REL,CON)

      Value  Global                              Global Defined In Module
      -----  --------------------------------   ------------------------
     00000200  A$action$59                        action
     00000200  C$action.c$11$0_0$171              action
     00000200  G$move_up$0$0                      action
     00000200  _move_up                           action
     00000202  A$action$60                        action
     00000204  A$action$61                        action
     00000205  A$action$65                        action
     00000205  C$action.c$13$2_0$172              action
     00000208  A$action$66                        action
     0000020A  A$action$70                        action
     0000020A  C$action.c$14$2_0$172              action
     0000020C  A$action$74                        action
     0000020C  C$action.c$16$1_0$171              action
     0000020E  A$action$75                        action
     0000020F  A$action$76                        action
     00000210  A$action$77                        action
     00000212  A$action$78                        action
     00000213  A$action$79                        action
     00000215  A$action$80                        action
     00000217  A$action$81                        action
     00000218  A$action$82                        action
     00000219  A$action$83                        action
     0000021A  A$action$84                        action
     0000021B  A$action$85                        action
     0000021C  A$action$86                        action
     0000021D  A$action$87                        action
     00000220  A$action$88                        action
     00000221  A$action$89                        action
     00000222  A$action$90                        action
     00000223  A$action$91                        action
     00000224  A$action$92                        action
     00000226  A$action$93                        action
     00000227  A$action$94                        action
     00000228  A$action$95                        action
     00000229  A$action$96                        action
     0000022A  A$action$97                        action
     0000022B  A$action$98                        action
     0000022C  A$action$99                        action
     0000022D  A$action$100                       action
     0000022F  A$action$101                       action
     00000230  A$action$102                       action
     00000231  A$action$103                       action
     00000232  A$action$104                       action
     00000233  A$action$105                       action
     00000234  A$action$106                       action
     00000235  A$action$107                       action
     00000236  A$action$108                       action
     00000237  A$action$109                       action
     00000238  A$action$110                       action
     00000239  A$action$111                       action
ASxxxx Linker V03.00/V05.40 + sdld,  page 6.
Hexadecimal  [32-Bits]

Area                                    Addr        Size        Decimal Bytes (Attributes)
--------------------------------        ----        ----        ------- ----- ------------
_CODE                               00000200    00002F29 =       12073. bytes (REL,CON)

      Value  Global                              Global Defined In Module
      -----  --------------------------------   ------------------------
     0000023A  A$action$112                       action
     0000023B  A$action$113                       action
     0000023C  A$action$114                       action
     0000023D  A$action$115                       action
     0000023F  A$action$116                       action
     00000240  A$action$117                       action
     00000241  A$action$118                       action
     00000242  A$action$119                       action
     00000243  A$action$120                       action
     00000244  A$action$124                       action
     00000244  C$action.c$17$1_0$171              action
     00000245  A$action$125                       action
     00000246  A$action$126                       action
     00000249  A$action$127                       action
     0000024A  A$action$128                       action
     0000024C  A$action$129                       action
     0000024D  A$action$130                       action
     0000024E  A$action$131                       action
     0000024F  A$action$132                       action
     00000251  A$action$133                       action
     00000252  A$action$134                       action
     00000253  A$action$139                       action
     00000255  A$action$144                       action
     00000255  C$action.c$18$1_0$171              action
     00000255  XG$move_up$0$0                     action
     00000256  A$action$154                       action
     00000256  C$action.c$20$1_0$174              action
     00000256  G$move_down$0$0                    action
     00000256  _move_down                         action
     00000258  A$action$155                       action
     0000025A  A$action$156                       action
     0000025B  A$action$160                       action
     0000025B  C$action.c$22$2_0$175              action
     0000025E  A$action$161                       action
     00000260  A$action$165                       action
     00000260  C$action.c$23$2_0$175              action
     00000262  A$action$169                       action
     00000262  C$action.c$25$1_0$174              action
     00000264  A$action$170                       action
     00000265  A$action$171                       action
     00000266  A$action$172                       action
     00000268  A$action$173                       action
     00000269  A$action$174                       action
     0000026B  A$action$175                       action
     0000026D  A$action$176                       action
     0000026E  A$action$177                       action
     0000026F  A$action$178                       action
     00000270  A$action$179                       action
     00000271  A$action$180                       action
     00000272  A$action$181                       action
     00000273  A$action$182                       action
ASxxxx Linker V03.00/V05.40 + sdld,  page 7.
Hexadecimal  [32-Bits]

Area                                    Addr        Size        Decimal Bytes (Attributes)
--------------------------------        ----        ----        ------- ----- ------------
_CODE                               00000200    00002F29 =       12073. bytes (REL,CON)

      Value  Global                              Global Defined In Module
      -----  --------------------------------   ------------------------
     00000276  A$action$183                       action
     00000277  A$action$184                       action
     00000278  A$action$185                       action
     00000279  A$action$186                       action
     0000027A  A$action$187                       action
     0000027C  A$action$188                       action
     0000027D  A$action$189                       action
     0000027E  A$action$190                       action
     0000027F  A$action$191                       action
     00000280  A$action$192                       action
     00000281  A$action$193                       action
     00000282  A$action$194                       action
     00000283  A$action$195                       action
     00000285  A$action$196                       action
     00000286  A$action$197                       action
     00000287  A$action$198                       action
     00000288  A$action$199                       action
     00000289  A$action$200                       action
     0000028A  A$action$201                       action
     0000028B  A$action$202                       action
     0000028C  A$action$203                       action
     0000028D  A$action$204                       action
     0000028E  A$action$205                       action
     0000028F  A$action$206                       action
     00000290  A$action$207                       action
     00000291  A$action$208                       action
     00000292  A$action$209                       action
     00000293  A$action$210                       action
     00000294  A$action$211                       action
     00000295  A$action$212                       action
     00000296  A$action$216                       action
     00000296  C$action.c$26$1_0$174              action
     00000299  A$action$217                       action
     0000029B  A$action$218                       action
     0000029C  A$action$219                       action
     0000029E  A$action$220                       action
     0000029F  A$action$221                       action
     000002A0  A$action$222                       action
     000002A1  A$action$223                       action
     000002A2  A$action$224                       action
     000002A3  A$action$229                       action
     000002A5  A$action$234                       action
     000002A5  C$action.c$27$1_0$174              action
     000002A5  XG$move_down$0$0                   action
     000002A6  A$action$244                       action
     000002A6  C$action.c$29$1_0$177              action
     000002A6  G$move_left$0$0                    action
     000002A6  _move_left                         action
     000002A8  A$action$245                       action
     000002AA  A$action$246                       action
     000002AB  A$action$250                       action
ASxxxx Linker V03.00/V05.40 + sdld,  page 8.
Hexadecimal  [32-Bits]

Area                                    Addr        Size        Decimal Bytes (Attributes)
--------------------------------        ----        ----        ------- ----- ------------
_CODE                               00000200    00002F29 =       12073. bytes (REL,CON)

      Value  Global                              Global Defined In Module
      -----  --------------------------------   ------------------------
     000002AB  C$action.c$31$2_0$178              action
     000002AE  A$action$251                       action
     000002B0  A$action$255                       action
     000002B0  C$action.c$32$2_0$178              action
     000002B2  A$action$259                       action
     000002B2  C$action.c$34$1_0$177              action
     000002B4  A$action$260                       action
     000002B5  A$action$261                       action
     000002B6  A$action$262                       action
     000002B8  A$action$263                       action
     000002B9  A$action$264                       action
     000002BB  A$action$265                       action
     000002BD  A$action$266                       action
     000002BE  A$action$267                       action
     000002BF  A$action$268                       action
     000002C0  A$action$269                       action
     000002C1  A$action$270                       action
     000002C2  A$action$271                       action
     000002C3  A$action$272                       action
     000002C6  A$action$273                       action
     000002C7  A$action$274                       action
     000002C8  A$action$275                       action
     000002C9  A$action$276                       action
     000002CA  A$action$277                       action
     000002CC  A$action$278                       action
     000002CD  A$action$279                       action
     000002CE  A$action$280                       action
     000002CF  A$action$281                       action
     000002D0  A$action$282                       action
     000002D1  A$action$283                       action
     000002D2  A$action$284                       action
     000002D3  A$action$285                       action
     000002D5  A$action$286                       action
     000002D6  A$action$287                       action
     000002D7  A$action$288                       action
     000002D8  A$action$289                       action
     000002D9  A$action$290                       action
     000002DA  A$action$291                       action
     000002DB  A$action$292                       action
     000002DC  A$action$293                       action
     000002DD  A$action$294                       action
     000002DE  A$action$295                       action
     000002DF  A$action$296                       action
     000002E0  A$action$297                       action
     000002E1  A$action$298                       action
     000002E2  A$action$299                       action
     000002E3  A$action$300                       action
     000002E5  A$action$301                       action
     000002E6  A$action$302                       action
     000002E7  A$action$303                       action
     000002E8  A$action$304                       action
ASxxxx Linker V03.00/V05.40 + sdld,  page 9.
Hexadecimal  [32-Bits]

Area                                    Addr        Size        Decimal Bytes (Attributes)
--------------------------------        ----        ----        ------- ----- ------------
_CODE                               00000200    00002F29 =       12073. bytes (REL,CON)

      Value  Global                              Global Defined In Module
      -----  --------------------------------   ------------------------
     000002E9  A$action$305                       action
     000002EA  A$action$309                       action
     000002EA  C$action.c$35$1_0$177              action
     000002EB  A$action$310                       action
     000002EC  A$action$311                       action
     000002EF  A$action$312                       action
     000002F0  A$action$313                       action
     000002F2  A$action$314                       action
     000002F3  A$action$315                       action
     000002F4  A$action$316                       action
     000002F5  A$action$317                       action
     000002F7  A$action$318                       action
     000002F8  A$action$319                       action
     000002F9  A$action$324                       action
     000002FB  A$action$329                       action
     000002FB  C$action.c$36$1_0$177              action
     000002FB  XG$move_left$0$0                   action
     000002FC  A$action$339                       action
     000002FC  C$action.c$38$1_0$180              action
     000002FC  G$move_right$0$0                   action
     000002FC  _move_right                        action
     000002FE  A$action$340                       action
     00000300  A$action$341                       action
     00000301  A$action$345                       action
     00000301  C$action.c$40$2_0$181              action
     00000304  A$action$346                       action
     00000306  A$action$350                       action
     00000306  C$action.c$41$2_0$181              action
     00000308  A$action$354                       action
     00000308  C$action.c$43$1_0$180              action
     0000030A  A$action$355                       action
     0000030B  A$action$356                       action
     0000030C  A$action$357                       action
     0000030E  A$action$358                       action
     0000030F  A$action$359                       action
     00000311  A$action$360                       action
     00000313  A$action$361                       action
     00000314  A$action$362                       action
     00000315  A$action$363                       action
     00000316  A$action$364                       action
     00000317  A$action$365                       action
     00000318  A$action$366                       action
     00000319  A$action$367                       action
     0000031C  A$action$368                       action
     0000031D  A$action$369                       action
     0000031E  A$action$370                       action
     0000031F  A$action$371                       action
     00000320  A$action$372                       action
     00000322  A$action$373                       action
     00000323  A$action$374                       action
     00000324  A$action$375                       action
ASxxxx Linker V03.00/V05.40 + sdld,  page 10.
Hexadecimal  [32-Bits]

Area                                    Addr        Size        Decimal Bytes (Attributes)
--------------------------------        ----        ----        ------- ----- ------------
_CODE                               00000200    00002F29 =       12073. bytes (REL,CON)

      Value  Global                              Global Defined In Module
      -----  --------------------------------   ------------------------
     00000325  A$action$376                       action
     00000326  A$action$377                       action
     00000327  A$action$378                       action
     00000328  A$action$379                       action
     00000329  A$action$380                       action
     0000032B  A$action$381                       action
     0000032C  A$action$382                       action
     0000032D  A$action$383                       action
     0000032E  A$action$384                       action
     0000032F  A$action$385                       action
     00000330  A$action$386                       action
     00000331  A$action$387                       action
     00000332  A$action$388                       action
     00000333  A$action$389                       action
     00000334  A$action$390                       action
     00000335  A$action$391                       action
     00000336  A$action$392                       action
     00000337  A$action$393                       action
     00000338  A$action$394                       action
     00000339  A$action$395                       action
     0000033A  A$action$396                       action
     0000033B  A$action$397                       action
     0000033C  A$action$401                       action
     0000033C  C$action.c$44$1_0$180              action
     0000033D  A$action$402                       action
     00000340  A$action$403                       action
     00000342  A$action$404                       action
     00000343  A$action$405                       action
     00000345  A$action$406                       action
     00000346  A$action$407                       action
     00000347  A$action$408                       action
     00000348  A$action$409                       action
     00000349  A$action$410                       action
     0000034A  A$action$411                       action
     0000034B  A$action$416                       action
     0000034D  A$action$421                       action
     0000034D  C$action.c$45$1_0$180              action
     0000034D  XG$move_right$0$0                  action
     0000034E  A$animation$59                     animation
     0000034E  C$animation.c$7$0_0$137            animation
     0000034E  G$init_animation$0$0               animation
     0000034E  _init_animation                    animation
     00000350  A$animation$60                     animation
     00000352  A$animation$61                     animation
     00000353  A$animation$62                     animation
     00000354  A$animation$63                     animation
     00000355  A$animation$64                     animation
     00000356  A$animation$65                     animation
     00000357  A$animation$69                     animation
     00000357  C$animation.c$12$1_0$137           animation
     00000359  A$animation$70                     animation
ASxxxx Linker V03.00/V05.40 + sdld,  page 11.
Hexadecimal  [32-Bits]

Area                                    Addr        Size        Decimal Bytes (Attributes)
--------------------------------        ----        ----        ------- ----- ------------
_CODE                               00000200    00002F29 =       12073. bytes (REL,CON)

      Value  Global                              Global Defined In Module
      -----  --------------------------------   ------------------------
     0000035A  A$animation$71                     animation
     0000035B  A$animation$72                     animation
     0000035C  A$animation$73                     animation
     0000035D  A$animation$74                     animation
     0000035E  A$animation$75                     animation
     0000035F  A$animation$76                     animation
     00000361  A$animation$77                     animation
     00000363  A$animation$78                     animation
     00000364  A$animation$79                     animation
     00000365  A$animation$80                     animation
     00000366  A$animation$81                     animation
     00000367  A$animation$82                     animation
     00000368  A$animation$83                     animation
     00000369  A$animation$87                     animation
     00000369  C$animation.c$14$1_0$137           animation
     0000036A  A$animation$88                     animation
     0000036B  A$animation$89                     animation
     0000036C  A$animation$90                     animation
     0000036E  A$animation$91                     animation
     0000036F  A$animation$92                     animation
     00000370  A$animation$96                     animation
     00000370  C$animation.c$15$1_0$137           animation
     00000371  A$animation$97                     animation
     00000372  A$animation$98                     animation
     00000373  A$animation$99                     animation
     00000374  A$animation$100                    animation
     00000375  A$animation$101                    animation
     00000376  A$animation$102                    animation
     00000378  A$animation$103                    animation
     00000379  A$animation$104                    animation
     0000037A  A$animation$105                    animation
     0000037B  A$animation$109                    animation
     0000037B  C$animation.c$16$1_0$137           animation
     0000037E  A$animation$110                    animation
     0000037F  A$animation$111                    animation
     00000381  A$animation$115                    animation
     00000381  C$animation.c$17$1_0$137           animation
     00000382  A$animation$116                    animation
     00000383  A$animation$117                    animation
     00000384  A$animation$118                    animation
     00000385  A$animation$119                    animation
     00000387  A$animation$123                    animation
     00000387  C$animation.c$18$1_0$137           animation
     0000038A  A$animation$124                    animation
     0000038B  A$animation$125                    animation
     0000038C  A$animation$126                    animation
     0000038E  A$animation$127                    animation
     0000038F  A$animation$128                    animation
     00000390  A$animation$129                    animation
     00000391  A$animation$133                    animation
     00000391  C$animation.c$21$1_0$137           animation
ASxxxx Linker V03.00/V05.40 + sdld,  page 12.
Hexadecimal  [32-Bits]

Area                                    Addr        Size        Decimal Bytes (Attributes)
--------------------------------        ----        ----        ------- ----- ------------
_CODE                               00000200    00002F29 =       12073. bytes (REL,CON)

      Value  Global                              Global Defined In Module
      -----  --------------------------------   ------------------------
     00000392  A$animation$134                    animation
     00000393  A$animation$135                    animation
     00000394  A$animation$136                    animation
     00000395  A$animation$137                    animation
     00000397  A$animation$138                    animation
     00000398  A$animation$139                    animation
     00000399  A$animation$140                    animation
     0000039A  A$animation$141                    animation
     0000039B  A$animation$142                    animation
     0000039E  A$animation$143                    animation
     0000039F  A$animation$144                    animation
     000003A0  A$animation$145                    animation
     000003A1  A$animation$146                    animation
     000003A3  A$animation$147                    animation
     000003A4  A$animation$148                    animation
     000003A5  A$animation$149                    animation
     000003A6  A$animation$150                    animation
     000003A8  A$animation$151                    animation
     000003A9  A$animation$152                    animation
     000003AC  A$animation$153                    animation
     000003AD  A$animation$154                    animation
     000003AE  A$animation$155                    animation
     000003AF  A$animation$156                    animation
     000003B0  A$animation$160                    animation
     000003B0  C$animation.c$24$2_0$137           animation
     000003B2  A$animation$162                    animation
     000003B3  A$animation$163                    animation
     000003B4  A$animation$164                    animation
     000003B5  A$animation$165                    animation
     000003B6  A$animation$166                    animation
     000003B8  A$animation$167                    animation
     000003B9  A$animation$168                    animation
     000003BB  A$animation$173                    animation
     000003BB  C$animation.c$32$2_0$140           animation
     000003BD  A$animation$174                    animation
     000003BE  A$animation$175                    animation
     000003BF  A$animation$176                    animation
     000003C0  A$animation$177                    animation
     000003C3  A$animation$178                    animation
     000003C4  A$animation$179                    animation
     000003C5  A$animation$180                    animation
     000003C6  A$animation$181                    animation
     000003C7  A$animation$182                    animation
     000003C8  A$animation$183                    animation
     000003CA  A$animation$187                    animation
     000003CA  C$animation.c$33$2_0$140           animation
     000003CC  A$animation$188                    animation
     000003CD  A$animation$189                    animation
     000003CE  A$animation$194                    animation
     000003CE  C$animation.c$34$2_0$137           animation
     000003D0  A$animation$195                    animation
ASxxxx Linker V03.00/V05.40 + sdld,  page 13.
Hexadecimal  [32-Bits]

Area                                    Addr        Size        Decimal Bytes (Attributes)
--------------------------------        ----        ----        ------- ----- ------------
_CODE                               00000200    00002F29 =       12073. bytes (REL,CON)

      Value  Global                              Global Defined In Module
      -----  --------------------------------   ------------------------
     000003D1  A$animation$196                    animation
     000003D3  A$animation$197                    animation
     000003D4  A$animation$207                    animation
     000003D4  C$animation.c$36$2_0$142           animation
     000003D4  G$update_animation$0$0             animation
     000003D4  _update_animation                  animation
     000003D5  A$animation$208                    animation
     000003D6  A$animation$209                    animation
     000003D7  A$animation$210                    animation
     000003D8  A$animation$214                    animation
     000003D8  C$animation.c$38$1_0$142           animation
     000003DB  A$animation$215                    animation
     000003DC  A$animation$216                    animation
     000003DD  A$animation$217                    animation
     000003DE  A$animation$218                    animation
     000003DF  A$animation$219                    animation
     000003E0  A$animation$220                    animation
     000003E1  A$animation$221                    animation
     000003E2  A$animation$222                    animation
     000003E3  A$animation$223                    animation
     000003E5  A$animation$224                    animation
     000003E6  A$animation$225                    animation
     000003E7  A$animation$229                    animation
     000003E7  C$animation.c$40$1_0$142           animation
     000003EA  A$animation$230                    animation
     000003EB  A$animation$231                    animation
     000003EC  A$animation$232                    animation
     000003ED  A$animation$233                    animation
     000003EE  A$animation$234                    animation
     000003EF  A$animation$235                    animation
     000003F1  A$animation$236                    animation
     000003F2  A$animation$237                    animation
     000003F3  A$animation$241                    animation
     000003F3  C$animation.c$41$2_0$143           animation
     000003F4  A$animation$242                    animation
     000003F5  A$animation$243                    animation
     000003F6  A$animation$244                    animation
     000003F7  A$animation$245                    animation
     000003F8  A$animation$246                    animation
     000003F9  A$animation$247                    animation
     000003FB  A$animation$248                    animation
     000003FC  A$animation$249                    animation
     000003FE  A$animation$250                    animation
     000003FF  A$animation$251                    animation
     00000400  A$animation$252                    animation
     00000402  A$animation$256                    animation
     00000402  C$animation.c$43$3_0$144           animation
     00000403  A$animation$257                    animation
     00000404  A$animation$261                    animation
     00000404  C$animation.c$44$3_0$144           animation
     00000405  A$animation$262                    animation
ASxxxx Linker V03.00/V05.40 + sdld,  page 14.
Hexadecimal  [32-Bits]

Area                                    Addr        Size        Decimal Bytes (Attributes)
--------------------------------        ----        ----        ------- ----- ------------
_CODE                               00000200    00002F29 =       12073. bytes (REL,CON)

      Value  Global                              Global Defined In Module
      -----  --------------------------------   ------------------------
     00000406  A$animation$263                    animation
     00000407  A$animation$264                    animation
     00000408  A$animation$265                    animation
     00000409  A$animation$266                    animation
     0000040A  A$animation$270                    animation
     0000040A  C$animation.c$45$4_0$145           animation
     0000040B  A$animation$271                    animation
     0000040C  A$animation$272                    animation
     0000040D  A$animation$273                    animation
     0000040E  A$animation$274                    animation
     0000040F  A$animation$275                    animation
     00000411  A$animation$279                    animation
     00000411  C$animation.c$46$4_0$145           animation
     00000413  A$animation$284                    animation
     00000414  A$animation$285                    animation
     00000415  A$animation$290                    animation
     00000415  C$animation.c$48$2_0$142           animation
     00000415  XG$update_animation$0$0            animation
     00000416  A$animation$300                    animation
     00000416  C$animation.c$50$2_0$147           animation
     00000416  G$set_animation$0$0                animation
     00000416  _set_animation                     animation
     00000417  A$animation$301                    animation
     00000418  A$animation$302                    animation
     00000419  A$animation$306                    animation
     00000419  C$animation.c$52$2_0$148           animation
     0000041A  A$animation$307                    animation
     0000041C  A$animation$308                    animation
     0000041D  A$animation$309                    animation
     0000041E  A$animation$310                    animation
     00000420  A$animation$311                    animation
     00000421  A$animation$312                    animation
     00000422  A$animation$313                    animation
     00000423  A$animation$314                    animation
     00000424  A$animation$321                    animation
     00000424  C$animation.c$53$2_0$148           animation
     00000424  C$animation.c$55$1_0$147           animation
     00000425  A$animation$322                    animation
     00000426  A$animation$326                    animation
     00000426  C$animation.c$56$1_1$149           animation
     00000427  A$animation$327                    animation
     00000428  A$animation$328                    animation
     00000429  A$animation$329                    animation
     0000042A  A$animation$330                    animation
     0000042C  A$animation$331                    animation
     0000042D  A$animation$335                    animation
     0000042D  C$animation.c$57$1_1$149           animation
     0000042E  A$animation$336                    animation
     0000042F  A$animation$337                    animation
     00000430  A$animation$338                    animation
     00000431  A$animation$339                    animation
ASxxxx Linker V03.00/V05.40 + sdld,  page 15.
Hexadecimal  [32-Bits]

Area                                    Addr        Size        Decimal Bytes (Attributes)
--------------------------------        ----        ----        ------- ----- ------------
_CODE                               00000200    00002F29 =       12073. bytes (REL,CON)

      Value  Global                              Global Defined In Module
      -----  --------------------------------   ------------------------
     00000432  A$animation$340                    animation
     00000433  A$animation$344                    animation
     00000433  C$animation.c$58$1_1$149           animation
     00000436  A$animation$345                    animation
     00000437  A$animation$346                    animation
     00000439  A$animation$354                    animation
     00000439  C$animation.c$59$1_1$147           animation
     00000439  XG$set_animation$0$0               animation
     0000043A  A$auto_clean$64                    auto_clean
     0000043A  C$auto_clean.c$7$0_0$9             auto_clean
     0000043A  C$auto_clean.c$9$2_0$9             auto_clean
     0000043A  G$Map_AutoClean$0$0                auto_clean
     0000043A  _Map_AutoClean                     auto_clean
     0000043D  A$auto_clean$65                    auto_clean
     0000043E  A$auto_clean$66                    auto_clean
     0000043F  A$auto_clean$67                    auto_clean
     00000442  A$auto_clean$68                    auto_clean
     00000443  A$auto_clean$69                    auto_clean
     00000444  A$auto_clean$73                    auto_clean
     00000444  C$auto_clean.c$11$3_0$10           auto_clean
     00000445  A$auto_clean$74                    auto_clean
     00000448  A$auto_clean$85                    auto_clean
     00000448  C$auto_clean.c$12$3_0$10           auto_clean
     00000448  C$auto_clean.c$14$2_0$9            auto_clean
     00000448  XG$Map_AutoClean$0$0               auto_clean
     0000044B  A$buttons$58                       buttons
     0000044B  C$buttons.c$21$0_0$126             buttons
     0000044B  C$buttons.c$22$1_0$126             buttons
     0000044B  G$init_buttons_tileset$0$0         buttons
     0000044B  _init_buttons_tileset              buttons
     0000044E  A$buttons$59                       buttons
     0000044F  A$buttons$60                       buttons
     00000452  A$buttons$61                       buttons
     00000453  A$buttons$62                       buttons
     00000456  A$buttons$63                       buttons
     00000458  A$buttons$71                       buttons
     00000458  C$buttons.c$23$1_0$126             buttons
     00000458  XG$init_buttons_tileset$0$0        buttons
     00000459  G$buttons_tileset$0_0$0            buttons
     00000459  _buttons_tileset                   buttons
     00000489  G$buttons_tilemap$0_0$0            buttons
     00000489  _buttons_tilemap                   buttons
     0000048C  G$chars_tileset$0_0$0              chars
     0000048C  _chars_tileset                     chars
     0000068C  G$chars_tilemap$0_0$0              chars
     0000068C  _chars_tilemap                     chars
     000006AB  A$char_to_tile$52                  char_to_tile
     000006AB  C$char_to_tile.c$3$0_0$3           char_to_tile
     000006AB  G$char_to_tile$0$0                 char_to_tile
     000006AB  _char_to_tile                      char_to_tile
     000006AD  A$char_to_tile$53                  char_to_tile
ASxxxx Linker V03.00/V05.40 + sdld,  page 16.
Hexadecimal  [32-Bits]

Area                                    Addr        Size        Decimal Bytes (Attributes)
--------------------------------        ----        ----        ------- ----- ------------
_CODE                               00000200    00002F29 =       12073. bytes (REL,CON)

      Value  Global                              Global Defined In Module
      -----  --------------------------------   ------------------------
     000006AF  A$char_to_tile$54                  char_to_tile
     000006B0  A$char_to_tile$58                  char_to_tile
     000006B0  C$char_to_tile.c$4$2_0$3           char_to_tile
     000006B2  A$char_to_tile$59                  char_to_tile
     000006B4  A$char_to_tile$60                  char_to_tile
     000006B5  A$char_to_tile$61                  char_to_tile
     000006B7  A$char_to_tile$62                  char_to_tile
     000006B8  A$char_to_tile$63                  char_to_tile
     000006BA  A$char_to_tile$64                  char_to_tile
     000006BB  A$char_to_tile$65                  char_to_tile
     000006BD  A$char_to_tile$66                  char_to_tile
     000006BE  A$char_to_tile$67                  char_to_tile
     000006C0  A$char_to_tile$68                  char_to_tile
     000006C1  A$char_to_tile$69                  char_to_tile
     000006C3  A$char_to_tile$70                  char_to_tile
     000006C4  A$char_to_tile$71                  char_to_tile
     000006C6  A$char_to_tile$72                  char_to_tile
     000006C7  A$char_to_tile$73                  char_to_tile
     000006C9  A$char_to_tile$74                  char_to_tile
     000006CA  A$char_to_tile$75                  char_to_tile
     000006CC  A$char_to_tile$76                  char_to_tile
     000006CD  A$char_to_tile$77                  char_to_tile
     000006CF  A$char_to_tile$78                  char_to_tile
     000006D0  A$char_to_tile$79                  char_to_tile
     000006D2  A$char_to_tile$80                  char_to_tile
     000006D3  A$char_to_tile$81                  char_to_tile
     000006D5  A$char_to_tile$82                  char_to_tile
     000006D6  A$char_to_tile$83                  char_to_tile
     000006D8  A$char_to_tile$84                  char_to_tile
     000006D9  A$char_to_tile$85                  char_to_tile
     000006DB  A$char_to_tile$86                  char_to_tile
     000006DC  A$char_to_tile$87                  char_to_tile
     000006DE  A$char_to_tile$88                  char_to_tile
     000006DF  A$char_to_tile$89                  char_to_tile
     000006E1  A$char_to_tile$90                  char_to_tile
     000006E2  A$char_to_tile$91                  char_to_tile
     000006E4  A$char_to_tile$92                  char_to_tile
     000006E5  A$char_to_tile$93                  char_to_tile
     000006E7  A$char_to_tile$94                  char_to_tile
     000006E8  A$char_to_tile$95                  char_to_tile
     000006EA  A$char_to_tile$96                  char_to_tile
     000006EB  A$char_to_tile$97                  char_to_tile
     000006ED  A$char_to_tile$98                  char_to_tile
     000006EE  A$char_to_tile$99                  char_to_tile
     000006F0  A$char_to_tile$100                 char_to_tile
     000006F1  A$char_to_tile$101                 char_to_tile
     000006F3  A$char_to_tile$102                 char_to_tile
     000006F4  A$char_to_tile$103                 char_to_tile
     000006F6  A$char_to_tile$104                 char_to_tile
     000006F7  A$char_to_tile$105                 char_to_tile
     000006F9  A$char_to_tile$106                 char_to_tile
ASxxxx Linker V03.00/V05.40 + sdld,  page 17.
Hexadecimal  [32-Bits]

Area                                    Addr        Size        Decimal Bytes (Attributes)
--------------------------------        ----        ----        ------- ----- ------------
_CODE                               00000200    00002F29 =       12073. bytes (REL,CON)

      Value  Global                              Global Defined In Module
      -----  --------------------------------   ------------------------
     000006FA  A$char_to_tile$107                 char_to_tile
     000006FC  A$char_to_tile$108                 char_to_tile
     000006FD  A$char_to_tile$109                 char_to_tile
     000006FF  A$char_to_tile$110                 char_to_tile
     00000700  A$char_to_tile$111                 char_to_tile
     00000702  A$char_to_tile$112                 char_to_tile
     00000703  A$char_to_tile$113                 char_to_tile
     00000705  A$char_to_tile$114                 char_to_tile
     00000706  A$char_to_tile$115                 char_to_tile
     00000708  A$char_to_tile$116                 char_to_tile
     00000709  A$char_to_tile$117                 char_to_tile
     0000070B  A$char_to_tile$118                 char_to_tile
     0000070C  A$char_to_tile$119                 char_to_tile
     0000070E  A$char_to_tile$120                 char_to_tile
     0000070F  A$char_to_tile$124                 char_to_tile
     0000070F  C$char_to_tile.c$5$3_0$4           char_to_tile
     00000710  A$char_to_tile$125                 char_to_tile
     00000711  A$char_to_tile$126                 char_to_tile
     00000712  A$char_to_tile$127                 char_to_tile
     00000713  A$char_to_tile$128                 char_to_tile
     00000716  A$char_to_tile$130                 char_to_tile
     00000717  A$char_to_tile$131                 char_to_tile
     00000719  A$char_to_tile$132                 char_to_tile
     0000071B  A$char_to_tile$136                 char_to_tile
     0000071B  C$char_to_tile.c$6$4_0$6           char_to_tile
     0000071E  A$char_to_tile$137                 char_to_tile
     0000071F  A$char_to_tile$138                 char_to_tile
     00000720  A$char_to_tile$139                 char_to_tile
     00000721  A$char_to_tile$140                 char_to_tile
     00000723  A$char_to_tile$141                 char_to_tile
     00000724  A$char_to_tile$142                 char_to_tile
     00000725  A$char_to_tile$143                 char_to_tile
     00000727  A$char_to_tile$147                 char_to_tile
     00000727  C$char_to_tile.c$7$5_0$7           char_to_tile
     00000729  A$char_to_tile$148                 char_to_tile
     0000072A  A$char_to_tile$149                 char_to_tile
     0000072C  A$char_to_tile$150                 char_to_tile
     0000072D  A$char_to_tile$151                 char_to_tile
     0000072F  A$char_to_tile$156                 char_to_tile
     0000072F  C$char_to_tile.c$5$2_0$4           char_to_tile
     00000730  A$char_to_tile$157                 char_to_tile
     00000732  A$char_to_tile$158                 char_to_tile
     00000733  A$char_to_tile$159                 char_to_tile
     00000734  A$char_to_tile$160                 char_to_tile
     00000735  A$char_to_tile$161                 char_to_tile
     00000737  A$char_to_tile$166                 char_to_tile
     00000737  C$char_to_tile.c$11$1_0$3          char_to_tile
     0000073A  A$char_to_tile$171                 char_to_tile
     0000073C  A$char_to_tile$176                 char_to_tile
     0000073C  C$char_to_tile.c$12$1_0$3          char_to_tile
     0000073C  XG$char_to_tile$0$0                char_to_tile
ASxxxx Linker V03.00/V05.40 + sdld,  page 18.
Hexadecimal  [32-Bits]

Area                                    Addr        Size        Decimal Bytes (Attributes)
--------------------------------        ----        ----        ------- ----- ------------
_CODE                               00000200    00002F29 =       12073. bytes (REL,CON)

      Value  Global                              Global Defined In Module
      -----  --------------------------------   ------------------------
     0000073D  A$clean_text$58                    clean_text
     0000073D  C$clean_text.c$7$0_0$133           clean_text
     0000073D  C$clean_text.c$8$1_0$133           clean_text
     0000073D  G$clean$0$0                        clean_text
     0000073D  _clean                             clean_text
     00000740  A$clean_text$59                    clean_text
     00000742  A$clean_text$63                    clean_text
     00000742  C$clean_text.c$10$1_0$133          clean_text
     00000744  A$clean_text$65                    clean_text
     00000746  A$clean_text$66                    clean_text
     00000747  A$clean_text$67                    clean_text
     00000749  A$clean_text$71                    clean_text
     00000749  C$clean_text.c$11$3_0$135          clean_text
     0000074A  A$clean_text$72                    clean_text
     0000074B  A$clean_text$73                    clean_text
     0000074C  A$clean_text$74                    clean_text
     0000074D  A$clean_text$75                    clean_text
     0000074E  A$clean_text$76                    clean_text
     00000750  A$clean_text$77                    clean_text
     00000751  A$clean_text$78                    clean_text
     00000754  A$clean_text$79                    clean_text
     00000755  A$clean_text$83                    clean_text
     00000755  C$clean_text.c$12$3_0$135          clean_text
     00000756  A$clean_text$84                    clean_text
     00000757  A$clean_text$85                    clean_text
     00000758  A$clean_text$86                    clean_text
     00000759  A$clean_text$87                    clean_text
     0000075B  A$clean_text$88                    clean_text
     0000075C  A$clean_text$89                    clean_text
     0000075F  A$clean_text$90                    clean_text
     00000760  A$clean_text$94                    clean_text
     00000760  C$clean_text.c$10$2_0$134          clean_text
     00000761  A$clean_text$95                    clean_text
     00000763  A$clean_text$100                   clean_text
     00000763  C$clean_text.c$15$1_0$133          clean_text
     00000765  A$clean_text$105                   clean_text
     00000765  C$clean_text.c$16$3_0$137          clean_text
     00000766  A$clean_text$106                   clean_text
     00000768  A$clean_text$107                   clean_text
     0000076A  A$clean_text$108                   clean_text
     0000076D  A$clean_text$109                   clean_text
     0000076E  A$clean_text$110                   clean_text
     00000770  A$clean_text$111                   clean_text
     00000771  A$clean_text$112                   clean_text
     00000772  A$clean_text$113                   clean_text
     00000774  A$clean_text$114                   clean_text
     00000775  A$clean_text$115                   clean_text
     00000776  A$clean_text$116                   clean_text
     00000778  A$clean_text$117                   clean_text
     00000779  A$clean_text$118                   clean_text
     0000077A  A$clean_text$119                   clean_text
ASxxxx Linker V03.00/V05.40 + sdld,  page 19.
Hexadecimal  [32-Bits]

Area                                    Addr        Size        Decimal Bytes (Attributes)
--------------------------------        ----        ----        ------- ----- ------------
_CODE                               00000200    00002F29 =       12073. bytes (REL,CON)

      Value  Global                              Global Defined In Module
      -----  --------------------------------   ------------------------
     0000077B  A$clean_text$120                   clean_text
     0000077C  A$clean_text$121                   clean_text
     0000077F  A$clean_text$122                   clean_text
     00000781  A$clean_text$126                   clean_text
     00000781  C$clean_text.c$15$2_0$136          clean_text
     00000782  A$clean_text$127                   clean_text
     00000784  A$clean_text$132                   clean_text
     00000784  C$clean_text.c$19$1_0$133          clean_text
     00000787  A$clean_text$133                   clean_text
     00000788  A$clean_text$134                   clean_text
     0000078B  A$clean_text$135                   clean_text
     0000078C  A$clean_text$136                   clean_text
     0000078F  A$clean_text$137                   clean_text
     00000790  A$clean_text$138                   clean_text
     00000793  A$clean_text$139                   clean_text
     00000795  A$clean_text$143                   clean_text
     00000795  C$clean_text.c$20$1_0$133          clean_text
     00000796  A$clean_text$144                   clean_text
     00000799  A$clean_text$145                   clean_text
     0000079A  A$clean_text$146                   clean_text
     0000079D  A$clean_text$147                   clean_text
     0000079E  A$clean_text$148                   clean_text
     000007A1  A$clean_text$149                   clean_text
     000007A3  A$clean_text$157                   clean_text
     000007A3  C$clean_text.c$21$1_0$133          clean_text
     000007A3  XG$clean$0$0                       clean_text
     000007A4  G$empty_tile$0_0$0                 clean_text
     000007A4  _empty_tile                        clean_text
     000007A5  A$collision$52                     collision
     000007A5  C$collision.c$3$0_0$3              collision
     000007A5  G$check_collision$0$0              collision
     000007A5  _check_collision                   collision
     000007A7  A$collision$53                     collision
     000007A8  A$collision$54                     collision
     000007AA  A$collision$55                     collision
     000007AB  A$collision$59                     collision
     000007AB  C$collision.c$8$1_0$3              collision
     000007AD  A$collision$60                     collision
     000007AE  A$collision$61                     collision
     000007B0  A$collision$62                     collision
     000007B1  A$collision$63                     collision
     000007B3  A$collision$64                     collision
     000007B5  A$collision$65                     collision
     000007B6  A$collision$66                     collision
     000007B8  A$collision$67                     collision
     000007B9  A$collision$68                     collision
     000007BA  A$collision$69                     collision
     000007BB  A$collision$70                     collision
     000007BC  A$collision$71                     collision
     000007BD  A$collision$72                     collision
     000007BE  A$collision$73                     collision
ASxxxx Linker V03.00/V05.40 + sdld,  page 20.
Hexadecimal  [32-Bits]

Area                                    Addr        Size        Decimal Bytes (Attributes)
--------------------------------        ----        ----        ------- ----- ------------
_CODE                               00000200    00002F29 =       12073. bytes (REL,CON)

      Value  Global                              Global Defined In Module
      -----  --------------------------------   ------------------------
     000007BF  A$collision$74                     collision
     000007C0  A$collision$75                     collision
     000007C1  A$collision$76                     collision
     000007C2  A$collision$77                     collision
     000007C3  A$collision$78                     collision
     000007C5  A$collision$79                     collision
     000007C6  A$collision$80                     collision
     000007C7  A$collision$81                     collision
     000007C8  A$collision$82                     collision
     000007CA  A$collision$83                     collision
     000007CB  A$collision$84                     collision
     000007CD  A$collision$85                     collision
     000007CE  A$collision$86                     collision
     000007CF  A$collision$87                     collision
     000007D0  A$collision$88                     collision
     000007D1  A$collision$89                     collision
     000007D2  A$collision$90                     collision
     000007D4  A$collision$94                     collision
     000007D4  C$collision.c$9$1_0$3              collision
     000007D5  A$collision$95                     collision
     000007D6  A$collision$96                     collision
     000007D7  A$collision$97                     collision
     000007D8  A$collision$98                     collision
     000007D9  A$collision$99                     collision
     000007DB  A$collision$100                    collision
     000007DC  A$collision$101                    collision
     000007DD  A$collision$102                    collision
     000007DE  A$collision$103                    collision
     000007DF  A$collision$104                    collision
     000007E1  A$collision$108                    collision
     000007E1  C$collision.c$10$1_0$3             collision
     000007E3  A$collision$109                    collision
     000007E4  A$collision$110                    collision
     000007E6  A$collision$111                    collision
     000007E7  A$collision$112                    collision
     000007E8  A$collision$113                    collision
     000007E9  A$collision$114                    collision
     000007EA  A$collision$115                    collision
     000007EB  A$collision$116                    collision
     000007EC  A$collision$117                    collision
     000007ED  A$collision$118                    collision
     000007EE  A$collision$119                    collision
     000007EF  A$collision$120                    collision
     000007F0  A$collision$121                    collision
     000007F1  A$collision$122                    collision
     000007F3  A$collision$123                    collision
     000007F4  A$collision$124                    collision
     000007F5  A$collision$125                    collision
     000007F6  A$collision$126                    collision
     000007F8  A$collision$127                    collision
     000007F9  A$collision$128                    collision
ASxxxx Linker V03.00/V05.40 + sdld,  page 21.
Hexadecimal  [32-Bits]

Area                                    Addr        Size        Decimal Bytes (Attributes)
--------------------------------        ----        ----        ------- ----- ------------
_CODE                               00000200    00002F29 =       12073. bytes (REL,CON)

      Value  Global                              Global Defined In Module
      -----  --------------------------------   ------------------------
     000007FA  A$collision$129                    collision
     000007FB  A$collision$130                    collision
     000007FC  A$collision$131                    collision
     000007FE  A$collision$132                    collision
     000007FF  A$collision$133                    collision
     00000800  A$collision$134                    collision
     00000801  A$collision$135                    collision
     00000802  A$collision$136                    collision
     00000803  A$collision$137                    collision
     00000805  A$collision$141                    collision
     00000805  C$collision.c$11$1_0$3             collision
     00000806  A$collision$142                    collision
     00000807  A$collision$143                    collision
     00000808  A$collision$144                    collision
     00000809  A$collision$145                    collision
     0000080A  A$collision$146                    collision
     0000080C  A$collision$147                    collision
     0000080D  A$collision$148                    collision
     0000080E  A$collision$149                    collision
     0000080F  A$collision$150                    collision
     00000810  A$collision$151                    collision
     00000812  A$collision$153                    collision
     00000813  A$collision$154                    collision
     00000815  A$collision$156                    collision
     00000817  A$collision$161                    collision
     00000817  C$collision.c$12$1_0$3             collision
     00000819  A$collision$162                    collision
     0000081A  A$collision$163                    collision
     0000081C  A$collision$164                    collision
     0000081D  A$draw$53                          draw
     0000081D  C$draw.c$7$0_0$139                 draw
     0000081D  G$draw_actor$0$0                   draw
     0000081D  _draw_actor                        draw
     0000081F  A$draw$54                          draw
     00000821  A$draw$55                          draw
     00000822  A$draw$59                          draw
     00000822  C$draw.c$9$1_0$139                 draw
     00000825  A$draw$60                          draw
     00000826  A$draw$61                          draw
     00000828  A$draw$62                          draw
     00000829  A$draw$63                          draw
     0000082A  A$draw$64                          draw
     0000082B  A$draw$65                          draw
     0000082C  A$draw$66                          draw
     0000082E  A$draw$67                          draw
     0000082F  A$draw$71                          draw
     0000082F  C$draw.c$10$1_0$139                draw
     00000832  A$draw$72                          draw
     00000834  A$draw$73                          draw
     00000835  A$draw$74                          draw
     00000837  A$draw$75                          draw
ASxxxx Linker V03.00/V05.40 + sdld,  page 22.
Hexadecimal  [32-Bits]

Area                                    Addr        Size        Decimal Bytes (Attributes)
--------------------------------        ----        ----        ------- ----- ------------
_CODE                               00000200    00002F29 =       12073. bytes (REL,CON)

      Value  Global                              Global Defined In Module
      -----  --------------------------------   ------------------------
     00000838  A$draw$76                          draw
     00000839  A$draw$77                          draw
     0000083A  A$draw$78                          draw
     0000083B  A$draw$79                          draw
     0000083D  A$draw$80                          draw
     0000083E  A$draw$84                          draw
     0000083E  C$draw.c$12$1_0$139                draw
     00000841  A$draw$85                          draw
     00000843  A$draw$86                          draw
     00000844  A$draw$87                          draw
     00000846  A$draw$88                          draw
     00000847  A$draw$89                          draw
     00000848  A$draw$90                          draw
     00000849  A$draw$91                          draw
     0000084A  A$draw$92                          draw
     0000084B  A$draw$93                          draw
     0000084C  A$draw$94                          draw
     0000084D  A$draw$95                          draw
     0000084E  A$draw$96                          draw
     0000084F  A$draw$97                          draw
     00000850  A$draw$98                          draw
     00000851  A$draw$99                          draw
     00000852  A$draw$103                         draw
     00000852  C$draw.c$13$1_0$139                draw
     00000855  A$draw$104                         draw
     00000856  A$draw$105                         draw
     00000857  A$draw$106                         draw
     00000858  A$draw$107                         draw
     00000859  A$draw$108                         draw
     0000085A  A$draw$109                         draw
     0000085B  A$draw$110                         draw
     0000085C  A$draw$111                         draw
     0000085D  A$draw$112                         draw
     0000085F  A$draw$113                         draw
     00000860  A$draw$114                         draw
     00000861  A$draw$118                         draw
     00000861  C$draw.c$15$1_0$139                draw
     00000864  A$draw$119                         draw
     00000865  A$draw$120                         draw
     00000866  A$draw$121                         draw
     00000868  A$draw$122                         draw
     00000869  A$draw$126                         draw
     00000869  C$draw.c$16$1_0$139                draw
     0000086A  A$draw$127                         draw
     0000086B  A$draw$128                         draw
     0000086C  A$draw$129                         draw
     0000086D  A$draw$130                         draw
     0000086E  A$draw$131                         draw
     0000086F  A$draw$132                         draw
     00000872  A$draw$133                         draw
     00000873  A$draw$134                         draw
ASxxxx Linker V03.00/V05.40 + sdld,  page 23.
Hexadecimal  [32-Bits]

Area                                    Addr        Size        Decimal Bytes (Attributes)
--------------------------------        ----        ----        ------- ----- ------------
_CODE                               00000200    00002F29 =       12073. bytes (REL,CON)

      Value  Global                              Global Defined In Module
      -----  --------------------------------   ------------------------
     00000874  A$draw$135                         draw
     00000875  A$draw$136                         draw
     00000877  A$draw$140                         draw
     00000877  C$draw.c$18$1_0$139                draw
     00000878  A$draw$141                         draw
     00000879  A$draw$142                         draw
     0000087A  A$draw$143                         draw
     0000087B  A$draw$144                         draw
     0000087C  A$draw$148                         draw
     0000087C  C$draw.c$19$1_0$139                draw
     0000087E  A$draw$149                         draw
     0000087F  A$draw$150                         draw
     00000880  A$draw$151                         draw
     00000881  A$draw$152                         draw
     00000882  A$draw$153                         draw
     00000883  A$draw$154                         draw
     00000884  A$draw$155                         draw
     00000885  A$draw$156                         draw
     00000886  A$draw$157                         draw
     00000887  A$draw$158                         draw
     00000888  A$draw$159                         draw
     00000889  A$draw$160                         draw
     0000088A  A$draw$161                         draw
     0000088B  A$draw$162                         draw
     0000088C  A$draw$166                         draw
     0000088C  C$draw.c$21$2_0$140                draw
     0000088E  A$draw$167                         draw
     0000088F  A$draw$174                         draw
     0000088F  C$draw.c$22$2_0$140                draw
     0000088F  C$draw.c$25$2_0$139                draw
     00000892  A$draw$175                         draw
     00000894  A$draw$177                         draw
     00000895  A$draw$178                         draw
     00000897  A$draw$179                         draw
     00000898  A$draw$180                         draw
     0000089A  A$draw$182                         draw
     0000089B  A$draw$183                         draw
     0000089C  A$draw$184                         draw
     0000089D  A$draw$185                         draw
     0000089E  A$draw$186                         draw
     0000089F  A$draw$187                         draw
     000008A1  A$draw$188                         draw
     000008A4  A$draw$189                         draw
     000008A5  A$draw$190                         draw
     000008A6  A$draw$191                         draw
     000008A7  A$draw$192                         draw
     000008A8  A$draw$194                         draw
     000008A9  A$draw$195                         draw
     000008AA  A$draw$196                         draw
     000008AB  A$draw$197                         draw
     000008AC  A$draw$198                         draw
ASxxxx Linker V03.00/V05.40 + sdld,  page 24.
Hexadecimal  [32-Bits]

Area                                    Addr        Size        Decimal Bytes (Attributes)
--------------------------------        ----        ----        ------- ----- ------------
_CODE                               00000200    00002F29 =       12073. bytes (REL,CON)

      Value  Global                              Global Defined In Module
      -----  --------------------------------   ------------------------
     000008AD  A$draw$199                         draw
     000008AE  A$draw$200                         draw
     000008B1  A$draw$201                         draw
     000008B2  A$draw$202                         draw
     000008B3  A$draw$203                         draw
     000008B4  A$draw$204                         draw
     000008B5  A$draw$205                         draw
     000008B6  A$draw$209                         draw
     000008B6  C$draw.c$25$2_0$141                draw
     000008B7  A$draw$210                         draw
     000008B9  A$draw$215                         draw
     000008B9  C$draw.c$29$2_0$142                draw
     000008BB  A$draw$216                         draw
     000008BC  A$draw$217                         draw
     000008BD  A$draw$218                         draw
     000008BF  A$draw$220                         draw
     000008C1  A$draw$221                         draw
     000008C2  A$draw$223                         draw
     000008C3  A$draw$224                         draw
     000008C4  A$draw$225                         draw
     000008C5  A$draw$226                         draw
     000008C6  A$draw$227                         draw
     000008C7  A$draw$228                         draw
     000008CA  A$draw$229                         draw
     000008CB  A$draw$230                         draw
     000008CC  A$draw$231                         draw
     000008CD  A$draw$233                         draw
     000008CF  A$draw$234                         draw
     000008D0  A$draw$235                         draw
     000008D1  A$draw$236                         draw
     000008D2  A$draw$237                         draw
     000008D3  A$draw$238                         draw
     000008D4  A$draw$242                         draw
     000008D4  C$draw.c$31$2_0$142                draw
     000008D7  A$draw$247                         draw
     000008D7  C$draw.c$33$3_0$144                draw
     000008D9  A$draw$248                         draw
     000008DA  A$draw$249                         draw
     000008DC  A$draw$250                         draw
     000008DE  A$draw$254                         draw
     000008E1  A$draw$255                         draw
     000008E3  A$draw$256                         draw
     000008E4  A$draw$257                         draw
     000008E6  A$draw$258                         draw
     000008E7  A$draw$259                         draw
     000008E8  A$draw$260                         draw
     000008E9  A$draw$261                         draw
     000008EA  A$draw$262                         draw
     000008EB  A$draw$266                         draw
     000008EB  C$draw.c$31$2_0$139                draw
     000008ED  A$draw$267                         draw
ASxxxx Linker V03.00/V05.40 + sdld,  page 25.
Hexadecimal  [32-Bits]

Area                                    Addr        Size        Decimal Bytes (Attributes)
--------------------------------        ----        ----        ------- ----- ------------
_CODE                               00000200    00002F29 =       12073. bytes (REL,CON)

      Value  Global                              Global Defined In Module
[...]
ASxxxx Linker V03.00/V05.40 + sdld,  page 226.
Hexadecimal  [32-Bits]

Area                                    Addr        Size        Decimal Bytes (Attributes)
--------------------------------        ----        ----        ------- ----- ------------
_CODE_2                             00024000    000035B7 =       13751. bytes (REL,CON)

      Value  Global                              Global Defined In Module
      -----  --------------------------------   ------------------------
     0002753E  A$mg_leaves_update$1507            mg_leaves_update
     0002753E  C$mg_leaves_update.c$244$1_1$230   mg_leaves_update
     0002753F  A$mg_leaves_update$1508            mg_leaves_update
     00027541  A$mg_leaves_update$1509            mg_leaves_update
     00027542  A$mg_leaves_update$1510            mg_leaves_update
     00027545  A$mg_leaves_update$1511            mg_leaves_update
     00027546  A$mg_leaves_update$1512            mg_leaves_update
     00027548  A$mg_leaves_update$1513            mg_leaves_update
     0002754A  A$mg_leaves_update$1514            mg_leaves_update
     0002754B  A$mg_leaves_update$1518            mg_leaves_update
     0002754B  C$mg_leaves_update.c$246$3_1$240   mg_leaves_update
     0002754D  A$mg_leaves_update$1519            mg_leaves_update
     0002754E  A$mg_leaves_update$1520            mg_leaves_update
     0002754F  A$mg_leaves_update$1521            mg_leaves_update
     00027551  A$mg_leaves_update$1522            mg_leaves_update
     00027553  A$mg_leaves_update$1523            mg_leaves_update
     00027556  A$mg_leaves_update$1527            mg_leaves_update
     00027556  C$mg_leaves_update.c$247$3_1$240   mg_leaves_update
     00027558  A$mg_leaves_update$1528            mg_leaves_update
     00027559  A$mg_leaves_update$1529            mg_leaves_update
     0002755A  A$mg_leaves_update$1530            mg_leaves_update
     0002755B  A$mg_leaves_update$1531            mg_leaves_update
     0002755D  A$mg_leaves_update$1532            mg_leaves_update
     0002755F  A$mg_leaves_update$1533            mg_leaves_update
     00027562  A$mg_leaves_update$1537            mg_leaves_update
     00027562  C$mg_leaves_update.c$248$3_1$240   mg_leaves_update
     00027564  A$mg_leaves_update$1538            mg_leaves_update
     00027565  A$mg_leaves_update$1539            mg_leaves_update
     00027566  A$mg_leaves_update$1540            mg_leaves_update
     00027567  A$mg_leaves_update$1541            mg_leaves_update
     00027569  A$mg_leaves_update$1542            mg_leaves_update
     0002756B  A$mg_leaves_update$1543            mg_leaves_update
     0002756E  A$mg_leaves_update$1547            mg_leaves_update
     0002756E  C$mg_leaves_update.c$249$3_1$240   mg_leaves_update
     00027570  A$mg_leaves_update$1548            mg_leaves_update
     00027571  A$mg_leaves_update$1549            mg_leaves_update
     00027572  A$mg_leaves_update$1550            mg_leaves_update
     00027573  A$mg_leaves_update$1551            mg_leaves_update
     00027575  A$mg_leaves_update$1552            mg_leaves_update
     00027577  A$mg_leaves_update$1553            mg_leaves_update
     0002757A  A$mg_leaves_update$1558            mg_leaves_update
     0002757A  C$mg_leaves_update.c$252$1_1$241   mg_leaves_update
     0002757D  A$mg_leaves_update$1559            mg_leaves_update
     00027580  A$mg_leaves_update$1560            mg_leaves_update
     00027581  A$mg_leaves_update$1561            mg_leaves_update
     00027584  A$mg_leaves_update$1562            mg_leaves_update
     00027585  A$mg_leaves_update$1566            mg_leaves_update
     00027585  C$mg_leaves_update.c$254$1_1$230   mg_leaves_update
     00027588  A$mg_leaves_update$1567            mg_leaves_update
     00027589  A$mg_leaves_update$1568            mg_leaves_update
     0002758A  A$mg_leaves_update$1569            mg_leaves_update
ASxxxx Linker V03.00/V05.40 + sdld,  page 227.
Hexadecimal  [32-Bits]

Area                                    Addr        Size        Decimal Bytes (Attributes)
--------------------------------        ----        ----        ------- ----- ------------
_CODE_2                             00024000    000035B7 =       13751. bytes (REL,CON)

      Value  Global                              Global Defined In Module
      -----  --------------------------------   ------------------------
     0002758B  A$mg_leaves_update$1570            mg_leaves_update
     0002758E  A$mg_leaves_update$1571            mg_leaves_update
     00027591  A$mg_leaves_update$1572            mg_leaves_update
     00027592  A$mg_leaves_update$1573            mg_leaves_update
     00027593  A$mg_leaves_update$1574            mg_leaves_update
     00027595  A$mg_leaves_update$1575            mg_leaves_update
     00027596  A$mg_leaves_update$1579            mg_leaves_update
     00027596  C$mg_leaves_update.c$255$1_1$230   mg_leaves_update
     00027597  A$mg_leaves_update$1580            mg_leaves_update
     0002759A  A$mg_leaves_update$1581            mg_leaves_update
     0002759D  A$mg_leaves_update$1582            mg_leaves_update
     0002759E  A$mg_leaves_update$1583            mg_leaves_update
     0002759F  A$mg_leaves_update$1584            mg_leaves_update
     000275A1  A$mg_leaves_update$1585            mg_leaves_update
     000275A2  A$mg_leaves_update$1589            mg_leaves_update
     000275A2  C$mg_leaves_update.c$257$1_1$241   mg_leaves_update
     000275A3  A$mg_leaves_update$1590            mg_leaves_update
     000275A4  A$mg_leaves_update$1591            mg_leaves_update
     000275A5  A$mg_leaves_update$1592            mg_leaves_update
     000275A7  A$mg_leaves_update$1593            mg_leaves_update
     000275A9  A$mg_leaves_update$1594            mg_leaves_update
     000275AC  A$mg_leaves_update$1598            mg_leaves_update
     000275AC  C$mg_leaves_update.c$258$1_1$241   mg_leaves_update
     000275AD  A$mg_leaves_update$1599            mg_leaves_update
     000275AF  A$mg_leaves_update$1600            mg_leaves_update
     000275B1  A$mg_leaves_update$1601            mg_leaves_update
     000275B4  A$mg_leaves_update$1609            mg_leaves_update
     000275B4  C$mg_leaves_update.c$260$1_1$241   mg_leaves_update
     000275B6  A$mg_leaves_update$1614            mg_leaves_update
     000275B6  C$mg_leaves_update.c$261$1_1$230   mg_leaves_update
     000275B6  XG$Mg_Leaves_Update$0$0            mg_leaves_update
ASxxxx Linker V03.00/V05.40 + sdld,  page 228.
Hexadecimal  [32-Bits]

Area                                    Addr        Size        Decimal Bytes (Attributes)
--------------------------------        ----        ----        ------- ----- ------------
_CODE_3                             00034000    00001060 =        4192. bytes (REL,CON)

      Value  Global                              Global Defined In Module
      -----  --------------------------------   ------------------------
     00034000  G$bkg_main_menu_tileset$0_0$0      bkg_MainMenu
     00034000  _bkg_main_menu_tileset             bkg_MainMenu
     000342C0  G$bkg_main_menu_tilemap$0_0$0      bkg_MainMenu
     000342C0  _bkg_main_menu_tilemap             bkg_MainMenu
     00034428  G$gender_select_tilemap$0_0$0      gender_select_tilemap
     00034428  _gender_select_tilemap             gender_select_tilemap
     00034590  G$gender_select_tileset$0_0$0      gender_select_tileset
     00034590  _gender_select_tileset             gender_select_tileset
     00034880  G$inventory_bkg_tileset$0_0$0      inventory_bkg
     00034880  _inventory_bkg_tileset             inventory_bkg
     00034BC0  G$inventory_bkg_tilemap$0_0$0      inventory_bkg
     00034BC0  _inventory_bkg_tilemap             inventory_bkg
     00034D28  G$template_tileset$0_0$0           template_tileset
     00034D28  _template_tileset                  template_tileset
     00034EF8  G$template_tilemap$0_0$0           template_tileset
     00034EF8  _template_tilemap                  template_tileset

ASxxxx Linker V03.00/V05.40 + sdld,  page 229.
Hexadecimal  [32-Bits]

Area                                    Addr        Size        Decimal Bytes (Attributes)
--------------------------------        ----        ----        ------- ----- ------------
_CODE_1                             00014000    00002058 =        8280. bytes (REL,CON)

      Value  Global                              Global Defined In Module
      -----  --------------------------------   ------------------------
     00014000  G$map_0_0_tileset$0_0$0            map_0_0
     00014000  _map_0_0_tileset                   map_0_0
     000141E0  G$map_0_0_tilemap$0_0$0            map_0_0
     000141E0  _map_0_0_tilemap                   map_0_0
     00014348  G$map_0_1_tileset$0_0$0            map_0_1
     00014348  _map_0_1_tileset                   map_0_1
     00014528  G$map_0_1_tilemap$0_0$0            map_0_1
     00014528  _map_0_1_tilemap                   map_0_1
     00014690  G$map_0_2_tileset$0_0$0            map_0_2
     00014690  _map_0_2_tileset                   map_0_2
     00014870  G$map_0_2_tilemap$0_0$0            map_0_2
     00014870  _map_0_2_tilemap                   map_0_2
     000149D8  G$map_0_3_tileset$0_0$0            map_0_3
     000149D8  _map_0_3_tileset                   map_0_3
     00014BB8  G$map_0_3_tilemap$0_0$0            map_0_3
     00014BB8  _map_0_3_tilemap                   map_0_3
     00014D20  G$map_1_0_tileset$0_0$0            map_1_0
     00014D20  _map_1_0_tileset                   map_1_0
     00014F00  G$map_1_0_tilemap$0_0$0            map_1_0
     00014F00  _map_1_0_tilemap                   map_1_0
     00015068  G$map_1_1_tileset$0_0$0            map_1_1
     00015068  _map_1_1_tileset                   map_1_1
     00015248  G$map_1_1_tilemap$0_0$0            map_1_1
     00015248  _map_1_1_tilemap                   map_1_1
     000153B0  G$map_1_2_tileset$0_0$0            map_1_2
     000153B0  _map_1_2_tileset                   map_1_2
     00015590  G$map_1_2_tilemap$0_0$0            map_1_2
     00015590  _map_1_2_tilemap                   map_1_2
     000156F8  G$map_1_3_tileset$0_0$0            map_1_3
     000156F8  _map_1_3_tileset                   map_1_3
     000158D8  G$map_1_3_tilemap$0_0$0            map_1_3
     000158D8  _map_1_3_tilemap                   map_1_3
     00015A40  G$example_tileset$0_0$0            map_example
     00015A40  _example_tileset                   map_example
     00015EF0  G$example_tilemap$0_0$0            map_example
     00015EF0  _example_tilemap                   map_example
ASxxxx Linker V03.00/V05.40 + sdld,  page 230.

Files Linked                              [ module(s) ]

C:\Program Files\GBDK\lib/gb/crt0.o       [ Runtime ]
build\obj\action.o                        [ action ]
build\obj\all_scenes.o                    [ all_scenes ]
build\obj\animation.o                     [ animation ]
build\obj\auto_clean.o                    [ auto_clean ]
build\obj\bkg_leaves_example.o            [ bkg_leaves_example ]
build\obj\bkg_MainMenu.o                  [ bkg_MainMenu ]
build\obj\broom.o                         [ broom ]
build\obj\buttons.o                       [ buttons ]
build\obj\can_move.o                      [ can_move ]
build\obj\chars.o                         [ chars ]
build\obj\char_to_tile.o                  [ char_to_tile ]
build\obj\clean_text.o                    [ clean_text ]
build\obj\collision.o                     [ collision ]
build\obj\draw.o                          [ draw ]
build\obj\entity.o                        [ entity ]
build\obj\example_npc.o                   [ example_npc ]
build\obj\extra_actors.o                  [ extra_actors ]
build\obj\gender_select-tilemap.o         [ gender_select_tilemap ]
build\obj\gender_select-tileset.o         [ gender_select_tileset ]
build\obj\gender_select.o                 [ gender_select ]
build\obj\gender_selection.o              [ gender_selection ]
build\obj\gender_select_init.o            [ gender_select_init ]
build\obj\gender_select_update.o          [ gender_select_update ]
build\obj\input.o                         [ input ]
build\obj\intermitent_text.o              [ intermitent_text ]
build\obj\inventory.o                     [ inventory ]
build\obj\inventory_bkg.o                 [ inventory_bkg ]
build\obj\inventory_input.o               [ inventory_input ]
build\obj\inventory_scene.o               [ inventory_scene ]
build\obj\inventory_scene_init.o          [ inventory_scene_init ]
build\obj\inventory_scene_update.o        [ inventory_scene_update ]
build\obj\leaf.o                          [ leaf ]
build\obj\load.o                          [ load ]
build\obj\main.o                          [ main ]
build\obj\main_menu.o                     [ main_menu ]
build\obj\main_menu_init.o                [ main_menu_init ]
build\obj\main_menu_init_stats.o          [ main_menu_init_stats ]
build\obj\main_menu_input.o               [ main_menu_input ]
build\obj\main_menu_update.o              [ main_menu_update ]
build\obj\map_0-0.o                       [ map_0_0 ]
build\obj\map_0-1.o                       [ map_0_1 ]
build\obj\map_0-2.o                       [ map_0_2 ]
build\obj\map_0-3.o                       [ map_0_3 ]
build\obj\map_00.o                        [ map_00 ]
build\obj\map_00_check_items.o            [ map_00_check_items ]
build\obj\map_00_collision.o              [ map_00_collision ]
build\obj\map_00_init.o                   [ map_00_init ]
build\obj\map_00_init_dialogues.o         [ map_00_init_dialogues ]
build\obj\map_00_init_npc.o               [ map_00_init_npc ]
build\obj\map_00_update.o                 [ map_00_update ]
build\obj\map_1-0.o                       [ map_1_0 ]
build\obj\map_1-1.o                       [ map_1_1 ]
build\obj\map_1-2.o                       [ map_1_2 ]
build\obj\map_1-3.o                       [ map_1_3 ]
build\obj\map_2-0.o                       [ map_2_0 ]
build\obj\map_2-1.o                       [ map_2_1 ]
build\obj\map_2-2.o                       [ map_2_2 ]
build\obj\map_2-3.o                       [ map_2_3 ]
build\obj\map_21.o                        [ map_21 ]
build\obj\map_21_collision.o              [ map_21_collision ]
build\obj\map_21_create.o                 [ map_21_create ]
build\obj\map_21_init.o                   [ map_21_init ]
build\obj\map_21_update.o                 [ map_21_update ]
build\obj\map_22.o                        [ map_22 ]
build\obj\map_22_collision.o              [ map_22_collision ]
build\obj\map_22_create.o                 [ map_22_create ]
build\obj\map_22_init.o                   [ map_22_init ]
build\obj\map_22_update.o                 [ map_22_update ]
build\obj\map_23.o                        [ map_23 ]
build\obj\map_23_collision.o              [ map_23_collision ]
build\obj\map_23_create.o                 [ map_23_create ]
build\obj\map_23_init.o                   [ map_23_init ]
build\obj\map_23_update.o                 [ map_23_update ]
build\obj\map_3-0.o                       [ map_3_0 ]
build\obj\map_3-1.o                       [ map_3_1 ]
build\obj\map_3-2.o                       [ map_3_2 ]
build\obj\map_3-3.o                       [ map_3_3 ]
build\obj\map_31.o                        [ map_31 ]
build\obj\map_31_collision.o              [ map_31_collision ]
build\obj\map_31_create.o                 [ map_31_create ]
build\obj\map_31_init.o                   [ map_31_init ]
build\obj\map_31_update.o                 [ map_31_update ]
build\obj\map_32.o                        [ map_32 ]
build\obj\map_32_collision.o              [ map_32_collision ]
build\obj\map_32_create.o                 [ map_32_create ]
build\obj\map_32_init.o                   [ map_32_init ]
build\obj\map_32_update.o                 [ map_32_update ]
build\obj\map_33.o                        [ map_33 ]
build\obj\map_33_collision.o              [ map_33_collision ]
build\obj\map_33_create.o                 [ map_33_create ]
build\obj\map_33_init.o                   [ map_33_init ]
build\obj\map_33_update.o                 [ map_33_update ]
build\obj\map_collision.o                 [ map_collision ]
build\obj\map_data.o                      [ map_data ]
build\obj\map_example.o                   [ map_example ]
build\obj\map_player_movement.o           [ map_player_movement ]
build\obj\map_scenes.o                    [ map_scenes ]
build\obj\mg_instruction_set.o            [ mg_instruction_set ]
build\obj\mg_leaves.o                     [ mg_leaves ]
build\obj\mg_leaves_init.o                [ mg_leaves_init ]
build\obj\mg_leaves_load_bkg.o            [ mg_leaves_load_bkg ]
build\obj\mg_leaves_player_init.o         [ mg_leaves_player_init ]
build\obj\mg_leaves_update.o              [ mg_leaves_update ]
build\obj\mg_load_screen.o                [ mg_load_screen ]
build\obj\mg_mission_complete.o           [ mg_mission_complete ]
build\obj\mg_player_movement.o            [ mg_player_movement ]
build\obj\mg_timer.o                      [ mg_timer ]
build\obj\minigames.o                     [ minigames ]
build\obj\mini_games.o                    [ mini_games ]
build\obj\money.o                         [ money ]
build\obj\name.o                          [ name ]
build\obj\npcs.o                          [ npcs ]
build\obj\npc_icons.o                     [ npc_icons ]
build\obj\npc_lines.o                     [ npc_lines ]
build\obj\numbers.o                       [ numbers ]
build\obj\player.o                        [ player ]
build\obj\position.o                      [ position ]
build\obj\random.o                        [ random ]
build\obj\render.o                        [ render ]
build\obj\scene.o                         [ scene ]
build\obj\scene_manager.o                 [ scene_manager ]
build\obj\speed.o                         [ speed ]
build\obj\spr_acorn.o                     [ spr_acorn ]
build\obj\spr_Branch.o                    [ spr_Branch ]
build\obj\spr_garbage.o                   [ spr_garbage ]
build\obj\spr_InventoryArrow_idle.o       [ spr_InventoryArrow_idle ]
build\obj\spr_leaf_a.o                    [ spr_leaf_a ]
build\obj\spr_leaf_b.o                    [ spr_leaf_b ]
build\obj\spr_Player_down0.o              [ spr_Player_down0 ]
build\obj\spr_Player_down1.o              [ spr_Player_down1 ]
build\obj\spr_Player_down2.o              [ spr_Player_down2 ]
build\obj\spr_Player_up0.o                [ spr_Player_up0 ]
build\obj\spr_Player_up1.o                [ spr_Player_up1 ]
build\obj\spr_Player_up2.o                [ spr_Player_up2 ]
build\obj\story.o                         [ story ]
build\obj\story_init.o                    [ story_init ]
build\obj\story_update.o                  [ story_update ]
build\obj\template-tileset.o              [ template_tileset ]
build\obj\text_frame.o                    [ text_frame ]
build\obj\text_frame_init.o               [ text_frame_init ]


Libraries Linked                          [ object file ]

C:\Program Files\GBDK\lib/sm83/sm83.lib   [ free.o ]
C:\Program Files\GBDK\lib/gb/gb.lib       [ sfr.o ]
C:\Program Files\GBDK\lib/sm83/sm83.lib   [ div.o ]
C:\Program Files\GBDK\lib/sm83/sm83.lib   [ malloc.o ]
C:\Program Files\GBDK\lib/gb/gb.lib       [ set_data.o ]
C:\Program Files\GBDK\lib/gb/gb.lib       [ set_tile.o ]
C:\Program Files\GBDK\lib/sm83/sm83.lib   [ mul.o ]
C:\Program Files\GBDK\lib/gb/gb.lib       [ pad.o ]
C:\Program Files\GBDK\lib/sm83/sm83.lib   [ __sdcc_call_hl.o ]
C:\Program Files\GBDK\lib/sm83/sm83.lib   [ memcpy.o ]
C:\Program Files\GBDK\lib/gb/gb.lib       [ heap.o ]
C:\Program Files\GBDK\lib/gb/gb.lib       [ set_bk_t.o ]
C:\Program Files\GBDK\lib/gb/gb.lib       [ set_xy_t.o ]

ASxxxx Linker V03.00/V05.40 + sdld,  page 231.

User Base Address Definitions

_DATA=0xC0A0
_CODE=0x0200
_HRAM=0xFF80
ASxxxx Linker V03.00/V05.40 + sdld,  page 232.

User Global Definitions

_shadow_OAM=0xC000
.STACK=0xE000

