ASxxxx Linker V03.00/V05.40 + sdld,  page 1.
Hexadecimal  [32-Bits]

Area                                    Addr        Size        Decimal Bytes (Attributes)
--------------------------------        ----        ----        ------- ----- ------------
.  .ABS.                            00000000    00000000 =           0. bytes (ABS,CON)

      Value  Global                              Global Defined In Module
      -----  --------------------------------   ------------------------
     00000000  .__.ABS.                           SetTileMap
     00000000  _rMBC7_SRAM_ENABLE_1               
     00000000  _rRAMG                             
     00000000  l__BASE                         
     00000000  l__BSS                          
     00000000  l__CABS                         
     00000000  l__CODE_0                       
     00000000  l__DABS                         
     00000000  l__HEADER                       
     00000000  l__LIT                          
     00000000  s__CABS                         
     00000000  s__DABS                         
     00000000  s__HEADER                       
     00000000  s__HEADER0                      
     00000000  s__HEADER1                      
     00000000  s__HEADER10                     
     00000000  s__HEADER11                     
     00000000  s__HEADER2                      
     00000000  s__HEADER3                      
     00000000  s__HEADER4                      
     00000000  s__HEADER5                      
     00000000  s__HEADER6                      
     00000000  s__HEADER7                      
     00000000  s__HEADER8                      
     00000000  s__HEADER9                      
     00000000  s__HEADERa                      
     00000000  s__HEADERb                      
     00000000  s__HEADERc                      
     00000000  s__HEADERd                      
     00000000  s__HEADERe                      
     00000000  s__HEADERf                      
     00000001  l__GSFINAL                      
     00000001  l__HEADER0                      
     00000001  l__HEADER5                      
     00000001  l__HEADERa                      
     00000001  l__HEADERb                      
     00000001  l__HEADERc                      
     00000001  l__HEADERe                      
     00000001  l__HEADERf                      
     00000001  l__HEAP_END                     
     00000002  l__HEADER10                     
     00000002  l__HEADER6                      
     00000002  l__HEADERd                      
     00000003  l__HEADER9                      
     00000005  l__HEADER1                      
     00000006  l__HEADER8                      
     00000007  l__HEADER2                      
     00000008  l__HEADER3                      
     0000000F  l__GSINIT                       
     00000013  l__HRAM                         
ASxxxx Linker V03.00/V05.40 + sdld,  page 2.
Hexadecimal  [32-Bits]

Area                                    Addr        Size        Decimal Bytes (Attributes)
--------------------------------        ----        ----        ------- ----- ------------
.  .ABS.                            00000000    00000000 =           0. bytes (ABS,CON)

      Value  Global                              Global Defined In Module
      -----  --------------------------------   ------------------------
     00000030  l__HEADER7                      
     00000060  l__HEADER4                      
     000000AB  l__HEADER11                     
     0000012C  l__HOME                         
     00000200  s__CODE                         
     0000022F  l__INITIALIZED                  
     0000022F  l__INITIALIZER                  
     000002CB  l__DATA                         
     00000776  l__CODE_2                       
     000007FF  l__HEAP                         
     00001220  l__CODE_1                       
     00002000  _rROMB0                            
     00002D3E  l__CODE                         
     00002F3E  s__HOME                         
     00003000  _rROMB1                            
     0000306A  s__BASE                         
     0000306A  s__CODE_0                       
     0000306A  s__INITIALIZER                  
     0000306A  s__LIT                          
     00003299  s__GSINIT                       
     000032A8  s__GSFINAL                      
     00004000  _rMBC7_SRAM_ENABLE_2               
     00004000  _rRAMB                             
     00008000  __VRAM                             
     00008000  __VRAM8000                         
     00008800  __VRAM8800                         
     00009000  __VRAM9000                         
     00009800  __SCRN0                            
     00009C00  __SCRN1                            
     0000A000  __SRAM                             
     0000A000  _rMBC7_LATCH_1                     
     0000A010  _rMBC7_LATCH_2                     
     0000A020  _rMBC7_ACCEL_X_LO                  
     0000A030  _rMBC7_ACCEL_X_HI                  
     0000A040  _rMBC7_ACCEL_Y_LO                  
     0000A050  _rMBC7_ACCEL_Y_HI                  
     0000C000  __RAM                              
     0000C000  _shadow_OAM                     
     0000C0A0  s__DATA                         
     0000C36B  s__BSS                          
     0000C36B  s__INITIALIZED                  
     0000C59A  s__HEAP                         
     0000CD99  s__HEAP_END                     
     0000D000  __RAMBANK                          
     0000E000  .STACK                          
     0000FE00  __OAMRAM                           
     0000FF00  _P1_REG                            
     0000FF00  __IO                               
     0000FF01  _SB_REG                            
     0000FF02  _SC_REG                            
     0000FF04  _DIV_REG                           
ASxxxx Linker V03.00/V05.40 + sdld,  page 3.
Hexadecimal  [32-Bits]

Area                                    Addr        Size        Decimal Bytes (Attributes)
--------------------------------        ----        ----        ------- ----- ------------
.  .ABS.                            00000000    00000000 =           0. bytes (ABS,CON)

      Value  Global                              Global Defined In Module
      -----  --------------------------------   ------------------------
     0000FF05  _TIMA_REG                          
     0000FF06  _TMA_REG                           
     0000FF07  _TAC_REG                           
     0000FF0F  _IF_REG                            
     0000FF10  _NR10_REG                          
     0000FF11  _NR11_REG                          
     0000FF12  _NR12_REG                          
     0000FF13  _NR13_REG                          
     0000FF14  _NR14_REG                          
     0000FF16  _NR21_REG                          
     0000FF17  _NR22_REG                          
     0000FF18  _NR23_REG                          
     0000FF19  _NR24_REG                          
     0000FF1A  _NR30_REG                          
     0000FF1B  _NR31_REG                          
     0000FF1C  _NR32_REG                          
     0000FF1D  _NR33_REG                          
     0000FF1E  _NR34_REG                          
     0000FF20  _NR41_REG                          
     0000FF21  _NR42_REG                          
     0000FF22  _NR43_REG                          
     0000FF23  _NR44_REG                          
     0000FF24  _NR50_REG                          
     0000FF25  _NR51_REG                          
     0000FF26  _NR52_REG                          
     0000FF30  _AUD3WAVE                          
     0000FF30  _PCM_SAMPLE                        
     0000FF30  __AUD3WAVERAM                      
     0000FF40  _LCDC_REG                          
     0000FF41  _STAT_REG                          
     0000FF42  _SCY_REG                           
     0000FF43  _SCX_REG                           
     0000FF44  _LY_REG                            
     0000FF45  _LYC_REG                           
     0000FF46  _DMA_REG                           
     0000FF47  _BGP_REG                           
     0000FF48  _OBP0_REG                          
     0000FF49  _OBP1_REG                          
     0000FF4A  _WY_REG                            
     0000FF4B  _WX_REG                            
     0000FF4D  _KEY1_REG                          
     0000FF4F  _VBK_REG                           
     0000FF51  _HDMA1_REG                         
     0000FF52  _HDMA2_REG                         
     0000FF53  _HDMA3_REG                         
     0000FF54  _HDMA4_REG                         
     0000FF55  _HDMA5_REG                         
     0000FF56  _RP_REG                            
     0000FF68  _BCPS_REG                          
     0000FF69  _BCPD_REG                          
     0000FF6A  _OCPS_REG                          
ASxxxx Linker V03.00/V05.40 + sdld,  page 4.
Hexadecimal  [32-Bits]

Area                                    Addr        Size        Decimal Bytes (Attributes)
--------------------------------        ----        ----        ------- ----- ------------
.  .ABS.                            00000000    00000000 =           0. bytes (ABS,CON)

      Value  Global                              Global Defined In Module
      -----  --------------------------------   ------------------------
     0000FF6B  _OCPD_REG                          
     0000FF70  _SVBK_REG                          
     0000FF76  _PCM12_REG                         
     0000FF77  _PCM34_REG                         
     0000FF80  __HRAM                             
     0000FF80  s__HRAM                         
     0000FFFF  _IE_REG                            
     00014000  s__CODE_1                       
     00024000  s__CODE_2                       

ASxxxx Linker V03.00/V05.40 + sdld,  page 5.
Hexadecimal  [32-Bits]

Area                                    Addr        Size        Decimal Bytes (Attributes)
--------------------------------        ----        ----        ------- ----- ------------
_CODE                               00000200    00002D3E =       11582. bytes (REL,CON)

      Value  Global                              Global Defined In Module
      -----  --------------------------------   ------------------------
     00000200  G$chars_tileset$0_0$0              chars
     00000200  _chars_tileset                     chars
     00000400  G$chars_tilemap$0_0$0              chars
     00000400  _chars_tilemap                     chars
     0000041F  G$numbers_tileset$0_0$0            numbers
     0000041F  _numbers_tileset                   numbers
     000004BF  G$numbers_tilemap$0_0$0            numbers
     000004BF  _numbers_tilemap                   numbers
     000004C9  G$gender_select_tilemap$0_0$0      gender_select_tilemap
     000004C9  _gender_select_tilemap             gender_select_tilemap
     00000631  G$gender_select_tileset$0_0$0      gender_select_tileset
     00000631  _gender_select_tileset             gender_select_tileset
     00000921  G$bkg_leaves_example_tileset$0_0   bkg_leaves_example
     00000921  _bkg_leaves_example_tileset        bkg_leaves_example
     00000D41  G$bkg_leaves_example_tilemap$0_0   bkg_leaves_example
     00000D41  _bkg_leaves_example_tilemap        bkg_leaves_example
     00000EA9  A$lcc227048$58                     npc_icons
     00000EA9  C$npc_icons.c$27$0_0$127           npc_icons
     00000EA9  C$npc_icons.c$28$1_0$127           npc_icons
     00000EA9  G$InitNPCIcons$0$0                 npc_icons
     00000EA9  _InitNPCIcons                      npc_icons
     00000EAC  A$lcc227048$59                     npc_icons
     00000EAD  A$lcc227048$60                     npc_icons
     00000EB0  A$lcc227048$61                     npc_icons
     00000EB1  A$lcc227048$62                     npc_icons
     00000EB4  A$lcc227048$63                     npc_icons
     00000EB6  A$lcc227048$71                     npc_icons
     00000EB6  C$npc_icons.c$29$1_0$127           npc_icons
     00000EB6  XG$InitNPCIcons$0$0                npc_icons
     00000EB7  G$npc_icons_tileset$0_0$0          npc_icons
     00000EB7  _npc_icons_tileset                 npc_icons
     00000F17  G$npc_icons_tilemap$0_0$0          npc_icons
     00000F17  _npc_icons_tilemap                 npc_icons
     00000F1D  G$spr_Branch$0_0$0                 spr_Branch
     00000F1D  _spr_Branch                        spr_Branch
     00000F2D  A$lcc2270422$59                    action
     00000F2D  C$action.c$11$0_0$170              action
     00000F2D  G$move_up$0$0                      action
     00000F2D  _move_up                           action
     00000F2F  A$lcc2270422$60                    action
     00000F31  A$lcc2270422$61                    action
     00000F32  A$lcc2270422$65                    action
     00000F32  C$action.c$13$2_0$171              action
     00000F35  A$lcc2270422$66                    action
     00000F37  A$lcc2270422$70                    action
     00000F37  C$action.c$14$2_0$171              action
     00000F39  A$lcc2270422$74                    action
     00000F39  C$action.c$16$1_0$170              action
     00000F3B  A$lcc2270422$75                    action
     00000F3C  A$lcc2270422$76                    action
ASxxxx Linker V03.00/V05.40 + sdld,  page 6.
Hexadecimal  [32-Bits]

Area                                    Addr        Size        Decimal Bytes (Attributes)
--------------------------------        ----        ----        ------- ----- ------------
_CODE                               00000200    00002D3E =       11582. bytes (REL,CON)

      Value  Global                              Global Defined In Module
      -----  --------------------------------   ------------------------
     00000F3D  A$lcc2270422$77                    action
     00000F3F  A$lcc2270422$78                    action
     00000F40  A$lcc2270422$79                    action
     00000F42  A$lcc2270422$80                    action
     00000F44  A$lcc2270422$81                    action
     00000F45  A$lcc2270422$82                    action
     00000F46  A$lcc2270422$83                    action
     00000F47  A$lcc2270422$84                    action
     00000F48  A$lcc2270422$85                    action
     00000F49  A$lcc2270422$86                    action
     00000F4A  A$lcc2270422$87                    action
     00000F4D  A$lcc2270422$88                    action
     00000F4E  A$lcc2270422$89                    action
     00000F4F  A$lcc2270422$90                    action
     00000F50  A$lcc2270422$91                    action
     00000F51  A$lcc2270422$92                    action
     00000F53  A$lcc2270422$93                    action
     00000F54  A$lcc2270422$94                    action
     00000F55  A$lcc2270422$95                    action
     00000F56  A$lcc2270422$96                    action
     00000F57  A$lcc2270422$97                    action
     00000F58  A$lcc2270422$98                    action
     00000F59  A$lcc2270422$99                    action
     00000F5A  A$lcc2270422$100                   action
     00000F5C  A$lcc2270422$101                   action
     00000F5D  A$lcc2270422$102                   action
     00000F5E  A$lcc2270422$103                   action
     00000F5F  A$lcc2270422$104                   action
     00000F60  A$lcc2270422$105                   action
     00000F61  A$lcc2270422$106                   action
     00000F62  A$lcc2270422$107                   action
     00000F63  A$lcc2270422$108                   action
     00000F64  A$lcc2270422$109                   action
     00000F65  A$lcc2270422$110                   action
     00000F66  A$lcc2270422$111                   action
     00000F67  A$lcc2270422$112                   action
     00000F68  A$lcc2270422$113                   action
     00000F69  A$lcc2270422$114                   action
     00000F6A  A$lcc2270422$115                   action
     00000F6C  A$lcc2270422$116                   action
     00000F6D  A$lcc2270422$117                   action
     00000F6E  A$lcc2270422$118                   action
     00000F6F  A$lcc2270422$119                   action
     00000F70  A$lcc2270422$120                   action
     00000F71  A$lcc2270422$124                   action
     00000F71  C$action.c$17$1_0$170              action
     00000F72  A$lcc2270422$125                   action
     00000F73  A$lcc2270422$126                   action
     00000F76  A$lcc2270422$127                   action
     00000F77  A$lcc2270422$128                   action
     00000F79  A$lcc2270422$129                   action
ASxxxx Linker V03.00/V05.40 + sdld,  page 7.
Hexadecimal  [32-Bits]

Area                                    Addr        Size        Decimal Bytes (Attributes)
--------------------------------        ----        ----        ------- ----- ------------
_CODE                               00000200    00002D3E =       11582. bytes (REL,CON)

      Value  Global                              Global Defined In Module
      -----  --------------------------------   ------------------------
     00000F7A  A$lcc2270422$130                   action
     00000F7B  A$lcc2270422$131                   action
     00000F7C  A$lcc2270422$132                   action
     00000F7E  A$lcc2270422$133                   action
     00000F7F  A$lcc2270422$134                   action
     00000F80  A$lcc2270422$139                   action
     00000F82  A$lcc2270422$144                   action
     00000F82  C$action.c$18$1_0$170              action
     00000F82  XG$move_up$0$0                     action
     00000F83  A$lcc2270422$154                   action
     00000F83  C$action.c$20$1_0$173              action
     00000F83  G$move_down$0$0                    action
     00000F83  _move_down                         action
     00000F85  A$lcc2270422$155                   action
     00000F87  A$lcc2270422$156                   action
     00000F88  A$lcc2270422$160                   action
     00000F88  C$action.c$22$2_0$174              action
     00000F8B  A$lcc2270422$161                   action
     00000F8D  A$lcc2270422$165                   action
     00000F8D  C$action.c$23$2_0$174              action
     00000F8F  A$lcc2270422$169                   action
     00000F8F  C$action.c$25$1_0$173              action
     00000F91  A$lcc2270422$170                   action
     00000F92  A$lcc2270422$171                   action
     00000F93  A$lcc2270422$172                   action
     00000F95  A$lcc2270422$173                   action
     00000F96  A$lcc2270422$174                   action
     00000F98  A$lcc2270422$175                   action
     00000F9A  A$lcc2270422$176                   action
     00000F9B  A$lcc2270422$177                   action
     00000F9C  A$lcc2270422$178                   action
     00000F9D  A$lcc2270422$179                   action
     00000F9E  A$lcc2270422$180                   action
     00000F9F  A$lcc2270422$181                   action
     00000FA0  A$lcc2270422$182                   action
     00000FA3  A$lcc2270422$183                   action
     00000FA4  A$lcc2270422$184                   action
     00000FA5  A$lcc2270422$185                   action
     00000FA6  A$lcc2270422$186                   action
     00000FA7  A$lcc2270422$187                   action
     00000FA9  A$lcc2270422$188                   action
     00000FAA  A$lcc2270422$189                   action
     00000FAB  A$lcc2270422$190                   action
     00000FAC  A$lcc2270422$191                   action
     00000FAD  A$lcc2270422$192                   action
     00000FAE  A$lcc2270422$193                   action
     00000FAF  A$lcc2270422$194                   action
     00000FB0  A$lcc2270422$195                   action
     00000FB2  A$lcc2270422$196                   action
     00000FB3  A$lcc2270422$197                   action
     00000FB4  A$lcc2270422$198                   action
ASxxxx Linker V03.00/V05.40 + sdld,  page 8.
Hexadecimal  [32-Bits]

Area                                    Addr        Size        Decimal Bytes (Attributes)
--------------------------------        ----        ----        ------- ----- ------------
_CODE                               00000200    00002D3E =       11582. bytes (REL,CON)

      Value  Global                              Global Defined In Module
      -----  --------------------------------   ------------------------
     00000FB5  A$lcc2270422$199                   action
     00000FB6  A$lcc2270422$200                   action
     00000FB7  A$lcc2270422$201                   action
     00000FB8  A$lcc2270422$202                   action
     00000FB9  A$lcc2270422$203                   action
     00000FBA  A$lcc2270422$204                   action
     00000FBB  A$lcc2270422$205                   action
     00000FBC  A$lcc2270422$206                   action
     00000FBD  A$lcc2270422$207                   action
     00000FBE  A$lcc2270422$208                   action
     00000FBF  A$lcc2270422$209                   action
     00000FC0  A$lcc2270422$210                   action
     00000FC1  A$lcc2270422$211                   action
     00000FC2  A$lcc2270422$212                   action
     00000FC3  A$lcc2270422$216                   action
     00000FC3  C$action.c$26$1_0$173              action
     00000FC6  A$lcc2270422$217                   action
     00000FC8  A$lcc2270422$218                   action
     00000FC9  A$lcc2270422$219                   action
     00000FCB  A$lcc2270422$220                   action
     00000FCC  A$lcc2270422$221                   action
     00000FCD  A$lcc2270422$222                   action
     00000FCE  A$lcc2270422$223                   action
     00000FCF  A$lcc2270422$224                   action
     00000FD0  A$lcc2270422$229                   action
     00000FD2  A$lcc2270422$234                   action
     00000FD2  C$action.c$27$1_0$173              action
     00000FD2  XG$move_down$0$0                   action
     00000FD3  A$lcc2270422$244                   action
     00000FD3  C$action.c$29$1_0$176              action
     00000FD3  G$move_left$0$0                    action
     00000FD3  _move_left                         action
     00000FD5  A$lcc2270422$245                   action
     00000FD7  A$lcc2270422$246                   action
     00000FD8  A$lcc2270422$250                   action
     00000FD8  C$action.c$31$2_0$177              action
     00000FDB  A$lcc2270422$251                   action
     00000FDD  A$lcc2270422$255                   action
     00000FDD  C$action.c$32$2_0$177              action
     00000FDF  A$lcc2270422$259                   action
     00000FDF  C$action.c$34$1_0$176              action
     00000FE1  A$lcc2270422$260                   action
     00000FE2  A$lcc2270422$261                   action
     00000FE3  A$lcc2270422$262                   action
     00000FE5  A$lcc2270422$263                   action
     00000FE6  A$lcc2270422$264                   action
     00000FE8  A$lcc2270422$265                   action
     00000FEA  A$lcc2270422$266                   action
     00000FEB  A$lcc2270422$267                   action
     00000FEC  A$lcc2270422$268                   action
     00000FED  A$lcc2270422$269                   action
ASxxxx Linker V03.00/V05.40 + sdld,  page 9.
Hexadecimal  [32-Bits]

Area                                    Addr        Size        Decimal Bytes (Attributes)
--------------------------------        ----        ----        ------- ----- ------------
_CODE                               00000200    00002D3E =       11582. bytes (REL,CON)

      Value  Global                              Global Defined In Module
      -----  --------------------------------   ------------------------
     00000FEE  A$lcc2270422$270                   action
     00000FEF  A$lcc2270422$271                   action
     00000FF0  A$lcc2270422$272                   action
     00000FF3  A$lcc2270422$273                   action
     00000FF4  A$lcc2270422$274                   action
     00000FF5  A$lcc2270422$275                   action
     00000FF6  A$lcc2270422$276                   action
     00000FF7  A$lcc2270422$277                   action
     00000FF9  A$lcc2270422$278                   action
     00000FFA  A$lcc2270422$279                   action
     00000FFB  A$lcc2270422$280                   action
     00000FFC  A$lcc2270422$281                   action
     00000FFD  A$lcc2270422$282                   action
     00000FFE  A$lcc2270422$283                   action
     00000FFF  A$lcc2270422$284                   action
     00001000  A$lcc2270422$285                   action
     00001002  A$lcc2270422$286                   action
     00001003  A$lcc2270422$287                   action
     00001004  A$lcc2270422$288                   action
     00001005  A$lcc2270422$289                   action
     00001006  A$lcc2270422$290                   action
     00001007  A$lcc2270422$291                   action
     00001008  A$lcc2270422$292                   action
     00001009  A$lcc2270422$293                   action
     0000100A  A$lcc2270422$294                   action
     0000100B  A$lcc2270422$295                   action
     0000100C  A$lcc2270422$296                   action
     0000100D  A$lcc2270422$297                   action
     0000100E  A$lcc2270422$298                   action
     0000100F  A$lcc2270422$299                   action
     00001010  A$lcc2270422$300                   action
     00001012  A$lcc2270422$301                   action
     00001013  A$lcc2270422$302                   action
     00001014  A$lcc2270422$303                   action
     00001015  A$lcc2270422$304                   action
     00001016  A$lcc2270422$305                   action
     00001017  A$lcc2270422$309                   action
     00001017  C$action.c$35$1_0$176              action
     00001018  A$lcc2270422$310                   action
     00001019  A$lcc2270422$311                   action
     0000101C  A$lcc2270422$312                   action
     0000101D  A$lcc2270422$313                   action
     0000101F  A$lcc2270422$314                   action
     00001020  A$lcc2270422$315                   action
     00001021  A$lcc2270422$316                   action
     00001022  A$lcc2270422$317                   action
     00001024  A$lcc2270422$318                   action
     00001025  A$lcc2270422$319                   action
     00001026  A$lcc2270422$324                   action
     00001028  A$lcc2270422$329                   action
     00001028  C$action.c$36$1_0$176              action
ASxxxx Linker V03.00/V05.40 + sdld,  page 10.
Hexadecimal  [32-Bits]

Area                                    Addr        Size        Decimal Bytes (Attributes)
--------------------------------        ----        ----        ------- ----- ------------
_CODE                               00000200    00002D3E =       11582. bytes (REL,CON)

      Value  Global                              Global Defined In Module
      -----  --------------------------------   ------------------------
     00001028  XG$move_left$0$0                   action
     00001029  A$lcc2270422$339                   action
     00001029  C$action.c$38$1_0$179              action
     00001029  G$move_right$0$0                   action
     00001029  _move_right                        action
     0000102B  A$lcc2270422$340                   action
     0000102D  A$lcc2270422$341                   action
     0000102E  A$lcc2270422$345                   action
     0000102E  C$action.c$40$2_0$180              action
     00001031  A$lcc2270422$346                   action
     00001033  A$lcc2270422$350                   action
     00001033  C$action.c$41$2_0$180              action
     00001035  A$lcc2270422$354                   action
     00001035  C$action.c$43$1_0$179              action
     00001037  A$lcc2270422$355                   action
     00001038  A$lcc2270422$356                   action
     00001039  A$lcc2270422$357                   action
     0000103B  A$lcc2270422$358                   action
     0000103C  A$lcc2270422$359                   action
     0000103E  A$lcc2270422$360                   action
     00001040  A$lcc2270422$361                   action
     00001041  A$lcc2270422$362                   action
     00001042  A$lcc2270422$363                   action
     00001043  A$lcc2270422$364                   action
     00001044  A$lcc2270422$365                   action
     00001045  A$lcc2270422$366                   action
     00001046  A$lcc2270422$367                   action
     00001049  A$lcc2270422$368                   action
     0000104A  A$lcc2270422$369                   action
     0000104B  A$lcc2270422$370                   action
     0000104C  A$lcc2270422$371                   action
     0000104D  A$lcc2270422$372                   action
     0000104F  A$lcc2270422$373                   action
     00001050  A$lcc2270422$374                   action
     00001051  A$lcc2270422$375                   action
     00001052  A$lcc2270422$376                   action
     00001053  A$lcc2270422$377                   action
     00001054  A$lcc2270422$378                   action
     00001055  A$lcc2270422$379                   action
     00001056  A$lcc2270422$380                   action
     00001058  A$lcc2270422$381                   action
     00001059  A$lcc2270422$382                   action
     0000105A  A$lcc2270422$383                   action
     0000105B  A$lcc2270422$384                   action
     0000105C  A$lcc2270422$385                   action
     0000105D  A$lcc2270422$386                   action
     0000105E  A$lcc2270422$387                   action
     0000105F  A$lcc2270422$388                   action
     00001060  A$lcc2270422$389                   action
     00001061  A$lcc2270422$390                   action
     00001062  A$lcc2270422$391                   action
ASxxxx Linker V03.00/V05.40 + sdld,  page 11.
Hexadecimal  [32-Bits]

Area                                    Addr        Size        Decimal Bytes (Attributes)
--------------------------------        ----        ----        ------- ----- ------------
_CODE                               00000200    00002D3E =       11582. bytes (REL,CON)

      Value  Global                              Global Defined In Module
      -----  --------------------------------   ------------------------
     00001063  A$lcc2270422$392                   action
     00001064  A$lcc2270422$393                   action
     00001065  A$lcc2270422$394                   action
     00001066  A$lcc2270422$395                   action
     00001067  A$lcc2270422$396                   action
     00001068  A$lcc2270422$397                   action
     00001069  A$lcc2270422$401                   action
     00001069  C$action.c$44$1_0$179              action
     0000106A  A$lcc2270422$402                   action
     0000106D  A$lcc2270422$403                   action
     0000106F  A$lcc2270422$404                   action
     00001070  A$lcc2270422$405                   action
     00001072  A$lcc2270422$406                   action
     00001073  A$lcc2270422$407                   action
     00001074  A$lcc2270422$408                   action
     00001075  A$lcc2270422$409                   action
     00001076  A$lcc2270422$410                   action
     00001077  A$lcc2270422$411                   action
     00001078  A$lcc2270422$416                   action
     0000107A  A$lcc2270422$421                   action
     0000107A  C$action.c$45$1_0$179              action
     0000107A  XG$move_right$0$0                  action
     0000107B  A$lcc2270423$59                    animation
     0000107B  C$animation.c$7$0_0$137            animation
     0000107B  G$init_animation$0$0               animation
     0000107B  _init_animation                    animation
     0000107D  A$lcc2270423$60                    animation
     0000107F  A$lcc2270423$61                    animation
     00001080  A$lcc2270423$62                    animation
     00001081  A$lcc2270423$63                    animation
     00001082  A$lcc2270423$64                    animation
     00001083  A$lcc2270423$65                    animation
     00001084  A$lcc2270423$69                    animation
     00001084  C$animation.c$12$1_0$137           animation
     00001086  A$lcc2270423$70                    animation
     00001087  A$lcc2270423$71                    animation
     00001088  A$lcc2270423$72                    animation
     00001089  A$lcc2270423$73                    animation
     0000108A  A$lcc2270423$74                    animation
     0000108B  A$lcc2270423$75                    animation
     0000108C  A$lcc2270423$76                    animation
     0000108E  A$lcc2270423$77                    animation
     00001090  A$lcc2270423$78                    animation
     00001091  A$lcc2270423$79                    animation
     00001092  A$lcc2270423$80                    animation
     00001093  A$lcc2270423$81                    animation
     00001094  A$lcc2270423$82                    animation
     00001095  A$lcc2270423$83                    animation
     00001096  A$lcc2270423$87                    animation
     00001096  C$animation.c$14$1_0$137           animation
     00001097  A$lcc2270423$88                    animation
ASxxxx Linker V03.00/V05.40 + sdld,  page 12.
Hexadecimal  [32-Bits]

Area                                    Addr        Size        Decimal Bytes (Attributes)
--------------------------------        ----        ----        ------- ----- ------------
_CODE                               00000200    00002D3E =       11582. bytes (REL,CON)

      Value  Global                              Global Defined In Module
      -----  --------------------------------   ------------------------
     00001098  A$lcc2270423$89                    animation
     00001099  A$lcc2270423$90                    animation
     0000109B  A$lcc2270423$91                    animation
     0000109C  A$lcc2270423$92                    animation
     0000109D  A$lcc2270423$96                    animation
     0000109D  C$animation.c$15$1_0$137           animation
     0000109E  A$lcc2270423$97                    animation
     0000109F  A$lcc2270423$98                    animation
     000010A0  A$lcc2270423$99                    animation
     000010A1  A$lcc2270423$100                   animation
     000010A2  A$lcc2270423$101                   animation
     000010A3  A$lcc2270423$102                   animation
     000010A5  A$lcc2270423$103                   animation
     000010A6  A$lcc2270423$104                   animation
     000010A7  A$lcc2270423$105                   animation
     000010A8  A$lcc2270423$109                   animation
     000010A8  C$animation.c$16$1_0$137           animation
     000010AB  A$lcc2270423$110                   animation
     000010AC  A$lcc2270423$111                   animation
     000010AE  A$lcc2270423$115                   animation
     000010AE  C$animation.c$17$1_0$137           animation
     000010AF  A$lcc2270423$116                   animation
     000010B0  A$lcc2270423$117                   animation
     000010B1  A$lcc2270423$118                   animation
     000010B2  A$lcc2270423$119                   animation
     000010B4  A$lcc2270423$123                   animation
     000010B4  C$animation.c$18$1_0$137           animation
     000010B7  A$lcc2270423$124                   animation
     000010B8  A$lcc2270423$125                   animation
     000010B9  A$lcc2270423$126                   animation
     000010BB  A$lcc2270423$127                   animation
     000010BC  A$lcc2270423$128                   animation
     000010BD  A$lcc2270423$129                   animation
     000010BE  A$lcc2270423$133                   animation
     000010BE  C$animation.c$21$1_0$137           animation
     000010BF  A$lcc2270423$134                   animation
     000010C0  A$lcc2270423$135                   animation
     000010C1  A$lcc2270423$136                   animation
     000010C2  A$lcc2270423$137                   animation
     000010C4  A$lcc2270423$138                   animation
     000010C5  A$lcc2270423$139                   animation
     000010C6  A$lcc2270423$140                   animation
     000010C7  A$lcc2270423$141                   animation
     000010C8  A$lcc2270423$142                   animation
     000010CB  A$lcc2270423$143                   animation
     000010CC  A$lcc2270423$144                   animation
     000010CD  A$lcc2270423$145                   animation
     000010CE  A$lcc2270423$146                   animation
     000010D0  A$lcc2270423$147                   animation
     000010D1  A$lcc2270423$148                   animation
     000010D2  A$lcc2270423$149                   animation
ASxxxx Linker V03.00/V05.40 + sdld,  page 13.
Hexadecimal  [32-Bits]

Area                                    Addr        Size        Decimal Bytes (Attributes)
--------------------------------        ----        ----        ------- ----- ------------
_CODE                               00000200    00002D3E =       11582. bytes (REL,CON)

      Value  Global                              Global Defined In Module
      -----  --------------------------------   ------------------------
     000010D3  A$lcc2270423$150                   animation
     000010D5  A$lcc2270423$151                   animation
     000010D6  A$lcc2270423$152                   animation
     000010D9  A$lcc2270423$153                   animation
     000010DA  A$lcc2270423$154                   animation
     000010DB  A$lcc2270423$155                   animation
     000010DC  A$lcc2270423$156                   animation
     000010DD  A$lcc2270423$160                   animation
     000010DD  C$animation.c$24$2_0$137           animation
     000010DF  A$lcc2270423$162                   animation
     000010E0  A$lcc2270423$163                   animation
     000010E1  A$lcc2270423$164                   animation
     000010E2  A$lcc2270423$165                   animation
     000010E3  A$lcc2270423$166                   animation
     000010E5  A$lcc2270423$167                   animation
     000010E6  A$lcc2270423$168                   animation
     000010E8  A$lcc2270423$173                   animation
     000010E8  C$animation.c$32$2_0$140           animation
     000010EA  A$lcc2270423$174                   animation
     000010EB  A$lcc2270423$175                   animation
     000010EC  A$lcc2270423$176                   animation
     000010ED  A$lcc2270423$177                   animation
     000010F0  A$lcc2270423$178                   animation
     000010F1  A$lcc2270423$179                   animation
     000010F2  A$lcc2270423$180                   animation
     000010F3  A$lcc2270423$181                   animation
     000010F4  A$lcc2270423$182                   animation
     000010F5  A$lcc2270423$183                   animation
     000010F7  A$lcc2270423$187                   animation
     000010F7  C$animation.c$33$2_0$140           animation
     000010F9  A$lcc2270423$188                   animation
     000010FA  A$lcc2270423$189                   animation
     000010FB  A$lcc2270423$194                   animation
     000010FB  C$animation.c$34$2_0$137           animation
     000010FD  A$lcc2270423$195                   animation
     000010FE  A$lcc2270423$196                   animation
     00001100  A$lcc2270423$197                   animation
     00001101  A$lcc2270423$207                   animation
     00001101  C$animation.c$36$2_0$142           animation
     00001101  G$update_animation$0$0             animation
     00001101  _update_animation                  animation
     00001102  A$lcc2270423$208                   animation
     00001103  A$lcc2270423$209                   animation
     00001104  A$lcc2270423$210                   animation
     00001105  A$lcc2270423$214                   animation
     00001105  C$animation.c$38$1_0$142           animation
     00001108  A$lcc2270423$215                   animation
     00001109  A$lcc2270423$216                   animation
     0000110A  A$lcc2270423$217                   animation
     0000110B  A$lcc2270423$218                   animation
     0000110C  A$lcc2270423$219                   animation
ASxxxx Linker V03.00/V05.40 + sdld,  page 14.
Hexadecimal  [32-Bits]

Area                                    Addr        Size        Decimal Bytes (Attributes)
--------------------------------        ----        ----        ------- ----- ------------
_CODE                               00000200    00002D3E =       11582. bytes (REL,CON)

      Value  Global                              Global Defined In Module
      -----  --------------------------------   ------------------------
     0000110D  A$lcc2270423$220                   animation
     0000110E  A$lcc2270423$221                   animation
     0000110F  A$lcc2270423$222                   animation
     00001110  A$lcc2270423$223                   animation
     00001112  A$lcc2270423$224                   animation
     00001113  A$lcc2270423$225                   animation
     00001114  A$lcc2270423$229                   animation
     00001114  C$animation.c$40$1_0$142           animation
     00001117  A$lcc2270423$230                   animation
     00001118  A$lcc2270423$231                   animation
     00001119  A$lcc2270423$232                   animation
     0000111A  A$lcc2270423$233                   animation
     0000111B  A$lcc2270423$234                   animation
     0000111C  A$lcc2270423$235                   animation
     0000111E  A$lcc2270423$236                   animation
     0000111F  A$lcc2270423$237                   animation
     00001120  A$lcc2270423$241                   animation
     00001120  C$animation.c$41$2_0$143           animation
     00001121  A$lcc2270423$242                   animation
     00001122  A$lcc2270423$243                   animation
     00001123  A$lcc2270423$244                   animation
     00001124  A$lcc2270423$245                   animation
     00001125  A$lcc2270423$246                   animation
     00001126  A$lcc2270423$247                   animation
     00001128  A$lcc2270423$248                   animation
     00001129  A$lcc2270423$249                   animation
     0000112B  A$lcc2270423$250                   animation
     0000112C  A$lcc2270423$251                   animation
     0000112D  A$lcc2270423$252                   animation
     0000112F  A$lcc2270423$256                   animation
     0000112F  C$animation.c$43$3_0$144           animation
     00001130  A$lcc2270423$257                   animation
     00001131  A$lcc2270423$261                   animation
     00001131  C$animation.c$44$3_0$144           animation
     00001132  A$lcc2270423$262                   animation
     00001133  A$lcc2270423$263                   animation
     00001134  A$lcc2270423$264                   animation
     00001135  A$lcc2270423$265                   animation
     00001136  A$lcc2270423$266                   animation
     00001137  A$lcc2270423$270                   animation
     00001137  C$animation.c$45$4_0$145           animation
     00001138  A$lcc2270423$271                   animation
     00001139  A$lcc2270423$272                   animation
     0000113A  A$lcc2270423$273                   animation
     0000113B  A$lcc2270423$274                   animation
     0000113C  A$lcc2270423$275                   animation
     0000113E  A$lcc2270423$279                   animation
     0000113E  C$animation.c$46$4_0$145           animation
     00001140  A$lcc2270423$284                   animation
     00001141  A$lcc2270423$285                   animation
     00001142  A$lcc2270423$290                   animation
ASxxxx Linker V03.00/V05.40 + sdld,  page 15.
Hexadecimal  [32-Bits]

Area                                    Addr        Size        Decimal Bytes (Attributes)
--------------------------------        ----        ----        ------- ----- ------------
_CODE                               00000200    00002D3E =       11582. bytes (REL,CON)

      Value  Global                              Global Defined In Module
      -----  --------------------------------   ------------------------
     00001142  C$animation.c$48$2_0$142           animation
     00001142  XG$update_animation$0$0            animation
     00001143  A$lcc2270423$300                   animation
     00001143  C$animation.c$50$2_0$147           animation
     00001143  G$set_animation$0$0                animation
     00001143  _set_animation                     animation
     00001144  A$lcc2270423$301                   animation
     00001145  A$lcc2270423$302                   animation
     00001146  A$lcc2270423$306                   animation
     00001146  C$animation.c$52$2_0$148           animation
     00001147  A$lcc2270423$307                   animation
     00001149  A$lcc2270423$308                   animation
     0000114A  A$lcc2270423$309                   animation
     0000114B  A$lcc2270423$310                   animation
     0000114D  A$lcc2270423$311                   animation
     0000114E  A$lcc2270423$312                   animation
     0000114F  A$lcc2270423$313                   animation
     00001150  A$lcc2270423$314                   animation
     00001151  A$lcc2270423$321                   animation
     00001151  C$animation.c$53$2_0$148           animation
     00001151  C$animation.c$55$1_0$147           animation
     00001152  A$lcc2270423$322                   animation
     00001153  A$lcc2270423$326                   animation
     00001153  C$animation.c$56$1_1$149           animation
     00001154  A$lcc2270423$327                   animation
     00001155  A$lcc2270423$328                   animation
     00001156  A$lcc2270423$329                   animation
     00001157  A$lcc2270423$330                   animation
     00001159  A$lcc2270423$331                   animation
     0000115A  A$lcc2270423$335                   animation
     0000115A  C$animation.c$57$1_1$149           animation
     0000115B  A$lcc2270423$336                   animation
     0000115C  A$lcc2270423$337                   animation
     0000115D  A$lcc2270423$338                   animation
     0000115E  A$lcc2270423$339                   animation
     0000115F  A$lcc2270423$340                   animation
     00001160  A$lcc2270423$344                   animation
     00001160  C$animation.c$58$1_1$149           animation
     00001163  A$lcc2270423$345                   animation
     00001164  A$lcc2270423$346                   animation
     00001166  A$lcc2270423$354                   animation
     00001166  C$animation.c$59$1_1$147           animation
     00001166  XG$set_animation$0$0               animation
     00001167  A$lcc2270425$52                    char_to_tile
     00001167  C$char_to_tile.c$3$0_0$3           char_to_tile
     00001167  G$char_to_tile$0$0                 char_to_tile
     00001167  _char_to_tile                      char_to_tile
     00001169  A$lcc2270425$53                    char_to_tile
     0000116B  A$lcc2270425$54                    char_to_tile
     0000116C  A$lcc2270425$58                    char_to_tile
     0000116C  C$char_to_tile.c$4$2_0$3           char_to_tile
ASxxxx Linker V03.00/V05.40 + sdld,  page 16.
Hexadecimal  [32-Bits]

Area                                    Addr        Size        Decimal Bytes (Attributes)
--------------------------------        ----        ----        ------- ----- ------------
_CODE                               00000200    00002D3E =       11582. bytes (REL,CON)

      Value  Global                              Global Defined In Module
      -----  --------------------------------   ------------------------
     0000116E  A$lcc2270425$59                    char_to_tile
     00001170  A$lcc2270425$60                    char_to_tile
     00001171  A$lcc2270425$61                    char_to_tile
     00001173  A$lcc2270425$62                    char_to_tile
     00001174  A$lcc2270425$63                    char_to_tile
     00001176  A$lcc2270425$64                    char_to_tile
     00001177  A$lcc2270425$65                    char_to_tile
     00001179  A$lcc2270425$66                    char_to_tile
     0000117A  A$lcc2270425$67                    char_to_tile
     0000117C  A$lcc2270425$68                    char_to_tile
     0000117D  A$lcc2270425$69                    char_to_tile
     0000117F  A$lcc2270425$70                    char_to_tile
     00001180  A$lcc2270425$71                    char_to_tile
     00001182  A$lcc2270425$72                    char_to_tile
     00001183  A$lcc2270425$73                    char_to_tile
     00001185  A$lcc2270425$74                    char_to_tile
     00001186  A$lcc2270425$75                    char_to_tile
     00001188  A$lcc2270425$76                    char_to_tile
     00001189  A$lcc2270425$77                    char_to_tile
     0000118B  A$lcc2270425$78                    char_to_tile
     0000118C  A$lcc2270425$79                    char_to_tile
     0000118E  A$lcc2270425$80                    char_to_tile
     0000118F  A$lcc2270425$81                    char_to_tile
     00001191  A$lcc2270425$82                    char_to_tile
     00001192  A$lcc2270425$83                    char_to_tile
     00001194  A$lcc2270425$84                    char_to_tile
     00001195  A$lcc2270425$85                    char_to_tile
     00001197  A$lcc2270425$86                    char_to_tile
     00001198  A$lcc2270425$87                    char_to_tile
     0000119A  A$lcc2270425$88                    char_to_tile
     0000119B  A$lcc2270425$89                    char_to_tile
     0000119D  A$lcc2270425$90                    char_to_tile
     0000119E  A$lcc2270425$91                    char_to_tile
     000011A0  A$lcc2270425$92                    char_to_tile
     000011A1  A$lcc2270425$93                    char_to_tile
     000011A3  A$lcc2270425$94                    char_to_tile
     000011A4  A$lcc2270425$95                    char_to_tile
     000011A6  A$lcc2270425$96                    char_to_tile
     000011A7  A$lcc2270425$97                    char_to_tile
     000011A9  A$lcc2270425$98                    char_to_tile
     000011AA  A$lcc2270425$99                    char_to_tile
     000011AC  A$lcc2270425$100                   char_to_tile
     000011AD  A$lcc2270425$101                   char_to_tile
     000011AF  A$lcc2270425$102                   char_to_tile
     000011B0  A$lcc2270425$103                   char_to_tile
     000011B2  A$lcc2270425$104                   char_to_tile
     000011B3  A$lcc2270425$105                   char_to_tile
     000011B5  A$lcc2270425$106                   char_to_tile
     000011B6  A$lcc2270425$107                   char_to_tile
     000011B8  A$lcc2270425$108                   char_to_tile
     000011B9  A$lcc2270425$109                   char_to_tile
ASxxxx Linker V03.00/V05.40 + sdld,  page 17.
Hexadecimal  [32-Bits]

Area                                    Addr        Size        Decimal Bytes (Attributes)
--------------------------------        ----        ----        ------- ----- ------------
_CODE                               00000200    00002D3E =       11582. bytes (REL,CON)

      Value  Global                              Global Defined In Module
      -----  --------------------------------   ------------------------
     000011BB  A$lcc2270425$110                   char_to_tile
     000011BC  A$lcc2270425$111                   char_to_tile
     000011BE  A$lcc2270425$112                   char_to_tile
     000011BF  A$lcc2270425$113                   char_to_tile
     000011C1  A$lcc2270425$114                   char_to_tile
     000011C2  A$lcc2270425$115                   char_to_tile
     000011C4  A$lcc2270425$116                   char_to_tile
     000011C5  A$lcc2270425$117                   char_to_tile
     000011C7  A$lcc2270425$118                   char_to_tile
     000011C8  A$lcc2270425$119                   char_to_tile
     000011CA  A$lcc2270425$120                   char_to_tile
     000011CB  A$lcc2270425$124                   char_to_tile
     000011CB  C$char_to_tile.c$5$3_0$4           char_to_tile
     000011CC  A$lcc2270425$125                   char_to_tile
     000011CD  A$lcc2270425$126                   char_to_tile
     000011CE  A$lcc2270425$127                   char_to_tile
     000011CF  A$lcc2270425$128                   char_to_tile
     000011D2  A$lcc2270425$130                   char_to_tile
     000011D3  A$lcc2270425$131                   char_to_tile
     000011D5  A$lcc2270425$132                   char_to_tile
     000011D7  A$lcc2270425$136                   char_to_tile
     000011D7  C$char_to_tile.c$6$4_0$6           char_to_tile
     000011DA  A$lcc2270425$137                   char_to_tile
     000011DB  A$lcc2270425$138                   char_to_tile
     000011DC  A$lcc2270425$139                   char_to_tile
     000011DD  A$lcc2270425$140                   char_to_tile
     000011DF  A$lcc2270425$141                   char_to_tile
     000011E0  A$lcc2270425$142                   char_to_tile
     000011E1  A$lcc2270425$143                   char_to_tile
     000011E3  A$lcc2270425$147                   char_to_tile
     000011E3  C$char_to_tile.c$7$5_0$7           char_to_tile
     000011E5  A$lcc2270425$148                   char_to_tile
     000011E6  A$lcc2270425$149                   char_to_tile
     000011E8  A$lcc2270425$150                   char_to_tile
     000011E9  A$lcc2270425$151                   char_to_tile
     000011EB  A$lcc2270425$156                   char_to_tile
     000011EB  C$char_to_tile.c$5$2_0$4           char_to_tile
     000011EC  A$lcc2270425$157                   char_to_tile
     000011EE  A$lcc2270425$158                   char_to_tile
     000011EF  A$lcc2270425$159                   char_to_tile
     000011F0  A$lcc2270425$160                   char_to_tile
     000011F1  A$lcc2270425$161                   char_to_tile
     000011F3  A$lcc2270425$166                   char_to_tile
     000011F3  C$char_to_tile.c$11$1_0$3          char_to_tile
     000011F6  A$lcc2270425$171                   char_to_tile
     000011F8  A$lcc2270425$176                   char_to_tile
     000011F8  C$char_to_tile.c$12$1_0$3          char_to_tile
     000011F8  XG$char_to_tile$0$0                char_to_tile
     000011F9  A$lcc2270426$52                    collision
     000011F9  C$collision.c$3$0_0$3              collision
     000011F9  G$check_collision$0$0              collision
ASxxxx Linker V03.00/V05.40 + sdld,  page 18.
Hexadecimal  [32-Bits]

Area                                    Addr        Size        Decimal Bytes (Attributes)
--------------------------------        ----        ----        ------- ----- ------------
_CODE                               00000200    00002D3E =       11582. bytes (REL,CON)

      Value  Global                              Global Defined In Module
      -----  --------------------------------   ------------------------
     000011F9  _check_collision                   collision
     000011FB  A$lcc2270426$53                    collision
     000011FC  A$lcc2270426$54                    collision
     000011FE  A$lcc2270426$55                    collision
     000011FF  A$lcc2270426$59                    collision
     000011FF  C$collision.c$8$1_0$3              collision
     00001201  A$lcc2270426$60                    collision
     00001202  A$lcc2270426$61                    collision
     00001204  A$lcc2270426$62                    collision
     00001205  A$lcc2270426$63                    collision
     00001207  A$lcc2270426$64                    collision
     00001209  A$lcc2270426$65                    collision
     0000120A  A$lcc2270426$66                    collision
     0000120C  A$lcc2270426$67                    collision
     0000120D  A$lcc2270426$68                    collision
     0000120E  A$lcc2270426$69                    collision
     0000120F  A$lcc2270426$70                    collision
     00001210  A$lcc2270426$71                    collision
     00001211  A$lcc2270426$72                    collision
     00001212  A$lcc2270426$73                    collision
     00001213  A$lcc2270426$74                    collision
     00001214  A$lcc2270426$75                    collision
     00001215  A$lcc2270426$76                    collision
     00001216  A$lcc2270426$77                    collision
     00001217  A$lcc2270426$78                    collision
     00001219  A$lcc2270426$79                    collision
     0000121A  A$lcc2270426$80                    collision
     0000121B  A$lcc2270426$81                    collision
     0000121C  A$lcc2270426$82                    collision
     0000121E  A$lcc2270426$83                    collision
     0000121F  A$lcc2270426$84                    collision
     00001221  A$lcc2270426$85                    collision
     00001222  A$lcc2270426$86                    collision
     00001223  A$lcc2270426$87                    collision
     00001224  A$lcc2270426$88                    collision
     00001225  A$lcc2270426$89                    collision
     00001226  A$lcc2270426$90                    collision
     00001228  A$lcc2270426$94                    collision
     00001228  C$collision.c$9$1_0$3              collision
     00001229  A$lcc2270426$95                    collision
     0000122A  A$lcc2270426$96                    collision
     0000122B  A$lcc2270426$97                    collision
     0000122C  A$lcc2270426$98                    collision
     0000122D  A$lcc2270426$99                    collision
     0000122F  A$lcc2270426$100                   collision
     00001230  A$lcc2270426$101                   collision
     00001231  A$lcc2270426$102                   collision
     00001232  A$lcc2270426$103                   collision
     00001233  A$lcc2270426$104                   collision
     00001235  A$lcc2270426$108                   collision
     00001235  C$collision.c$10$1_0$3             collision
ASxxxx Linker V03.00/V05.40 + sdld,  page 19.
Hexadecimal  [32-Bits]

Area                                    Addr        Size        Decimal Bytes (Attributes)
--------------------------------        ----        ----        ------- ----- ------------
_CODE                               00000200    00002D3E =       11582. bytes (REL,CON)

      Value  Global                              Global Defined In Module
      -----  --------------------------------   ------------------------
     00001237  A$lcc2270426$109                   collision
     00001238  A$lcc2270426$110                   collision
     0000123A  A$lcc2270426$111                   collision
     0000123B  A$lcc2270426$112                   collision
     0000123C  A$lcc2270426$113                   collision
     0000123D  A$lcc2270426$114                   collision
     0000123E  A$lcc2270426$115                   collision
     0000123F  A$lcc2270426$116                   collision
     00001240  A$lcc2270426$117                   collision
     00001241  A$lcc2270426$118                   collision
     00001242  A$lcc2270426$119                   collision
     00001243  A$lcc2270426$120                   collision
     00001244  A$lcc2270426$121                   collision
     00001245  A$lcc2270426$122                   collision
     00001247  A$lcc2270426$123                   collision
     00001248  A$lcc2270426$124                   collision
     00001249  A$lcc2270426$125                   collision
     0000124A  A$lcc2270426$126                   collision
     0000124C  A$lcc2270426$127                   collision
     0000124D  A$lcc2270426$128                   collision
     0000124E  A$lcc2270426$129                   collision
     0000124F  A$lcc2270426$130                   collision
     00001250  A$lcc2270426$131                   collision
     00001252  A$lcc2270426$132                   collision
     00001253  A$lcc2270426$133                   collision
     00001254  A$lcc2270426$134                   collision
     00001255  A$lcc2270426$135                   collision
     00001256  A$lcc2270426$136                   collision
     00001257  A$lcc2270426$137                   collision
     00001259  A$lcc2270426$141                   collision
     00001259  C$collision.c$11$1_0$3             collision
     0000125A  A$lcc2270426$142                   collision
     0000125B  A$lcc2270426$143                   collision
     0000125C  A$lcc2270426$144                   collision
     0000125D  A$lcc2270426$145                   collision
     0000125E  A$lcc2270426$146                   collision
     00001260  A$lcc2270426$147                   collision
     00001261  A$lcc2270426$148                   collision
     00001262  A$lcc2270426$149                   collision
     00001263  A$lcc2270426$150                   collision
     00001264  A$lcc2270426$151                   collision
     00001266  A$lcc2270426$153                   collision
     00001267  A$lcc2270426$154                   collision
     00001269  A$lcc2270426$156                   collision
     0000126B  A$lcc2270426$161                   collision
     0000126B  C$collision.c$12$1_0$3             collision
     0000126D  A$lcc2270426$162                   collision
     0000126E  A$lcc2270426$163                   collision
     00001270  A$lcc2270426$164                   collision
     00001271  A$lcc2270427$53                    draw
     00001271  C$draw.c$7$0_0$139                 draw
ASxxxx Linker V03.00/V05.40 + sdld,  page 20.
Hexadecimal  [32-Bits]

Area                                    Addr        Size        Decimal Bytes (Attributes)
--------------------------------        ----        ----        ------- ----- ------------
_CODE                               00000200    00002D3E =       11582. bytes (REL,CON)

      Value  Global                              Global Defined In Module
      -----  --------------------------------   ------------------------
     00001271  G$draw_actor$0$0                   draw
     00001271  _draw_actor                        draw
     00001273  A$lcc2270427$54                    draw
     00001275  A$lcc2270427$55                    draw
     00001276  A$lcc2270427$59                    draw
     00001276  C$draw.c$9$1_0$139                 draw
     00001279  A$lcc2270427$60                    draw
     0000127A  A$lcc2270427$61                    draw
     0000127C  A$lcc2270427$62                    draw
     0000127D  A$lcc2270427$63                    draw
     0000127E  A$lcc2270427$64                    draw
     0000127F  A$lcc2270427$65                    draw
     00001280  A$lcc2270427$66                    draw
     00001282  A$lcc2270427$67                    draw
     00001283  A$lcc2270427$71                    draw
     00001283  C$draw.c$10$1_0$139                draw
     00001286  A$lcc2270427$72                    draw
     00001288  A$lcc2270427$73                    draw
     00001289  A$lcc2270427$74                    draw
     0000128B  A$lcc2270427$75                    draw
     0000128C  A$lcc2270427$76                    draw
     0000128D  A$lcc2270427$77                    draw
     0000128E  A$lcc2270427$78                    draw
     0000128F  A$lcc2270427$79                    draw
     00001291  A$lcc2270427$80                    draw
     00001292  A$lcc2270427$84                    draw
     00001292  C$draw.c$12$1_0$139                draw
     00001295  A$lcc2270427$85                    draw
     00001297  A$lcc2270427$86                    draw
     00001298  A$lcc2270427$87                    draw
     0000129A  A$lcc2270427$88                    draw
     0000129B  A$lcc2270427$89                    draw
     0000129C  A$lcc2270427$90                    draw
     0000129D  A$lcc2270427$91                    draw
     0000129E  A$lcc2270427$92                    draw
     0000129F  A$lcc2270427$93                    draw
     000012A0  A$lcc2270427$94                    draw
     000012A1  A$lcc2270427$95                    draw
     000012A2  A$lcc2270427$96                    draw
     000012A3  A$lcc2270427$97                    draw
     000012A4  A$lcc2270427$98                    draw
     000012A5  A$lcc2270427$99                    draw
     000012A6  A$lcc2270427$103                   draw
     000012A6  C$draw.c$13$1_0$139                draw
     000012A9  A$lcc2270427$104                   draw
     000012AA  A$lcc2270427$105                   draw
     000012AB  A$lcc2270427$106                   draw
     000012AC  A$lcc2270427$107                   draw
     000012AD  A$lcc2270427$108                   draw
     000012AE  A$lcc2270427$109                   draw
     000012AF  A$lcc2270427$110                   draw
ASxxxx Linker V03.00/V05.40 + sdld,  page 21.
Hexadecimal  [32-Bits]

Area                                    Addr        Size        Decimal Bytes (Attributes)
--------------------------------        ----        ----        ------- ----- ------------
_CODE                               00000200    00002D3E =       11582. bytes (REL,CON)

      Value  Global                              Global Defined In Module
      -----  --------------------------------   ------------------------
     000012B0  A$lcc2270427$111                   draw
     000012B1  A$lcc2270427$112                   draw
     000012B3  A$lcc2270427$113                   draw
     000012B4  A$lcc2270427$114                   draw
     000012B5  A$lcc2270427$118                   draw
     000012B5  C$draw.c$15$1_0$139                draw
     000012B8  A$lcc2270427$119                   draw
     000012B9  A$lcc2270427$120                   draw
     000012BA  A$lcc2270427$121                   draw
     000012BC  A$lcc2270427$122                   draw
     000012BD  A$lcc2270427$126                   draw
     000012BD  C$draw.c$16$1_0$139                draw
     000012BE  A$lcc2270427$127                   draw
     000012BF  A$lcc2270427$128                   draw
     000012C0  A$lcc2270427$129                   draw
     000012C1  A$lcc2270427$130                   draw
     000012C2  A$lcc2270427$131                   draw
     000012C3  A$lcc2270427$132                   draw
     000012C6  A$lcc2270427$133                   draw
     000012C7  A$lcc2270427$134                   draw
     000012C8  A$lcc2270427$135                   draw
     000012C9  A$lcc2270427$136                   draw
     000012CB  A$lcc2270427$140                   draw
     000012CB  C$draw.c$18$1_0$139                draw
     000012CC  A$lcc2270427$141                   draw
     000012CD  A$lcc2270427$142                   draw
     000012CE  A$lcc2270427$143                   draw
     000012CF  A$lcc2270427$144                   draw
     000012D0  A$lcc2270427$148                   draw
     000012D0  C$draw.c$19$1_0$139                draw
     000012D2  A$lcc2270427$149                   draw
     000012D3  A$lcc2270427$150                   draw
     000012D4  A$lcc2270427$151                   draw
     000012D5  A$lcc2270427$152                   draw
     000012D6  A$lcc2270427$153                   draw
     000012D7  A$lcc2270427$154                   draw
     000012D8  A$lcc2270427$155                   draw
     000012D9  A$lcc2270427$156                   draw
     000012DA  A$lcc2270427$157                   draw
     000012DB  A$lcc2270427$158                   draw
     000012DC  A$lcc2270427$159                   draw
     000012DD  A$lcc2270427$160                   draw
     000012DE  A$lcc2270427$161                   draw
     000012DF  A$lcc2270427$162                   draw
     000012E0  A$lcc2270427$166                   draw
     000012E0  C$draw.c$21$2_0$140                draw
     000012E2  A$lcc2270427$167                   draw
     000012E3  A$lcc2270427$174                   draw
     000012E3  C$draw.c$22$2_0$140                draw
     000012E3  C$draw.c$25$2_0$139                draw
     000012E6  A$lcc2270427$175                   draw
ASxxxx Linker V03.00/V05.40 + sdld,  page 22.
Hexadecimal  [32-Bits]

Area                                    Addr        Size        Decimal Bytes (Attributes)
--------------------------------        ----        ----        ------- ----- ------------
_CODE                               00000200    00002D3E =       11582. bytes (REL,CON)

      Value  Global                              Global Defined In Module
      -----  --------------------------------   ------------------------
     000012E8  A$lcc2270427$177                   draw
     000012E9  A$lcc2270427$178                   draw
     000012EB  A$lcc2270427$179                   draw
     000012EC  A$lcc2270427$180                   draw
     000012EE  A$lcc2270427$182                   draw
     000012EF  A$lcc2270427$183                   draw
     000012F0  A$lcc2270427$184                   draw
     000012F1  A$lcc2270427$185                   draw
     000012F2  A$lcc2270427$186                   draw
     000012F3  A$lcc2270427$187                   draw
     000012F5  A$lcc2270427$188                   draw
     000012F8  A$lcc2270427$189                   draw
     000012F9  A$lcc2270427$190                   draw
     000012FA  A$lcc2270427$191                   draw
     000012FB  A$lcc2270427$192                   draw
     000012FC  A$lcc2270427$194                   draw
     000012FD  A$lcc2270427$195                   draw
     000012FE  A$lcc2270427$196                   draw
     000012FF  A$lcc2270427$197                   draw
     00001300  A$lcc2270427$198                   draw
     00001301  A$lcc2270427$199                   draw
     00001302  A$lcc2270427$200                   draw
     00001305  A$lcc2270427$201                   draw
     00001306  A$lcc2270427$202                   draw
     00001307  A$lcc2270427$203                   draw
     00001308  A$lcc2270427$204                   draw
     00001309  A$lcc2270427$205                   draw
     0000130A  A$lcc2270427$209                   draw
     0000130A  C$draw.c$25$2_0$141                draw
     0000130B  A$lcc2270427$210                   draw
     0000130D  A$lcc2270427$215                   draw
     0000130D  C$draw.c$29$2_0$142                draw
     0000130F  A$lcc2270427$216                   draw
     00001310  A$lcc2270427$217                   draw
     00001311  A$lcc2270427$218                   draw
     00001313  A$lcc2270427$220                   draw
     00001315  A$lcc2270427$221                   draw
     00001316  A$lcc2270427$223                   draw
     00001317  A$lcc2270427$224                   draw
     00001318  A$lcc2270427$225                   draw
     00001319  A$lcc2270427$226                   draw
     0000131A  A$lcc2270427$227                   draw
     0000131B  A$lcc2270427$228                   draw
     0000131E  A$lcc2270427$229                   draw
     0000131F  A$lcc2270427$230                   draw
     00001320  A$lcc2270427$231                   draw
     00001321  A$lcc2270427$233                   draw
     00001323  A$lcc2270427$234                   draw
     00001324  A$lcc2270427$235                   draw
     00001325  A$lcc2270427$236                   draw
     00001326  A$lcc2270427$237                   draw
ASxxxx Linker V03.00/V05.40 + sdld,  page 23.
Hexadecimal  [32-Bits]

Area                                    Addr        Size        Decimal Bytes (Attributes)
--------------------------------        ----        ----        ------- ----- ------------
_CODE                               00000200    00002D3E =       11582. bytes (REL,CON)

      Value  Global                              Global Defined In Module
      -----  --------------------------------   ------------------------
     00001327  A$lcc2270427$238                   draw
     00001328  A$lcc2270427$242                   draw
     00001328  C$draw.c$31$2_0$142                draw
     0000132B  A$lcc2270427$247                   draw
     0000132B  C$draw.c$33$3_0$144                draw
     0000132D  A$lcc2270427$248                   draw
     0000132E  A$lcc2270427$249                   draw
     00001330  A$lcc2270427$250                   draw
     00001332  A$lcc2270427$254                   draw
     00001335  A$lcc2270427$255                   draw
     00001337  A$lcc2270427$256                   draw
     00001338  A$lcc2270427$257                   draw
     0000133A  A$lcc2270427$258                   draw
     0000133B  A$lcc2270427$259                   draw
     0000133C  A$lcc2270427$260                   draw
     0000133D  A$lcc2270427$261                   draw
     0000133E  A$lcc2270427$262                   draw
     0000133F  A$lcc2270427$266                   draw
     0000133F  C$draw.c$31$2_0$139                draw
     00001341  A$lcc2270427$267                   draw
     00001342  A$lcc2270427$271                   draw
     00001342  C$draw.c$35$5_0$146                draw
     00001344  A$lcc2270427$272                   draw
     00001346  A$lcc2270427$275                   draw
     00001347  A$lcc2270427$276                   draw
     00001348  A$lcc2270427$277                   draw
     00001349  A$lcc2270427$278                   draw
     0000134A  A$lcc2270427$279                   draw
     0000134B  A$lcc2270427$280                   draw
     0000134E  A$lcc2270427$281                   draw
     0000134F  A$lcc2270427$282                   draw
     00001350  A$lcc2270427$283                   draw
     00001351  A$lcc2270427$285                   draw
     00001353  A$lcc2270427$286                   draw
     00001354  A$lcc2270427$287                   draw
     00001355  A$lcc2270427$288                   draw
     00001356  A$lcc2270427$290                   draw
     00001357  A$lcc2270427$291                   draw
     00001358  A$lcc2270427$292                   draw
     00001359  A$lcc2270427$293                   draw
     0000135B  A$lcc2270427$294                   draw
     0000135C  A$lcc2270427$295                   draw
     0000135E  A$lcc2270427$297                   draw
     0000135F  A$lcc2270427$298                   draw
     00001362  A$lcc2270427$299                   draw
     00001363  A$lcc2270427$300                   draw
     00001364  A$lcc2270427$301                   draw
     00001365  A$lcc2270427$302                   draw
     00001366  A$lcc2270427$303                   draw
     00001367  A$lcc2270427$304                   draw
     00001368  A$lcc2270427$305                   draw
ASxxxx Linker V03.00/V05.40 + sdld,  page 24.
Hexadecimal  [32-Bits]

Area                                    Addr        Size        Decimal Bytes (Attributes)
--------------------------------        ----        ----        ------- ----- ------------
_CODE                               00000200    00002D3E =       11582. bytes (REL,CON)

      Value  Global                              Global Defined In Module
      -----  --------------------------------   ------------------------
     00001369  A$lcc2270427$307                   draw
     0000136A  A$lcc2270427$308                   draw
     0000136B  A$lcc2270427$309                   draw
     0000136C  A$lcc2270427$310                   draw
     0000136E  A$lcc2270427$311                   draw
     0000136F  A$lcc2270427$312                   draw
     00001370  A$lcc2270427$316                   draw
     00001370  C$draw.c$38$5_0$146                draw
     00001373  A$lcc2270427$320                   draw
     00001374  A$lcc2270427$321                   draw
     00001375  A$lcc2270427$322                   draw
     00001376  A$lcc2270427$323                   draw
     00001377  A$lcc2270427$324                   draw
     00001378  A$lcc2270427$325                   draw
     0000137B  A$lcc2270427$326                   draw
     0000137C  A$lcc2270427$327                   draw
     0000137D  A$lcc2270427$328                   draw
     0000137E  A$lcc2270427$330                   draw
     00001380  A$lcc2270427$331                   draw
     00001381  A$lcc2270427$332                   draw
     00001382  A$lcc2270427$333                   draw
     00001383  A$lcc2270427$334                   draw
     00001384  A$lcc2270427$335                   draw
     00001385  A$lcc2270427$337                   draw
     00001386  A$lcc2270427$338                   draw
     00001388  A$lcc2270427$339                   draw
     00001389  A$lcc2270427$340                   draw
     0000138B  A$lcc2270427$342                   draw
     0000138C  A$lcc2270427$343                   draw
     0000138D  A$lcc2270427$344                   draw
     0000138E  A$lcc2270427$345                   draw
     0000138F  A$lcc2270427$346                   draw
     00001390  A$lcc2270427$347                   draw
     00001393  A$lcc2270427$348                   draw
     00001394  A$lcc2270427$350                   draw
     00001395  A$lcc2270427$351                   draw
     00001397  A$lcc2270427$352                   draw
     00001398  A$lcc2270427$353                   draw
     00001399  A$lcc2270427$354                   draw
     0000139A  A$lcc2270427$355                   draw
     0000139B  A$lcc2270427$359                   draw
     0000139B  C$draw.c$43$3_0$144                draw
     0000139D  A$lcc2270427$364                   draw
     0000139D  C$draw.c$46$4_0$149                draw
     0000139F  A$lcc2270427$365                   draw
     000013A0  A$lcc2270427$366                   draw
     000013A2  A$lcc2270427$367                   draw
     000013A4  A$lcc2270427$369                   draw
     000013A6  A$lcc2270427$370                   draw
     000013A7  A$lcc2270427$372                   draw
     000013A8  A$lcc2270427$373                   draw
ASxxxx Linker V03.00/V05.40 + sdld,  page 25.
Hexadecimal  [32-Bits]

Area                                    Addr        Size        Decimal Bytes (Attributes)
--------------------------------        ----        ----        ------- ----- ------------
_CODE                               00000200    00002D3E =       11582. bytes (REL,CON)

      Value  Global                              Global Defined In Module
      -----  --------------------------------   ------------------------
     000013A9  A$lcc2270427$374                   draw
     000013AA  A$lcc2270427$375                   draw
     000013AB  A$lcc2270427$376                   draw
     000013AC  A$lcc2270427$377                   draw
     000013AF  A$lcc2270427$378                   draw
     000013B0  A$lcc2270427$379                   draw
     000013B1  A$lcc2270427$380                   draw
[...]
     000246A0  A$lcc2270475$1009                  mg_leaves_update
     000246A0  C$mg_leaves_update.c$153$2_0$211   mg_leaves_update
     000246A3  A$lcc2270475$1010                  mg_leaves_update
     000246A5  A$lcc2270475$1011                  mg_leaves_update
     000246A7  A$lcc2270475$1015                  mg_leaves_update
     000246A7  C$mg_leaves_update.c$154$2_0$211   mg_leaves_update
     000246AA  A$lcc2270475$1016                  mg_leaves_update
     000246AC  A$lcc2270475$1017                  mg_leaves_update
     000246AE  A$lcc2270475$1022                  mg_leaves_update
     000246AE  C$mg_leaves_update.c$156$2_0$211   mg_leaves_update
     000246AF  A$lcc2270475$1023                  mg_leaves_update
     000246B2  A$lcc2270475$1028                  mg_leaves_update
     000246B2  C$mg_leaves_update.c$158$1_0$206   mg_leaves_update
     000246B4  A$lcc2270475$1029                  mg_leaves_update
     000246B6  A$lcc2270475$1030                  mg_leaves_update
     000246B9  A$lcc2270475$1034                  mg_leaves_update
     000246B9  C$mg_leaves_update.c$160$1_0$206   mg_leaves_update
     000246BC  A$lcc2270475$1038                  mg_leaves_update
ASxxxx Linker V03.00/V05.40 + sdld,  page 165.
Hexadecimal  [32-Bits]

Area                                    Addr        Size        Decimal Bytes (Attributes)
--------------------------------        ----        ----        ------- ----- ------------
_CODE_2                             00024000    00000776 =        1910. bytes (REL,CON)

      Value  Global                              Global Defined In Module
      -----  --------------------------------   ------------------------
     000246BC  C$mg_leaves_update.c$161$1_0$206   mg_leaves_update
     000246BF  A$lcc2270475$1042                  mg_leaves_update
     000246BF  C$mg_leaves_update.c$163$1_0$206   mg_leaves_update
     000246C2  A$lcc2270475$1043                  mg_leaves_update
     000246C5  A$lcc2270475$1047                  mg_leaves_update
     000246C5  C$mg_leaves_update.c$165$2_0$212   mg_leaves_update
     000246C8  A$lcc2270475$1048                  mg_leaves_update
     000246CB  A$lcc2270475$1049                  mg_leaves_update
     000246CC  A$lcc2270475$1050                  mg_leaves_update
     000246CE  A$lcc2270475$1054                  mg_leaves_update
     000246CE  C$mg_leaves_update.c$167$3_0$213   mg_leaves_update
     000246D1  A$lcc2270475$1055                  mg_leaves_update
     000246D4  A$lcc2270475$1059                  mg_leaves_update
     000246D4  C$mg_leaves_update.c$169$3_1$214   mg_leaves_update
     000246D7  A$lcc2270475$1063                  mg_leaves_update
     000246D7  C$mg_leaves_update.c$170$1_1$206   mg_leaves_update
     000246D9  A$lcc2270475$1064                  mg_leaves_update
     000246DA  A$lcc2270475$1065                  mg_leaves_update
     000246DC  A$lcc2270475$1066                  mg_leaves_update
     000246DF  A$lcc2270475$1067                  mg_leaves_update
     000246E0  A$lcc2270475$1068                  mg_leaves_update
     000246E2  A$lcc2270475$1069                  mg_leaves_update
     000246E5  A$lcc2270475$1070                  mg_leaves_update
     000246E6  A$lcc2270475$1071                  mg_leaves_update
     000246E8  A$lcc2270475$1072                  mg_leaves_update
     000246EA  A$lcc2270475$1076                  mg_leaves_update
     000246EA  C$mg_leaves_update.c$171$1_1$206   mg_leaves_update
     000246EB  A$lcc2270475$1077                  mg_leaves_update
     000246EC  A$lcc2270475$1078                  mg_leaves_update
     000246EE  A$lcc2270475$1079                  mg_leaves_update
     000246EF  A$lcc2270475$1080                  mg_leaves_update
     000246F2  A$lcc2270475$1081                  mg_leaves_update
     000246F3  A$lcc2270475$1082                  mg_leaves_update
     000246F5  A$lcc2270475$1083                  mg_leaves_update
     000246F8  A$lcc2270475$1084                  mg_leaves_update
     000246F9  A$lcc2270475$1085                  mg_leaves_update
     000246FB  A$lcc2270475$1086                  mg_leaves_update
     000246FD  A$lcc2270475$1090                  mg_leaves_update
     000246FD  C$mg_leaves_update.c$172$1_1$206   mg_leaves_update
     000246FE  A$lcc2270475$1091                  mg_leaves_update
     00024700  A$lcc2270475$1092                  mg_leaves_update
     00024701  A$lcc2270475$1093                  mg_leaves_update
     00024704  A$lcc2270475$1094                  mg_leaves_update
     00024705  A$lcc2270475$1095                  mg_leaves_update
     00024707  A$lcc2270475$1096                  mg_leaves_update
     00024709  A$lcc2270475$1097                  mg_leaves_update
     0002470A  A$lcc2270475$1101                  mg_leaves_update
     0002470A  C$mg_leaves_update.c$174$3_1$214   mg_leaves_update
     0002470C  A$lcc2270475$1102                  mg_leaves_update
     0002470D  A$lcc2270475$1103                  mg_leaves_update
     0002470E  A$lcc2270475$1104                  mg_leaves_update
ASxxxx Linker V03.00/V05.40 + sdld,  page 166.
Hexadecimal  [32-Bits]

Area                                    Addr        Size        Decimal Bytes (Attributes)
--------------------------------        ----        ----        ------- ----- ------------
_CODE_2                             00024000    00000776 =        1910. bytes (REL,CON)

      Value  Global                              Global Defined In Module
      -----  --------------------------------   ------------------------
     00024710  A$lcc2270475$1105                  mg_leaves_update
     00024712  A$lcc2270475$1106                  mg_leaves_update
     00024715  A$lcc2270475$1110                  mg_leaves_update
     00024715  C$mg_leaves_update.c$175$3_1$214   mg_leaves_update
     00024717  A$lcc2270475$1111                  mg_leaves_update
     00024718  A$lcc2270475$1112                  mg_leaves_update
     00024719  A$lcc2270475$1113                  mg_leaves_update
     0002471A  A$lcc2270475$1114                  mg_leaves_update
     0002471C  A$lcc2270475$1115                  mg_leaves_update
     0002471E  A$lcc2270475$1116                  mg_leaves_update
     00024721  A$lcc2270475$1120                  mg_leaves_update
     00024721  C$mg_leaves_update.c$176$3_1$214   mg_leaves_update
     00024723  A$lcc2270475$1121                  mg_leaves_update
     00024724  A$lcc2270475$1122                  mg_leaves_update
     00024725  A$lcc2270475$1123                  mg_leaves_update
     00024726  A$lcc2270475$1124                  mg_leaves_update
     00024728  A$lcc2270475$1125                  mg_leaves_update
     0002472A  A$lcc2270475$1126                  mg_leaves_update
     0002472D  A$lcc2270475$1130                  mg_leaves_update
     0002472D  C$mg_leaves_update.c$177$3_1$214   mg_leaves_update
     0002472F  A$lcc2270475$1131                  mg_leaves_update
     00024730  A$lcc2270475$1132                  mg_leaves_update
     00024731  A$lcc2270475$1133                  mg_leaves_update
     00024732  A$lcc2270475$1134                  mg_leaves_update
     00024734  A$lcc2270475$1135                  mg_leaves_update
     00024736  A$lcc2270475$1136                  mg_leaves_update
     00024739  A$lcc2270475$1141                  mg_leaves_update
     00024739  C$mg_leaves_update.c$180$1_1$215   mg_leaves_update
     0002473C  A$lcc2270475$1142                  mg_leaves_update
     0002473F  A$lcc2270475$1143                  mg_leaves_update
     00024740  A$lcc2270475$1144                  mg_leaves_update
     00024743  A$lcc2270475$1145                  mg_leaves_update
     00024744  A$lcc2270475$1149                  mg_leaves_update
     00024744  C$mg_leaves_update.c$182$1_1$206   mg_leaves_update
     00024747  A$lcc2270475$1150                  mg_leaves_update
     00024748  A$lcc2270475$1151                  mg_leaves_update
     00024749  A$lcc2270475$1152                  mg_leaves_update
     0002474A  A$lcc2270475$1153                  mg_leaves_update
     0002474D  A$lcc2270475$1154                  mg_leaves_update
     00024750  A$lcc2270475$1155                  mg_leaves_update
     00024751  A$lcc2270475$1156                  mg_leaves_update
     00024752  A$lcc2270475$1157                  mg_leaves_update
     00024754  A$lcc2270475$1158                  mg_leaves_update
     00024755  A$lcc2270475$1162                  mg_leaves_update
     00024755  C$mg_leaves_update.c$183$1_1$206   mg_leaves_update
     00024756  A$lcc2270475$1163                  mg_leaves_update
     00024759  A$lcc2270475$1164                  mg_leaves_update
     0002475C  A$lcc2270475$1165                  mg_leaves_update
     0002475D  A$lcc2270475$1166                  mg_leaves_update
     0002475E  A$lcc2270475$1167                  mg_leaves_update
     00024760  A$lcc2270475$1168                  mg_leaves_update
ASxxxx Linker V03.00/V05.40 + sdld,  page 167.
Hexadecimal  [32-Bits]

Area                                    Addr        Size        Decimal Bytes (Attributes)
--------------------------------        ----        ----        ------- ----- ------------
_CODE_2                             00024000    00000776 =        1910. bytes (REL,CON)

      Value  Global                              Global Defined In Module
      -----  --------------------------------   ------------------------
     00024761  A$lcc2270475$1172                  mg_leaves_update
     00024761  C$mg_leaves_update.c$185$1_1$215   mg_leaves_update
     00024762  A$lcc2270475$1173                  mg_leaves_update
     00024763  A$lcc2270475$1174                  mg_leaves_update
     00024764  A$lcc2270475$1175                  mg_leaves_update
     00024766  A$lcc2270475$1176                  mg_leaves_update
     00024768  A$lcc2270475$1177                  mg_leaves_update
     0002476B  A$lcc2270475$1181                  mg_leaves_update
     0002476B  C$mg_leaves_update.c$186$1_1$215   mg_leaves_update
     0002476C  A$lcc2270475$1182                  mg_leaves_update
     0002476E  A$lcc2270475$1183                  mg_leaves_update
     00024770  A$lcc2270475$1184                  mg_leaves_update
     00024773  A$lcc2270475$1192                  mg_leaves_update
     00024773  C$mg_leaves_update.c$188$1_1$215   mg_leaves_update
     00024775  A$lcc2270475$1197                  mg_leaves_update
     00024775  C$mg_leaves_update.c$189$1_1$206   mg_leaves_update
     00024775  XG$Mg_Leaves_Update$0$0            mg_leaves_update

ASxxxx Linker V03.00/V05.40 + sdld,  page 168.

Files Linked                              [ module(s) ]

C:\Program Files\GBDK\lib/gb/crt0.o       [ Runtime ]
C:\Users\Bau_M\AppData\Local\Temp/lcc227040.o
                                          [ chars ]
C:\Users\Bau_M\AppData\Local\Temp/lcc227041.o
                                          [ numbers ]
C:\Users\Bau_M\AppData\Local\Temp/lcc227042.o
                                          [ gender_select_tilemap ]
C:\Users\Bau_M\AppData\Local\Temp/lcc227043.o
                                          [ gender_select_tileset ]
C:\Users\Bau_M\AppData\Local\Temp/lcc227044.o
                                          [ inventory_bkg ]
C:\Users\Bau_M\AppData\Local\Temp/lcc227045.o
                                          [ bkg_MainMenu ]
C:\Users\Bau_M\AppData\Local\Temp/lcc227046.o
                                          [ map_example ]
C:\Users\Bau_M\AppData\Local\Temp/lcc227047.o
                                          [ bkg_leaves_example ]
C:\Users\Bau_M\AppData\Local\Temp/lcc227048.o
                                          [ npc_icons ]
C:\Users\Bau_M\AppData\Local\Temp/lcc227049.o
                                          [ template_tileset ]
C:\Users\Bau_M\AppData\Local\Temp/lcc2270410.o
                                          [ spr_InventoryArrow_idle ]
C:\Users\Bau_M\AppData\Local\Temp/lcc2270411.o
                                          [ spr_Branch ]
C:\Users\Bau_M\AppData\Local\Temp/lcc2270412.o
                                          [ broom ]
C:\Users\Bau_M\AppData\Local\Temp/lcc2270413.o
                                          [ spr_garbage ]
C:\Users\Bau_M\AppData\Local\Temp/lcc2270414.o
                                          [ leaf ]
C:\Users\Bau_M\AppData\Local\Temp/lcc2270415.o
                                          [ example_npc ]
C:\Users\Bau_M\AppData\Local\Temp/lcc2270416.o
                                          [ spr_Player_down0 ]
C:\Users\Bau_M\AppData\Local\Temp/lcc2270417.o
                                          [ spr_Player_down1 ]
C:\Users\Bau_M\AppData\Local\Temp/lcc2270418.o
                                          [ spr_Player_down2 ]
C:\Users\Bau_M\AppData\Local\Temp/lcc2270419.o
                                          [ spr_Player_up0 ]
C:\Users\Bau_M\AppData\Local\Temp/lcc2270420.o
                                          [ spr_Player_up1 ]
C:\Users\Bau_M\AppData\Local\Temp/lcc2270421.o
                                          [ spr_Player_up2 ]
C:\Users\Bau_M\AppData\Local\Temp/lcc2270422.o
                                          [ action ]
C:\Users\Bau_M\AppData\Local\Temp/lcc2270423.o
                                          [ animation ]
C:\Users\Bau_M\AppData\Local\Temp/lcc2270424.o
                                          [ can_move ]
C:\Users\Bau_M\AppData\Local\Temp/lcc2270425.o
                                          [ char_to_tile ]
C:\Users\Bau_M\AppData\Local\Temp/lcc2270426.o
                                          [ collision ]
C:\Users\Bau_M\AppData\Local\Temp/lcc2270427.o
                                          [ draw ]
C:\Users\Bau_M\AppData\Local\Temp/lcc2270428.o
                                          [ entity ]
C:\Users\Bau_M\AppData\Local\Temp/lcc2270429.o
                                          [ extra_actors ]
C:\Users\Bau_M\AppData\Local\Temp/lcc2270430.o
                                          [ gender_selection ]
C:\Users\Bau_M\AppData\Local\Temp/lcc2270431.o
                                          [ input ]
C:\Users\Bau_M\AppData\Local\Temp/lcc2270432.o
                                          [ inventory ]
C:\Users\Bau_M\AppData\Local\Temp/lcc2270433.o
                                          [ inventory_input ]
C:\Users\Bau_M\AppData\Local\Temp/lcc2270434.o
                                          [ load ]
C:\Users\Bau_M\AppData\Local\Temp/lcc2270435.o
                                          [ map_scenes ]
C:\Users\Bau_M\AppData\Local\Temp/lcc2270436.o
                                          [ money ]
C:\Users\Bau_M\AppData\Local\Temp/lcc2270437.o
                                          [ name ]
C:\Users\Bau_M\AppData\Local\Temp/lcc2270438.o
                                          [ npcs ]
C:\Users\Bau_M\AppData\Local\Temp/lcc2270439.o
                                          [ npc_lines ]
C:\Users\Bau_M\AppData\Local\Temp/lcc2270440.o
                                          [ player ]
C:\Users\Bau_M\AppData\Local\Temp/lcc2270441.o
                                          [ position ]
C:\Users\Bau_M\AppData\Local\Temp/lcc2270442.o
                                          [ random ]
C:\Users\Bau_M\AppData\Local\Temp/lcc2270443.o
                                          [ render ]
C:\Users\Bau_M\AppData\Local\Temp/lcc2270444.o
                                          [ scene ]
C:\Users\Bau_M\AppData\Local\Temp/lcc2270445.o
                                          [ scene_manager ]
C:\Users\Bau_M\AppData\Local\Temp/lcc2270446.o
                                          [ speed ]
C:\Users\Bau_M\AppData\Local\Temp/lcc2270447.o
                                          [ gender_select ]
C:\Users\Bau_M\AppData\Local\Temp/lcc2270448.o
                                          [ gender_select_init ]
C:\Users\Bau_M\AppData\Local\Temp/lcc2270449.o
                                          [ gender_select_update ]
C:\Users\Bau_M\AppData\Local\Temp/lcc2270450.o
                                          [ inventory_scene ]
C:\Users\Bau_M\AppData\Local\Temp/lcc2270451.o
                                          [ inventory_scene_init ]
C:\Users\Bau_M\AppData\Local\Temp/lcc2270452.o
                                          [ inventory_scene_update ]
C:\Users\Bau_M\AppData\Local\Temp/lcc2270453.o
                                          [ main_menu ]
C:\Users\Bau_M\AppData\Local\Temp/lcc2270454.o
                                          [ main_menu_init ]
C:\Users\Bau_M\AppData\Local\Temp/lcc2270455.o
                                          [ main_menu_init_stats ]
C:\Users\Bau_M\AppData\Local\Temp/lcc2270456.o
                                          [ main_menu_input ]
C:\Users\Bau_M\AppData\Local\Temp/lcc2270457.o
                                          [ main_menu_update ]
C:\Users\Bau_M\AppData\Local\Temp/lcc2270458.o
                                          [ clean_text ]
C:\Users\Bau_M\AppData\Local\Temp/lcc2270459.o
                                          [ map_collision ]
C:\Users\Bau_M\AppData\Local\Temp/lcc2270460.o
                                          [ map_data ]
C:\Users\Bau_M\AppData\Local\Temp/lcc2270461.o
                                          [ map_player_movement ]
C:\Users\Bau_M\AppData\Local\Temp/lcc2270462.o
                                          [ map_00 ]
C:\Users\Bau_M\AppData\Local\Temp/lcc2270463.o
                                          [ map_00_collision ]
C:\Users\Bau_M\AppData\Local\Temp/lcc2270464.o
                                          [ map_00_init ]
C:\Users\Bau_M\AppData\Local\Temp/lcc2270465.o
                                          [ map_00_init_dialogues ]
C:\Users\Bau_M\AppData\Local\Temp/lcc2270466.o
                                          [ map_00_init_npc ]
C:\Users\Bau_M\AppData\Local\Temp/lcc2270467.o
                                          [ map_00_update ]
C:\Users\Bau_M\AppData\Local\Temp/lcc2270468.o
                                          [ mg_player_movement ]
C:\Users\Bau_M\AppData\Local\Temp/lcc2270469.o
                                          [ mg_timer ]
C:\Users\Bau_M\AppData\Local\Temp/lcc2270470.o
                                          [ mini_games ]
C:\Users\Bau_M\AppData\Local\Temp/lcc2270471.o
                                          [ mg_leaves ]
C:\Users\Bau_M\AppData\Local\Temp/lcc2270472.o
                                          [ mg_leaves_init ]
C:\Users\Bau_M\AppData\Local\Temp/lcc2270473.o
                                          [ mg_leaves_load_bkg ]
C:\Users\Bau_M\AppData\Local\Temp/lcc2270474.o
                                          [ mg_leaves_player_init ]
C:\Users\Bau_M\AppData\Local\Temp/lcc2270475.o
                                          [ mg_leaves_update ]
C:\Users\Bau_M\AppData\Local\Temp/lcc2270476.o
                                          [ main ]


Libraries Linked                          [ object file ]

C:\Program Files\GBDK\lib/gb/gb.lib       [ sfr.o ]
C:\Program Files\GBDK\lib/sm83/sm83.lib   [ div.o ]
C:\Program Files\GBDK\lib/sm83/sm83.lib   [ free.o ]
C:\Program Files\GBDK\lib/sm83/sm83.lib   [ malloc.o ]
C:\Program Files\GBDK\lib/gb/gb.lib       [ set_data.o ]
C:\Program Files\GBDK\lib/gb/gb.lib       [ set_tile.o ]
C:\Program Files\GBDK\lib/sm83/sm83.lib   [ mul.o ]
C:\Program Files\GBDK\lib/gb/gb.lib       [ pad.o ]
C:\Program Files\GBDK\lib/sm83/sm83.lib   [ memcpy.o ]
C:\Program Files\GBDK\lib/sm83/sm83.lib   [ __sdcc_call_hl.o ]
C:\Program Files\GBDK\lib/gb/gb.lib       [ heap.o ]
C:\Program Files\GBDK\lib/gb/gb.lib       [ set_bk_t.o ]
C:\Program Files\GBDK\lib/gb/gb.lib       [ set_xy_t.o ]

ASxxxx Linker V03.00/V05.40 + sdld,  page 169.

User Base Address Definitions

_DATA=0xC0A0
_CODE=0x0200
_HRAM=0xFF80
ASxxxx Linker V03.00/V05.40 + sdld,  page 170.

User Global Definitions

_shadow_OAM=0xC000
.STACK=0xE000

