ASxxxx Linker V03.00/V05.40 + sdld,  page 1.
Hexadecimal  [32-Bits]

Area                                    Addr        Size        Decimal Bytes (Attributes)
--------------------------------        ----        ----        ------- ----- ------------
.  .ABS.                            00000000    00000000 =           0. bytes (ABS,CON)

      Value  Global                              Global Defined In Module
      -----  --------------------------------   ------------------------
     00000000  .__.ABS.                           SetTileMap
     00000000  _rMBC7_SRAM_ENABLE_1               
     00000000  _rRAMG                             
     00000000  l__BASE                         
     00000000  l__BSS                          
     00000000  l__CABS                         
     00000000  l__CODE_0                       
     00000000  l__DABS                         
     00000000  l__HEADER                       
     00000000  l__LIT                          
     00000000  s__CABS                         
     00000000  s__DABS                         
     00000000  s__HEADER                       
     00000000  s__HEADER0                      
     00000000  s__HEADER1                      
     00000000  s__HEADER10                     
     00000000  s__HEADER11                     
     00000000  s__HEADER2                      
     00000000  s__HEADER3                      
     00000000  s__HEADER4                      
     00000000  s__HEADER5                      
     00000000  s__HEADER6                      
     00000000  s__HEADER7                      
     00000000  s__HEADER8                      
     00000000  s__HEADER9                      
     00000000  s__HEADERa                      
     00000000  s__HEADERb                      
     00000000  s__HEADERc                      
     00000000  s__HEADERd                      
     00000000  s__HEADERe                      
     00000000  s__HEADERf                      
     00000001  l__GSFINAL                      
     00000001  l__HEADER0                      
     00000001  l__HEADER5                      
     00000001  l__HEADERa                      
     00000001  l__HEADERb                      
     00000001  l__HEADERc                      
     00000001  l__HEADERe                      
     00000001  l__HEADERf                      
     00000001  l__HEAP_END                     
     00000002  l__HEADER10                     
     00000002  l__HEADER6                      
     00000002  l__HEADERd                      
     00000003  l__HEADER9                      
     00000005  l__HEADER1                      
     00000006  l__HEADER8                      
     00000007  l__HEADER2                      
     00000008  l__HEADER3                      
     0000000F  l__GSINIT                       
     00000013  l__HRAM                         
ASxxxx Linker V03.00/V05.40 + sdld,  page 2.
Hexadecimal  [32-Bits]

Area                                    Addr        Size        Decimal Bytes (Attributes)
--------------------------------        ----        ----        ------- ----- ------------
.  .ABS.                            00000000    00000000 =           0. bytes (ABS,CON)

      Value  Global                              Global Defined In Module
      -----  --------------------------------   ------------------------
     00000030  l__HEADER7                      
     00000060  l__HEADER4                      
     000000AB  l__HEADER11                     
     0000012C  l__HOME                         
     00000200  s__CODE                         
     00000227  l__INITIALIZED                  
     00000227  l__INITIALIZER                  
     000002E5  l__DATA                         
     0000049D  l__CODE_2                       
     000007FF  l__HEAP                         
     00001220  l__CODE_1                       
     00002000  _rROMB0                            
     00002CB0  l__CODE                         
     00002EB0  s__HOME                         
     00002FDC  s__BASE                         
     00002FDC  s__CODE_0                       
     00002FDC  s__INITIALIZER                  
     00002FDC  s__LIT                          
     00003000  _rROMB1                            
     00003203  s__GSINIT                       
     00003212  s__GSFINAL                      
     00004000  _rMBC7_SRAM_ENABLE_2               
     00004000  _rRAMB                             
     00008000  __VRAM                             
     00008000  __VRAM8000                         
     00008800  __VRAM8800                         
     00009000  __VRAM9000                         
     00009800  __SCRN0                            
     00009C00  __SCRN1                            
     0000A000  __SRAM                             
     0000A000  _rMBC7_LATCH_1                     
     0000A010  _rMBC7_LATCH_2                     
     0000A020  _rMBC7_ACCEL_X_LO                  
     0000A030  _rMBC7_ACCEL_X_HI                  
     0000A040  _rMBC7_ACCEL_Y_LO                  
     0000A050  _rMBC7_ACCEL_Y_HI                  
     0000C000  __RAM                              
     0000C000  _shadow_OAM                     
     0000C0A0  s__DATA                         
     0000C385  s__BSS                          
     0000C385  s__INITIALIZED                  
     0000C5AC  s__HEAP                         
     0000CDAB  s__HEAP_END                     
     0000D000  __RAMBANK                          
     0000E000  .STACK                          
     0000FE00  __OAMRAM                           
     0000FF00  _P1_REG                            
     0000FF00  __IO                               
     0000FF01  _SB_REG                            
     0000FF02  _SC_REG                            
     0000FF04  _DIV_REG                           
ASxxxx Linker V03.00/V05.40 + sdld,  page 3.
Hexadecimal  [32-Bits]

Area                                    Addr        Size        Decimal Bytes (Attributes)
--------------------------------        ----        ----        ------- ----- ------------
.  .ABS.                            00000000    00000000 =           0. bytes (ABS,CON)

      Value  Global                              Global Defined In Module
      -----  --------------------------------   ------------------------
     0000FF05  _TIMA_REG                          
     0000FF06  _TMA_REG                           
     0000FF07  _TAC_REG                           
     0000FF0F  _IF_REG                            
     0000FF10  _NR10_REG                          
     0000FF11  _NR11_REG                          
     0000FF12  _NR12_REG                          
     0000FF13  _NR13_REG                          
     0000FF14  _NR14_REG                          
     0000FF16  _NR21_REG                          
     0000FF17  _NR22_REG                          
     0000FF18  _NR23_REG                          
     0000FF19  _NR24_REG                          
     0000FF1A  _NR30_REG                          
     0000FF1B  _NR31_REG                          
     0000FF1C  _NR32_REG                          
     0000FF1D  _NR33_REG                          
     0000FF1E  _NR34_REG                          
     0000FF20  _NR41_REG                          
     0000FF21  _NR42_REG                          
     0000FF22  _NR43_REG                          
     0000FF23  _NR44_REG                          
     0000FF24  _NR50_REG                          
     0000FF25  _NR51_REG                          
     0000FF26  _NR52_REG                          
     0000FF30  _AUD3WAVE                          
     0000FF30  _PCM_SAMPLE                        
     0000FF30  __AUD3WAVERAM                      
     0000FF40  _LCDC_REG                          
     0000FF41  _STAT_REG                          
     0000FF42  _SCY_REG                           
     0000FF43  _SCX_REG                           
     0000FF44  _LY_REG                            
     0000FF45  _LYC_REG                           
     0000FF46  _DMA_REG                           
     0000FF47  _BGP_REG                           
     0000FF48  _OBP0_REG                          
     0000FF49  _OBP1_REG                          
     0000FF4A  _WY_REG                            
     0000FF4B  _WX_REG                            
     0000FF4D  _KEY1_REG                          
     0000FF4F  _VBK_REG                           
     0000FF51  _HDMA1_REG                         
     0000FF52  _HDMA2_REG                         
     0000FF53  _HDMA3_REG                         
     0000FF54  _HDMA4_REG                         
     0000FF55  _HDMA5_REG                         
     0000FF56  _RP_REG                            
     0000FF68  _BCPS_REG                          
     0000FF69  _BCPD_REG                          
     0000FF6A  _OCPS_REG                          
ASxxxx Linker V03.00/V05.40 + sdld,  page 4.
Hexadecimal  [32-Bits]

Area                                    Addr        Size        Decimal Bytes (Attributes)
--------------------------------        ----        ----        ------- ----- ------------
.  .ABS.                            00000000    00000000 =           0. bytes (ABS,CON)

      Value  Global                              Global Defined In Module
      -----  --------------------------------   ------------------------
     0000FF6B  _OCPD_REG                          
     0000FF70  _SVBK_REG                          
     0000FF76  _PCM12_REG                         
     0000FF77  _PCM34_REG                         
     0000FF80  __HRAM                             
     0000FF80  s__HRAM                         
     0000FFFF  _IE_REG                            
     00014000  s__CODE_1                       
     00024000  s__CODE_2                       

ASxxxx Linker V03.00/V05.40 + sdld,  page 5.
Hexadecimal  [32-Bits]

Area                                    Addr        Size        Decimal Bytes (Attributes)
--------------------------------        ----        ----        ------- ----- ------------
_CODE                               00000200    00002CB0 =       11440. bytes (REL,CON)

      Value  Global                              Global Defined In Module
      -----  --------------------------------   ------------------------
     00000200  G$chars_tileset$0_0$0              chars
     00000200  _chars_tileset                     chars
     00000400  G$chars_tilemap$0_0$0              chars
     00000400  _chars_tilemap                     chars
     0000041F  G$numbers_tileset$0_0$0            numbers
     0000041F  _numbers_tileset                   numbers
     000004BF  G$numbers_tilemap$0_0$0            numbers
     000004BF  _numbers_tilemap                   numbers
     000004C9  G$gender_select_tilemap$0_0$0      gender_select_tilemap
     000004C9  _gender_select_tilemap             gender_select_tilemap
     00000631  G$gender_select_tileset$0_0$0      gender_select_tileset
     00000631  _gender_select_tileset             gender_select_tileset
     00000921  G$bkg_leaves_example_tileset$0_0   bkg_leaves_example
     00000921  _bkg_leaves_example_tileset        bkg_leaves_example
     00000D41  G$bkg_leaves_example_tilemap$0_0   bkg_leaves_example
     00000D41  _bkg_leaves_example_tilemap        bkg_leaves_example
     00000EA9  A$lcc195248$58                     npc_icons
     00000EA9  C$npc_icons.c$27$0_0$127           npc_icons
     00000EA9  C$npc_icons.c$28$1_0$127           npc_icons
     00000EA9  G$InitNPCIcons$0$0                 npc_icons
     00000EA9  _InitNPCIcons                      npc_icons
     00000EAC  A$lcc195248$59                     npc_icons
     00000EAD  A$lcc195248$60                     npc_icons
     00000EB0  A$lcc195248$61                     npc_icons
     00000EB1  A$lcc195248$62                     npc_icons
     00000EB4  A$lcc195248$63                     npc_icons
     00000EB6  A$lcc195248$71                     npc_icons
     00000EB6  C$npc_icons.c$29$1_0$127           npc_icons
     00000EB6  XG$InitNPCIcons$0$0                npc_icons
     00000EB7  G$npc_icons_tileset$0_0$0          npc_icons
     00000EB7  _npc_icons_tileset                 npc_icons
     00000F17  G$npc_icons_tilemap$0_0$0          npc_icons
     00000F17  _npc_icons_tilemap                 npc_icons
     00000F1D  G$spr_Branch$0_0$0                 spr_Branch
     00000F1D  _spr_Branch                        spr_Branch
     00000F2D  A$lcc1952422$59                    action
     00000F2D  C$action.c$11$0_0$169              action
     00000F2D  G$move_up$0$0                      action
     00000F2D  _move_up                           action
     00000F2F  A$lcc1952422$60                    action
     00000F31  A$lcc1952422$61                    action
     00000F32  A$lcc1952422$65                    action
     00000F32  C$action.c$13$2_0$170              action
     00000F35  A$lcc1952422$66                    action
     00000F37  A$lcc1952422$70                    action
     00000F37  C$action.c$14$2_0$170              action
     00000F39  A$lcc1952422$74                    action
     00000F39  C$action.c$16$1_0$169              action
     00000F3B  A$lcc1952422$75                    action
     00000F3C  A$lcc1952422$76                    action
ASxxxx Linker V03.00/V05.40 + sdld,  page 6.
Hexadecimal  [32-Bits]

Area                                    Addr        Size        Decimal Bytes (Attributes)
--------------------------------        ----        ----        ------- ----- ------------
_CODE                               00000200    00002CB0 =       11440. bytes (REL,CON)

      Value  Global                              Global Defined In Module
      -----  --------------------------------   ------------------------
     00000F3D  A$lcc1952422$77                    action
     00000F3F  A$lcc1952422$78                    action
     00000F40  A$lcc1952422$79                    action
     00000F42  A$lcc1952422$80                    action
     00000F44  A$lcc1952422$81                    action
     00000F45  A$lcc1952422$82                    action
     00000F46  A$lcc1952422$83                    action
     00000F47  A$lcc1952422$84                    action
     00000F48  A$lcc1952422$85                    action
     00000F49  A$lcc1952422$86                    action
     00000F4A  A$lcc1952422$87                    action
     00000F4D  A$lcc1952422$88                    action
     00000F4E  A$lcc1952422$89                    action
     00000F4F  A$lcc1952422$90                    action
     00000F50  A$lcc1952422$91                    action
     00000F51  A$lcc1952422$92                    action
     00000F53  A$lcc1952422$93                    action
     00000F54  A$lcc1952422$94                    action
     00000F55  A$lcc1952422$95                    action
     00000F56  A$lcc1952422$96                    action
     00000F57  A$lcc1952422$97                    action
     00000F58  A$lcc1952422$98                    action
     00000F59  A$lcc1952422$99                    action
     00000F5A  A$lcc1952422$100                   action
     00000F5C  A$lcc1952422$101                   action
     00000F5D  A$lcc1952422$102                   action
     00000F5E  A$lcc1952422$103                   action
     00000F5F  A$lcc1952422$104                   action
     00000F60  A$lcc1952422$105                   action
     00000F61  A$lcc1952422$106                   action
     00000F62  A$lcc1952422$107                   action
     00000F63  A$lcc1952422$108                   action
     00000F64  A$lcc1952422$109                   action
     00000F65  A$lcc1952422$110                   action
     00000F66  A$lcc1952422$111                   action
     00000F67  A$lcc1952422$112                   action
     00000F68  A$lcc1952422$113                   action
     00000F69  A$lcc1952422$114                   action
     00000F6A  A$lcc1952422$115                   action
     00000F6C  A$lcc1952422$116                   action
     00000F6D  A$lcc1952422$117                   action
     00000F6E  A$lcc1952422$118                   action
     00000F6F  A$lcc1952422$119                   action
     00000F70  A$lcc1952422$120                   action
     00000F71  A$lcc1952422$124                   action
     00000F71  C$action.c$17$1_0$169              action
     00000F72  A$lcc1952422$125                   action
     00000F73  A$lcc1952422$126                   action
     00000F76  A$lcc1952422$127                   action
     00000F77  A$lcc1952422$128                   action
     00000F79  A$lcc1952422$129                   action
ASxxxx Linker V03.00/V05.40 + sdld,  page 7.
Hexadecimal  [32-Bits]

Area                                    Addr        Size        Decimal Bytes (Attributes)
--------------------------------        ----        ----        ------- ----- ------------
_CODE                               00000200    00002CB0 =       11440. bytes (REL,CON)

      Value  Global                              Global Defined In Module
      -----  --------------------------------   ------------------------
     00000F7A  A$lcc1952422$130                   action
     00000F7B  A$lcc1952422$131                   action
     00000F7C  A$lcc1952422$132                   action
     00000F7E  A$lcc1952422$133                   action
     00000F7F  A$lcc1952422$134                   action
     00000F80  A$lcc1952422$139                   action
     00000F82  A$lcc1952422$144                   action
     00000F82  C$action.c$18$1_0$169              action
     00000F82  XG$move_up$0$0                     action
     00000F83  A$lcc1952422$154                   action
     00000F83  C$action.c$20$1_0$172              action
     00000F83  G$move_down$0$0                    action
     00000F83  _move_down                         action
     00000F85  A$lcc1952422$155                   action
     00000F87  A$lcc1952422$156                   action
     00000F88  A$lcc1952422$160                   action
     00000F88  C$action.c$22$2_0$173              action
     00000F8B  A$lcc1952422$161                   action
     00000F8D  A$lcc1952422$165                   action
     00000F8D  C$action.c$23$2_0$173              action
     00000F8F  A$lcc1952422$169                   action
     00000F8F  C$action.c$25$1_0$172              action
     00000F91  A$lcc1952422$170                   action
     00000F92  A$lcc1952422$171                   action
     00000F93  A$lcc1952422$172                   action
     00000F95  A$lcc1952422$173                   action
     00000F96  A$lcc1952422$174                   action
     00000F98  A$lcc1952422$175                   action
     00000F9A  A$lcc1952422$176                   action
     00000F9B  A$lcc1952422$177                   action
     00000F9C  A$lcc1952422$178                   action
     00000F9D  A$lcc1952422$179                   action
     00000F9E  A$lcc1952422$180                   action
     00000F9F  A$lcc1952422$181                   action
     00000FA0  A$lcc1952422$182                   action
     00000FA3  A$lcc1952422$183                   action
     00000FA4  A$lcc1952422$184                   action
     00000FA5  A$lcc1952422$185                   action
     00000FA6  A$lcc1952422$186                   action
     00000FA7  A$lcc1952422$187                   action
     00000FA9  A$lcc1952422$188                   action
     00000FAA  A$lcc1952422$189                   action
     00000FAB  A$lcc1952422$190                   action
     00000FAC  A$lcc1952422$191                   action
     00000FAD  A$lcc1952422$192                   action
     00000FAE  A$lcc1952422$193                   action
     00000FAF  A$lcc1952422$194                   action
     00000FB0  A$lcc1952422$195                   action
     00000FB2  A$lcc1952422$196                   action
     00000FB3  A$lcc1952422$197                   action
     00000FB4  A$lcc1952422$198                   action
ASxxxx Linker V03.00/V05.40 + sdld,  page 8.
Hexadecimal  [32-Bits]

Area                                    Addr        Size        Decimal Bytes (Attributes)
--------------------------------        ----        ----        ------- ----- ------------
_CODE                               00000200    00002CB0 =       11440. bytes (REL,CON)

      Value  Global                              Global Defined In Module
      -----  --------------------------------   ------------------------
     00000FB5  A$lcc1952422$199                   action
     00000FB6  A$lcc1952422$200                   action
     00000FB7  A$lcc1952422$201                   action
     00000FB8  A$lcc1952422$202                   action
     00000FB9  A$lcc1952422$203                   action
     00000FBA  A$lcc1952422$204                   action
     00000FBB  A$lcc1952422$205                   action
     00000FBC  A$lcc1952422$206                   action
     00000FBD  A$lcc1952422$207                   action
     00000FBE  A$lcc1952422$208                   action
     00000FBF  A$lcc1952422$209                   action
     00000FC0  A$lcc1952422$210                   action
     00000FC1  A$lcc1952422$211                   action
     00000FC2  A$lcc1952422$212                   action
     00000FC3  A$lcc1952422$216                   action
     00000FC3  C$action.c$26$1_0$172              action
     00000FC6  A$lcc1952422$217                   action
     00000FC8  A$lcc1952422$218                   action
     00000FC9  A$lcc1952422$219                   action
     00000FCB  A$lcc1952422$220                   action
     00000FCC  A$lcc1952422$221                   action
     00000FCD  A$lcc1952422$222                   action
     00000FCE  A$lcc1952422$223                   action
     00000FCF  A$lcc1952422$224                   action
     00000FD0  A$lcc1952422$229                   action
     00000FD2  A$lcc1952422$234                   action
     00000FD2  C$action.c$27$1_0$172              action
     00000FD2  XG$move_down$0$0                   action
     00000FD3  A$lcc1952422$244                   action
     00000FD3  C$action.c$29$1_0$175              action
     00000FD3  G$move_left$0$0                    action
     00000FD3  _move_left                         action
     00000FD5  A$lcc1952422$245                   action
     00000FD7  A$lcc1952422$246                   action
     00000FD8  A$lcc1952422$250                   action
     00000FD8  C$action.c$31$2_0$176              action
     00000FDB  A$lcc1952422$251                   action
     00000FDD  A$lcc1952422$255                   action
     00000FDD  C$action.c$32$2_0$176              action
     00000FDF  A$lcc1952422$259                   action
     00000FDF  C$action.c$34$1_0$175              action
     00000FE1  A$lcc1952422$260                   action
     00000FE2  A$lcc1952422$261                   action
     00000FE3  A$lcc1952422$262                   action
     00000FE5  A$lcc1952422$263                   action
     00000FE6  A$lcc1952422$264                   action
     00000FE8  A$lcc1952422$265                   action
     00000FEA  A$lcc1952422$266                   action
     00000FEB  A$lcc1952422$267                   action
     00000FEC  A$lcc1952422$268                   action
     00000FED  A$lcc1952422$269                   action
ASxxxx Linker V03.00/V05.40 + sdld,  page 9.
Hexadecimal  [32-Bits]

Area                                    Addr        Size        Decimal Bytes (Attributes)
--------------------------------        ----        ----        ------- ----- ------------
_CODE                               00000200    00002CB0 =       11440. bytes (REL,CON)

      Value  Global                              Global Defined In Module
      -----  --------------------------------   ------------------------
     00000FEE  A$lcc1952422$270                   action
     00000FEF  A$lcc1952422$271                   action
     00000FF0  A$lcc1952422$272                   action
     00000FF3  A$lcc1952422$273                   action
     00000FF4  A$lcc1952422$274                   action
     00000FF5  A$lcc1952422$275                   action
     00000FF6  A$lcc1952422$276                   action
     00000FF7  A$lcc1952422$277                   action
     00000FF9  A$lcc1952422$278                   action
     00000FFA  A$lcc1952422$279                   action
     00000FFB  A$lcc1952422$280                   action
     00000FFC  A$lcc1952422$281                   action
     00000FFD  A$lcc1952422$282                   action
     00000FFE  A$lcc1952422$283                   action
     00000FFF  A$lcc1952422$284                   action
     00001000  A$lcc1952422$285                   action
     00001002  A$lcc1952422$286                   action
     00001003  A$lcc1952422$287                   action
     00001004  A$lcc1952422$288                   action
     00001005  A$lcc1952422$289                   action
     00001006  A$lcc1952422$290                   action
     00001007  A$lcc1952422$291                   action
     00001008  A$lcc1952422$292                   action
     00001009  A$lcc1952422$293                   action
     0000100A  A$lcc1952422$294                   action
     0000100B  A$lcc1952422$295                   action
     0000100C  A$lcc1952422$296                   action
     0000100D  A$lcc1952422$297                   action
     0000100E  A$lcc1952422$298                   action
     0000100F  A$lcc1952422$299                   action
     00001010  A$lcc1952422$300                   action
     00001012  A$lcc1952422$301                   action
     00001013  A$lcc1952422$302                   action
     00001014  A$lcc1952422$303                   action
     00001015  A$lcc1952422$304                   action
     00001016  A$lcc1952422$305                   action
     00001017  A$lcc1952422$309                   action
     00001017  C$action.c$35$1_0$175              action
     00001018  A$lcc1952422$310                   action
     00001019  A$lcc1952422$311                   action
     0000101C  A$lcc1952422$312                   action
     0000101D  A$lcc1952422$313                   action
     0000101F  A$lcc1952422$314                   action
     00001020  A$lcc1952422$315                   action
     00001021  A$lcc1952422$316                   action
     00001022  A$lcc1952422$317                   action
     00001024  A$lcc1952422$318                   action
     00001025  A$lcc1952422$319                   action
     00001026  A$lcc1952422$324                   action
     00001028  A$lcc1952422$329                   action
     00001028  C$action.c$36$1_0$175              action
ASxxxx Linker V03.00/V05.40 + sdld,  page 10.
Hexadecimal  [32-Bits]

Area                                    Addr        Size        Decimal Bytes (Attributes)
--------------------------------        ----        ----        ------- ----- ------------
_CODE                               00000200    00002CB0 =       11440. bytes (REL,CON)

      Value  Global                              Global Defined In Module
      -----  --------------------------------   ------------------------
     00001028  XG$move_left$0$0                   action
     00001029  A$lcc1952422$339                   action
     00001029  C$action.c$38$1_0$178              action
     00001029  G$move_right$0$0                   action
     00001029  _move_right                        action
     0000102B  A$lcc1952422$340                   action
     0000102D  A$lcc1952422$341                   action
     0000102E  A$lcc1952422$345                   action
     0000102E  C$action.c$40$2_0$179              action
     00001031  A$lcc1952422$346                   action
     00001033  A$lcc1952422$350                   action
     00001033  C$action.c$41$2_0$179              action
     00001035  A$lcc1952422$354                   action
     00001035  C$action.c$43$1_0$178              action
     00001037  A$lcc1952422$355                   action
     00001038  A$lcc1952422$356                   action
     00001039  A$lcc1952422$357                   action
     0000103B  A$lcc1952422$358                   action
     0000103C  A$lcc1952422$359                   action
     0000103E  A$lcc1952422$360                   action
     00001040  A$lcc1952422$361                   action
     00001041  A$lcc1952422$362                   action
     00001042  A$lcc1952422$363                   action
     00001043  A$lcc1952422$364                   action
     00001044  A$lcc1952422$365                   action
     00001045  A$lcc1952422$366                   action
     00001046  A$lcc1952422$367                   action
     00001049  A$lcc1952422$368                   action
     0000104A  A$lcc1952422$369                   action
     0000104B  A$lcc1952422$370                   action
     0000104C  A$lcc1952422$371                   action
     0000104D  A$lcc1952422$372                   action
     0000104F  A$lcc1952422$373                   action
     00001050  A$lcc1952422$374                   action
     00001051  A$lcc1952422$375                   action
     00001052  A$lcc1952422$376                   action
     00001053  A$lcc1952422$377                   action
     00001054  A$lcc1952422$378                   action
     00001055  A$lcc1952422$379                   action
     00001056  A$lcc1952422$380                   action
     00001058  A$lcc1952422$381                   action
     00001059  A$lcc1952422$382                   action
     0000105A  A$lcc1952422$383                   action
     0000105B  A$lcc1952422$384                   action
     0000105C  A$lcc1952422$385                   action
     0000105D  A$lcc1952422$386                   action
     0000105E  A$lcc1952422$387                   action
     0000105F  A$lcc1952422$388                   action
     00001060  A$lcc1952422$389                   action
     00001061  A$lcc1952422$390                   action
     00001062  A$lcc1952422$391                   action
ASxxxx Linker V03.00/V05.40 + sdld,  page 11.
Hexadecimal  [32-Bits]

Area                                    Addr        Size        Decimal Bytes (Attributes)
--------------------------------        ----        ----        ------- ----- ------------
_CODE                               00000200    00002CB0 =       11440. bytes (REL,CON)

      Value  Global                              Global Defined In Module
      -----  --------------------------------   ------------------------
     00001063  A$lcc1952422$392                   action
     00001064  A$lcc1952422$393                   action
     00001065  A$lcc1952422$394                   action
     00001066  A$lcc1952422$395                   action
     00001067  A$lcc1952422$396                   action
     00001068  A$lcc1952422$397                   action
     00001069  A$lcc1952422$401                   action
     00001069  C$action.c$44$1_0$178              action
     0000106A  A$lcc1952422$402                   action
     0000106D  A$lcc1952422$403                   action
     0000106F  A$lcc1952422$404                   action
     00001070  A$lcc1952422$405                   action
     00001072  A$lcc1952422$406                   action
     00001073  A$lcc1952422$407                   action
     00001074  A$lcc1952422$408                   action
     00001075  A$lcc1952422$409                   action
     00001076  A$lcc1952422$410                   action
     00001077  A$lcc1952422$411                   action
     00001078  A$lcc1952422$416                   action
     0000107A  A$lcc1952422$421                   action
     0000107A  C$action.c$45$1_0$178              action
     0000107A  XG$move_right$0$0                  action
     0000107B  A$lcc1952423$59                    animation
     0000107B  C$animation.c$7$0_0$137            animation
     0000107B  G$init_animation$0$0               animation
     0000107B  _init_animation                    animation
     0000107D  A$lcc1952423$60                    animation
     0000107F  A$lcc1952423$61                    animation
     00001080  A$lcc1952423$62                    animation
     00001081  A$lcc1952423$63                    animation
     00001082  A$lcc1952423$64                    animation
     00001083  A$lcc1952423$65                    animation
     00001084  A$lcc1952423$69                    animation
     00001084  C$animation.c$12$1_0$137           animation
     00001086  A$lcc1952423$70                    animation
     00001087  A$lcc1952423$71                    animation
     00001088  A$lcc1952423$72                    animation
     00001089  A$lcc1952423$73                    animation
     0000108A  A$lcc1952423$74                    animation
     0000108B  A$lcc1952423$75                    animation
     0000108C  A$lcc1952423$76                    animation
     0000108E  A$lcc1952423$77                    animation
     00001090  A$lcc1952423$78                    animation
     00001091  A$lcc1952423$79                    animation
     00001092  A$lcc1952423$80                    animation
     00001093  A$lcc1952423$81                    animation
     00001094  A$lcc1952423$82                    animation
     00001095  A$lcc1952423$83                    animation
     00001096  A$lcc1952423$87                    animation
     00001096  C$animation.c$14$1_0$137           animation
     00001097  A$lcc1952423$88                    animation
ASxxxx Linker V03.00/V05.40 + sdld,  page 12.
Hexadecimal  [32-Bits]

Area                                    Addr        Size        Decimal Bytes (Attributes)
--------------------------------        ----        ----        ------- ----- ------------
_CODE                               00000200    00002CB0 =       11440. bytes (REL,CON)

      Value  Global                              Global Defined In Module
      -----  --------------------------------   ------------------------
     00001098  A$lcc1952423$89                    animation
     00001099  A$lcc1952423$90                    animation
     0000109B  A$lcc1952423$91                    animation
     0000109C  A$lcc1952423$92                    animation
     0000109D  A$lcc1952423$96                    animation
     0000109D  C$animation.c$15$1_0$137           animation
     0000109E  A$lcc1952423$97                    animation
     0000109F  A$lcc1952423$98                    animation
     000010A0  A$lcc1952423$99                    animation
     000010A1  A$lcc1952423$100                   animation
     000010A2  A$lcc1952423$101                   animation
     000010A3  A$lcc1952423$102                   animation
     000010A5  A$lcc1952423$103                   animation
     000010A6  A$lcc1952423$104                   animation
     000010A7  A$lcc1952423$105                   animation
     000010A8  A$lcc1952423$109                   animation
     000010A8  C$animation.c$16$1_0$137           animation
     000010AB  A$lcc1952423$110                   animation
     000010AC  A$lcc1952423$111                   animation
     000010AE  A$lcc1952423$115                   animation
     000010AE  C$animation.c$17$1_0$137           animation
     000010AF  A$lcc1952423$116                   animation
     000010B0  A$lcc1952423$117                   animation
     000010B1  A$lcc1952423$118                   animation
     000010B2  A$lcc1952423$119                   animation
     000010B4  A$lcc1952423$123                   animation
     000010B4  C$animation.c$18$1_0$137           animation
     000010B7  A$lcc1952423$124                   animation
     000010B8  A$lcc1952423$125                   animation
     000010B9  A$lcc1952423$126                   animation
     000010BB  A$lcc1952423$127                   animation
     000010BC  A$lcc1952423$128                   animation
     000010BD  A$lcc1952423$129                   animation
     000010BE  A$lcc1952423$133                   animation
     000010BE  C$animation.c$21$1_0$137           animation
     000010BF  A$lcc1952423$134                   animation
     000010C0  A$lcc1952423$135                   animation
     000010C1  A$lcc1952423$136                   animation
     000010C2  A$lcc1952423$137                   animation
     000010C4  A$lcc1952423$138                   animation
     000010C5  A$lcc1952423$139                   animation
     000010C6  A$lcc1952423$140                   animation
     000010C7  A$lcc1952423$141                   animation
     000010C8  A$lcc1952423$142                   animation
     000010CB  A$lcc1952423$143                   animation
     000010CC  A$lcc1952423$144                   animation
     000010CD  A$lcc1952423$145                   animation
     000010CE  A$lcc1952423$146                   animation
     000010D0  A$lcc1952423$147                   animation
     000010D1  A$lcc1952423$148                   animation
     000010D2  A$lcc1952423$149                   animation
ASxxxx Linker V03.00/V05.40 + sdld,  page 13.
Hexadecimal  [32-Bits]

Area                                    Addr        Size        Decimal Bytes (Attributes)
--------------------------------        ----        ----        ------- ----- ------------
_CODE                               00000200    00002CB0 =       11440. bytes (REL,CON)

      Value  Global                              Global Defined In Module
      -----  --------------------------------   ------------------------
     000010D3  A$lcc1952423$150                   animation
     000010D5  A$lcc1952423$151                   animation
     000010D6  A$lcc1952423$152                   animation
     000010D9  A$lcc1952423$153                   animation
     000010DA  A$lcc1952423$154                   animation
     000010DB  A$lcc1952423$155                   animation
     000010DC  A$lcc1952423$156                   animation
     000010DD  A$lcc1952423$160                   animation
     000010DD  C$animation.c$24$2_0$137           animation
     000010DF  A$lcc1952423$162                   animation
     000010E0  A$lcc1952423$163                   animation
     000010E1  A$lcc1952423$164                   animation
     000010E2  A$lcc1952423$165                   animation
     000010E3  A$lcc1952423$166                   animation
     000010E5  A$lcc1952423$167                   animation
     000010E6  A$lcc1952423$168                   animation
     000010E8  A$lcc1952423$173                   animation
     000010E8  C$animation.c$32$2_0$140           animation
     000010EA  A$lcc1952423$174                   animation
     000010EB  A$lcc1952423$175                   animation
     000010EC  A$lcc1952423$176                   animation
     000010ED  A$lcc1952423$177                   animation
     000010F0  A$lcc1952423$178                   animation
     000010F1  A$lcc1952423$179                   animation
     000010F2  A$lcc1952423$180                   animation
     000010F3  A$lcc1952423$181                   animation
     000010F4  A$lcc1952423$182                   animation
     000010F5  A$lcc1952423$183                   animation
     000010F7  A$lcc1952423$187                   animation
     000010F7  C$animation.c$33$2_0$140           animation
     000010F9  A$lcc1952423$188                   animation
     000010FA  A$lcc1952423$189                   animation
     000010FB  A$lcc1952423$194                   animation
     000010FB  C$animation.c$34$2_0$137           animation
     000010FD  A$lcc1952423$195                   animation
     000010FE  A$lcc1952423$196                   animation
     00001100  A$lcc1952423$197                   animation
     00001101  A$lcc1952423$207                   animation
     00001101  C$animation.c$36$2_0$142           animation
     00001101  G$update_animation$0$0             animation
     00001101  _update_animation                  animation
     00001102  A$lcc1952423$208                   animation
     00001103  A$lcc1952423$209                   animation
     00001104  A$lcc1952423$210                   animation
     00001105  A$lcc1952423$214                   animation
     00001105  C$animation.c$38$1_0$142           animation
     00001108  A$lcc1952423$215                   animation
     00001109  A$lcc1952423$216                   animation
     0000110A  A$lcc1952423$217                   animation
     0000110B  A$lcc1952423$218                   animation
     0000110C  A$lcc1952423$219                   animation
ASxxxx Linker V03.00/V05.40 + sdld,  page 14.
Hexadecimal  [32-Bits]

Area                                    Addr        Size        Decimal Bytes (Attributes)
--------------------------------        ----        ----        ------- ----- ------------
_CODE                               00000200    00002CB0 =       11440. bytes (REL,CON)

      Value  Global                              Global Defined In Module
      -----  --------------------------------   ------------------------
     0000110D  A$lcc1952423$220                   animation
     0000110E  A$lcc1952423$221                   animation
     0000110F  A$lcc1952423$222                   animation
     00001110  A$lcc1952423$223                   animation
     00001112  A$lcc1952423$224                   animation
     00001113  A$lcc1952423$225                   animation
     00001114  A$lcc1952423$229                   animation
     00001114  C$animation.c$40$1_0$142           animation
     00001117  A$lcc1952423$230                   animation
     00001118  A$lcc1952423$231                   animation
     00001119  A$lcc1952423$232                   animation
     0000111A  A$lcc1952423$233                   animation
     0000111B  A$lcc1952423$234                   animation
     0000111C  A$lcc1952423$235                   animation
     0000111E  A$lcc1952423$236                   animation
     0000111F  A$lcc1952423$237                   animation
     00001120  A$lcc1952423$241                   animation
     00001120  C$animation.c$41$2_0$143           animation
     00001121  A$lcc1952423$242                   animation
     00001122  A$lcc1952423$243                   animation
     00001123  A$lcc1952423$244                   animation
     00001124  A$lcc1952423$245                   animation
     00001125  A$lcc1952423$246                   animation
     00001126  A$lcc1952423$247                   animation
     00001128  A$lcc1952423$248                   animation
     00001129  A$lcc1952423$249                   animation
     0000112B  A$lcc1952423$250                   animation
     0000112C  A$lcc1952423$251                   animation
     0000112D  A$lcc1952423$252                   animation
     0000112F  A$lcc1952423$256                   animation
     0000112F  C$animation.c$43$3_0$144           animation
     00001130  A$lcc1952423$257                   animation
     00001131  A$lcc1952423$261                   animation
     00001131  C$animation.c$44$3_0$144           animation
     00001132  A$lcc1952423$262                   animation
     00001133  A$lcc1952423$263                   animation
     00001134  A$lcc1952423$264                   animation
     00001135  A$lcc1952423$265                   animation
     00001136  A$lcc1952423$266                   animation
     00001137  A$lcc1952423$270                   animation
     00001137  C$animation.c$45$4_0$145           animation
     00001138  A$lcc1952423$271                   animation
     00001139  A$lcc1952423$272                   animation
     0000113A  A$lcc1952423$273                   animation
     0000113B  A$lcc1952423$274                   animation
     0000113C  A$lcc1952423$275                   animation
     0000113E  A$lcc1952423$279                   animation
     0000113E  C$animation.c$46$4_0$145           animation
     00001140  A$lcc1952423$284                   animation
     00001141  A$lcc1952423$285                   animation
     00001142  A$lcc1952423$290                   animation
ASxxxx Linker V03.00/V05.40 + sdld,  page 15.
Hexadecimal  [32-Bits]

Area                                    Addr        Size        Decimal Bytes (Attributes)
--------------------------------        ----        ----        ------- ----- ------------
_CODE                               00000200    00002CB0 =       11440. bytes (REL,CON)

      Value  Global                              Global Defined In Module
      -----  --------------------------------   ------------------------
     00001142  C$animation.c$48$2_0$142           animation
     00001142  XG$update_animation$0$0            animation
     00001143  A$lcc1952423$300                   animation
     00001143  C$animation.c$50$2_0$147           animation
     00001143  G$set_animation$0$0                animation
     00001143  _set_animation                     animation
     00001144  A$lcc1952423$301                   animation
     00001145  A$lcc1952423$302                   animation
     00001146  A$lcc1952423$306                   animation
     00001146  C$animation.c$52$2_0$148           animation
     00001147  A$lcc1952423$307                   animation
     00001149  A$lcc1952423$308                   animation
     0000114A  A$lcc1952423$309                   animation
     0000114B  A$lcc1952423$310                   animation
     0000114D  A$lcc1952423$311                   animation
     0000114E  A$lcc1952423$312                   animation
     0000114F  A$lcc1952423$313                   animation
     00001150  A$lcc1952423$314                   animation
     00001151  A$lcc1952423$321                   animation
     00001151  C$animation.c$53$2_0$148           animation
     00001151  C$animation.c$55$1_0$147           animation
     00001152  A$lcc1952423$322                   animation
     00001153  A$lcc1952423$326                   animation
     00001153  C$animation.c$56$1_1$149           animation
     00001154  A$lcc1952423$327                   animation
     00001155  A$lcc1952423$328                   animation
     00001156  A$lcc1952423$329                   animation
     00001157  A$lcc1952423$330                   animation
     00001159  A$lcc1952423$331                   animation
     0000115A  A$lcc1952423$335                   animation
     0000115A  C$animation.c$57$1_1$149           animation
     0000115B  A$lcc1952423$336                   animation
     0000115C  A$lcc1952423$337                   animation
     0000115D  A$lcc1952423$338                   animation
     0000115E  A$lcc1952423$339                   animation
     0000115F  A$lcc1952423$340                   animation
     00001160  A$lcc1952423$344                   animation
     00001160  C$animation.c$58$1_1$149           animation
     00001163  A$lcc1952423$345                   animation
     00001164  A$lcc1952423$346                   animation
     00001166  A$lcc1952423$354                   animation
     00001166  C$animation.c$59$1_1$147           animation
     00001166  XG$set_animation$0$0               animation
     00001167  A$lcc1952425$52                    char_to_tile
     00001167  C$char_to_tile.c$3$0_0$3           char_to_tile
     00001167  G$char_to_tile$0$0                 char_to_tile
     00001167  _char_to_tile                      char_to_tile
     00001169  A$lcc1952425$53                    char_to_tile
     0000116B  A$lcc1952425$54                    char_to_tile
     0000116C  A$lcc1952425$58                    char_to_tile
     0000116C  C$char_to_tile.c$4$2_0$3           char_to_tile
ASxxxx Linker V03.00/V05.40 + sdld,  page 16.
Hexadecimal  [32-Bits]

Area                                    Addr        Size        Decimal Bytes (Attributes)
--------------------------------        ----        ----        ------- ----- ------------
_CODE                               00000200    00002CB0 =       11440. bytes (REL,CON)

      Value  Global                              Global Defined In Module
      -----  --------------------------------   ------------------------
     0000116E  A$lcc1952425$59                    char_to_tile
     00001170  A$lcc1952425$60                    char_to_tile
     00001171  A$lcc1952425$61                    char_to_tile
     00001173  A$lcc1952425$62                    char_to_tile
     00001174  A$lcc1952425$63                    char_to_tile
     00001176  A$lcc1952425$64                    char_to_tile
     00001177  A$lcc1952425$65                    char_to_tile
     00001179  A$lcc1952425$66                    char_to_tile
     0000117A  A$lcc1952425$67                    char_to_tile
     0000117C  A$lcc1952425$68                    char_to_tile
     0000117D  A$lcc1952425$69                    char_to_tile
     0000117F  A$lcc1952425$70                    char_to_tile
     00001180  A$lcc1952425$71                    char_to_tile
     00001182  A$lcc1952425$72                    char_to_tile
     00001183  A$lcc1952425$73                    char_to_tile
     00001185  A$lcc1952425$74                    char_to_tile
     00001186  A$lcc1952425$75                    char_to_tile
     00001188  A$lcc1952425$76                    char_to_tile
     00001189  A$lcc1952425$77                    char_to_tile
     0000118B  A$lcc1952425$78                    char_to_tile
     0000118C  A$lcc1952425$79                    char_to_tile
     0000118E  A$lcc1952425$80                    char_to_tile
     0000118F  A$lcc1952425$81                    char_to_tile
     00001191  A$lcc1952425$82                    char_to_tile
     00001192  A$lcc1952425$83                    char_to_tile
     00001194  A$lcc1952425$84                    char_to_tile
     00001195  A$lcc1952425$85                    char_to_tile
     00001197  A$lcc1952425$86                    char_to_tile
     00001198  A$lcc1952425$87                    char_to_tile
     0000119A  A$lcc1952425$88                    char_to_tile
     0000119B  A$lcc1952425$89                    char_to_tile
     0000119D  A$lcc1952425$90                    char_to_tile
     0000119E  A$lcc1952425$91                    char_to_tile
     000011A0  A$lcc1952425$92                    char_to_tile
     000011A1  A$lcc1952425$93                    char_to_tile
     000011A3  A$lcc1952425$94                    char_to_tile
     000011A4  A$lcc1952425$95                    char_to_tile
     000011A6  A$lcc1952425$96                    char_to_tile
     000011A7  A$lcc1952425$97                    char_to_tile
     000011A9  A$lcc1952425$98                    char_to_tile
     000011AA  A$lcc1952425$99                    char_to_tile
     000011AC  A$lcc1952425$100                   char_to_tile
     000011AD  A$lcc1952425$101                   char_to_tile
     000011AF  A$lcc1952425$102                   char_to_tile
     000011B0  A$lcc1952425$103                   char_to_tile
     000011B2  A$lcc1952425$104                   char_to_tile
     000011B3  A$lcc1952425$105                   char_to_tile
     000011B5  A$lcc1952425$106                   char_to_tile
     000011B6  A$lcc1952425$107                   char_to_tile
     000011B8  A$lcc1952425$108                   char_to_tile
     000011B9  A$lcc1952425$109                   char_to_tile
ASxxxx Linker V03.00/V05.40 + sdld,  page 17.
Hexadecimal  [32-Bits]

Area                                    Addr        Size        Decimal Bytes (Attributes)
--------------------------------        ----        ----        ------- ----- ------------
_CODE                               00000200    00002CB0 =       11440. bytes (REL,CON)

      Value  Global                              Global Defined In Module
      -----  --------------------------------   ------------------------
     000011BB  A$lcc1952425$110                   char_to_tile
     000011BC  A$lcc1952425$111                   char_to_tile
     000011BE  A$lcc1952425$112                   char_to_tile
     000011BF  A$lcc1952425$113                   char_to_tile
     000011C1  A$lcc1952425$114                   char_to_tile
     000011C2  A$lcc1952425$115                   char_to_tile
     000011C4  A$lcc1952425$116                   char_to_tile
     000011C5  A$lcc1952425$117                   char_to_tile
     000011C7  A$lcc1952425$118                   char_to_tile
     000011C8  A$lcc1952425$119                   char_to_tile
     000011CA  A$lcc1952425$120                   char_to_tile
     000011CB  A$lcc1952425$124                   char_to_tile
     000011CB  C$char_to_tile.c$5$3_0$4           char_to_tile
     000011CC  A$lcc1952425$125                   char_to_tile
     000011CD  A$lcc1952425$126                   char_to_tile
     000011CE  A$lcc1952425$127                   char_to_tile
     000011CF  A$lcc1952425$128                   char_to_tile
     000011D2  A$lcc1952425$130                   char_to_tile
     000011D3  A$lcc1952425$131                   char_to_tile
     000011D5  A$lcc1952425$132                   char_to_tile
     000011D7  A$lcc1952425$136                   char_to_tile
     000011D7  C$char_to_tile.c$6$4_0$6           char_to_tile
     000011DA  A$lcc1952425$137                   char_to_tile
     000011DB  A$lcc1952425$138                   char_to_tile
     000011DC  A$lcc1952425$139                   char_to_tile
     000011DD  A$lcc1952425$140                   char_to_tile
     000011DF  A$lcc1952425$141                   char_to_tile
     000011E0  A$lcc1952425$142                   char_to_tile
     000011E1  A$lcc1952425$143                   char_to_tile
     000011E3  A$lcc1952425$147                   char_to_tile
     000011E3  C$char_to_tile.c$7$5_0$7           char_to_tile
     000011E5  A$lcc1952425$148                   char_to_tile
     000011E6  A$lcc1952425$149                   char_to_tile
     000011E8  A$lcc1952425$150                   char_to_tile
     000011E9  A$lcc1952425$151                   char_to_tile
     000011EB  A$lcc1952425$156                   char_to_tile
     000011EB  C$char_to_tile.c$5$2_0$4           char_to_tile
     000011EC  A$lcc1952425$157                   char_to_tile
     000011EE  A$lcc1952425$158                   char_to_tile
     000011EF  A$lcc1952425$159                   char_to_tile
     000011F0  A$lcc1952425$160                   char_to_tile
     000011F1  A$lcc1952425$161                   char_to_tile
     000011F3  A$lcc1952425$166                   char_to_tile
     000011F3  C$char_to_tile.c$11$1_0$3          char_to_tile
     000011F6  A$lcc1952425$171                   char_to_tile
     000011F8  A$lcc1952425$176                   char_to_tile
     000011F8  C$char_to_tile.c$12$1_0$3          char_to_tile
     000011F8  XG$char_to_tile$0$0                char_to_tile
     000011F9  A$lcc1952426$52                    collision
     000011F9  C$collision.c$3$0_0$3              collision
     000011F9  G$check_collision$0$0              collision
ASxxxx Linker V03.00/V05.40 + sdld,  page 18.
Hexadecimal  [32-Bits]

Area                                    Addr        Size        Decimal Bytes (Attributes)
--------------------------------        ----        ----        ------- ----- ------------
_CODE                               00000200    00002CB0 =       11440. bytes (REL,CON)

      Value  Global                              Global Defined In Module
      -----  --------------------------------   ------------------------
     000011F9  _check_collision                   collision
     000011FB  A$lcc1952426$53                    collision
     000011FC  A$lcc1952426$54                    collision
     000011FE  A$lcc1952426$55                    collision
     000011FF  A$lcc1952426$59                    collision
     000011FF  C$collision.c$8$1_0$3              collision
     00001201  A$lcc1952426$60                    collision
     00001202  A$lcc1952426$61                    collision
     00001204  A$lcc1952426$62                    collision
     00001205  A$lcc1952426$63                    collision
     00001207  A$lcc1952426$64                    collision
     00001209  A$lcc1952426$65                    collision
     0000120A  A$lcc1952426$66                    collision
     0000120C  A$lcc1952426$67                    collision
     0000120D  A$lcc1952426$68                    collision
     0000120E  A$lcc1952426$69                    collision
     0000120F  A$lcc1952426$70                    collision
     00001210  A$lcc1952426$71                    collision
     00001211  A$lcc1952426$72                    collision
     00001212  A$lcc1952426$73                    collision
     00001213  A$lcc1952426$74                    collision
     00001214  A$lcc1952426$75                    collision
     00001215  A$lcc1952426$76                    collision
     00001216  A$lcc1952426$77                    collision
     00001217  A$lcc1952426$78                    collision
     00001219  A$lcc1952426$79                    collision
     0000121A  A$lcc1952426$80                    collision
     0000121B  A$lcc1952426$81                    collision
     0000121C  A$lcc1952426$82                    collision
     0000121E  A$lcc1952426$83                    collision
     0000121F  A$lcc1952426$84                    collision
     00001221  A$lcc1952426$85                    collision
     00001222  A$lcc1952426$86                    collision
     00001223  A$lcc1952426$87                    collision
     00001224  A$lcc1952426$88                    collision
     00001225  A$lcc1952426$89                    collision
     00001226  A$lcc1952426$90                    collision
     00001228  A$lcc1952426$94                    collision
     00001228  C$collision.c$9$1_0$3              collision
     00001229  A$lcc1952426$95                    collision
     0000122A  A$lcc1952426$96                    collision
     0000122B  A$lcc1952426$97                    collision
     0000122C  A$lcc1952426$98                    collision
     0000122D  A$lcc1952426$99                    collision
     0000122F  A$lcc1952426$100                   collision
     00001230  A$lcc1952426$101                   collision
     00001231  A$lcc1952426$102                   collision
     00001232  A$lcc1952426$103                   collision
     00001233  A$lcc1952426$104                   collision
     00001235  A$lcc1952426$108                   collision
     00001235  C$collision.c$10$1_0$3             collision
ASxxxx Linker V03.00/V05.40 + sdld,  page 19.
Hexadecimal  [32-Bits]

Area                                    Addr        Size        Decimal Bytes (Attributes)
--------------------------------        ----        ----        ------- ----- ------------
_CODE                               00000200    00002CB0 =       11440. bytes (REL,CON)

      Value  Global                              Global Defined In Module
      -----  --------------------------------   ------------------------
     00001237  A$lcc1952426$109                   collision
     00001238  A$lcc1952426$110                   collision
     0000123A  A$lcc1952426$111                   collision
     0000123B  A$lcc1952426$112                   collision
     0000123C  A$lcc1952426$113                   collision
     0000123D  A$lcc1952426$114                   collision
     0000123E  A$lcc1952426$115                   collision
     0000123F  A$lcc1952426$116                   collision
     00001240  A$lcc1952426$117                   collision
     00001241  A$lcc1952426$118                   collision
     00001242  A$lcc1952426$119                   collision
     00001243  A$lcc1952426$120                   collision
     00001244  A$lcc1952426$121                   collision
     00001245  A$lcc1952426$122                   collision
     00001247  A$lcc1952426$123                   collision
     00001248  A$lcc1952426$124                   collision
     00001249  A$lcc1952426$125                   collision
     0000124A  A$lcc1952426$126                   collision
     0000124C  A$lcc1952426$127                   collision
     0000124D  A$lcc1952426$128                   collision
     0000124E  A$lcc1952426$129                   collision
     0000124F  A$lcc1952426$130                   collision
     00001250  A$lcc1952426$131                   collision
     00001252  A$lcc1952426$132                   collision
     00001253  A$lcc1952426$133                   collision
     00001254  A$lcc1952426$134                   collision
     00001255  A$lcc1952426$135                   collision
     00001256  A$lcc1952426$136                   collision
     00001257  A$lcc1952426$137                   collision
     00001259  A$lcc1952426$141                   collision
     00001259  C$collision.c$11$1_0$3             collision
     0000125A  A$lcc1952426$142                   collision
     0000125B  A$lcc1952426$143                   collision
     0000125C  A$lcc1952426$144                   collision
     0000125D  A$lcc1952426$145                   collision
     0000125E  A$lcc1952426$146                   collision
     00001260  A$lcc1952426$147                   collision
     00001261  A$lcc1952426$148                   collision
     00001262  A$lcc1952426$149                   collision
     00001263  A$lcc1952426$150                   collision
     00001264  A$lcc1952426$151                   collision
     00001266  A$lcc1952426$153                   collision
     00001267  A$lcc1952426$154                   collision
     00001269  A$lcc1952426$156                   collision
     0000126B  A$lcc1952426$161                   collision
     0000126B  C$collision.c$12$1_0$3             collision
     0000126D  A$lcc1952426$162                   collision
     0000126E  A$lcc1952426$163                   collision
     00001270  A$lcc1952426$164                   collision
     00001271  A$lcc1952427$53                    draw
     00001271  C$draw.c$7$0_0$139                 draw
ASxxxx Linker V03.00/V05.40 + sdld,  page 20.
Hexadecimal  [32-Bits]

Area                                    Addr        Size        Decimal Bytes (Attributes)
--------------------------------        ----        ----        ------- ----- ------------
_CODE                               00000200    00002CB0 =       11440. bytes (REL,CON)

      Value  Global                              Global Defined In Module
      -----  --------------------------------   ------------------------
     00001271  G$draw_actor$0$0                   draw
     00001271  _draw_actor                        draw
     00001273  A$lcc1952427$54                    draw
     00001275  A$lcc1952427$55                    draw
     00001276  A$lcc1952427$59                    draw
     00001276  C$draw.c$9$1_0$139                 draw
     00001279  A$lcc1952427$60                    draw
     0000127A  A$lcc1952427$61                    draw
     0000127C  A$lcc1952427$62                    draw
     0000127D  A$lcc1952427$63                    draw
     0000127E  A$lcc1952427$64                    draw
     0000127F  A$lcc1952427$65                    draw
     00001280  A$lcc1952427$66                    draw
     00001282  A$lcc1952427$67                    draw
     00001283  A$lcc1952427$71                    draw
     00001283  C$draw.c$10$1_0$139                draw
     00001286  A$lcc1952427$72                    draw
     00001288  A$lcc1952427$73                    draw
     00001289  A$lcc1952427$74                    draw
     0000128B  A$lcc1952427$75                    draw
     0000128C  A$lcc1952427$76                    draw
     0000128D  A$lcc1952427$77                    draw
     0000128E  A$lcc1952427$78                    draw
     0000128F  A$lcc1952427$79                    draw
     00001291  A$lcc1952427$80                    draw
     00001292  A$lcc1952427$84                    draw
     00001292  C$draw.c$12$1_0$139                draw
     00001295  A$lcc1952427$85                    draw
     00001297  A$lcc1952427$86                    draw
     00001298  A$lcc1952427$87                    draw
     0000129A  A$lcc1952427$88                    draw
     0000129B  A$lcc1952427$89                    draw
     0000129C  A$lcc1952427$90                    draw
     0000129D  A$lcc1952427$91                    draw
     0000129E  A$lcc1952427$92                    draw
     0000129F  A$lcc1952427$93                    draw
     000012A0  A$lcc1952427$94                    draw
     000012A1  A$lcc1952427$95                    draw
     000012A2  A$lcc1952427$96                    draw
     000012A3  A$lcc1952427$97                    draw
     000012A4  A$lcc1952427$98                    draw
     000012A5  A$lcc1952427$99                    draw
     000012A6  A$lcc1952427$103                   draw
     000012A6  C$draw.c$13$1_0$139                draw
     000012A9  A$lcc1952427$104                   draw
     000012AA  A$lcc1952427$105                   draw
     000012AB  A$lcc1952427$106                   draw
     000012AC  A$lcc1952427$107                   draw
     000012AD  A$lcc1952427$108                   draw
     000012AE  A$lcc1952427$109                   draw
     000012AF  A$lcc1952427$110                   draw
ASxxxx Linker V03.00/V05.40 + sdld,  page 21.
Hexadecimal  [32-Bits]

Area                                    Addr        Size        Decimal Bytes (Attributes)
--------------------------------        ----        ----        ------- ----- ------------
_CODE                               00000200    00002CB0 =       11440. bytes (REL,CON)

      Value  Global                              Global Defined In Module
      -----  --------------------------------   ------------------------
     000012B0  A$lcc1952427$111                   draw
     000012B1  A$lcc1952427$112                   draw
     000012B3  A$lcc1952427$113                   draw
     000012B4  A$lcc1952427$114                   draw
     000012B5  A$lcc1952427$118                   draw
     000012B5  C$draw.c$15$1_0$139                draw
     000012B8  A$lcc1952427$119                   draw
     000012B9  A$lcc1952427$120                   draw
     000012BA  A$lcc1952427$121                   draw
     000012BC  A$lcc1952427$122                   draw
     000012BD  A$lcc1952427$126                   draw
     000012BD  C$draw.c$16$1_0$139                draw
     000012BE  A$lcc1952427$127                   draw
     000012BF  A$lcc1952427$128                   draw
     000012C0  A$lcc1952427$129                   draw
     000012C1  A$lcc1952427$130                   draw
     000012C2  A$lcc1952427$131                   draw
     000012C3  A$lcc1952427$132                   draw
     000012C6  A$lcc1952427$133                   draw
     000012C7  A$lcc1952427$134                   draw
     000012C8  A$lcc1952427$135                   draw
     000012C9  A$lcc1952427$136                   draw
     000012CB  A$lcc1952427$140                   draw
     000012CB  C$draw.c$18$1_0$139                draw
     000012CC  A$lcc1952427$141                   draw
     000012CD  A$lcc1952427$142                   draw
     000012CE  A$lcc1952427$143                   draw
     000012CF  A$lcc1952427$144                   draw
     000012D0  A$lcc1952427$148                   draw
     000012D0  C$draw.c$19$1_0$139                draw
     000012D2  A$lcc1952427$149                   draw
     000012D3  A$lcc1952427$150                   draw
     000012D4  A$lcc1952427$151                   draw
     000012D5  A$lcc1952427$152                   draw
     000012D6  A$lcc1952427$153                   draw
     000012D7  A$lcc1952427$154                   draw
     000012D8  A$lcc1952427$155                   draw
     000012D9  A$lcc1952427$156                   draw
     000012DA  A$lcc1952427$157                   draw
     000012DB  A$lcc1952427$158                   draw
     000012DC  A$lcc1952427$159                   draw
     000012DD  A$lcc1952427$160                   draw
     000012DE  A$lcc1952427$161                   draw
     000012DF  A$lcc1952427$162                   draw
     000012E0  A$lcc1952427$166                   draw
     000012E0  C$draw.c$21$2_0$140                draw
     000012E2  A$lcc1952427$167                   draw
     000012E3  A$lcc1952427$174                   draw
     000012E3  C$draw.c$22$2_0$140                draw
     000012E3  C$draw.c$25$2_0$139                draw
     000012E6  A$lcc1952427$175                   draw
ASxxxx Linker V03.00/V05.40 + sdld,  page 22.
Hexadecimal  [32-Bits]

Area                                    Addr        Size        Decimal Bytes (Attributes)
--------------------------------        ----        ----        ------- ----- ------------
_CODE                               00000200    00002CB0 =       11440. bytes (REL,CON)

      Value  Global                              Global Defined In Module
      -----  --------------------------------   ------------------------
     000012E8  A$lcc1952427$177                   draw
     000012E9  A$lcc1952427$178                   draw
     000012EB  A$lcc1952427$179                   draw
     000012EC  A$lcc1952427$180                   draw
     000012EE  A$lcc1952427$182                   draw
     000012EF  A$lcc1952427$183                   draw
     000012F0  A$lcc1952427$184                   draw
     000012F1  A$lcc1952427$185                   draw
     000012F2  A$lcc1952427$186                   draw
     000012F3  A$lcc1952427$187                   draw
     000012F5  A$lcc1952427$188                   draw
     000012F8  A$lcc1952427$189                   draw
     000012F9  A$lcc1952427$190                   draw
     000012FA  A$lcc1952427$191                   draw
     000012FB  A$lcc1952427$192                   draw
     000012FC  A$lcc1952427$194                   draw
     000012FD  A$lcc1952427$195                   draw
     000012FE  A$lcc1952427$196                   draw
     000012FF  A$lcc1952427$197                   draw
     00001300  A$lcc1952427$198                   draw
     00001301  A$lcc1952427$199                   draw
     00001302  A$lcc1952427$200                   draw
     00001305  A$lcc1952427$201                   draw
     00001306  A$lcc1952427$202                   draw
     00001307  A$lcc1952427$203                   draw
     00001308  A$lcc1952427$204                   draw
     00001309  A$lcc1952427$205                   draw
     0000130A  A$lcc1952427$209                   draw
     0000130A  C$draw.c$25$2_0$141                draw
     0000130B  A$lcc1952427$210                   draw
     0000130D  A$lcc1952427$215                   draw
     0000130D  C$draw.c$29$2_0$142                draw
     0000130F  A$lcc1952427$216                   draw
     00001310  A$lcc1952427$217                   draw
     00001311  A$lcc1952427$218                   draw
     00001313  A$lcc1952427$220                   draw
     00001315  A$lcc1952427$221                   draw
     00001316  A$lcc1952427$223                   draw
     00001317  A$lcc1952427$224                   draw
     00001318  A$lcc1952427$225                   draw
     00001319  A$lcc1952427$226                   draw
     0000131A  A$lcc1952427$227                   draw
     0000131B  A$lcc1952427$228                   draw
     0000131E  A$lcc1952427$229                   draw
     0000131F  A$lcc1952427$230                   draw
     00001320  A$lcc1952427$231                   draw
     00001321  A$lcc1952427$233                   draw
     00001323  A$lcc1952427$234                   draw
     00001324  A$lcc1952427$235                   draw
     00001325  A$lcc1952427$236                   draw
     00001326  A$lcc1952427$237                   draw
ASxxxx Linker V03.00/V05.40 + sdld,  page 23.
Hexadecimal  [32-Bits]

Area                                    Addr        Size        Decimal Bytes (Attributes)
--------------------------------        ----        ----        ------- ----- ------------
_CODE                               00000200    00002CB0 =       11440. bytes (REL,CON)

      Value  Global                              Global Defined In Module
      -----  --------------------------------   ------------------------
     00001327  A$lcc1952427$238                   draw
     00001328  A$lcc1952427$242                   draw
     00001328  C$draw.c$31$2_0$142                draw
     0000132B  A$lcc1952427$247                   draw
     0000132B  C$draw.c$33$3_0$144                draw
     0000132D  A$lcc1952427$248                   draw
     0000132E  A$lcc1952427$249                   draw
     00001330  A$lcc1952427$250                   draw
     00001332  A$lcc1952427$254                   draw
     00001335  A$lcc1952427$255                   draw
     00001337  A$lcc1952427$256                   draw
     00001338  A$lcc1952427$257                   draw
     0000133A  A$lcc1952427$258                   draw
     0000133B  A$lcc1952427$259                   draw
     0000133C  A$lcc1952427$260                   draw
     0000133D  A$lcc1952427$261                   draw
     0000133E  A$lcc1952427$262                   draw
     0000133F  A$lcc1952427$266                   draw
     0000133F  C$draw.c$31$2_0$139                draw
     00001341  A$lcc1952427$267                   draw
     00001342  A$lcc1952427$271                   draw
     00001342  C$draw.c$35$5_0$146                draw
     00001344  A$lcc1952427$272                   draw
     00001346  A$lcc1952427$275                   draw
     00001347  A$lcc1952427$276                   draw
     00001348  A$lcc1952427$277                   draw
     00001349  A$lcc1952427$278                   draw
     0000134A  A$lcc1952427$279                   draw
     0000134B  A$lcc1952427$280                   draw
     0000134E  A$lcc1952427$281                   draw
     0000134F  A$lcc1952427$282                   draw
     00001350  A$lcc1952427$283                   draw
     00001351  A$lcc1952427$285                   draw
     00001353  A$lcc1952427$286                   draw
     00001354  A$lcc1952427$287                   draw
     00001355  A$lcc1952427$288                   draw
     00001356  A$lcc1952427$290                   draw
     00001357  A$lcc1952427$291                   draw
     00001358  A$lcc1952427$292                   draw
     00001359  A$lcc1952427$293                   draw
     0000135B  A$lcc1952427$294                   draw
     0000135C  A$lcc1952427$295                   draw
     0000135E  A$lcc1952427$297                   draw
     0000135F  A$lcc1952427$298                   draw
     00001362  A$lcc1952427$299                   draw
     00001363  A$lcc1952427$300                   draw
     00001364  A$lcc1952427$301                   draw
     00001365  A$lcc1952427$302                   draw
     00001366  A$lcc1952427$303                   draw
     00001367  A$lcc1952427$304                   draw
     00001368  A$lcc1952427$305                   draw
ASxxxx Linker V03.00/V05.40 + sdld,  page 24.
Hexadecimal  [32-Bits]

Area                                    Addr        Size        Decimal Bytes (Attributes)
--------------------------------        ----        ----        ------- ----- ------------
_CODE                               00000200    00002CB0 =       11440. bytes (REL,CON)

      Value  Global                              Global Defined In Module
      -----  --------------------------------   ------------------------
     00001369  A$lcc1952427$307                   draw
     0000136A  A$lcc1952427$308                   draw
     0000136B  A$lcc1952427$309                   draw
     0000136C  A$lcc1952427$310                   draw
     0000136E  A$lcc1952427$311                   draw
     0000136F  A$lcc1952427$312                   draw
     00001370  A$lcc1952427$316                   draw
     00001370  C$draw.c$38$5_0$146                draw
     00001373  A$lcc1952427$320                   draw
     00001374  A$lcc1952427$321                   draw
     00001375  A$lcc1952427$322                   draw
     00001376  A$lcc1952427$323                   draw
     00001377  A$lcc1952427$324                   draw
     00001378  A$lcc1952427$325                   draw
     0000137B  A$lcc1952427$326                   draw
     0000137C  A$lcc1952427$327                   draw
     0000137D  A$lcc1952427$328                   draw
     0000137E  A$lcc1952427$330                   draw
     00001380  A$lcc1952427$331                   draw
     00001381  A$lcc1952427$332                   draw
     00001382  A$lcc1952427$333                   draw
     00001383  A$lcc1952427$334                   draw
     00001384  A$lcc1952427$335                   draw
     00001385  A$lcc1952427$337                   draw
     00001386  A$lcc1952427$338                   draw
     00001388  A$lcc1952427$339                   draw
     00001389  A$lcc1952427$340                   draw
     0000138B  A$lcc1952427$342                   draw
     0000138C  A$lcc1952427$343                   draw
     0000138D  A$lcc1952427$344                   draw
     0000138E  A$lcc1952427$345                   draw
     0000138F  A$lcc1952427$346                   draw
     00001390  A$lcc1952427$347                   draw
     00001393  A$lcc1952427$348                   draw
     00001394  A$lcc1952427$350                   draw
     00001395  A$lcc1952427$351                   draw
     00001397  A$lcc1952427$352                   draw
     00001398  A$lcc1952427$353                   draw
     00001399  A$lcc1952427$354                   draw
     0000139A  A$lcc1952427$355                   draw
     0000139B  A$lcc1952427$359                   draw
     0000139B  C$draw.c$43$3_0$144                draw
     0000139D  A$lcc1952427$364                   draw
     0000139D  C$draw.c$46$4_0$149                draw
     0000139F  A$lcc1952427$365                   draw
     000013A0  A$lcc1952427$366                   draw
     000013A2  A$lcc1952427$367                   draw
     000013A4  A$lcc1952427$369                   draw
     000013A6  A$lcc1952427$370                   draw
     000013A7  A$lcc1952427$372                   draw
     000013A8  A$lcc1952427$373                   draw
ASxxxx Linker V03.00/V05.40 + sdld,  page 25.
Hexadecimal  [32-Bits]

Area                                    Addr        Size        Decimal Bytes (Attributes)
--------------------------------        ----        ----        ------- ----- ------------
_CODE                               00000200    00002CB0 =       11440. bytes (REL,CON)

      Value  Global                              Global Defined In Module
      -----  --------------------------------   ------------------------
     000013A9  A$lcc1952427$374                   draw
     000013AA  A$lcc1952427$375                   draw
     000013AB  A$lcc1952427$376                   draw
     000013AC  A$lcc1952427$377                   draw
     000013AF  A$lcc1952427$378                   draw
     000013B0  A$lcc1952427$379                   draw
     000013B1  A$lcc1952427$380                   draw
[...]
     000243EE  A$lcc1952474$541                   mg_leaves_update
     000243EF  A$lcc1952474$542                   mg_leaves_update
     000243F0  A$lcc1952474$543                   mg_leaves_update
     000243F2  A$lcc1952474$544                   mg_leaves_update
     000243F3  A$lcc1952474$545                   mg_leaves_update
     000243F4  A$lcc1952474$546                   mg_leaves_update
     000243F5  A$lcc1952474$547                   mg_leaves_update
     000243F6  A$lcc1952474$548                   mg_leaves_update
     000243F7  A$lcc1952474$549                   mg_leaves_update
     000243F9  A$lcc1952474$550                   mg_leaves_update
     000243FA  A$lcc1952474$551                   mg_leaves_update
     000243FB  A$lcc1952474$552                   mg_leaves_update
     000243FD  A$lcc1952474$556                   mg_leaves_update
     000243FD  C$mg_leaves_update.c$74$3_1$188    mg_leaves_update
     000243FE  A$lcc1952474$557                   mg_leaves_update
     00024401  A$lcc1952474$558                   mg_leaves_update
     00024402  A$lcc1952474$559                   mg_leaves_update
     00024404  A$lcc1952474$560                   mg_leaves_update
     00024405  A$lcc1952474$561                   mg_leaves_update
     00024406  A$lcc1952474$562                   mg_leaves_update
ASxxxx Linker V03.00/V05.40 + sdld,  page 151.
Hexadecimal  [32-Bits]

Area                                    Addr        Size        Decimal Bytes (Attributes)
--------------------------------        ----        ----        ------- ----- ------------
_CODE_2                             00024000    0000049D =        1181. bytes (REL,CON)

      Value  Global                              Global Defined In Module
      -----  --------------------------------   ------------------------
     00024407  A$lcc1952474$563                   mg_leaves_update
     00024408  A$lcc1952474$564                   mg_leaves_update
     0002440A  A$lcc1952474$565                   mg_leaves_update
     0002440B  A$lcc1952474$569                   mg_leaves_update
     0002440B  C$mg_leaves_update.c$76$4_1$189    mg_leaves_update
     0002440C  A$lcc1952474$570                   mg_leaves_update
     0002440D  A$lcc1952474$571                   mg_leaves_update
     0002440E  A$lcc1952474$572                   mg_leaves_update
     0002440F  A$lcc1952474$573                   mg_leaves_update
     00024410  A$lcc1952474$574                   mg_leaves_update
     00024411  A$lcc1952474$575                   mg_leaves_update
     00024412  A$lcc1952474$576                   mg_leaves_update
     00024415  A$lcc1952474$577                   mg_leaves_update
     00024416  A$lcc1952474$578                   mg_leaves_update
     00024417  A$lcc1952474$579                   mg_leaves_update
     00024418  A$lcc1952474$580                   mg_leaves_update
     0002441A  A$lcc1952474$581                   mg_leaves_update
     0002441B  A$lcc1952474$582                   mg_leaves_update
     0002441C  A$lcc1952474$583                   mg_leaves_update
     0002441D  A$lcc1952474$584                   mg_leaves_update
     0002441F  A$lcc1952474$585                   mg_leaves_update
     00024420  A$lcc1952474$586                   mg_leaves_update
     00024422  A$lcc1952474$587                   mg_leaves_update
     00024423  A$lcc1952474$588                   mg_leaves_update
     00024425  A$lcc1952474$589                   mg_leaves_update
     00024427  A$lcc1952474$590                   mg_leaves_update
     00024428  A$lcc1952474$591                   mg_leaves_update
     00024429  A$lcc1952474$592                   mg_leaves_update
     0002442A  A$lcc1952474$593                   mg_leaves_update
     0002442B  A$lcc1952474$594                   mg_leaves_update
     0002442C  A$lcc1952474$595                   mg_leaves_update
     0002442E  A$lcc1952474$596                   mg_leaves_update
     00024431  A$lcc1952474$597                   mg_leaves_update
     00024432  A$lcc1952474$598                   mg_leaves_update
     00024433  A$lcc1952474$599                   mg_leaves_update
     00024434  A$lcc1952474$600                   mg_leaves_update
     00024436  A$lcc1952474$601                   mg_leaves_update
     00024437  A$lcc1952474$602                   mg_leaves_update
     00024438  A$lcc1952474$603                   mg_leaves_update
     00024439  A$lcc1952474$604                   mg_leaves_update
     0002443B  A$lcc1952474$605                   mg_leaves_update
     0002443C  A$lcc1952474$606                   mg_leaves_update
     0002443E  A$lcc1952474$607                   mg_leaves_update
     0002443F  A$lcc1952474$608                   mg_leaves_update
     00024440  A$lcc1952474$609                   mg_leaves_update
     00024442  A$lcc1952474$610                   mg_leaves_update
     00024443  A$lcc1952474$611                   mg_leaves_update
     00024444  A$lcc1952474$612                   mg_leaves_update
     00024445  A$lcc1952474$613                   mg_leaves_update
     00024446  A$lcc1952474$614                   mg_leaves_update
     00024447  A$lcc1952474$615                   mg_leaves_update
ASxxxx Linker V03.00/V05.40 + sdld,  page 152.
Hexadecimal  [32-Bits]

Area                                    Addr        Size        Decimal Bytes (Attributes)
--------------------------------        ----        ----        ------- ----- ------------
_CODE_2                             00024000    0000049D =        1181. bytes (REL,CON)

      Value  Global                              Global Defined In Module
      -----  --------------------------------   ------------------------
     00024448  A$lcc1952474$616                   mg_leaves_update
     0002444A  A$lcc1952474$620                   mg_leaves_update
     0002444A  C$mg_leaves_update.c$78$6_1$191    mg_leaves_update
     0002444C  A$lcc1952474$621                   mg_leaves_update
     0002444D  A$lcc1952474$622                   mg_leaves_update
     0002444F  A$lcc1952474$623                   mg_leaves_update
     00024450  A$lcc1952474$624                   mg_leaves_update
     00024452  A$lcc1952474$628                   mg_leaves_update
     00024452  C$mg_leaves_update.c$79$6_1$191    mg_leaves_update
     00024453  A$lcc1952474$629                   mg_leaves_update
     00024454  A$lcc1952474$630                   mg_leaves_update
     00024455  A$lcc1952474$631                   mg_leaves_update
     00024456  A$lcc1952474$632                   mg_leaves_update
     00024458  A$lcc1952474$637                   mg_leaves_update
     00024458  C$mg_leaves_update.c$81$6_1$192    mg_leaves_update
     0002445A  A$lcc1952474$638                   mg_leaves_update
     0002445B  A$lcc1952474$639                   mg_leaves_update
     0002445D  A$lcc1952474$640                   mg_leaves_update
     0002445E  A$lcc1952474$641                   mg_leaves_update
     00024460  A$lcc1952474$645                   mg_leaves_update
     00024460  C$mg_leaves_update.c$82$6_1$192    mg_leaves_update
     00024461  A$lcc1952474$646                   mg_leaves_update
     00024462  A$lcc1952474$647                   mg_leaves_update
     00024463  A$lcc1952474$648                   mg_leaves_update
     00024464  A$lcc1952474$649                   mg_leaves_update
     00024466  A$lcc1952474$650                   mg_leaves_update
     00024468  A$lcc1952474$655                   mg_leaves_update
     00024468  C$mg_leaves_update.c$86$5_1$193    mg_leaves_update
     0002446A  A$lcc1952474$656                   mg_leaves_update
     0002446B  A$lcc1952474$657                   mg_leaves_update
     0002446C  A$lcc1952474$658                   mg_leaves_update
     0002446D  A$lcc1952474$659                   mg_leaves_update
     0002446F  A$lcc1952474$664                   mg_leaves_update
     0002446F  C$mg_leaves_update.c$69$2_0$185    mg_leaves_update
     00024471  A$lcc1952474$665                   mg_leaves_update
     00024472  A$lcc1952474$666                   mg_leaves_update
     00024475  A$lcc1952474$671                   mg_leaves_update
     00024477  A$lcc1952474$676                   mg_leaves_update
     00024477  C$mg_leaves_update.c$89$2_0$185    mg_leaves_update
     00024477  XG$check_actor_collision$0$0       mg_leaves_update
     00024478  A$lcc1952474$689                   mg_leaves_update
     00024478  C$mg_leaves_update.c$91$2_0$195    mg_leaves_update
     00024478  C$mg_leaves_update.c$94$2_0$196    mg_leaves_update
     00024478  G$Mg_Leaves_Update$0$0             mg_leaves_update
     00024478  _Mg_Leaves_Update                  mg_leaves_update
     0002447B  A$lcc1952474$690                   mg_leaves_update
     0002447D  A$lcc1952474$691                   mg_leaves_update
     0002447F  A$lcc1952474$695                   mg_leaves_update
     0002447F  C$mg_leaves_update.c$95$2_0$196    mg_leaves_update
     00024482  A$lcc1952474$696                   mg_leaves_update
     00024484  A$lcc1952474$697                   mg_leaves_update
ASxxxx Linker V03.00/V05.40 + sdld,  page 153.
Hexadecimal  [32-Bits]

Area                                    Addr        Size        Decimal Bytes (Attributes)
--------------------------------        ----        ----        ------- ----- ------------
_CODE_2                             00024000    0000049D =        1181. bytes (REL,CON)

      Value  Global                              Global Defined In Module
      -----  --------------------------------   ------------------------
     00024486  A$lcc1952474$702                   mg_leaves_update
     00024486  C$mg_leaves_update.c$97$2_0$196    mg_leaves_update
     00024487  A$lcc1952474$703                   mg_leaves_update
     0002448A  A$lcc1952474$708                   mg_leaves_update
     0002448A  C$mg_leaves_update.c$99$1_0$195    mg_leaves_update
     0002448C  A$lcc1952474$709                   mg_leaves_update
     0002448E  A$lcc1952474$710                   mg_leaves_update
     00024491  A$lcc1952474$714                   mg_leaves_update
     00024491  C$mg_leaves_update.c$101$1_0$195   mg_leaves_update
     00024494  A$lcc1952474$718                   mg_leaves_update
     00024494  C$mg_leaves_update.c$102$1_0$195   mg_leaves_update
     00024497  A$lcc1952474$722                   mg_leaves_update
     00024497  C$mg_leaves_update.c$104$1_0$195   mg_leaves_update
     0002449A  A$lcc1952474$733                   mg_leaves_update
     0002449A  C$mg_leaves_update.c$106$1_0$195   mg_leaves_update
     0002449A  C$mg_leaves_update.c$107$1_0$195   mg_leaves_update
     0002449A  XG$Mg_Leaves_Update$0$0            mg_leaves_update

ASxxxx Linker V03.00/V05.40 + sdld,  page 154.

Files Linked                              [ module(s) ]

C:\Program Files\GBDK\lib/gb/crt0.o       [ Runtime ]
C:\Users\Bau_M\AppData\Local\Temp/lcc195240.o
                                          [ chars ]
C:\Users\Bau_M\AppData\Local\Temp/lcc195241.o
                                          [ numbers ]
C:\Users\Bau_M\AppData\Local\Temp/lcc195242.o
                                          [ gender_select_tilemap ]
C:\Users\Bau_M\AppData\Local\Temp/lcc195243.o
                                          [ gender_select_tileset ]
C:\Users\Bau_M\AppData\Local\Temp/lcc195244.o
                                          [ inventory_bkg ]
C:\Users\Bau_M\AppData\Local\Temp/lcc195245.o
                                          [ bkg_MainMenu ]
C:\Users\Bau_M\AppData\Local\Temp/lcc195246.o
                                          [ map_example ]
C:\Users\Bau_M\AppData\Local\Temp/lcc195247.o
                                          [ bkg_leaves_example ]
C:\Users\Bau_M\AppData\Local\Temp/lcc195248.o
                                          [ npc_icons ]
C:\Users\Bau_M\AppData\Local\Temp/lcc195249.o
                                          [ template_tileset ]
C:\Users\Bau_M\AppData\Local\Temp/lcc1952410.o
                                          [ spr_InventoryArrow_idle ]
C:\Users\Bau_M\AppData\Local\Temp/lcc1952411.o
                                          [ spr_Branch ]
C:\Users\Bau_M\AppData\Local\Temp/lcc1952412.o
                                          [ broom ]
C:\Users\Bau_M\AppData\Local\Temp/lcc1952413.o
                                          [ spr_garbage ]
C:\Users\Bau_M\AppData\Local\Temp/lcc1952414.o
                                          [ leaf ]
C:\Users\Bau_M\AppData\Local\Temp/lcc1952415.o
                                          [ example_npc ]
C:\Users\Bau_M\AppData\Local\Temp/lcc1952416.o
                                          [ spr_Player_down0 ]
C:\Users\Bau_M\AppData\Local\Temp/lcc1952417.o
                                          [ spr_Player_down1 ]
C:\Users\Bau_M\AppData\Local\Temp/lcc1952418.o
                                          [ spr_Player_down2 ]
C:\Users\Bau_M\AppData\Local\Temp/lcc1952419.o
                                          [ spr_Player_up0 ]
C:\Users\Bau_M\AppData\Local\Temp/lcc1952420.o
                                          [ spr_Player_up1 ]
C:\Users\Bau_M\AppData\Local\Temp/lcc1952421.o
                                          [ spr_Player_up2 ]
C:\Users\Bau_M\AppData\Local\Temp/lcc1952422.o
                                          [ action ]
C:\Users\Bau_M\AppData\Local\Temp/lcc1952423.o
                                          [ animation ]
C:\Users\Bau_M\AppData\Local\Temp/lcc1952424.o
                                          [ can_move ]
C:\Users\Bau_M\AppData\Local\Temp/lcc1952425.o
                                          [ char_to_tile ]
C:\Users\Bau_M\AppData\Local\Temp/lcc1952426.o
                                          [ collision ]
C:\Users\Bau_M\AppData\Local\Temp/lcc1952427.o
                                          [ draw ]
C:\Users\Bau_M\AppData\Local\Temp/lcc1952428.o
                                          [ entity ]
C:\Users\Bau_M\AppData\Local\Temp/lcc1952429.o
                                          [ extra_actors ]
C:\Users\Bau_M\AppData\Local\Temp/lcc1952430.o
                                          [ gender_selection ]
C:\Users\Bau_M\AppData\Local\Temp/lcc1952431.o
                                          [ input ]
C:\Users\Bau_M\AppData\Local\Temp/lcc1952432.o
                                          [ inventory ]
C:\Users\Bau_M\AppData\Local\Temp/lcc1952433.o
                                          [ inventory_input ]
C:\Users\Bau_M\AppData\Local\Temp/lcc1952434.o
                                          [ load ]
C:\Users\Bau_M\AppData\Local\Temp/lcc1952435.o
                                          [ map_scenes ]
C:\Users\Bau_M\AppData\Local\Temp/lcc1952436.o
                                          [ money ]
C:\Users\Bau_M\AppData\Local\Temp/lcc1952437.o
                                          [ name ]
C:\Users\Bau_M\AppData\Local\Temp/lcc1952438.o
                                          [ npcs ]
C:\Users\Bau_M\AppData\Local\Temp/lcc1952439.o
                                          [ npc_lines ]
C:\Users\Bau_M\AppData\Local\Temp/lcc1952440.o
                                          [ player ]
C:\Users\Bau_M\AppData\Local\Temp/lcc1952441.o
                                          [ position ]
C:\Users\Bau_M\AppData\Local\Temp/lcc1952442.o
                                          [ random ]
C:\Users\Bau_M\AppData\Local\Temp/lcc1952443.o
                                          [ render ]
C:\Users\Bau_M\AppData\Local\Temp/lcc1952444.o
                                          [ scene ]
C:\Users\Bau_M\AppData\Local\Temp/lcc1952445.o
                                          [ scene_manager ]
C:\Users\Bau_M\AppData\Local\Temp/lcc1952446.o
                                          [ speed ]
C:\Users\Bau_M\AppData\Local\Temp/lcc1952447.o
                                          [ gender_select ]
C:\Users\Bau_M\AppData\Local\Temp/lcc1952448.o
                                          [ gender_select_init ]
C:\Users\Bau_M\AppData\Local\Temp/lcc1952449.o
                                          [ gender_select_update ]
C:\Users\Bau_M\AppData\Local\Temp/lcc1952450.o
                                          [ inventory_scene ]
C:\Users\Bau_M\AppData\Local\Temp/lcc1952451.o
                                          [ inventory_scene_init ]
C:\Users\Bau_M\AppData\Local\Temp/lcc1952452.o
                                          [ inventory_scene_update ]
C:\Users\Bau_M\AppData\Local\Temp/lcc1952453.o
                                          [ main_menu ]
C:\Users\Bau_M\AppData\Local\Temp/lcc1952454.o
                                          [ main_menu_init ]
C:\Users\Bau_M\AppData\Local\Temp/lcc1952455.o
                                          [ main_menu_init_stats ]
C:\Users\Bau_M\AppData\Local\Temp/lcc1952456.o
                                          [ main_menu_input ]
C:\Users\Bau_M\AppData\Local\Temp/lcc1952457.o
                                          [ main_menu_update ]
C:\Users\Bau_M\AppData\Local\Temp/lcc1952458.o
                                          [ clean_text ]
C:\Users\Bau_M\AppData\Local\Temp/lcc1952459.o
                                          [ map_collision ]
C:\Users\Bau_M\AppData\Local\Temp/lcc1952460.o
                                          [ map_data ]
C:\Users\Bau_M\AppData\Local\Temp/lcc1952461.o
                                          [ map_player_movement ]
C:\Users\Bau_M\AppData\Local\Temp/lcc1952462.o
                                          [ map_00 ]
C:\Users\Bau_M\AppData\Local\Temp/lcc1952463.o
                                          [ map_00_collision ]
C:\Users\Bau_M\AppData\Local\Temp/lcc1952464.o
                                          [ map_00_init ]
C:\Users\Bau_M\AppData\Local\Temp/lcc1952465.o
                                          [ map_00_init_dialogues ]
C:\Users\Bau_M\AppData\Local\Temp/lcc1952466.o
                                          [ map_00_init_npc ]
C:\Users\Bau_M\AppData\Local\Temp/lcc1952467.o
                                          [ map_00_update ]
C:\Users\Bau_M\AppData\Local\Temp/lcc1952468.o
                                          [ mg_player_movement ]
C:\Users\Bau_M\AppData\Local\Temp/lcc1952469.o
                                          [ mini_games ]
C:\Users\Bau_M\AppData\Local\Temp/lcc1952470.o
                                          [ mg_leaves ]
C:\Users\Bau_M\AppData\Local\Temp/lcc1952471.o
                                          [ mg_leaves_init ]
C:\Users\Bau_M\AppData\Local\Temp/lcc1952472.o
                                          [ mg_leaves_load_bkg ]
C:\Users\Bau_M\AppData\Local\Temp/lcc1952473.o
                                          [ mg_leaves_player_init ]
C:\Users\Bau_M\AppData\Local\Temp/lcc1952474.o
                                          [ mg_leaves_update ]
C:\Users\Bau_M\AppData\Local\Temp/lcc1952475.o
                                          [ main ]


Libraries Linked                          [ object file ]

C:\Program Files\GBDK\lib/gb/gb.lib       [ sfr.o ]
C:\Program Files\GBDK\lib/sm83/sm83.lib   [ div.o ]
C:\Program Files\GBDK\lib/sm83/sm83.lib   [ free.o ]
C:\Program Files\GBDK\lib/sm83/sm83.lib   [ malloc.o ]
C:\Program Files\GBDK\lib/gb/gb.lib       [ set_data.o ]
C:\Program Files\GBDK\lib/sm83/sm83.lib   [ mul.o ]
C:\Program Files\GBDK\lib/gb/gb.lib       [ pad.o ]
C:\Program Files\GBDK\lib/sm83/sm83.lib   [ memcpy.o ]
C:\Program Files\GBDK\lib/sm83/sm83.lib   [ __sdcc_call_hl.o ]
C:\Program Files\GBDK\lib/gb/gb.lib       [ heap.o ]
C:\Program Files\GBDK\lib/gb/gb.lib       [ set_bk_t.o ]
C:\Program Files\GBDK\lib/gb/gb.lib       [ set_xy_t.o ]

ASxxxx Linker V03.00/V05.40 + sdld,  page 155.

User Base Address Definitions

_DATA=0xC0A0
_CODE=0x0200
_HRAM=0xFF80
ASxxxx Linker V03.00/V05.40 + sdld,  page 156.

User Global Definitions

_shadow_OAM=0xC000
.STACK=0xE000

